
[test number] should successfully handle input
Request:
{
  "gender": "MALE",
  "total_activity_duration": "ZERO_TO_THREE_HOURS",
  "age": 0,
  "weight_today": 30,
  "height": 140,
  "category": "beginner"
}
Response:
{
  "success": false,
  "status": 500,
  "data": "Server Error",
  "timeTaken": 495.3580999999999
}
Status code: 500
-------------------------------

[test number] should successfully handle input
Request:
{
  "gender": "MALE",
  "total_activity_duration": "NINE_TO_TWELVE_HOURS",
  "age": 75,
  "weight_today": 200,
  "height": 160,
  "category": "beginner"
}
Response:
{
  "success": false,
  "status": 500,
  "data": "Server Error",
  "timeTaken": 498.75750000000016
}
Status code: 500
-------------------------------

[test number] should successfully handle input
Request:
{
  "gender": "MALE",
  "total_activity_duration": "ZERO_TO_THREE_HOURS",
  "age": 100,
  "weight_today": 30,
  "height": 210,
  "category": "advanced"
}
Response:
{
  "success": false,
  "status": 500,
  "data": "Server Error",
  "timeTaken": 528.0945999999999
}
Status code: 500
-------------------------------

[test number] should successfully handle input
Request:
{
  "gender": "MALE",
  "total_activity_duration": "THREE_TO_SIX_HOURS",
  "age": 75,
  "weight_today": 70,
  "height": 210,
  "category": "intermediate"
}
Response:
{
  "success": false,
  "status": 500,
  "data": "Server Error",
  "timeTaken": 474.51449999999977
}
Status code: 500
-------------------------------

[test number] should successfully handle input
Request:
{
  "gender": "MALE",
  "total_activity_duration": "THREE_TO_SIX_HOURS",
  "age": 25,
  "weight_today": 70,
  "height": 173,
  "category": "beginner"
}
Response:
{
  "success": false,
  "status": 500,
  "data": "Server Error",
  "timeTaken": 483.94600000000037
}
Status code: 500
-------------------------------

[test number] should successfully handle input
Request:
{
  "gender": "FEMALE",
  "total_activity_duration": "TWELVE_PLUS_HOURS",
  "age": 25,
  "weight_today": 30,
  "height": 160,
  "category": "intermediate"
}
Response:
{
  "success": false,
  "status": 500,
  "data": "Server Error",
  "timeTaken": 477.65920000000006
}
Status code: 500
-------------------------------

[test number] should successfully handle input
Request:
{
  "gender": "FEMALE",
  "total_activity_duration": "SIX_TO_NINE_HOURS",
  "age": 50,
  "weight_today": 150,
  "height": 173,
  "category": "beginner"
}
Response:
{
  "success": false,
  "status": 500,
  "data": "Server Error",
  "timeTaken": 432.1291000000001
}
Status code: 500
-------------------------------

[test number] should successfully handle input
Request:
{
  "gender": "MALE",
  "total_activity_duration": "ZERO_TO_THREE_HOURS",
  "age": 50,
  "weight_today": 30,
  "height": 173,
  "category": "intermediate"
}
Response:
{
  "success": false,
  "status": 500,
  "data": "Server Error",
  "timeTaken": 495.1854000000003
}
Status code: 500
-------------------------------

[test number] should successfully handle input
Request:
{
  "gender": "FEMALE",
  "total_activity_duration": "THREE_TO_SIX_HOURS",
  "age": 25,
  "weight_today": 113.9,
  "height": 140,
  "category": "beginner"
}
Response:
{
  "success": false,
  "status": 500,
  "data": "Server Error",
  "timeTaken": 450.04399999999987
}
Status code: 500
-------------------------------

[test number] should successfully handle input
Request:
{
  "gender": "MALE",
  "total_activity_duration": "NINE_TO_TWELVE_HOURS",
  "age": 25,
  "weight_today": 150,
  "height": 190,
  "category": "advanced"
}
Response:
{
  "success": false,
  "status": 500,
  "data": "Server Error",
  "timeTaken": 504.9519
}
Status code: 500
-------------------------------

[test number] should successfully handle input
Request:
{
  "gender": "FEMALE",
  "total_activity_duration": "ZERO_TO_THREE_HOURS",
  "age": 50,
  "weight_today": 70,
  "height": 140,
  "category": "intermediate"
}
Response:
{
  "success": false,
  "status": 500,
  "data": "Server Error",
  "timeTaken": 445.7666000000004
}
Status code: 500
-------------------------------

[test number] should successfully handle input
Request:
{
  "gender": "FEMALE",
  "total_activity_duration": "NINE_TO_TWELVE_HOURS",
  "age": 75,
  "weight_today": 200,
  "height": 210,
  "category": "beginner"
}
Response:
{
  "success": false,
  "status": 500,
  "data": "Server Error",
  "timeTaken": 427.27229999999963
}
Status code: 500
-------------------------------

[test number] should successfully handle input
Request:
{
  "gender": "FEMALE",
  "total_activity_duration": "SIX_TO_NINE_HOURS",
  "age": 100,
  "weight_today": 150,
  "height": 210,
  "category": "intermediate"
}
Response:
{
  "success": false,
  "status": 500,
  "data": "Server Error",
  "timeTaken": 436.9124999999999
}
Status code: 500
-------------------------------

[test number] should successfully handle input
Request:
{
  "gender": "MALE",
  "total_activity_duration": "SIX_TO_NINE_HOURS",
  "age": 0,
  "weight_today": 113.9,
  "height": 160,
  "category": "advanced"
}
Response:
{
  "success": false,
  "status": 500,
  "data": "Server Error",
  "timeTaken": 440.9051999999997
}
Status code: 500
-------------------------------

[test number] should successfully handle input
Request:
{
  "gender": "MALE",
  "total_activity_duration": "SIX_TO_NINE_HOURS",
  "age": 100,
  "weight_today": 150,
  "height": 160,
  "category": "intermediate"
}
Response:
{
  "success": false,
  "status": 500,
  "data": "Server Error",
  "timeTaken": 441.72569999999996
}
Status code: 500
-------------------------------

[test number] should successfully handle input
Request:
{
  "gender": "FEMALE",
  "total_activity_duration": "ZERO_TO_THREE_HOURS",
  "age": 0,
  "weight_today": 30,
  "height": 190,
  "category": "beginner"
}
Response:
{
  "success": false,
  "status": 500,
  "data": "Server Error",
  "timeTaken": 440.1614999999997
}
Status code: 500
-------------------------------

[test number] should successfully handle input
Request:
{
  "gender": "FEMALE",
  "total_activity_duration": "ZERO_TO_THREE_HOURS",
  "age": 100,
  "weight_today": 70,
  "height": 173,
  "category": "advanced"
}
Response:
{
  "success": false,
  "status": 500,
  "data": "Server Error",
  "timeTaken": 436.96540000000005
}
Status code: 500
-------------------------------

[test number] should successfully handle input
Request:
{
  "gender": "MALE",
  "total_activity_duration": "TWELVE_PLUS_HOURS",
  "age": 75,
  "weight_today": 30,
  "height": 140,
  "category": "advanced"
}
Response:
{
  "success": false,
  "status": 500,
  "data": "Server Error",
  "timeTaken": 413.0245
}
Status code: 500
-------------------------------

[test number] should successfully handle input
Request:
{
  "gender": "FEMALE",
  "total_activity_duration": "SIX_TO_NINE_HOURS",
  "age": 0,
  "weight_today": 113.9,
  "height": 210,
  "category": "advanced"
}
Response:
{
  "success": false,
  "status": 500,
  "data": "Server Error",
  "timeTaken": 445.4522999999999
}
Status code: 500
-------------------------------

[test number] should successfully handle input
Request:
{
  "gender": "MALE",
  "total_activity_duration": "TWELVE_PLUS_HOURS",
  "age": 0,
  "weight_today": 200,
  "height": 190,
  "category": "intermediate"
}
Response:
{
  "success": false,
  "status": 500,
  "data": "Server Error",
  "timeTaken": 475.67589999999973
}
Status code: 500
-------------------------------

[test number] should successfully handle input
Request:
{
  "gender": "FEMALE",
  "total_activity_duration": "THREE_TO_SIX_HOURS",
  "age": 75,
  "weight_today": 113.9,
  "height": 173,
  "category": "intermediate"
}
Response:
{
  "success": false,
  "status": 500,
  "data": "Server Error",
  "timeTaken": 417.27440000000024
}
Status code: 500
-------------------------------

[test number] should successfully handle input
Request:
{
  "gender": "MALE",
  "total_activity_duration": "SIX_TO_NINE_HOURS",
  "age": 50,
  "weight_today": 113.9,
  "height": 210,
  "category": "beginner"
}
Response:
{
  "success": false,
  "status": 500,
  "data": "Server Error",
  "timeTaken": 452.23640000000023
}
Status code: 500
-------------------------------

[test number] should successfully handle input
Request:
{
  "gender": "MALE",
  "total_activity_duration": "NINE_TO_TWELVE_HOURS",
  "age": 75,
  "weight_today": 200,
  "height": 160,
  "category": "intermediate"
}
Response:
{
  "success": false,
  "status": 500,
  "data": "Server Error",
  "timeTaken": 285.72400000000016
}
Status code: 500
-------------------------------

[test number] should successfully handle input
Request:
{
  "gender": "FEMALE",
  "total_activity_duration": "NINE_TO_TWELVE_HOURS",
  "age": 25,
  "weight_today": 200,
  "height": 160,
  "category": "advanced"
}
Response:
{
  "success": false,
  "status": 500,
  "data": "Server Error",
  "timeTaken": 408.9167000000002
}
Status code: 500
-------------------------------

[test number] should successfully handle input
Request:
{
  "gender": "MALE",
  "total_activity_duration": "ZERO_TO_THREE_HOURS",
  "age": 100,
  "weight_today": 70,
  "height": 140,
  "category": "beginner"
}
Response:
{
  "success": false,
  "status": 500,
  "data": "Server Error",
  "timeTaken": 282.06370000000015
}
Status code: 500
-------------------------------

[test number] should successfully handle input
Request:
{
  "gender": "MALE",
  "total_activity_duration": "THREE_TO_SIX_HOURS",
  "age": 25,
  "weight_today": 70,
  "height": 173,
  "category": "intermediate"
}
Response:
{
  "success": false,
  "status": 500,
  "data": "Server Error",
  "timeTaken": 282.30049999999983
}
Status code: 500
-------------------------------

[test number] should successfully handle input
Request:
{
  "gender": "MALE",
  "total_activity_duration": "THREE_TO_SIX_HOURS",
  "age": 75,
  "weight_today": 70,
  "height": 210,
  "category": "advanced"
}
Response:
{
  "success": false,
  "status": 500,
  "data": "Server Error",
  "timeTaken": 293.90059999999994
}
Status code: 500
-------------------------------

[test number] should successfully handle input
Request:
{
  "gender": "FEMALE",
  "total_activity_duration": "SIX_TO_NINE_HOURS",
  "age": 50,
  "weight_today": 150,
  "height": 173,
  "category": "intermediate"
}
Response:
{
  "success": false,
  "status": 500,
  "data": "Server Error",
  "timeTaken": 287.6952000000001
}
Status code: 500
-------------------------------

[test number] should successfully handle input
Request:
{
  "gender": "MALE",
  "total_activity_duration": "ZERO_TO_THREE_HOURS",
  "age": 50,
  "weight_today": 30,
  "height": 173,
  "category": "advanced"
}
Response:
{
  "success": false,
  "status": 500,
  "data": "Server Error",
  "timeTaken": 289.5506999999998
}
Status code: 500
-------------------------------

[test number] should successfully handle input
Request:
{
  "gender": "FEMALE",
  "total_activity_duration": "TWELVE_PLUS_HOURS",
  "age": 25,
  "weight_today": 30,
  "height": 160,
  "category": "advanced"
}
Response:
{
  "success": false,
  "status": 500,
  "data": "Server Error",
  "timeTaken": 303.63329999999996
}
Status code: 500
-------------------------------

[test number] should successfully handle input
Request:
{
  "gender": "FEMALE",
  "total_activity_duration": "THREE_TO_SIX_HOURS",
  "age": 25,
  "weight_today": 113.9,
  "height": 140,
  "category": "intermediate"
}
Response:
{
  "success": false,
  "status": 500,
  "data": "Server Error",
  "timeTaken": 299.06410000000005
}
Status code: 500
-------------------------------

[test number] should successfully handle input
Request:
{
  "gender": "MALE",
  "total_activity_duration": "NINE_TO_TWELVE_HOURS",
  "age": 25,
  "weight_today": 150,
  "height": 210,
  "category": "beginner"
}
Response:
{
  "success": false,
  "status": 500,
  "data": "Server Error",
  "timeTaken": 319.97170000000006
}
Status code: 500
-------------------------------

[test number] should successfully handle input
Request:
{
  "gender": "FEMALE",
  "total_activity_duration": "SIX_TO_NINE_HOURS",
  "age": 100,
  "weight_today": 150,
  "height": 210,
  "category": "advanced"
}
Response:
{
  "success": false,
  "status": 500,
  "data": "Server Error",
  "timeTaken": 288.9548
}
Status code: 500
-------------------------------

[test number] should successfully handle input
Request:
{
  "gender": "MALE",
  "total_activity_duration": "SIX_TO_NINE_HOURS",
  "age": 0,
  "weight_today": 113.9,
  "height": 173,
  "category": "beginner"
}
Response:
{
  "success": false,
  "status": 500,
  "data": "Server Error",
  "timeTaken": 301.5812999999998
}
Status code: 500
-------------------------------

[test number] should successfully handle input
Request:
{
  "gender": "MALE",
  "total_activity_duration": "TWELVE_PLUS_HOURS",
  "age": 75,
  "weight_today": 30,
  "height": 160,
  "category": "beginner"
}
Response:
{
  "success": false,
  "status": 500,
  "data": "Server Error",
  "timeTaken": 281.27729999999974
}
Status code: 500
-------------------------------

[test number] should successfully handle input
Request:
{
  "gender": "MALE",
  "total_activity_duration": "SIX_TO_NINE_HOURS",
  "age": 100,
  "weight_today": 150,
  "height": 160,
  "category": "advanced"
}
Response:
{
  "success": false,
  "status": 500,
  "data": "Server Error",
  "timeTaken": 286.5662000000002
}
Status code: 500
-------------------------------

[test number] should successfully handle input
Request:
{
  "gender": "FEMALE",
  "total_activity_duration": "ZERO_TO_THREE_HOURS",
  "age": 0,
  "weight_today": 30,
  "height": 190,
  "category": "intermediate"
}
Response:
{
  "success": false,
  "status": 500,
  "data": "Server Error",
  "timeTaken": 290.58910000000014
}
Status code: 500
-------------------------------

[test number] should successfully handle input
Request:
{
  "gender": "FEMALE",
  "total_activity_duration": "SIX_TO_NINE_HOURS",
  "age": 0,
  "weight_today": 150,
  "height": 140,
  "category": "beginner"
}
Response:
{
  "success": false,
  "status": 500,
  "data": "Server Error",
  "timeTaken": 294.8096999999998
}
Status code: 500
-------------------------------

[test number] should successfully handle input
Request:
{
  "gender": "FEMALE",
  "total_activity_duration": "NINE_TO_TWELVE_HOURS",
  "age": 75,
  "weight_today": 200,
  "height": 210,
  "category": "intermediate"
}
Response:
{
  "success": false,
  "status": 500,
  "data": "Server Error",
  "timeTaken": 413.9846000000002
}
Status code: 500
-------------------------------

[test number] should successfully handle input
Request:
{
  "gender": "MALE",
  "total_activity_duration": "SIX_TO_NINE_HOURS",
  "age": 50,
  "weight_today": 113.9,
  "height": 210,
  "category": "intermediate"
}
Response:
{
  "success": false,
  "status": 500,
  "data": "Server Error",
  "timeTaken": 310.3757999999998
}
Status code: 500
-------------------------------

[test number] should successfully handle input
Request:
{
  "gender": "MALE",
  "total_activity_duration": "TWELVE_PLUS_HOURS",
  "age": 0,
  "weight_today": 200,
  "height": 190,
  "category": "advanced"
}
Response:
{
  "success": false,
  "status": 500,
  "data": "Server Error",
  "timeTaken": 325.4699999999998
}
Status code: 500
-------------------------------

[test number] should successfully handle input
Request:
{
  "gender": "FEMALE",
  "total_activity_duration": "NINE_TO_TWELVE_HOURS",
  "age": 25,
  "weight_today": 200,
  "height": 173,
  "category": "beginner"
}
Response:
{
  "success": false,
  "status": 500,
  "data": "Server Error",
  "timeTaken": 278.35109999999986
}
Status code: 500
-------------------------------

[test number] should successfully handle input
Request:
{
  "gender": "MALE",
  "total_activity_duration": "NINE_TO_TWELVE_HOURS",
  "age": 75,
  "weight_today": 200,
  "height": 160,
  "category": "advanced"
}
Response:
{
  "success": false,
  "status": 500,
  "data": "Server Error",
  "timeTaken": 303.3833999999997
}
Status code: 500
-------------------------------

[test number] should successfully handle input
Request:
{
  "gender": "MALE",
  "total_activity_duration": "ZERO_TO_THREE_HOURS",
  "age": 100,
  "weight_today": 70,
  "height": 140,
  "category": "intermediate"
}
Response:
{
  "success": false,
  "status": 500,
  "data": "Server Error",
  "timeTaken": 288.6895000000004
}
Status code: 500
-------------------------------

[test number] should successfully handle input
Request:
{
  "gender": "MALE",
  "total_activity_duration": "THREE_TO_SIX_HOURS",
  "age": 25,
  "weight_today": 70,
  "height": 173,
  "category": "advanced"
}
Response:
{
  "success": false,
  "status": 500,
  "data": "Server Error",
  "timeTaken": 283.9119999999998
}
Status code: 500
-------------------------------

[test number] should successfully handle input
Request:
{
  "gender": "FEMALE",
  "total_activity_duration": "TWELVE_PLUS_HOURS",
  "age": 75,
  "weight_today": 30,
  "height": 190,
  "category": "advanced"
}
Response:
{
  "success": false,
  "status": 500,
  "data": "Server Error",
  "timeTaken": 863.2851
}
Status code: 500
-------------------------------

[test number] should successfully handle input
Request:
{
  "gender": "FEMALE",
  "total_activity_duration": "SIX_TO_NINE_HOURS",
  "age": 50,
  "weight_today": 150,
  "height": 173,
  "category": "advanced"
}
Response:
{
  "success": false,
  "status": 500,
  "data": "Server Error",
  "timeTaken": 299.3786
}
Status code: 500
-------------------------------

[test number] should successfully handle input
Request:
{
  "gender": "MALE",
  "total_activity_duration": "ZERO_TO_THREE_HOURS",
  "age": 50,
  "weight_today": 30,
  "height": 190,
  "category": "beginner"
}
Response:
{
  "success": false,
  "status": 500,
  "data": "Server Error",
  "timeTaken": 298.7449999999999
}
Status code: 500
-------------------------------

[test number] should successfully handle input
Request:
{
  "gender": "MALE",
  "total_activity_duration": "THREE_TO_SIX_HOURS",
  "age": 75,
  "weight_today": 113.9,
  "height": 140,
  "category": "beginner"
}
Response:
{
  "success": false,
  "status": 500,
  "data": "Server Error",
  "timeTaken": 305.2933000000003
}
Status code: 500
-------------------------------

[test number] should successfully handle input
Request:
{
  "gender": "FEMALE",
  "total_activity_duration": "THREE_TO_SIX_HOURS",
  "age": 25,
  "weight_today": 113.9,
  "height": 140,
  "category": "advanced"
}
Response:
{
  "success": false,
  "status": 500,
  "data": "Server Error",
  "timeTaken": 285.8901999999998
}
Status code: 500
-------------------------------

[test number] should successfully handle input
Request:
{
  "gender": "MALE",
  "total_activity_duration": "ZERO_TO_THREE_HOURS",
  "age": 0,
  "weight_today": 30,
  "height": 140,
  "category": "intermediate"
}
Response:
{
  "success": false,
  "status": 500,
  "data": "Server Error",
  "timeTaken": 742.4347000000002
}
Status code: 500
-------------------------------

[test number] should successfully handle input
Request:
{
  "gender": "MALE",
  "total_activity_duration": "SIX_TO_NINE_HOURS",
  "age": 0,
  "weight_today": 113.9,
  "height": 173,
  "category": "intermediate"
}
Response:
{
  "success": false,
  "status": 500,
  "data": "Server Error",
  "timeTaken": 279.7190999999998
}
Status code: 500
-------------------------------

[test number] should successfully handle input
Request:
{
  "gender": "FEMALE",
  "total_activity_duration": "SIX_TO_NINE_HOURS",
  "age": 100,
  "weight_today": 200,
  "height": 140,
  "category": "beginner"
}
Response:
{
  "success": false,
  "status": 500,
  "data": "Server Error",
  "timeTaken": 307.0078999999996
}
Status code: 500
-------------------------------

[test number] should successfully handle input
Request:
{
  "gender": "MALE",
  "total_activity_duration": "NINE_TO_TWELVE_HOURS",
  "age": 25,
  "weight_today": 150,
  "height": 210,
  "category": "intermediate"
}
Response:
{
  "success": false,
  "status": 500,
  "data": "Server Error",
  "timeTaken": 320.22249999999985
}
Status code: 500
-------------------------------

[test number] should successfully handle input
Request:
{
  "gender": "FEMALE",
  "total_activity_duration": "TWELVE_PLUS_HOURS",
  "age": 25,
  "weight_today": 30,
  "height": 173,
  "category": "beginner"
}
Response:
{
  "success": false,
  "status": 500,
  "data": "Server Error",
  "timeTaken": 354.7271000000005
}
Status code: 500
-------------------------------

[test number] should successfully handle input
Request:
{
  "gender": "MALE",
  "total_activity_duration": "SIX_TO_NINE_HOURS",
  "age": 100,
  "weight_today": 150,
  "height": 173,
  "category": "beginner"
}
Response:
{
  "success": false,
  "status": 500,
  "data": "Server Error",
  "timeTaken": 325.76940000000013
}
Status code: 500
-------------------------------

[test number] should successfully handle input
Request:
{
  "gender": "MALE",
  "total_activity_duration": "SIX_TO_NINE_HOURS",
  "age": 50,
  "weight_today": 113.9,
  "height": 210,
  "category": "advanced"
}
Response:
{
  "success": false,
  "status": 500,
  "data": "Server Error",
  "timeTaken": 297.7096999999999
}
Status code: 500
-------------------------------

[test number] should successfully handle input
Request:
{
  "gender": "FEMALE",
  "total_activity_duration": "NINE_TO_TWELVE_HOURS",
  "age": 25,
  "weight_today": 200,
  "height": 173,
  "category": "intermediate"
}
Response:
{
  "success": false,
  "status": 500,
  "data": "Server Error",
  "timeTaken": 287.8992999999996
}
Status code: 500
-------------------------------

[test number] should successfully handle input
Request:
{
  "gender": "FEMALE",
  "total_activity_duration": "ZERO_TO_THREE_HOURS",
  "age": 50,
  "weight_today": 70,
  "height": 140,
  "category": "advanced"
}
Response:
{
  "success": false,
  "status": 500,
  "data": "Server Error",
  "timeTaken": 746.6778000000004
}
Status code: 500
-------------------------------

[test number] should successfully handle input
Request:
{
  "gender": "MALE",
  "total_activity_duration": "NINE_TO_TWELVE_HOURS",
  "age": 75,
  "weight_today": 200,
  "height": 173,
  "category": "beginner"
}
Response:
{
  "success": false,
  "status": 500,
  "data": "Server Error",
  "timeTaken": 291.4761000000003
}
Status code: 500
-------------------------------

[test number] should successfully handle input
Request:
{
  "gender": "MALE",
  "total_activity_duration": "TWELVE_PLUS_HOURS",
  "age": 75,
  "weight_today": 30,
  "height": 160,
  "category": "intermediate"
}
Response:
{
  "success": false,
  "status": 500,
  "data": "Server Error",
  "timeTaken": 405.75999999999976
}
Status code: 500
-------------------------------

[test number] should successfully handle input
Request:
{
  "gender": "MALE",
  "total_activity_duration": "TWELVE_PLUS_HOURS",
  "age": 0,
  "weight_today": 200,
  "height": 210,
  "category": "beginner"
}
Response:
{
  "success": false,
  "status": 500,
  "data": "Server Error",
  "timeTaken": 345.6542999999997
}
Status code: 500
-------------------------------

[test number] should successfully handle input
Request:
{
  "gender": "FEMALE",
  "total_activity_duration": "ZERO_TO_THREE_HOURS",
  "age": 100,
  "weight_today": 70,
  "height": 190,
  "category": "beginner"
}
Response:
{
  "success": false,
  "status": 500,
  "data": "Server Error",
  "timeTaken": 749.1826999999998
}
Status code: 500
-------------------------------

[test number] should successfully handle input
Request:
{
  "gender": "MALE",
  "total_activity_duration": "THREE_TO_SIX_HOURS",
  "age": 25,
  "weight_today": 70,
  "height": 190,
  "category": "beginner"
}
Response:
{
  "success": false,
  "status": 500,
  "data": "Server Error",
  "timeTaken": 311.2462999999998
}
Status code: 500
-------------------------------

[test number] should successfully handle input
Request:
{
  "gender": "FEMALE",
  "total_activity_duration": "SIX_TO_NINE_HOURS",
  "age": 50,
  "weight_today": 150,
  "height": 190,
  "category": "beginner"
}
Response:
{
  "success": false,
  "status": 500,
  "data": "Server Error",
  "timeTaken": 284.9594999999995
}
Status code: 500
-------------------------------

[test number] should successfully handle input
Request:
{
  "gender": "FEMALE",
  "total_activity_duration": "TWELVE_PLUS_HOURS",
  "age": 75,
  "weight_today": 30,
  "height": 210,
  "category": "beginner"
}
Response:
{
  "success": false,
  "status": 500,
  "data": "Server Error",
  "timeTaken": 299.17340000000013
}
Status code: 500
-------------------------------

[test number] should successfully handle input
Request:
{
  "gender": "FEMALE",
  "total_activity_duration": "THREE_TO_SIX_HOURS",
  "age": 75,
  "weight_today": 113.9,
  "height": 173,
  "category": "advanced"
}
Response:
{
  "success": false,
  "status": 500,
  "data": "Server Error",
  "timeTaken": 756.8279000000002
}
Status code: 500
-------------------------------

[test number] should successfully handle input
Request:
{
  "gender": "MALE",
  "total_activity_duration": "ZERO_TO_THREE_HOURS",
  "age": 50,
  "weight_today": 30,
  "height": 190,
  "category": "intermediate"
}
Response:
{
  "success": false,
  "status": 500,
  "data": "Server Error",
  "timeTaken": 299.5778
}
Status code: 500
-------------------------------

[test number] should successfully handle input
Request:
{
  "gender": "MALE",
  "total_activity_duration": "THREE_TO_SIX_HOURS",
  "age": 75,
  "weight_today": 113.9,
  "height": 140,
  "category": "intermediate"
}
Response:
{
  "success": false,
  "status": 500,
  "data": "Server Error",
  "timeTaken": 300.1336999999994
}
Status code: 500
-------------------------------

[test number] should successfully handle input
Request:
{
  "gender": "FEMALE",
  "total_activity_duration": "THREE_TO_SIX_HOURS",
  "age": 25,
  "weight_today": 113.9,
  "height": 160,
  "category": "beginner"
}
Response:
{
  "success": false,
  "status": 500,
  "data": "Server Error",
  "timeTaken": 303.5472
}
Status code: 500
-------------------------------

[test number] should successfully handle input
Request:
{
  "gender": "MALE",
  "total_activity_duration": "ZERO_TO_THREE_HOURS",
  "age": 0,
  "weight_today": 30,
  "height": 140,
  "category": "advanced"
}
Response:
{
  "success": false,
  "status": 500,
  "data": "Server Error",
  "timeTaken": 286.9242000000004
}
Status code: 500
-------------------------------

[test number] should successfully handle input
Request:
{
  "gender": "FEMALE",
  "total_activity_duration": "SIX_TO_NINE_HOURS",
  "age": 100,
  "weight_today": 200,
  "height": 140,
  "category": "intermediate"
}
Response:
{
  "success": false,
  "status": 500,
  "data": "Server Error",
  "timeTaken": 291.2569999999996
}
Status code: 500
-------------------------------

[test number] should successfully handle input
Request:
{
  "gender": "MALE",
  "total_activity_duration": "SIX_TO_NINE_HOURS",
  "age": 0,
  "weight_today": 113.9,
  "height": 173,
  "category": "advanced"
}
Response:
{
  "success": false,
  "status": 500,
  "data": "Server Error",
  "timeTaken": 295.39699999999993
}
Status code: 500
-------------------------------

[test number] should successfully handle input
Request:
{
  "gender": "MALE",
  "total_activity_duration": "NINE_TO_TWELVE_HOURS",
  "age": 25,
  "weight_today": 150,
  "height": 210,
  "category": "advanced"
}
Response:
{
  "success": false,
  "status": 500,
  "data": "Server Error",
  "timeTaken": 330.9321
}
Status code: 500
-------------------------------

[test number] should successfully handle input
Request:
{
  "gender": "FEMALE",
  "total_activity_duration": "TWELVE_PLUS_HOURS",
  "age": 25,
  "weight_today": 30,
  "height": 173,
  "category": "intermediate"
}
Response:
{
  "success": false,
  "status": 500,
  "data": "Server Error",
  "timeTaken": 315.84680000000026
}
Status code: 500
-------------------------------

[test number] should successfully handle input
Request:
{
  "gender": "MALE",
  "total_activity_duration": "SIX_TO_NINE_HOURS",
  "age": 100,
  "weight_today": 150,
  "height": 173,
  "category": "intermediate"
}
Response:
{
  "success": false,
  "status": 500,
  "data": "Server Error",
  "timeTaken": 292.85440000000017
}
Status code: 500
-------------------------------

[test number] should successfully handle input
Request:
{
  "gender": "MALE",
  "total_activity_duration": "SIX_TO_NINE_HOURS",
  "age": 50,
  "weight_today": 150,
  "height": 140,
  "category": "beginner"
}
Response:
{
  "success": false,
  "status": 500,
  "data": "Server Error",
  "timeTaken": 308.03899999999976
}
Status code: 500
-------------------------------

[test number] should successfully handle input
Request:
{
  "gender": "FEMALE",
  "total_activity_duration": "ZERO_TO_THREE_HOURS",
  "age": 50,
  "weight_today": 70,
  "height": 160,
  "category": "beginner"
}
Response:
{
  "success": false,
  "status": 500,
  "data": "Server Error",
  "timeTaken": 283.40810000000056
}
Status code: 500
-------------------------------

[test number] should successfully handle input
Request:
{
  "gender": "MALE",
  "total_activity_duration": "NINE_TO_TWELVE_HOURS",
  "age": 75,
  "weight_today": 200,
  "height": 173,
  "category": "intermediate"
}
Response:
{
  "success": false,
  "status": 500,
  "data": "Server Error",
  "timeTaken": 291.71959999999945
}
Status code: 500
-------------------------------

[test number] should successfully handle input
Request:
{
  "gender": "MALE",
  "total_activity_duration": "TWELVE_PLUS_HOURS",
  "age": 75,
  "weight_today": 30,
  "height": 160,
  "category": "advanced"
}
Response:
{
  "success": false,
  "status": 500,
  "data": "Server Error",
  "timeTaken": 290.6869999999999
}
Status code: 500
-------------------------------

[test number] should successfully handle input
Request:
{
  "gender": "MALE",
  "total_activity_duration": "TWELVE_PLUS_HOURS",
  "age": 0,
  "weight_today": 200,
  "height": 210,
  "category": "intermediate"
}
Response:
{
  "success": false,
  "status": 500,
  "data": "Server Error",
  "timeTaken": 309.1855000000005
}
Status code: 500
-------------------------------

[test number] should successfully handle input
Request:
{
  "gender": "FEMALE",
  "total_activity_duration": "ZERO_TO_THREE_HOURS",
  "age": 100,
  "weight_today": 70,
  "height": 190,
  "category": "intermediate"
}
Response:
{
  "success": false,
  "status": 500,
  "data": "Server Error",
  "timeTaken": 293.78930000000037
}
Status code: 500
-------------------------------

[test number] should successfully handle input
Request:
{
  "gender": "FEMALE",
  "total_activity_duration": "SIX_TO_NINE_HOURS",
  "age": 0,
  "weight_today": 150,
  "height": 140,
  "category": "intermediate"
}
Response:
{
  "success": false,
  "status": 500,
  "data": "Server Error",
  "timeTaken": 741.0880999999999
}
Status code: 500
-------------------------------

[test number] should successfully handle input
Request:
{
  "gender": "FEMALE",
  "total_activity_duration": "ZERO_TO_THREE_HOURS",
  "age": 0,
  "weight_today": 30,
  "height": 190,
  "category": "advanced"
}
Response:
{
  "success": false,
  "status": 500,
  "data": "Server Error",
  "timeTaken": 766.9660000000003
}
Status code: 500
-------------------------------

[test number] should successfully handle input
Request:
{
  "gender": "FEMALE",
  "total_activity_duration": "SIX_TO_NINE_HOURS",
  "age": 50,
  "weight_today": 150,
  "height": 190,
  "category": "intermediate"
}
Response:
{
  "success": false,
  "status": 500,
  "data": "Server Error",
  "timeTaken": 274.71660000000065
}
Status code: 500
-------------------------------

[test number] should successfully handle input
Request:
{
  "gender": "MALE",
  "total_activity_duration": "THREE_TO_SIX_HOURS",
  "age": 25,
  "weight_today": 70,
  "height": 190,
  "category": "intermediate"
}
Response:
{
  "success": false,
  "status": 500,
  "data": "Server Error",
  "timeTaken": 278.3117999999995
}
Status code: 500
-------------------------------

[test number] should successfully handle input
Request:
{
  "gender": "FEMALE",
  "total_activity_duration": "NINE_TO_TWELVE_HOURS",
  "age": 25,
  "weight_today": 200,
  "height": 173,
  "category": "advanced"
}
Response:
{
  "success": false,
  "status": 500,
  "data": "Server Error",
  "timeTaken": 414.35530000000017
}
Status code: 500
-------------------------------

[test number] should successfully handle input
Request:
{
  "gender": "FEMALE",
  "total_activity_duration": "NINE_TO_TWELVE_HOURS",
  "age": 75,
  "weight_today": 200,
  "height": 210,
  "category": "advanced"
}
Response:
{
  "success": false,
  "status": 500,
  "data": "Server Error",
  "timeTaken": 737.5062999999996
}
Status code: 500
-------------------------------

[test number] should successfully handle input
Request:
{
  "gender": "FEMALE",
  "total_activity_duration": "THREE_TO_SIX_HOURS",
  "age": 75,
  "weight_today": 113.9,
  "height": 190,
  "category": "beginner"
}
Response:
{
  "success": false,
  "status": 500,
  "data": "Server Error",
  "timeTaken": 286.59479999999985
}
Status code: 500
-------------------------------

[test number] should successfully handle input
Request:
{
  "gender": "MALE",
  "total_activity_duration": "THREE_TO_SIX_HOURS",
  "age": 75,
  "weight_today": 113.9,
  "height": 140,
  "category": "advanced"
}
Response:
{
  "success": false,
  "status": 500,
  "data": "Server Error",
  "timeTaken": 293.8690000000006
}
Status code: 500
-------------------------------

[test number] should successfully handle input
Request:
{
  "gender": "MALE",
  "total_activity_duration": "ZERO_TO_THREE_HOURS",
  "age": 50,
  "weight_today": 30,
  "height": 190,
  "category": "advanced"
}
Response:
{
  "success": false,
  "status": 500,
  "data": "Server Error",
  "timeTaken": 297.5569000000005
}
Status code: 500
-------------------------------

[test number] should successfully handle input
Request:
{
  "gender": "FEMALE",
  "total_activity_duration": "THREE_TO_SIX_HOURS",
  "age": 25,
  "weight_today": 113.9,
  "height": 160,
  "category": "intermediate"
}
Response:
{
  "success": false,
  "status": 500,
  "data": "Server Error",
  "timeTaken": 293.33179999999993
}
Status code: 500
-------------------------------

[test number] should successfully handle input
Request:
{
  "gender": "MALE",
  "total_activity_duration": "ZERO_TO_THREE_HOURS",
  "age": 0,
  "weight_today": 30,
  "height": 160,
  "category": "beginner"
}
Response:
{
  "success": false,
  "status": 500,
  "data": "Server Error",
  "timeTaken": 285.9380000000001
}
Status code: 500
-------------------------------

[test number] should successfully handle input
Request:
{
  "gender": "MALE",
  "total_activity_duration": "SIX_TO_NINE_HOURS",
  "age": 0,
  "weight_today": 113.9,
  "height": 190,
  "category": "beginner"
}
Response:
{
  "success": false,
  "status": 500,
  "data": "Server Error",
  "timeTaken": 283.96379999999954
}
Status code: 500
-------------------------------

[test number] should successfully handle input
Request:
{
  "gender": "FEMALE",
  "total_activity_duration": "TWELVE_PLUS_HOURS",
  "age": 75,
  "weight_today": 30,
  "height": 210,
  "category": "intermediate"
}
Response:
{
  "success": false,
  "status": 500,
  "data": "Server Error",
  "timeTaken": 359.58230000000003
}
Status code: 500
-------------------------------

[test number] should successfully handle input
Request:
{
  "gender": "MALE",
  "total_activity_duration": "ZERO_TO_THREE_HOURS",
  "age": 100,
  "weight_today": 70,
  "height": 140,
  "category": "advanced"
}
Response:
{
  "success": false,
  "status": 500,
  "data": "Server Error",
  "timeTaken": 741.2400000000007
}
Status code: 500
-------------------------------

[test number] should successfully handle input
Request:
{
  "gender": "FEMALE",
  "total_activity_duration": "SIX_TO_NINE_HOURS",
  "age": 100,
  "weight_today": 200,
  "height": 140,
  "category": "advanced"
}
Response:
{
  "success": false,
  "status": 500,
  "data": "Server Error",
  "timeTaken": 328.83780000000024
}
Status code: 500
-------------------------------

[test number] should successfully handle input
Request:
{
  "gender": "FEMALE",
  "total_activity_duration": "TWELVE_PLUS_HOURS",
  "age": 25,
  "weight_today": 30,
  "height": 173,
  "category": "advanced"
}
Response:
{
  "success": false,
  "status": 500,
  "data": "Server Error",
  "timeTaken": 283.0751
}
Status code: 500
-------------------------------

[test number] should successfully handle input
Request:
{
  "gender": "MALE",
  "total_activity_duration": "NINE_TO_TWELVE_HOURS",
  "age": 25,
  "weight_today": 200,
  "height": 140,
  "category": "beginner"
}
Response:
{
  "success": false,
  "status": 500,
  "data": "Server Error",
  "timeTaken": 317.7492000000002
}
Status code: 500
-------------------------------

[test number] should successfully handle input
Request:
{
  "gender": "FEMALE",
  "total_activity_duration": "ZERO_TO_THREE_HOURS",
  "age": 50,
  "weight_today": 70,
  "height": 160,
  "category": "intermediate"
}
Response:
{
  "success": false,
  "status": 500,
  "data": "Server Error",
  "timeTaken": 282.0509000000002
}
Status code: 500
-------------------------------

[test number] should successfully handle input
Request:
{
  "gender": "MALE",
  "total_activity_duration": "NINE_TO_TWELVE_HOURS",
  "age": 75,
  "weight_today": 200,
  "height": 173,
  "category": "advanced"
}
Response:
{
  "success": false,
  "status": 500,
  "data": "Server Error",
  "timeTaken": 282.09580000000005
}
Status code: 500
-------------------------------

[test number] should successfully handle input
Request:
{
  "gender": "MALE",
  "total_activity_duration": "TWELVE_PLUS_HOURS",
  "age": 75,
  "weight_today": 30,
  "height": 173,
  "category": "beginner"
}
Response:
{
  "success": false,
  "status": 500,
  "data": "Server Error",
  "timeTaken": 293.91280000000006
}
Status code: 500
-------------------------------

[test number] should successfully handle input
Request:
{
  "gender": "MALE",
  "total_activity_duration": "SIX_TO_NINE_HOURS",
  "age": 50,
  "weight_today": 150,
  "height": 140,
  "category": "intermediate"
}
Response:
{
  "success": false,
  "status": 500,
  "data": "Server Error",
  "timeTaken": 360.1223
}
Status code: 500
-------------------------------

[test number] should successfully handle input
Request:
{
  "gender": "FEMALE",
  "total_activity_duration": "ZERO_TO_THREE_HOURS",
  "age": 100,
  "weight_today": 70,
  "height": 190,
  "category": "advanced"
}
Response:
{
  "success": false,
  "status": 500,
  "data": "Server Error",
  "timeTaken": 270.8855999999996
}
Status code: 500
-------------------------------

[test number] should successfully handle input
Request:
{
  "gender": "MALE",
  "total_activity_duration": "TWELVE_PLUS_HOURS",
  "age": 0,
  "weight_today": 200,
  "height": 210,
  "category": "advanced"
}
Response:
{
  "success": false,
  "status": 500,
  "data": "Server Error",
  "timeTaken": 322.48349999999937
}
Status code: 500
-------------------------------

[test number] should successfully handle input
Request:
{
  "gender": "FEMALE",
  "total_activity_duration": "SIX_TO_NINE_HOURS",
  "age": 50,
  "weight_today": 150,
  "height": 190,
  "category": "advanced"
}
Response:
{
  "success": false,
  "status": 500,
  "data": "Server Error",
  "timeTaken": 279.16499999999996
}
Status code: 500
-------------------------------

[test number] should successfully handle input
Request:
{
  "gender": "FEMALE",
  "total_activity_duration": "ZERO_TO_THREE_HOURS",
  "age": 0,
  "weight_today": 30,
  "height": 210,
  "category": "beginner"
}
Response:
{
  "success": false,
  "status": 500,
  "data": "Server Error",
  "timeTaken": 283.66879999999946
}
Status code: 500
-------------------------------

[test number] should successfully handle input
Request:
{
  "gender": "FEMALE",
  "total_activity_duration": "NINE_TO_TWELVE_HOURS",
  "age": 100,
  "weight_today": 30,
  "height": 140,
  "category": "beginner"
}
Response:
{
  "success": false,
  "status": 500,
  "data": "Server Error",
  "timeTaken": 285.8685999999998
}
Status code: 500
-------------------------------

[test number] should successfully handle input
Request:
{
  "gender": "FEMALE",
  "total_activity_duration": "NINE_TO_TWELVE_HOURS",
  "age": 25,
  "weight_today": 200,
  "height": 190,
  "category": "beginner"
}
Response:
{
  "success": false,
  "status": 500,
  "data": "Server Error",
  "timeTaken": 294.9189000000006
}
Status code: 500
-------------------------------

[test number] should successfully handle input
Request:
{
  "gender": "FEMALE",
  "total_activity_duration": "THREE_TO_SIX_HOURS",
  "age": 75,
  "weight_today": 113.9,
  "height": 190,
  "category": "intermediate"
}
Response:
{
  "success": false,
  "status": 500,
  "data": "Server Error",
  "timeTaken": 284.0654000000004
}
Status code: 500
-------------------------------

[test number] should successfully handle input
Request:
{
  "gender": "FEMALE",
  "total_activity_duration": "SIX_TO_NINE_HOURS",
  "age": 0,
  "weight_today": 150,
  "height": 140,
  "category": "advanced"
}
Response:
{
  "success": false,
  "status": 500,
  "data": "Server Error",
  "timeTaken": 306.2604999999994
}
Status code: 500
-------------------------------

[test number] should successfully handle input
Request:
{
  "gender": "MALE",
  "total_activity_duration": "THREE_TO_SIX_HOURS",
  "age": 75,
  "weight_today": 113.9,
  "height": 160,
  "category": "beginner"
}
Response:
{
  "success": false,
  "status": 500,
  "data": "Server Error",
  "timeTaken": 279.2379999999994
}
Status code: 500
-------------------------------

[test number] should successfully handle input
Request:
{
  "gender": "MALE",
  "total_activity_duration": "ZERO_TO_THREE_HOURS",
  "age": 50,
  "weight_today": 30,
  "height": 210,
  "category": "beginner"
}
Response:
{
  "success": false,
  "status": 500,
  "data": "Server Error",
  "timeTaken": 286.65089999999964
}
Status code: 500
-------------------------------

[test number] should successfully handle input
Request:
{
  "gender": "FEMALE",
  "total_activity_duration": "THREE_TO_SIX_HOURS",
  "age": 25,
  "weight_today": 113.9,
  "height": 160,
  "category": "advanced"
}
Response:
{
  "success": false,
  "status": 500,
  "data": "Server Error",
  "timeTaken": 282.04489999999987
}
Status code: 500
-------------------------------

[test number] should successfully handle input
Request:
{
  "gender": "MALE",
  "total_activity_duration": "ZERO_TO_THREE_HOURS",
  "age": 0,
  "weight_today": 30,
  "height": 160,
  "category": "intermediate"
}
Response:
{
  "success": false,
  "status": 500,
  "data": "Server Error",
  "timeTaken": 288.6203999999998
}
Status code: 500
-------------------------------

[test number] should successfully handle input
Request:
{
  "gender": "MALE",
  "total_activity_duration": "SIX_TO_NINE_HOURS",
  "age": 0,
  "weight_today": 113.9,
  "height": 190,
  "category": "intermediate"
}
Response:
{
  "success": false,
  "status": 500,
  "data": "Server Error",
  "timeTaken": 278.04230000000007
}
Status code: 500
-------------------------------

[test number] should successfully handle input
Request:
{
  "gender": "MALE",
  "total_activity_duration": "ZERO_TO_THREE_HOURS",
  "age": 100,
  "weight_today": 70,
  "height": 160,
  "category": "beginner"
}
Response:
{
  "success": false,
  "status": 500,
  "data": "Server Error",
  "timeTaken": 302.72500000000036
}
Status code: 500
-------------------------------

[test number] should successfully handle input
Request:
{
  "gender": "FEMALE",
  "total_activity_duration": "TWELVE_PLUS_HOURS",
  "age": 25,
  "weight_today": 30,
  "height": 190,
  "category": "beginner"
}
Response:
{
  "success": false,
  "status": 500,
  "data": "Server Error",
  "timeTaken": 288.40040000000045
}
Status code: 500
-------------------------------

[test number] should successfully handle input
Request:
{
  "gender": "FEMALE",
  "total_activity_duration": "TWELVE_PLUS_HOURS",
  "age": 75,
  "weight_today": 30,
  "height": 210,
  "category": "advanced"
}
Response:
{
  "success": false,
  "status": 500,
  "data": "Server Error",
  "timeTaken": 314.33799999999974
}
Status code: 500
-------------------------------

[test number] should successfully handle input
Request:
{
  "gender": "FEMALE",
  "total_activity_duration": "SIX_TO_NINE_HOURS",
  "age": 100,
  "weight_today": 200,
  "height": 160,
  "category": "beginner"
}
Response:
{
  "success": false,
  "status": 500,
  "data": "Server Error",
  "timeTaken": 301.1893
}
Status code: 500
-------------------------------

[test number] should successfully handle input
Request:
{
  "gender": "MALE",
  "total_activity_duration": "NINE_TO_TWELVE_HOURS",
  "age": 25,
  "weight_today": 200,
  "height": 140,
  "category": "intermediate"
}
Response:
{
  "success": false,
  "status": 500,
  "data": "Server Error",
  "timeTaken": 326.8680000000004
}
Status code: 500
-------------------------------

[test number] should successfully handle input
Request:
{
  "gender": "FEMALE",
  "total_activity_duration": "ZERO_TO_THREE_HOURS",
  "age": 50,
  "weight_today": 70,
  "height": 160,
  "category": "advanced"
}
Response:
{
  "success": false,
  "status": 500,
  "data": "Server Error",
  "timeTaken": 305.6873999999998
}
Status code: 500
-------------------------------

[test number] should successfully handle input
Request:
{
  "gender": "MALE",
  "total_activity_duration": "NINE_TO_TWELVE_HOURS",
  "age": 75,
  "weight_today": 200,
  "height": 190,
  "category": "beginner"
}
Response:
{
  "success": false,
  "status": 500,
  "data": "Server Error",
  "timeTaken": 290.2687999999998
}
Status code: 500
-------------------------------

[test number] should successfully handle input
Request:
{
  "gender": "MALE",
  "total_activity_duration": "TWELVE_PLUS_HOURS",
  "age": 75,
  "weight_today": 30,
  "height": 173,
  "category": "intermediate"
}
Response:
{
  "success": false,
  "status": 500,
  "data": "Server Error",
  "timeTaken": 289.40529999999944
}
Status code: 500
-------------------------------

[test number] should successfully handle input
Request:
{
  "gender": "FEMALE",
  "total_activity_duration": "ZERO_TO_THREE_HOURS",
  "age": 100,
  "weight_today": 70,
  "height": 210,
  "category": "beginner"
}
Response:
{
  "success": false,
  "status": 500,
  "data": "Server Error",
  "timeTaken": 304.3885
}
Status code: 500
-------------------------------

[test number] should successfully handle input
Request:
{
  "gender": "FEMALE",
  "total_activity_duration": "SIX_TO_NINE_HOURS",
  "age": 50,
  "weight_today": 150,
  "height": 210,
  "category": "beginner"
}
Response:
{
  "success": false,
  "status": 500,
  "data": "Server Error",
  "timeTaken": 284.7016000000003
}
Status code: 500
-------------------------------

[test number] should successfully handle input
Request:
{
  "gender": "FEMALE",
  "total_activity_duration": "NINE_TO_TWELVE_HOURS",
  "age": 100,
  "weight_today": 30,
  "height": 140,
  "category": "intermediate"
}
Response:
{
  "success": false,
  "status": 500,
  "data": "Server Error",
  "timeTaken": 274.1757000000007
}
Status code: 500
-------------------------------

[test number] should successfully handle input
Request:
{
  "gender": "MALE",
  "total_activity_duration": "SIX_TO_NINE_HOURS",
  "age": 50,
  "weight_today": 150,
  "height": 140,
  "category": "advanced"
}
Response:
{
  "success": false,
  "status": 500,
  "data": "Server Error",
  "timeTaken": 329.8159999999998
}
Status code: 500
-------------------------------

[test number] should successfully handle input
Request:
{
  "gender": "FEMALE",
  "total_activity_duration": "SIX_TO_NINE_HOURS",
  "age": 0,
  "weight_today": 150,
  "height": 160,
  "category": "beginner"
}
Response:
{
  "success": false,
  "status": 500,
  "data": "Server Error",
  "timeTaken": 280.9282999999996
}
Status code: 500
-------------------------------

[test number] should successfully handle input
Request:
{
  "gender": "MALE",
  "total_activity_duration": "SIX_TO_NINE_HOURS",
  "age": 100,
  "weight_today": 150,
  "height": 173,
  "category": "advanced"
}
Response:
{
  "success": false,
  "status": 500,
  "data": "Server Error",
  "timeTaken": 747.2079000000003
}
Status code: 500
-------------------------------

[test number] should successfully handle input
Request:
{
  "gender": "FEMALE",
  "total_activity_duration": "ZERO_TO_THREE_HOURS",
  "age": 0,
  "weight_today": 30,
  "height": 210,
  "category": "intermediate"
}
Response:
{
  "success": false,
  "status": 500,
  "data": "Server Error",
  "timeTaken": 306.9812000000002
}
Status code: 500
-------------------------------

[test number] should successfully handle input
Request:
{
  "gender": "FEMALE",
  "total_activity_duration": "NINE_TO_TWELVE_HOURS",
  "age": 25,
  "weight_today": 200,
  "height": 190,
  "category": "intermediate"
}
Response:
{
  "success": false,
  "status": 500,
  "data": "Server Error",
  "timeTaken": 288.59690000000046
}
Status code: 500
-------------------------------

[test number] should successfully handle input
Request:
{
  "gender": "MALE",
  "total_activity_duration": "TWELVE_PLUS_HOURS",
  "age": 25,
  "weight_today": 30,
  "height": 140,
  "category": "beginner"
}
Response:
{
  "success": false,
  "status": 500,
  "data": "Server Error",
  "timeTaken": 314.1444999999994
}
Status code: 500
-------------------------------

[test number] should successfully handle input
Request:
{
  "gender": "MALE",
  "total_activity_duration": "ZERO_TO_THREE_HOURS",
  "age": 50,
  "weight_today": 30,
  "height": 210,
  "category": "intermediate"
}
Response:
{
  "success": false,
  "status": 500,
  "data": "Server Error",
  "timeTaken": 285.5783000000001
}
Status code: 500
-------------------------------

[test number] should successfully handle input
Request:
{
  "gender": "FEMALE",
  "total_activity_duration": "THREE_TO_SIX_HOURS",
  "age": 25,
  "weight_today": 113.9,
  "height": 173,
  "category": "beginner"
}
Response:
{
  "success": false,
  "status": 500,
  "data": "Server Error",
  "timeTaken": 302.0627999999997
}
Status code: 500
-------------------------------

[test number] should successfully handle input
Request:
{
  "gender": "MALE",
  "total_activity_duration": "SIX_TO_NINE_HOURS",
  "age": 0,
  "weight_today": 113.9,
  "height": 190,
  "category": "advanced"
}
Response:
{
  "success": false,
  "status": 500,
  "data": "Server Error",
  "timeTaken": 286.8534000000009
}
Status code: 500
-------------------------------

[test number] should successfully handle input
Request:
{
  "gender": "MALE",
  "total_activity_duration": "ZERO_TO_THREE_HOURS",
  "age": 0,
  "weight_today": 30,
  "height": 160,
  "category": "advanced"
}
Response:
{
  "success": false,
  "status": 500,
  "data": "Server Error",
  "timeTaken": 296.76780000000053
}
Status code: 500
-------------------------------

[test number] should successfully handle input
Request:
{
  "gender": "MALE",
  "total_activity_duration": "ZERO_TO_THREE_HOURS",
  "age": 100,
  "weight_today": 70,
  "height": 160,
  "category": "intermediate"
}
Response:
{
  "success": false,
  "status": 500,
  "data": "Server Error",
  "timeTaken": 303.4472000000005
}
Status code: 500
-------------------------------

[test number] should successfully handle input
Request:
{
  "gender": "MALE",
  "total_activity_duration": "THREE_TO_SIX_HOURS",
  "age": 25,
  "weight_today": 70,
  "height": 190,
  "category": "advanced"
}
Response:
{
  "success": false,
  "status": 500,
  "data": "Server Error",
  "timeTaken": 712.9219999999996
}
Status code: 500
-------------------------------

[test number] should successfully handle input
Request:
{
  "gender": "FEMALE",
  "total_activity_duration": "SIX_TO_NINE_HOURS",
  "age": 100,
  "weight_today": 200,
  "height": 160,
  "category": "intermediate"
}
Response:
{
  "success": false,
  "status": 500,
  "data": "Server Error",
  "timeTaken": 288.65819999999985
}
Status code: 500
-------------------------------

[test number] should successfully handle input
Request:
{
  "gender": "FEMALE",
  "total_activity_duration": "TWELVE_PLUS_HOURS",
  "age": 25,
  "weight_today": 30,
  "height": 190,
  "category": "intermediate"
}
Response:
{
  "success": false,
  "status": 500,
  "data": "Server Error",
  "timeTaken": 322.1418999999996
}
Status code: 500
-------------------------------

[test number] should successfully handle input
Request:
{
  "gender": "FEMALE",
  "total_activity_duration": "TWELVE_PLUS_HOURS",
  "age": 75,
  "weight_today": 70,
  "height": 140,
  "category": "beginner"
}
Response:
{
  "success": false,
  "status": 500,
  "data": "Server Error",
  "timeTaken": 318.58280000000013
}
Status code: 500
-------------------------------

[test number] should successfully handle input
Request:
{
  "gender": "FEMALE",
  "total_activity_duration": "ZERO_TO_THREE_HOURS",
  "age": 50,
  "weight_today": 70,
  "height": 173,
  "category": "beginner"
}
Response:
{
  "success": false,
  "status": 500,
  "data": "Server Error",
  "timeTaken": 289.6129999999994
}
Status code: 500
-------------------------------

[test number] should successfully handle input
Request:
{
  "gender": "MALE",
  "total_activity_duration": "TWELVE_PLUS_HOURS",
  "age": 75,
  "weight_today": 30,
  "height": 173,
  "category": "advanced"
}
Response:
{
  "success": false,
  "status": 500,
  "data": "Server Error",
  "timeTaken": 270.6964000000007
}
Status code: 500
-------------------------------

[test number] should successfully handle input
Request:
{
  "gender": "MALE",
  "total_activity_duration": "NINE_TO_TWELVE_HOURS",
  "age": 25,
  "weight_today": 200,
  "height": 140,
  "category": "advanced"
}
Response:
{
  "success": false,
  "status": 500,
  "data": "Server Error",
  "timeTaken": 327.5194999999994
}
Status code: 500
-------------------------------

[test number] should successfully handle input
Request:
{
  "gender": "FEMALE",
  "total_activity_duration": "ZERO_TO_THREE_HOURS",
  "age": 100,
  "weight_today": 70,
  "height": 210,
  "category": "intermediate"
}
Response:
{
  "success": false,
  "status": 500,
  "data": "Server Error",
  "timeTaken": 279.5199999999995
}
Status code: 500
-------------------------------

[test number] should successfully handle input
Request:
{
  "gender": "FEMALE",
  "total_activity_duration": "SIX_TO_NINE_HOURS",
  "age": 50,
  "weight_today": 150,
  "height": 210,
  "category": "intermediate"
}
Response:
{
  "success": false,
  "status": 500,
  "data": "Server Error",
  "timeTaken": 275.65430000000015
}
Status code: 500
-------------------------------

[test number] should successfully handle input
Request:
{
  "gender": "FEMALE",
  "total_activity_duration": "NINE_TO_TWELVE_HOURS",
  "age": 100,
  "weight_today": 30,
  "height": 140,
  "category": "advanced"
}
Response:
{
  "success": false,
  "status": 500,
  "data": "Server Error",
  "timeTaken": 289.9241999999995
}
Status code: 500
-------------------------------

[test number] should successfully handle input
Request:
{
  "gender": "FEMALE",
  "total_activity_duration": "SIX_TO_NINE_HOURS",
  "age": 0,
  "weight_today": 150,
  "height": 160,
  "category": "intermediate"
}
Response:
{
  "success": false,
  "status": 500,
  "data": "Server Error",
  "timeTaken": 276.02400000000034
}
Status code: 500
-------------------------------

[test number] should successfully handle input
Request:
{
  "gender": "FEMALE",
  "total_activity_duration": "ZERO_TO_THREE_HOURS",
  "age": 0,
  "weight_today": 30,
  "height": 210,
  "category": "advanced"
}
Response:
{
  "success": false,
  "status": 500,
  "data": "Server Error",
  "timeTaken": 294.6815999999999
}
Status code: 500
-------------------------------

[test number] should successfully handle input
Request:
{
  "gender": "FEMALE",
  "total_activity_duration": "NINE_TO_TWELVE_HOURS",
  "age": 25,
  "weight_today": 200,
  "height": 190,
  "category": "advanced"
}
Response:
{
  "success": false,
  "status": 500,
  "data": "Server Error",
  "timeTaken": 298.3639999999996
}
Status code: 500
-------------------------------

[test number] should successfully handle input
Request:
{
  "gender": "MALE",
  "total_activity_duration": "ZERO_TO_THREE_HOURS",
  "age": 50,
  "weight_today": 30,
  "height": 210,
  "category": "advanced"
}
Response:
{
  "success": false,
  "status": 500,
  "data": "Server Error",
  "timeTaken": 291.3761000000004
}
Status code: 500
-------------------------------

[test number] should successfully handle input
Request:
{
  "gender": "MALE",
  "total_activity_duration": "SIX_TO_NINE_HOURS",
  "age": 100,
  "weight_today": 150,
  "height": 190,
  "category": "beginner"
}
Response:
{
  "success": false,
  "status": 500,
  "data": "Server Error",
  "timeTaken": 302.5694000000003
}
Status code: 500
-------------------------------

[test number] should successfully handle input
Request:
{
  "gender": "FEMALE",
  "total_activity_duration": "THREE_TO_SIX_HOURS",
  "age": 25,
  "weight_today": 113.9,
  "height": 173,
  "category": "intermediate"
}
Response:
{
  "success": false,
  "status": 500,
  "data": "Server Error",
  "timeTaken": 283.4872999999998
}
Status code: 500
-------------------------------

[test number] should successfully handle input
Request:
{
  "gender": "MALE",
  "total_activity_duration": "SIX_TO_NINE_HOURS",
  "age": 50,
  "weight_today": 150,
  "height": 160,
  "category": "beginner"
}
Response:
{
  "success": false,
  "status": 500,
  "data": "Server Error",
  "timeTaken": 333.1368000000002
}
Status code: 500
-------------------------------

[test number] should successfully handle input
Request:
{
  "gender": "MALE",
  "total_activity_duration": "SIX_TO_NINE_HOURS",
  "age": 0,
  "weight_today": 113.9,
  "height": 210,
  "category": "beginner"
}
Response:
{
  "success": false,
  "status": 500,
  "data": "Server Error",
  "timeTaken": 277.3019000000004
}
Status code: 500
-------------------------------

[test number] should successfully handle input
Request:
{
  "gender": "MALE",
  "total_activity_duration": "ZERO_TO_THREE_HOURS",
  "age": 0,
  "weight_today": 30,
  "height": 173,
  "category": "beginner"
}
Response:
{
  "success": false,
  "status": 500,
  "data": "Server Error",
  "timeTaken": 293.39969999999994
}
Status code: 500
-------------------------------

[test number] should successfully handle input
Request:
{
  "gender": "MALE",
  "total_activity_duration": "THREE_TO_SIX_HOURS",
  "age": 25,
  "weight_today": 70,
  "height": 210,
  "category": "beginner"
}
Response:
{
  "success": false,
  "status": 500,
  "data": "Server Error",
  "timeTaken": 280.2586000000001
}
Status code: 500
-------------------------------

[test number] should successfully handle input
Request:
{
  "gender": "FEMALE",
  "total_activity_duration": "SIX_TO_NINE_HOURS",
  "age": 100,
  "weight_today": 200,
  "height": 160,
  "category": "advanced"
}
Response:
{
  "success": false,
  "status": 500,
  "data": "Server Error",
  "timeTaken": 294.3632000000007
}
Status code: 500
-------------------------------

[test number] should successfully handle input
Request:
{
  "gender": "FEMALE",
  "total_activity_duration": "TWELVE_PLUS_HOURS",
  "age": 25,
  "weight_today": 30,
  "height": 190,
  "category": "advanced"
}
Response:
{
  "success": false,
  "status": 500,
  "data": "Server Error",
  "timeTaken": 300.1232999999993
}
Status code: 500
-------------------------------

[test number] should successfully handle input
Request:
{
  "gender": "MALE",
  "total_activity_duration": "ZERO_TO_THREE_HOURS",
  "age": 100,
  "weight_today": 70,
  "height": 160,
  "category": "advanced"
}
Response:
{
  "success": false,
  "status": 500,
  "data": "Server Error",
  "timeTaken": 325.1696000000002
}
Status code: 500
-------------------------------

[test number] should successfully handle input
Request:
{
  "gender": "FEMALE",
  "total_activity_duration": "TWELVE_PLUS_HOURS",
  "age": 75,
  "weight_today": 70,
  "height": 140,
  "category": "intermediate"
}
Response:
{
  "success": false,
  "status": 500,
  "data": "Server Error",
  "timeTaken": 301.6979999999994
}
Status code: 500
-------------------------------

[test number] should successfully handle input
Request:
{
  "gender": "FEMALE",
  "total_activity_duration": "THREE_TO_SIX_HOURS",
  "age": 75,
  "weight_today": 113.9,
  "height": 190,
  "category": "advanced"
}
Response:
{
  "success": false,
  "status": 500,
  "data": "Server Error",
  "timeTaken": 744.2016000000003
}
Status code: 500
-------------------------------

[test number] should successfully handle input
Request:
{
  "gender": "MALE",
  "total_activity_duration": "THREE_TO_SIX_HOURS",
  "age": 75,
  "weight_today": 113.9,
  "height": 160,
  "category": "intermediate"
}
Response:
{
  "success": false,
  "status": 500,
  "data": "Server Error",
  "timeTaken": 752.2677000000003
}
Status code: 500
-------------------------------

[test number] should successfully handle input
Request:
{
  "gender": "FEMALE",
  "total_activity_duration": "ZERO_TO_THREE_HOURS",
  "age": 50,
  "weight_today": 70,
  "height": 173,
  "category": "intermediate"
}
Response:
{
  "success": false,
  "status": 500,
  "data": "Server Error",
  "timeTaken": 290.83840000000055
}
Status code: 500
-------------------------------

[test number] should successfully handle input
Request:
{
  "gender": "MALE",
  "total_activity_duration": "TWELVE_PLUS_HOURS",
  "age": 75,
  "weight_today": 30,
  "height": 190,
  "category": "beginner"
}
Response:
{
  "success": false,
  "status": 500,
  "data": "Server Error",
  "timeTaken": 287.40660000000025
}
Status code: 500
-------------------------------

[test number] should successfully handle input
Request:
{
  "gender": "MALE",
  "total_activity_duration": "NINE_TO_TWELVE_HOURS",
  "age": 25,
  "weight_today": 200,
  "height": 160,
  "category": "beginner"
}
Response:
{
  "success": false,
  "status": 500,
  "data": "Server Error",
  "timeTaken": 306.4385999999995
}
Status code: 500
-------------------------------

[test number] should successfully handle input
Request:
{
  "gender": "FEMALE",
  "total_activity_duration": "ZERO_TO_THREE_HOURS",
  "age": 100,
  "weight_today": 70,
  "height": 210,
  "category": "advanced"
}
Response:
{
  "success": false,
  "status": 500,
  "data": "Server Error",
  "timeTaken": 286.9480000000003
}
Status code: 500
-------------------------------

[test number] should successfully handle input
Request:
{
  "gender": "FEMALE",
  "total_activity_duration": "NINE_TO_TWELVE_HOURS",
  "age": 100,
  "weight_today": 30,
  "height": 160,
  "category": "beginner"
}
Response:
{
  "success": false,
  "status": 500,
  "data": "Server Error",
  "timeTaken": 270.08860000000004
}
Status code: 500
-------------------------------

[test number] should successfully handle input
Request:
{
  "gender": "FEMALE",
  "total_activity_duration": "SIX_TO_NINE_HOURS",
  "age": 50,
  "weight_today": 150,
  "height": 210,
  "category": "advanced"
}
Response:
{
  "success": false,
  "status": 500,
  "data": "Server Error",
  "timeTaken": 303.46569999999974
}
Status code: 500
-------------------------------

[test number] should successfully handle input
Request:
{
  "gender": "FEMALE",
  "total_activity_duration": "SIX_TO_NINE_HOURS",
  "age": 0,
  "weight_today": 150,
  "height": 160,
  "category": "advanced"
}
Response:
{
  "success": false,
  "status": 500,
  "data": "Server Error",
  "timeTaken": 277.2593999999999
}
Status code: 500
-------------------------------

[test number] should successfully handle input
Request:
{
  "gender": "MALE",
  "total_activity_duration": "SIX_TO_NINE_HOURS",
  "age": 100,
  "weight_today": 150,
  "height": 190,
  "category": "intermediate"
}
Response:
{
  "success": false,
  "status": 500,
  "data": "Server Error",
  "timeTaken": 299.33730000000014
}
Status code: 500
-------------------------------

[test number] should successfully handle input
Request:
{
  "gender": "FEMALE",
  "total_activity_duration": "ZERO_TO_THREE_HOURS",
  "age": 0,
  "weight_today": 70,
  "height": 140,
  "category": "beginner"
}
Response:
{
  "success": false,
  "status": 500,
  "data": "Server Error",
  "timeTaken": 300.71720000000005
}
Status code: 500
-------------------------------

[test number] should successfully handle input
Request:
{
  "gender": "MALE",
  "total_activity_duration": "ZERO_TO_THREE_HOURS",
  "age": 50,
  "weight_today": 70,
  "height": 140,
  "category": "beginner"
}
Response:
{
  "success": false,
  "status": 500,
  "data": "Server Error",
  "timeTaken": 308.03369999999995
}
Status code: 500
-------------------------------

[test number] should successfully handle input
Request:
{
  "gender": "MALE",
  "total_activity_duration": "SIX_TO_NINE_HOURS",
  "age": 50,
  "weight_today": 150,
  "height": 160,
  "category": "intermediate"
}
Response:
{
  "success": false,
  "status": 500,
  "data": "Server Error",
  "timeTaken": 298.5433000000003
}
Status code: 500
-------------------------------

[test number] should successfully handle input
Request:
{
  "gender": "FEMALE",
  "total_activity_duration": "NINE_TO_TWELVE_HOURS",
  "age": 25,
  "weight_today": 200,
  "height": 210,
  "category": "beginner"
}
Response:
{
  "success": false,
  "status": 500,
  "data": "Server Error",
  "timeTaken": 312.6745000000001
}
Status code: 500
-------------------------------

[test number] should successfully handle input
Request:
{
  "gender": "MALE",
  "total_activity_duration": "SIX_TO_NINE_HOURS",
  "age": 0,
  "weight_today": 113.9,
  "height": 210,
  "category": "intermediate"
}
Response:
{
  "success": false,
  "status": 500,
  "data": "Server Error",
  "timeTaken": 295.1116999999995
}
Status code: 500
-------------------------------

[test number] should successfully handle input
Request:
{
  "gender": "MALE",
  "total_activity_duration": "ZERO_TO_THREE_HOURS",
  "age": 0,
  "weight_today": 30,
  "height": 173,
  "category": "intermediate"
}
Response:
{
  "success": false,
  "status": 500,
  "data": "Server Error",
  "timeTaken": 285.47480000000087
}
Status code: 500
-------------------------------

[test number] should successfully handle input
Request:
{
  "gender": "MALE",
  "total_activity_duration": "NINE_TO_TWELVE_HOURS",
  "age": 75,
  "weight_today": 200,
  "height": 190,
  "category": "intermediate"
}
Response:
{
  "success": false,
  "status": 500,
  "data": "Server Error",
  "timeTaken": 769.1805000000004
}
Status code: 500
-------------------------------

[test number] should successfully handle input
Request:
{
  "gender": "MALE",
  "total_activity_duration": "THREE_TO_SIX_HOURS",
  "age": 25,
  "weight_today": 70,
  "height": 210,
  "category": "intermediate"
}
Response:
{
  "success": false,
  "status": 500,
  "data": "Server Error",
  "timeTaken": 279.9251999999997
}
Status code: 500
-------------------------------

[test number] should successfully handle input
Request:
{
  "gender": "FEMALE",
  "total_activity_duration": "SIX_TO_NINE_HOURS",
  "age": 100,
  "weight_today": 200,
  "height": 173,
  "category": "beginner"
}
Response:
{
  "success": false,
  "status": 500,
  "data": "Server Error",
  "timeTaken": 279.10270000000037
}
Status code: 500
-------------------------------

[test number] should successfully handle input
Request:
{
  "gender": "FEMALE",
  "total_activity_duration": "TWELVE_PLUS_HOURS",
  "age": 25,
  "weight_today": 30,
  "height": 210,
  "category": "beginner"
}
Response:
{
  "success": false,
  "status": 500,
  "data": "Server Error",
  "timeTaken": 289.53980000000047
}
Status code: 500
-------------------------------

[test number] should successfully handle input
Request:
{
  "gender": "FEMALE",
  "total_activity_duration": "TWELVE_PLUS_HOURS",
  "age": 75,
  "weight_today": 70,
  "height": 140,
  "category": "advanced"
}
Response:
{
  "success": false,
  "status": 500,
  "data": "Server Error",
  "timeTaken": 302.0105000000003
}
Status code: 500
-------------------------------

[test number] should successfully handle input
Request:
{
  "gender": "MALE",
  "total_activity_duration": "ZERO_TO_THREE_HOURS",
  "age": 100,
  "weight_today": 70,
  "height": 173,
  "category": "beginner"
}
Response:
{
  "success": false,
  "status": 500,
  "data": "Server Error",
  "timeTaken": 307.0001999999995
}
Status code: 500
-------------------------------

[test number] should successfully handle input
Request:
{
  "gender": "FEMALE",
  "total_activity_duration": "ZERO_TO_THREE_HOURS",
  "age": 50,
  "weight_today": 70,
  "height": 173,
  "category": "advanced"
}
Response:
{
  "success": false,
  "status": 500,
  "data": "Server Error",
  "timeTaken": 266.34680000000026
}
Status code: 500
-------------------------------

[test number] should successfully handle input
Request:
{
  "gender": "MALE",
  "total_activity_duration": "TWELVE_PLUS_HOURS",
  "age": 25,
  "weight_today": 30,
  "height": 140,
  "category": "intermediate"
}
Response:
{
  "success": false,
  "status": 500,
  "data": "Server Error",
  "timeTaken": 758.3936000000003
}
Status code: 500
-------------------------------

[test number] should successfully handle input
Request:
{
  "gender": "MALE",
  "total_activity_duration": "THREE_TO_SIX_HOURS",
  "age": 75,
  "weight_today": 113.9,
  "height": 160,
  "category": "advanced"
}
Response:
{
  "success": false,
  "status": 500,
  "data": "Server Error",
  "timeTaken": 289.95870000000014
}
Status code: 500
-------------------------------

[test number] should successfully handle input
Request:
{
  "gender": "FEMALE",
  "total_activity_duration": "THREE_TO_SIX_HOURS",
  "age": 75,
  "weight_today": 113.9,
  "height": 210,
  "category": "beginner"
}
Response:
{
  "success": false,
  "status": 500,
  "data": "Server Error",
  "timeTaken": 307.5042999999996
}
Status code: 500
-------------------------------

[test number] should successfully handle input
Request:
{
  "gender": "MALE",
  "total_activity_duration": "TWELVE_PLUS_HOURS",
  "age": 75,
  "weight_today": 30,
  "height": 190,
  "category": "intermediate"
}
Response:
{
  "success": false,
  "status": 500,
  "data": "Server Error",
  "timeTaken": 307.7412999999997
}
Status code: 500
-------------------------------

[test number] should successfully handle input
Request:
{
  "gender": "MALE",
  "total_activity_duration": "NINE_TO_TWELVE_HOURS",
  "age": 25,
  "weight_today": 200,
  "height": 160,
  "category": "intermediate"
}
Response:
{
  "success": false,
  "status": 500,
  "data": "Server Error",
  "timeTaken": 286.29479999999967
}
Status code: 500
-------------------------------

[test number] should successfully handle input
Request:
{
  "gender": "FEMALE",
  "total_activity_duration": "NINE_TO_TWELVE_HOURS",
  "age": 100,
  "weight_today": 30,
  "height": 160,
  "category": "intermediate"
}
Response:
{
  "success": false,
  "status": 500,
  "data": "Server Error",
  "timeTaken": 273.35149999999976
}
Status code: 500
-------------------------------

[test number] should successfully handle input
Request:
{
  "gender": "FEMALE",
  "total_activity_duration": "SIX_TO_NINE_HOURS",
  "age": 50,
  "weight_today": 200,
  "height": 140,
  "category": "beginner"
}
Response:
{
  "success": false,
  "status": 500,
  "data": "Server Error",
  "timeTaken": 274.72069999999985
}
Status code: 500
-------------------------------

[test number] should successfully handle input
Request:
{
  "gender": "MALE",
  "total_activity_duration": "SIX_TO_NINE_HOURS",
  "age": 100,
  "weight_today": 150,
  "height": 190,
  "category": "advanced"
}
Response:
{
  "success": false,
  "status": 500,
  "data": "Server Error",
  "timeTaken": 271.6842999999999
}
Status code: 500
-------------------------------

[test number] should successfully handle input
Request:
{
  "gender": "FEMALE",
  "total_activity_duration": "ZERO_TO_THREE_HOURS",
  "age": 0,
  "weight_today": 70,
  "height": 140,
  "category": "intermediate"
}
Response:
{
  "success": false,
  "status": 500,
  "data": "Server Error",
  "timeTaken": 288.34529999999995
}
Status code: 500
-------------------------------

[test number] should successfully handle input
Request:
{
  "gender": "MALE",
  "total_activity_duration": "ZERO_TO_THREE_HOURS",
  "age": 50,
  "weight_today": 70,
  "height": 140,
  "category": "intermediate"
}
Response:
{
  "success": false,
  "status": 500,
  "data": "Server Error",
  "timeTaken": 284.96250000000055
}
Status code: 500
-------------------------------

[test number] should successfully handle input
Request:
{
  "gender": "MALE",
  "total_activity_duration": "SIX_TO_NINE_HOURS",
  "age": 50,
  "weight_today": 150,
  "height": 160,
  "category": "advanced"
}
Response:
{
  "success": false,
  "status": 500,
  "data": "Server Error",
  "timeTaken": 286.8056999999999
}
Status code: 500
-------------------------------

[test number] should successfully handle input
Request:
{
  "gender": "FEMALE",
  "total_activity_duration": "ZERO_TO_THREE_HOURS",
  "age": 100,
  "weight_today": 113.9,
  "height": 140,
  "category": "beginner"
}
Response:
{
  "success": false,
  "status": 500,
  "data": "Server Error",
  "timeTaken": 379.8786
}
Status code: 500
-------------------------------

[test number] should successfully handle input
Request:
{
  "gender": "FEMALE",
  "total_activity_duration": "NINE_TO_TWELVE_HOURS",
  "age": 25,
  "weight_today": 200,
  "height": 210,
  "category": "intermediate"
}
Response:
{
  "success": false,
  "status": 500,
  "data": "Server Error",
  "timeTaken": 302.1282000000001
}
Status code: 500
-------------------------------

[test number] should successfully handle input
Request:
{
  "gender": "MALE",
  "total_activity_duration": "ZERO_TO_THREE_HOURS",
  "age": 0,
  "weight_today": 30,
  "height": 173,
  "category": "advanced"
}
Response:
{
  "success": false,
  "status": 500,
  "data": "Server Error",
  "timeTaken": 282.7563
}
Status code: 500
-------------------------------

[test number] should successfully handle input
Request:
{
  "gender": "MALE",
  "total_activity_duration": "SIX_TO_NINE_HOURS",
  "age": 0,
  "weight_today": 113.9,
  "height": 210,
  "category": "advanced"
}
Response:
{
  "success": false,
  "status": 500,
  "data": "Server Error",
  "timeTaken": 294.7025000000003
}
Status code: 500
-------------------------------

[test number] should successfully handle input
Request:
{
  "gender": "MALE",
  "total_activity_duration": "NINE_TO_TWELVE_HOURS",
  "age": 75,
  "weight_today": 200,
  "height": 190,
  "category": "advanced"
}
Response:
{
  "success": false,
  "status": 500,
  "data": "Server Error",
  "timeTaken": 272.91309999999976
}
Status code: 500
-------------------------------

[test number] should successfully handle input
Request:
{
  "gender": "MALE",
  "total_activity_duration": "THREE_TO_SIX_HOURS",
  "age": 25,
  "weight_today": 70,
  "height": 210,
  "category": "advanced"
}
Response:
{
  "success": false,
  "status": 500,
  "data": "Server Error",
  "timeTaken": 276.89050000000043
}
Status code: 500
-------------------------------

[test number] should successfully handle input
Request:
{
  "gender": "FEMALE",
  "total_activity_duration": "SIX_TO_NINE_HOURS",
  "age": 100,
  "weight_today": 200,
  "height": 173,
  "category": "intermediate"
}
Response:
{
  "success": false,
  "status": 500,
  "data": "Server Error",
  "timeTaken": 272.1699000000008
}
Status code: 500
-------------------------------

[test number] should successfully handle input
Request:
{
  "gender": "FEMALE",
  "total_activity_duration": "TWELVE_PLUS_HOURS",
  "age": 75,
  "weight_today": 70,
  "height": 160,
  "category": "beginner"
}
Response:
{
  "success": false,
  "status": 500,
  "data": "Server Error",
  "timeTaken": 283.46170000000075
}
Status code: 500
-------------------------------

[test number] should successfully handle input
Request:
{
  "gender": "MALE",
  "total_activity_duration": "ZERO_TO_THREE_HOURS",
  "age": 100,
  "weight_today": 70,
  "height": 173,
  "category": "intermediate"
}
Response:
{
  "success": false,
  "status": 500,
  "data": "Server Error",
  "timeTaken": 291.9212000000007
}
Status code: 500
-------------------------------

[test number] should successfully handle input
Request:
{
  "gender": "FEMALE",
  "total_activity_duration": "THREE_TO_SIX_HOURS",
  "age": 75,
  "weight_today": 113.9,
  "height": 210,
  "category": "intermediate"
}
Response:
{
  "success": false,
  "status": 500,
  "data": "Server Error",
  "timeTaken": 279.95719999999983
}
Status code: 500
-------------------------------

[test number] should successfully handle input
Request:
{
  "gender": "FEMALE",
  "total_activity_duration": "TWELVE_PLUS_HOURS",
  "age": 25,
  "weight_today": 30,
  "height": 210,
  "category": "intermediate"
}
Response:
{
  "success": false,
  "status": 500,
  "data": "Server Error",
  "timeTaken": 308.3065000000006
}
Status code: 500
-------------------------------

[test number] should successfully handle input
Request:
{
  "gender": "MALE",
  "total_activity_duration": "TWELVE_PLUS_HOURS",
  "age": 25,
  "weight_today": 30,
  "height": 140,
  "category": "advanced"
}
Response:
{
  "success": false,
  "status": 500,
  "data": "Server Error",
  "timeTaken": 283.1291000000001
}
Status code: 500
-------------------------------

[test number] should successfully handle input
Request:
{
  "gender": "FEMALE",
  "total_activity_duration": "ZERO_TO_THREE_HOURS",
  "age": 50,
  "weight_today": 70,
  "height": 190,
  "category": "beginner"
}
Response:
{
  "success": false,
  "status": 500,
  "data": "Server Error",
  "timeTaken": 291.5567000000001
}
Status code: 500
-------------------------------

[test number] should successfully handle input
Request:
{
  "gender": "FEMALE",
  "total_activity_duration": "THREE_TO_SIX_HOURS",
  "age": 25,
  "weight_today": 113.9,
  "height": 173,
  "category": "advanced"
}
Response:
{
  "success": false,
  "status": 500,
  "data": "Server Error",
  "timeTaken": 743.8584000000001
}
Status code: 500
-------------------------------

[test number] should successfully handle input
Request:
{
  "gender": "MALE",
  "total_activity_duration": "THREE_TO_SIX_HOURS",
  "age": 75,
  "weight_today": 113.9,
  "height": 173,
  "category": "beginner"
}
Response:
{
  "success": false,
  "status": 500,
  "data": "Server Error",
  "timeTaken": 313.5502999999999
}
Status code: 500
-------------------------------

[test number] should successfully handle input
Request:
{
  "gender": "MALE",
  "total_activity_duration": "TWELVE_PLUS_HOURS",
  "age": 75,
  "weight_today": 30,
  "height": 190,
  "category": "advanced"
}
Response:
{
  "success": false,
  "status": 500,
  "data": "Server Error",
  "timeTaken": 290.4386000000004
}
Status code: 500
-------------------------------

[test number] should successfully handle input
Request:
{
  "gender": "MALE",
  "total_activity_duration": "NINE_TO_TWELVE_HOURS",
  "age": 25,
  "weight_today": 200,
  "height": 160,
  "category": "advanced"
}
Response:
{
  "success": false,
  "status": 500,
  "data": "Server Error",
  "timeTaken": 302.1295
}
Status code: 500
-------------------------------

[test number] should successfully handle input
Request:
{
  "gender": "FEMALE",
  "total_activity_duration": "NINE_TO_TWELVE_HOURS",
  "age": 100,
  "weight_today": 30,
  "height": 160,
  "category": "advanced"
}
Response:
{
  "success": false,
  "status": 500,
  "data": "Server Error",
  "timeTaken": 282.27810000000045
}
Status code: 500
-------------------------------

[test number] should successfully handle input
Request:
{
  "gender": "FEMALE",
  "total_activity_duration": "SIX_TO_NINE_HOURS",
  "age": 50,
  "weight_today": 200,
  "height": 140,
  "category": "intermediate"
}
Response:
{
  "success": false,
  "status": 500,
  "data": "Server Error",
  "timeTaken": 275.3068999999996
}
Status code: 500
-------------------------------

[test number] should successfully handle input
Request:
{
  "gender": "MALE",
  "total_activity_duration": "SIX_TO_NINE_HOURS",
  "age": 100,
  "weight_today": 150,
  "height": 210,
  "category": "beginner"
}
Response:
{
  "success": false,
  "status": 500,
  "data": "Server Error",
  "timeTaken": 291.59089999999924
}
Status code: 500
-------------------------------

[test number] should successfully handle input
Request:
{
  "gender": "FEMALE",
  "total_activity_duration": "ZERO_TO_THREE_HOURS",
  "age": 0,
  "weight_today": 70,
  "height": 140,
  "category": "advanced"
}
Response:
{
  "success": false,
  "status": 500,
  "data": "Server Error",
  "timeTaken": 274.1356000000005
}
Status code: 500
-------------------------------

[test number] should successfully handle input
Request:
{
  "gender": "MALE",
  "total_activity_duration": "ZERO_TO_THREE_HOURS",
  "age": 50,
  "weight_today": 70,
  "height": 140,
  "category": "advanced"
}
Response:
{
  "success": false,
  "status": 500,
  "data": "Server Error",
  "timeTaken": 285.1287000000002
}
Status code: 500
-------------------------------

[test number] should successfully handle input
Request:
{
  "gender": "FEMALE",
  "total_activity_duration": "ZERO_TO_THREE_HOURS",
  "age": 100,
  "weight_today": 113.9,
  "height": 140,
  "category": "intermediate"
}
Response:
{
  "success": false,
  "status": 500,
  "data": "Server Error",
  "timeTaken": 288.2604999999994
}
Status code: 500
-------------------------------

[test number] should successfully handle input
Request:
{
  "gender": "MALE",
  "total_activity_duration": "SIX_TO_NINE_HOURS",
  "age": 50,
  "weight_today": 150,
  "height": 173,
  "category": "beginner"
}
Response:
{
  "success": false,
  "status": 500,
  "data": "Server Error",
  "timeTaken": 293.1325999999999
}
Status code: 500
-------------------------------

[test number] should successfully handle input
Request:
{
  "gender": "FEMALE",
  "total_activity_duration": "NINE_TO_TWELVE_HOURS",
  "age": 25,
  "weight_today": 200,
  "height": 210,
  "category": "advanced"
}
Response:
{
  "success": false,
  "status": 500,
  "data": "Server Error",
  "timeTaken": 289.3939999999993
}
Status code: 500
-------------------------------

[test number] should successfully handle input
Request:
{
  "gender": "MALE",
  "total_activity_duration": "SIX_TO_NINE_HOURS",
  "age": 0,
  "weight_today": 150,
  "height": 140,
  "category": "beginner"
}
Response:
{
  "success": false,
  "status": 500,
  "data": "Server Error",
  "timeTaken": 283.6261999999997
}
Status code: 500
-------------------------------

[test number] should successfully handle input
Request:
{
  "gender": "MALE",
  "total_activity_duration": "NINE_TO_TWELVE_HOURS",
  "age": 75,
  "weight_today": 200,
  "height": 210,
  "category": "beginner"
}
Response:
{
  "success": false,
  "status": 500,
  "data": "Server Error",
  "timeTaken": 279.0122000000001
}
Status code: 500
-------------------------------

[test number] should successfully handle input
Request:
{
  "gender": "MALE",
  "total_activity_duration": "ZERO_TO_THREE_HOURS",
  "age": 0,
  "weight_today": 30,
  "height": 190,
  "category": "beginner"
}
Response:
{
  "success": false,
  "status": 500,
  "data": "Server Error",
  "timeTaken": 290.5138999999999
}
Status code: 500
-------------------------------

[test number] should successfully handle input
Request:
{
  "gender": "MALE",
  "total_activity_duration": "THREE_TO_SIX_HOURS",
  "age": 25,
  "weight_today": 113.9,
  "height": 140,
  "category": "beginner"
}
Response:
{
  "success": false,
  "status": 500,
  "data": "Server Error",
  "timeTaken": 284.3249999999998
}
Status code: 500
-------------------------------

[test number] should successfully handle input
Request:
{
  "gender": "FEMALE",
  "total_activity_duration": "SIX_TO_NINE_HOURS",
  "age": 100,
  "weight_today": 200,
  "height": 173,
  "category": "advanced"
}
Response:
{
  "success": false,
  "status": 500,
  "data": "Server Error",
  "timeTaken": 271.09900000000016
}
Status code: 500
-------------------------------

[test number] should successfully handle input
Request:
{
  "gender": "FEMALE",
  "total_activity_duration": "SIX_TO_NINE_HOURS",
  "age": 0,
  "weight_today": 150,
  "height": 173,
  "category": "beginner"
}
Response:
{
  "success": false,
  "status": 500,
  "data": "Server Error",
  "timeTaken": 745.7487999999994
}
Status code: 500
-------------------------------

[test number] should successfully handle input
Request:
{
  "gender": "FEMALE",
  "total_activity_duration": "TWELVE_PLUS_HOURS",
  "age": 75,
  "weight_today": 70,
  "height": 160,
  "category": "intermediate"
}
Response:
{
  "success": false,
  "status": 500,
  "data": "Server Error",
  "timeTaken": 293.2568000000001
}
Status code: 500
-------------------------------

[test number] should successfully handle input
Request:
{
  "gender": "MALE",
  "total_activity_duration": "ZERO_TO_THREE_HOURS",
  "age": 100,
  "weight_today": 70,
  "height": 173,
  "category": "advanced"
}
Response:
{
  "success": false,
  "status": 500,
  "data": "Server Error",
  "timeTaken": 285.27310000000034
}
Status code: 500
-------------------------------

[test number] should successfully handle input
Request:
{
  "gender": "FEMALE",
  "total_activity_duration": "TWELVE_PLUS_HOURS",
  "age": 25,
  "weight_today": 30,
  "height": 210,
  "category": "advanced"
}
Response:
{
  "success": false,
  "status": 500,
  "data": "Server Error",
  "timeTaken": 287.8681999999999
}
Status code: 500
-------------------------------

[test number] should successfully handle input
Request:
{
  "gender": "FEMALE",
  "total_activity_duration": "ZERO_TO_THREE_HOURS",
  "age": 50,
  "weight_today": 70,
  "height": 190,
  "category": "intermediate"
}
Response:
{
  "success": false,
  "status": 500,
  "data": "Server Error",
  "timeTaken": 289.6192000000001
}
Status code: 500
-------------------------------

[test number] should successfully handle input
Request:
{
  "gender": "MALE",
  "total_activity_duration": "TWELVE_PLUS_HOURS",
  "age": 25,
  "weight_today": 30,
  "height": 160,
  "category": "beginner"
}
Response:
{
  "success": false,
  "status": 500,
  "data": "Server Error",
  "timeTaken": 309.10269999999946
}
Status code: 500
-------------------------------

[test number] should successfully handle input
Request:
{
  "gender": "FEMALE",
  "total_activity_duration": "THREE_TO_SIX_HOURS",
  "age": 25,
  "weight_today": 113.9,
  "height": 190,
  "category": "beginner"
}
Response:
{
  "success": false,
  "status": 500,
  "data": "Server Error",
  "timeTaken": 301.60109999999986
}
Status code: 500
-------------------------------

[test number] should successfully handle input
Request:
{
  "gender": "FEMALE",
  "total_activity_duration": "THREE_TO_SIX_HOURS",
  "age": 75,
  "weight_today": 113.9,
  "height": 210,
  "category": "advanced"
}
Response:
{
  "success": false,
  "status": 500,
  "data": "Server Error",
  "timeTaken": 310.3204999999998
}
Status code: 500
-------------------------------

[test number] should successfully handle input
Request:
{
  "gender": "MALE",
  "total_activity_duration": "TWELVE_PLUS_HOURS",
  "age": 75,
  "weight_today": 30,
  "height": 210,
  "category": "beginner"
}
Response:
{
  "success": false,
  "status": 500,
  "data": "Server Error",
  "timeTaken": 284.22820000000047
}
Status code: 500
-------------------------------

[test number] should successfully handle input
Request:
{
  "gender": "FEMALE",
  "total_activity_duration": "SIX_TO_NINE_HOURS",
  "age": 50,
  "weight_today": 200,
  "height": 140,
  "category": "advanced"
}
Response:
{
  "success": false,
  "status": 500,
  "data": "Server Error",
  "timeTaken": 285.39639999999963
}
Status code: 500
-------------------------------

[test number] should successfully handle input
Request:
{
  "gender": "MALE",
  "total_activity_duration": "THREE_TO_SIX_HOURS",
  "age": 75,
  "weight_today": 113.9,
  "height": 173,
  "category": "intermediate"
}
Response:
{
  "success": false,
  "status": 500,
  "data": "Server Error",
  "timeTaken": 311.8886999999995
}
Status code: 500
-------------------------------

[test number] should successfully handle input
Request:
{
  "gender": "MALE",
  "total_activity_duration": "NINE_TO_TWELVE_HOURS",
  "age": 25,
  "weight_today": 200,
  "height": 173,
  "category": "beginner"
}
Response:
{
  "success": false,
  "status": 500,
  "data": "Server Error",
  "timeTaken": 304.3130000000001
}
Status code: 500
-------------------------------

[test number] should successfully handle input
Request:
{
  "gender": "FEMALE",
  "total_activity_duration": "NINE_TO_TWELVE_HOURS",
  "age": 100,
  "weight_today": 30,
  "height": 173,
  "category": "beginner"
}
Response:
{
  "success": false,
  "status": 500,
  "data": "Server Error",
  "timeTaken": 321.08359999999993
}
Status code: 500
-------------------------------

[test number] should successfully handle input
Request:
{
  "gender": "FEMALE",
  "total_activity_duration": "ZERO_TO_THREE_HOURS",
  "age": 0,
  "weight_today": 70,
  "height": 160,
  "category": "beginner"
}
Response:
{
  "success": false,
  "status": 500,
  "data": "Server Error",
  "timeTaken": 277.04429999999957
}
Status code: 500
-------------------------------

[test number] should successfully handle input
Request:
{
  "gender": "MALE",
  "total_activity_duration": "SIX_TO_NINE_HOURS",
  "age": 100,
  "weight_today": 150,
  "height": 210,
  "category": "intermediate"
}
Response:
{
  "success": false,
  "status": 500,
  "data": "Server Error",
  "timeTaken": 315.95929999999953
}
Status code: 500
-------------------------------

[test number] should successfully handle input
Request:
{
  "gender": "MALE",
  "total_activity_duration": "ZERO_TO_THREE_HOURS",
  "age": 50,
  "weight_today": 70,
  "height": 160,
  "category": "beginner"
}
Response:
{
  "success": false,
  "status": 500,
  "data": "Server Error",
  "timeTaken": 285.0600000000004
}
Status code: 500
-------------------------------

[test number] should successfully handle input
Request:
{
  "gender": "MALE",
  "total_activity_duration": "SIX_TO_NINE_HOURS",
  "age": 0,
  "weight_today": 150,
  "height": 140,
  "category": "intermediate"
}
Response:
{
  "success": false,
  "status": 500,
  "data": "Server Error",
  "timeTaken": 277.6977999999999
}
Status code: 500
-------------------------------

[test number] should successfully handle input
Request:
{
  "gender": "MALE",
  "total_activity_duration": "SIX_TO_NINE_HOURS",
  "age": 50,
  "weight_today": 150,
  "height": 173,
  "category": "intermediate"
}
Response:
{
  "success": false,
  "status": 500,
  "data": "Server Error",
  "timeTaken": 302.34140000000025
}
Status code: 500
-------------------------------

[test number] should successfully handle input
Request:
{
  "gender": "FEMALE",
  "total_activity_duration": "ZERO_TO_THREE_HOURS",
  "age": 100,
  "weight_today": 113.9,
  "height": 140,
  "category": "advanced"
}
Response:
{
  "success": false,
  "status": 500,
  "data": "Server Error",
  "timeTaken": 307.4312
}
Status code: 500
-------------------------------

[test number] should successfully handle input
Request:
{
  "gender": "FEMALE",
  "total_activity_duration": "NINE_TO_TWELVE_HOURS",
  "age": 50,
  "weight_today": 30,
  "height": 140,
  "category": "beginner"
}
Response:
{
  "success": false,
  "status": 500,
  "data": "Server Error",
  "timeTaken": 326.4524999999994
}
Status code: 500
-------------------------------

[test number] should successfully handle input
Request:
{
  "gender": "MALE",
  "total_activity_duration": "NINE_TO_TWELVE_HOURS",
  "age": 75,
  "weight_today": 200,
  "height": 210,
  "category": "intermediate"
}
Response:
{
  "success": false,
  "status": 500,
  "data": "Server Error",
  "timeTaken": 317.47249999999985
}
Status code: 500
-------------------------------

[test number] should successfully handle input
Request:
{
  "gender": "MALE",
  "total_activity_duration": "THREE_TO_SIX_HOURS",
  "age": 25,
  "weight_today": 113.9,
  "height": 140,
  "category": "intermediate"
}
Response:
{
  "success": false,
  "status": 500,
  "data": "Server Error",
  "timeTaken": 293.8204999999998
}
Status code: 500
-------------------------------

[test number] should successfully handle input
Request:
{
  "gender": "FEMALE",
  "total_activity_duration": "SIX_TO_NINE_HOURS",
  "age": 100,
  "weight_today": 200,
  "height": 190,
  "category": "beginner"
}
Response:
{
  "success": false,
  "status": 500,
  "data": "Server Error",
  "timeTaken": 294.5590000000002
}
Status code: 500
-------------------------------

[test number] should successfully handle input
Request:
{
  "gender": "MALE",
  "total_activity_duration": "ZERO_TO_THREE_HOURS",
  "age": 0,
  "weight_today": 30,
  "height": 190,
  "category": "intermediate"
}
Response:
{
  "success": false,
  "status": 500,
  "data": "Server Error",
  "timeTaken": 348.59749999999985
}
Status code: 500
-------------------------------

[test number] should successfully handle input
Request:
{
  "gender": "FEMALE",
  "total_activity_duration": "SIX_TO_NINE_HOURS",
  "age": 0,
  "weight_today": 150,
  "height": 173,
  "category": "intermediate"
}
Response:
{
  "success": false,
  "status": 500,
  "data": "Server Error",
  "timeTaken": 279.71700000000055
}
Status code: 500
-------------------------------

[test number] should successfully handle input
Request:
{
  "gender": "FEMALE",
  "total_activity_duration": "TWELVE_PLUS_HOURS",
  "age": 75,
  "weight_today": 70,
  "height": 160,
  "category": "advanced"
}
Response:
{
  "success": false,
  "status": 500,
  "data": "Server Error",
  "timeTaken": 284.6975999999995
}
Status code: 500
-------------------------------

[test number] should successfully handle input
Request:
{
  "gender": "FEMALE",
  "total_activity_duration": "TWELVE_PLUS_HOURS",
  "age": 25,
  "weight_today": 70,
  "height": 140,
  "category": "beginner"
}
Response:
{
  "success": false,
  "status": 500,
  "data": "Server Error",
  "timeTaken": 290.71810000000005
}
Status code: 500
-------------------------------

[test number] should successfully handle input
Request:
{
  "gender": "MALE",
  "total_activity_duration": "TWELVE_PLUS_HOURS",
  "age": 75,
  "weight_today": 30,
  "height": 210,
  "category": "intermediate"
}
Response:
{
  "success": false,
  "status": 500,
  "data": "Server Error",
  "timeTaken": 301.79299999999967
}
Status code: 500
-------------------------------

[test number] should successfully handle input
Request:
{
  "gender": "FEMALE",
  "total_activity_duration": "ZERO_TO_THREE_HOURS",
  "age": 50,
  "weight_today": 70,
  "height": 190,
  "category": "advanced"
}
Response:
{
  "success": false,
  "status": 500,
  "data": "Server Error",
  "timeTaken": 292.83730000000014
}
Status code: 500
-------------------------------

[test number] should successfully handle input
Request:
{
  "gender": "MALE",
  "total_activity_duration": "TWELVE_PLUS_HOURS",
  "age": 25,
  "weight_today": 30,
  "height": 160,
  "category": "intermediate"
}
Response:
{
  "success": false,
  "status": 500,
  "data": "Server Error",
  "timeTaken": 289.34550000000036
}
Status code: 500
-------------------------------

[test number] should successfully handle input
Request:
{
  "gender": "FEMALE",
  "total_activity_duration": "THREE_TO_SIX_HOURS",
  "age": 25,
  "weight_today": 113.9,
  "height": 190,
  "category": "intermediate"
}
Response:
{
  "success": false,
  "status": 500,
  "data": "Server Error",
  "timeTaken": 283.5625
}
Status code: 500
-------------------------------

[test number] should successfully handle input
Request:
{
  "gender": "FEMALE",
  "total_activity_duration": "THREE_TO_SIX_HOURS",
  "age": 75,
  "weight_today": 150,
  "height": 140,
  "category": "beginner"
}
Response:
{
  "success": false,
  "status": 500,
  "data": "Server Error",
  "timeTaken": 289.0110000000004
}
Status code: 500
-------------------------------

[test number] should successfully handle input
Request:
{
  "gender": "MALE",
  "total_activity_duration": "ZERO_TO_THREE_HOURS",
  "age": 100,
  "weight_today": 70,
  "height": 190,
  "category": "beginner"
}
Response:
{
  "success": false,
  "status": 500,
  "data": "Server Error",
  "timeTaken": 320.3044
}
Status code: 500
-------------------------------

[test number] should successfully handle input
Request:
{
  "gender": "FEMALE",
  "total_activity_duration": "SIX_TO_NINE_HOURS",
  "age": 50,
  "weight_today": 200,
  "height": 160,
  "category": "beginner"
}
Response:
{
  "success": false,
  "status": 500,
  "data": "Server Error",
  "timeTaken": 296.21389999999974
}
Status code: 500
-------------------------------

[test number] should successfully handle input
Request:
{
  "gender": "MALE",
  "total_activity_duration": "NINE_TO_TWELVE_HOURS",
  "age": 25,
  "weight_today": 200,
  "height": 173,
  "category": "intermediate"
}
Response:
{
  "success": false,
  "status": 500,
  "data": "Server Error",
  "timeTaken": 317.4907000000003
}
Status code: 500
-------------------------------

[test number] should successfully handle input
Request:
{
  "gender": "FEMALE",
  "total_activity_duration": "NINE_TO_TWELVE_HOURS",
  "age": 100,
  "weight_today": 30,
  "height": 173,
  "category": "intermediate"
}
Response:
{
  "success": false,
  "status": 500,
  "data": "Server Error",
  "timeTaken": 303.2518
}
Status code: 500
-------------------------------

[test number] should successfully handle input
Request:
{
  "gender": "MALE",
  "total_activity_duration": "THREE_TO_SIX_HOURS",
  "age": 75,
  "weight_today": 113.9,
  "height": 173,
  "category": "advanced"
}
Response:
{
  "success": false,
  "status": 500,
  "data": "Server Error",
  "timeTaken": 334.53269999999975
}
Status code: 500
-------------------------------

[test number] should successfully handle input
Request:
{
  "gender": "FEMALE",
  "total_activity_duration": "ZERO_TO_THREE_HOURS",
  "age": 0,
  "weight_today": 70,
  "height": 160,
  "category": "intermediate"
}
Response:
{
  "success": false,
  "status": 500,
  "data": "Server Error",
  "timeTaken": 308.4888000000001
}
Status code: 500
-------------------------------

[test number] should successfully handle input
Request:
{
  "gender": "MALE",
  "total_activity_duration": "ZERO_TO_THREE_HOURS",
  "age": 50,
  "weight_today": 70,
  "height": 160,
  "category": "intermediate"
}
Response:
{
  "success": false,
  "status": 500,
  "data": "Server Error",
  "timeTaken": 279.1403
}
Status code: 500
-------------------------------

[test number] should successfully handle input
Request:
{
  "gender": "MALE",
  "total_activity_duration": "SIX_TO_NINE_HOURS",
  "age": 100,
  "weight_today": 150,
  "height": 210,
  "category": "advanced"
}
Response:
{
  "success": false,
  "status": 500,
  "data": "Server Error",
  "timeTaken": 288.9967000000006
}
Status code: 500
-------------------------------

[test number] should successfully handle input
Request:
{
  "gender": "MALE",
  "total_activity_duration": "SIX_TO_NINE_HOURS",
  "age": 0,
  "weight_today": 150,
  "height": 140,
  "category": "advanced"
}
Response:
{
  "success": false,
  "status": 500,
  "data": "Server Error",
  "timeTaken": 280.41229999999996
}
Status code: 500
-------------------------------

[test number] should successfully handle input
Request:
{
  "gender": "MALE",
  "total_activity_duration": "SIX_TO_NINE_HOURS",
  "age": 50,
  "weight_today": 150,
  "height": 173,
  "category": "advanced"
}
Response:
{
  "success": false,
  "status": 500,
  "data": "Server Error",
  "timeTaken": 275.5712999999996
}
Status code: 500
-------------------------------

[test number] should successfully handle input
Request:
{
  "gender": "FEMALE",
  "total_activity_duration": "ZERO_TO_THREE_HOURS",
  "age": 100,
  "weight_today": 113.9,
  "height": 160,
  "category": "beginner"
}
Response:
{
  "success": false,
  "status": 500,
  "data": "Server Error",
  "timeTaken": 286.9242999999997
}
Status code: 500
-------------------------------

[test number] should successfully handle input
Request:
{
  "gender": "FEMALE",
  "total_activity_duration": "NINE_TO_TWELVE_HOURS",
  "age": 50,
  "weight_today": 30,
  "height": 140,
  "category": "intermediate"
}
Response:
{
  "success": false,
  "status": 500,
  "data": "Server Error",
  "timeTaken": 279.71289999999954
}
Status code: 500
-------------------------------

[test number] should successfully handle input
Request:
{
  "gender": "FEMALE",
  "total_activity_duration": "SIX_TO_NINE_HOURS",
  "age": 100,
  "weight_today": 200,
  "height": 190,
  "category": "intermediate"
}
Response:
{
  "success": false,
  "status": 500,
  "data": "Server Error",
  "timeTaken": 282.21929999999975
}
Status code: 500
-------------------------------

[test number] should successfully handle input
Request:
{
  "gender": "MALE",
  "total_activity_duration": "THREE_TO_SIX_HOURS",
  "age": 25,
  "weight_today": 113.9,
  "height": 140,
  "category": "advanced"
}
Response:
{
  "success": false,
  "status": 500,
  "data": "Server Error",
  "timeTaken": 283.47839999999997
}
Status code: 500
-------------------------------

[test number] should successfully handle input
Request:
{
  "gender": "MALE",
  "total_activity_duration": "NINE_TO_TWELVE_HOURS",
  "age": 75,
  "weight_today": 200,
  "height": 210,
  "category": "advanced"
}
Response:
{
  "success": false,
  "status": 500,
  "data": "Server Error",
  "timeTaken": 311.1072000000004
}
Status code: 500
-------------------------------

[test number] should successfully handle input
Request:
{
  "gender": "MALE",
  "total_activity_duration": "ZERO_TO_THREE_HOURS",
  "age": 0,
  "weight_today": 30,
  "height": 190,
  "category": "advanced"
}
Response:
{
  "success": false,
  "status": 500,
  "data": "Server Error",
  "timeTaken": 279.7366000000002
}
Status code: 500
-------------------------------

[test number] should successfully handle input
Request:
{
  "gender": "FEMALE",
  "total_activity_duration": "SIX_TO_NINE_HOURS",
  "age": 0,
  "weight_today": 150,
  "height": 173,
  "category": "advanced"
}
Response:
{
  "success": false,
  "status": 500,
  "data": "Server Error",
  "timeTaken": 284.7376000000004
}
Status code: 500
-------------------------------

[test number] should successfully handle input
Request:
{
  "gender": "FEMALE",
  "total_activity_duration": "TWELVE_PLUS_HOURS",
  "age": 75,
  "weight_today": 70,
  "height": 173,
  "category": "beginner"
}
Response:
{
  "success": false,
  "status": 500,
  "data": "Server Error",
  "timeTaken": 289.72019999999975
}
Status code: 500
-------------------------------

[test number] should successfully handle input
Request:
{
  "gender": "FEMALE",
  "total_activity_duration": "THREE_TO_SIX_HOURS",
  "age": 75,
  "weight_today": 150,
  "height": 140,
  "category": "intermediate"
}
Response:
{
  "success": false,
  "status": 500,
  "data": "Server Error",
  "timeTaken": 286.22209999999995
}
Status code: 500
-------------------------------

[test number] should successfully handle input
Request:
{
  "gender": "FEMALE",
  "total_activity_duration": "ZERO_TO_THREE_HOURS",
  "age": 50,
  "weight_today": 70,
  "height": 210,
  "category": "beginner"
}
Response:
{
  "success": false,
  "status": 500,
  "data": "Server Error",
  "timeTaken": 287.60589999999956
}
Status code: 500
-------------------------------

[test number] should successfully handle input
Request:
{
  "gender": "MALE",
  "total_activity_duration": "TWELVE_PLUS_HOURS",
  "age": 25,
  "weight_today": 30,
  "height": 160,
  "category": "advanced"
}
Response:
{
  "success": false,
  "status": 500,
  "data": "Server Error",
  "timeTaken": 290.4493000000002
}
Status code: 500
-------------------------------

[test number] should successfully handle input
Request:
{
  "gender": "MALE",
  "total_activity_duration": "ZERO_TO_THREE_HOURS",
  "age": 100,
  "weight_today": 70,
  "height": 190,
  "category": "intermediate"
}
Response:
{
  "success": false,
  "status": 500,
  "data": "Server Error",
  "timeTaken": 294.3121999999994
}
Status code: 500
-------------------------------

[test number] should successfully handle input
Request:
{
  "gender": "FEMALE",
  "total_activity_duration": "THREE_TO_SIX_HOURS",
  "age": 25,
  "weight_today": 113.9,
  "height": 190,
  "category": "advanced"
}
Response:
{
  "success": false,
  "status": 500,
  "data": "Server Error",
  "timeTaken": 298.8768999999993
}
Status code: 500
-------------------------------

[test number] should successfully handle input
Request:
{
  "gender": "FEMALE",
  "total_activity_duration": "SIX_TO_NINE_HOURS",
  "age": 50,
  "weight_today": 200,
  "height": 160,
  "category": "intermediate"
}
Response:
{
  "success": false,
  "status": 500,
  "data": "Server Error",
  "timeTaken": 296.10549999999967
}
Status code: 500
-------------------------------

[test number] should successfully handle input
Request:
{
  "gender": "MALE",
  "total_activity_duration": "NINE_TO_TWELVE_HOURS",
  "age": 25,
  "weight_today": 200,
  "height": 173,
  "category": "advanced"
}
Response:
{
  "success": false,
  "status": 500,
  "data": "Server Error",
  "timeTaken": 280.03020000000015
}
Status code: 500
-------------------------------

[test number] should successfully handle input
Request:
{
  "gender": "FEMALE",
  "total_activity_duration": "NINE_TO_TWELVE_HOURS",
  "age": 100,
  "weight_today": 30,
  "height": 173,
  "category": "advanced"
}
Response:
{
  "success": false,
  "status": 500,
  "data": "Server Error",
  "timeTaken": 287.7632000000003
}
Status code: 500
-------------------------------

[test number] should successfully handle input
Request:
{
  "gender": "MALE",
  "total_activity_duration": "THREE_TO_SIX_HOURS",
  "age": 75,
  "weight_today": 113.9,
  "height": 190,
  "category": "beginner"
}
Response:
{
  "success": false,
  "status": 500,
  "data": "Server Error",
  "timeTaken": 293.4792000000007
}
Status code: 500
-------------------------------

[test number] should successfully handle input
Request:
{
  "gender": "MALE",
  "total_activity_duration": "TWELVE_PLUS_HOURS",
  "age": 75,
  "weight_today": 30,
  "height": 210,
  "category": "advanced"
}
Response:
{
  "success": false,
  "status": 500,
  "data": "Server Error",
  "timeTaken": 347.63970000000063
}
Status code: 500
-------------------------------

[test number] should successfully handle input
Request:
{
  "gender": "FEMALE",
  "total_activity_duration": "TWELVE_PLUS_HOURS",
  "age": 25,
  "weight_today": 70,
  "height": 140,
  "category": "intermediate"
}
Response:
{
  "success": false,
  "status": 500,
  "data": "Server Error",
  "timeTaken": 369.84760000000006
}
Status code: 500
-------------------------------

[test number] should successfully handle input
Request:
{
  "gender": "MALE",
  "total_activity_duration": "ZERO_TO_THREE_HOURS",
  "age": 50,
  "weight_today": 70,
  "height": 160,
  "category": "advanced"
}
Response:
{
  "success": false,
  "status": 500,
  "data": "Server Error",
  "timeTaken": 374.97639999999956
}
Status code: 500
-------------------------------

[test number] should successfully handle input
Request:
{
  "gender": "FEMALE",
  "total_activity_duration": "ZERO_TO_THREE_HOURS",
  "age": 0,
  "weight_today": 70,
  "height": 160,
  "category": "advanced"
}
Response:
{
  "success": false,
  "status": 500,
  "data": "Server Error",
  "timeTaken": 392.09220000000005
}
Status code: 500
-------------------------------

[test number] should successfully handle input
Request:
{
  "gender": "MALE",
  "total_activity_duration": "SIX_TO_NINE_HOURS",
  "age": 0,
  "weight_today": 150,
  "height": 160,
  "category": "beginner"
}
Response:
{
  "success": false,
  "status": 500,
  "data": "Server Error",
  "timeTaken": 366.52099999999973
}
Status code: 500
-------------------------------

[test number] should successfully handle input
Request:
{
  "gender": "MALE",
  "total_activity_duration": "SIX_TO_NINE_HOURS",
  "age": 100,
  "weight_today": 200,
  "height": 140,
  "category": "beginner"
}
Response:
{
  "success": false,
  "status": 500,
  "data": "Server Error",
  "timeTaken": 387.4506000000001
}
Status code: 500
-------------------------------

[test number] should successfully handle input
Request:
{
  "gender": "FEMALE",
  "total_activity_duration": "NINE_TO_TWELVE_HOURS",
  "age": 50,
  "weight_today": 30,
  "height": 140,
  "category": "advanced"
}
Response:
{
  "success": false,
  "status": 500,
  "data": "Server Error",
  "timeTaken": 348.8695000000007
}
Status code: 500
-------------------------------

[test number] should successfully handle input
Request:
{
  "gender": "MALE",
  "total_activity_duration": "SIX_TO_NINE_HOURS",
  "age": 50,
  "weight_today": 150,
  "height": 190,
  "category": "beginner"
}
Response:
{
  "success": false,
  "status": 500,
  "data": "Server Error",
  "timeTaken": 367.0709000000006
}
Status code: 500
-------------------------------

[test number] should successfully handle input
Request:
{
  "gender": "MALE",
  "total_activity_duration": "THREE_TO_SIX_HOURS",
  "age": 25,
  "weight_today": 113.9,
  "height": 160,
  "category": "beginner"
}
Response:
{
  "success": false,
  "status": 500,
  "data": "Server Error",
  "timeTaken": 323.9924999999994
}
Status code: 500
-------------------------------

[test number] should successfully handle input
Request:
{
  "gender": "FEMALE",
  "total_activity_duration": "SIX_TO_NINE_HOURS",
  "age": 100,
  "weight_today": 200,
  "height": 190,
  "category": "advanced"
}
Response:
{
  "success": false,
  "status": 500,
  "data": "Server Error",
  "timeTaken": 330.91709999999966
}
Status code: 500
-------------------------------

[test number] should successfully handle input
Request:
{
  "gender": "MALE",
  "total_activity_duration": "NINE_TO_TWELVE_HOURS",
  "age": 100,
  "weight_today": 30,
  "height": 140,
  "category": "beginner"
}
Response:
{
  "success": false,
  "status": 500,
  "data": "Server Error",
  "timeTaken": 333.7392999999993
}
Status code: 500
-------------------------------

[test number] should successfully handle input
Request:
{
  "gender": "FEMALE",
  "total_activity_duration": "ZERO_TO_THREE_HOURS",
  "age": 100,
  "weight_today": 113.9,
  "height": 160,
  "category": "intermediate"
}
Response:
{
  "success": false,
  "status": 500,
  "data": "Server Error",
  "timeTaken": 415.9454999999998
}
Status code: 500
-------------------------------

[test number] should successfully handle input
Request:
{
  "gender": "FEMALE",
  "total_activity_duration": "SIX_TO_NINE_HOURS",
  "age": 0,
  "weight_today": 150,
  "height": 190,
  "category": "beginner"
}
Response:
{
  "success": false,
  "status": 500,
  "data": "Server Error",
  "timeTaken": 359.3624
}
Status code: 500
-------------------------------

[test number] should successfully handle input
Request:
{
  "gender": "FEMALE",
  "total_activity_duration": "TWELVE_PLUS_HOURS",
  "age": 75,
  "weight_today": 70,
  "height": 173,
  "category": "intermediate"
}
Response:
{
  "success": false,
  "status": 500,
  "data": "Server Error",
  "timeTaken": 356.9481000000005
}
Status code: 500
-------------------------------

[test number] should successfully handle input
Request:
{
  "gender": "FEMALE",
  "total_activity_duration": "THREE_TO_SIX_HOURS",
  "age": 75,
  "weight_today": 150,
  "height": 140,
  "category": "advanced"
}
Response:
{
  "success": false,
  "status": 500,
  "data": "Server Error",
  "timeTaken": 275.09050000000025
}
Status code: 500
-------------------------------

[test number] should successfully handle input
Request:
{
  "gender": "MALE",
  "total_activity_duration": "ZERO_TO_THREE_HOURS",
  "age": 0,
  "weight_today": 30,
  "height": 210,
  "category": "beginner"
}
Response:
{
  "success": false,
  "status": 500,
  "data": "Server Error",
  "timeTaken": 389.14260000000013
}
Status code: 500
-------------------------------

[test number] should successfully handle input
Request:
{
  "gender": "MALE",
  "total_activity_duration": "TWELVE_PLUS_HOURS",
  "age": 25,
  "weight_today": 30,
  "height": 173,
  "category": "beginner"
}
Response:
{
  "success": false,
  "status": 500,
  "data": "Server Error",
  "timeTaken": 280.97040000000015
}
Status code: 500
-------------------------------

[test number] should successfully handle input
Request:
{
  "gender": "FEMALE",
  "total_activity_duration": "SIX_TO_NINE_HOURS",
  "age": 50,
  "weight_today": 200,
  "height": 160,
  "category": "advanced"
}
Response:
{
  "success": false,
  "status": 500,
  "data": "Server Error",
  "timeTaken": 270.4490000000005
}
Status code: 500
-------------------------------

[test number] should successfully handle input
Request:
{
  "gender": "MALE",
  "total_activity_duration": "ZERO_TO_THREE_HOURS",
  "age": 100,
  "weight_today": 70,
  "height": 190,
  "category": "advanced"
}
Response:
{
  "success": false,
  "status": 500,
  "data": "Server Error",
  "timeTaken": 290.4841999999999
}
Status code: 500
-------------------------------

[test number] should successfully handle input
Request:
{
  "gender": "FEMALE",
  "total_activity_duration": "THREE_TO_SIX_HOURS",
  "age": 25,
  "weight_today": 113.9,
  "height": 210,
  "category": "beginner"
}
Response:
{
  "success": false,
  "status": 500,
  "data": "Server Error",
  "timeTaken": 295.0138999999999
}
Status code: 500
-------------------------------

[test number] should successfully handle input
Request:
{
  "gender": "FEMALE",
  "total_activity_duration": "ZERO_TO_THREE_HOURS",
  "age": 50,
  "weight_today": 70,
  "height": 210,
  "category": "intermediate"
}
Response:
{
  "success": false,
  "status": 500,
  "data": "Server Error",
  "timeTaken": 330.08989999999994
}
Status code: 500
-------------------------------

[test number] should successfully handle input
Request:
{
  "gender": "FEMALE",
  "total_activity_duration": "NINE_TO_TWELVE_HOURS",
  "age": 100,
  "weight_today": 30,
  "height": 190,
  "category": "beginner"
}
Response:
{
  "success": false,
  "status": 500,
  "data": "Server Error",
  "timeTaken": 276.3679999999995
}
Status code: 500
-------------------------------

[test number] should successfully handle input
Request:
{
  "gender": "MALE",
  "total_activity_duration": "TWELVE_PLUS_HOURS",
  "age": 75,
  "weight_today": 70,
  "height": 140,
  "category": "beginner"
}
Response:
{
  "success": false,
  "status": 500,
  "data": "Server Error",
  "timeTaken": 295.15230000000065
}
Status code: 500
-------------------------------

[test number] should successfully handle input
Request:
{
  "gender": "MALE",
  "total_activity_duration": "THREE_TO_SIX_HOURS",
  "age": 75,
  "weight_today": 113.9,
  "height": 190,
  "category": "intermediate"
}
Response:
{
  "success": false,
  "status": 500,
  "data": "Server Error",
  "timeTaken": 314.1842999999999
}
Status code: 500
-------------------------------

[test number] should successfully handle input
Request:
{
  "gender": "FEMALE",
  "total_activity_duration": "TWELVE_PLUS_HOURS",
  "age": 25,
  "weight_today": 70,
  "height": 140,
  "category": "advanced"
}
Response:
{
  "success": false,
  "status": 500,
  "data": "Server Error",
  "timeTaken": 302.60599999999977
}
Status code: 500
-------------------------------

[test number] should successfully handle input
Request:
{
  "gender": "MALE",
  "total_activity_duration": "NINE_TO_TWELVE_HOURS",
  "age": 25,
  "weight_today": 200,
  "height": 190,
  "category": "beginner"
}
Response:
{
  "success": false,
  "status": 500,
  "data": "Server Error",
  "timeTaken": 344.95650000000023
}
Status code: 500
-------------------------------

[test number] should successfully handle input
Request:
{
  "gender": "MALE",
  "total_activity_duration": "ZERO_TO_THREE_HOURS",
  "age": 50,
  "weight_today": 70,
  "height": 173,
  "category": "beginner"
}
Response:
{
  "success": false,
  "status": 500,
  "data": "Server Error",
  "timeTaken": 273.27120000000014
}
Status code: 500
-------------------------------

[test number] should successfully handle input
Request:
{
  "gender": "FEMALE",
  "total_activity_duration": "ZERO_TO_THREE_HOURS",
  "age": 0,
  "weight_today": 70,
  "height": 173,
  "category": "beginner"
}
Response:
{
  "success": false,
  "status": 500,
  "data": "Server Error",
  "timeTaken": 284.77270000000044
}
Status code: 500
-------------------------------

[test number] should successfully handle input
Request:
{
  "gender": "MALE",
  "total_activity_duration": "SIX_TO_NINE_HOURS",
  "age": 0,
  "weight_today": 150,
  "height": 160,
  "category": "intermediate"
}
Response:
{
  "success": false,
  "status": 500,
  "data": "Server Error",
  "timeTaken": 282.8207999999995
}
Status code: 500
-------------------------------

[test number] should successfully handle input
Request:
{
  "gender": "MALE",
  "total_activity_duration": "SIX_TO_NINE_HOURS",
  "age": 50,
  "weight_today": 150,
  "height": 190,
  "category": "intermediate"
}
Response:
{
  "success": false,
  "status": 500,
  "data": "Server Error",
  "timeTaken": 275.6859999999997
}
Status code: 500
-------------------------------

[test number] should successfully handle input
Request:
{
  "gender": "FEMALE",
  "total_activity_duration": "NINE_TO_TWELVE_HOURS",
  "age": 50,
  "weight_today": 30,
  "height": 160,
  "category": "beginner"
}
Response:
{
  "success": false,
  "status": 500,
  "data": "Server Error",
  "timeTaken": 285.0693000000001
}
Status code: 500
-------------------------------

[test number] should successfully handle input
Request:
{
  "gender": "MALE",
  "total_activity_duration": "THREE_TO_SIX_HOURS",
  "age": 25,
  "weight_today": 113.9,
  "height": 160,
  "category": "intermediate"
}
Response:
{
  "success": false,
  "status": 500,
  "data": "Server Error",
  "timeTaken": 284.46289999999954
}
Status code: 500
-------------------------------

[test number] should successfully handle input
Request:
{
  "gender": "MALE",
  "total_activity_duration": "NINE_TO_TWELVE_HOURS",
  "age": 100,
  "weight_today": 30,
  "height": 140,
  "category": "intermediate"
}
Response:
{
  "success": false,
  "status": 500,
  "data": "Server Error",
  "timeTaken": 282.0133000000005
}
Status code: 500
-------------------------------

[test number] should successfully handle input
Request:
{
  "gender": "MALE",
  "total_activity_duration": "SIX_TO_NINE_HOURS",
  "age": 100,
  "weight_today": 200,
  "height": 140,
  "category": "intermediate"
}
Response:
{
  "success": false,
  "status": 500,
  "data": "Server Error",
  "timeTaken": 316.1372000000001
}
Status code: 500
-------------------------------

[test number] should successfully handle input
Request:
{
  "gender": "FEMALE",
  "total_activity_duration": "SIX_TO_NINE_HOURS",
  "age": 100,
  "weight_today": 200,
  "height": 210,
  "category": "beginner"
}
Response:
{
  "success": false,
  "status": 500,
  "data": "Server Error",
  "timeTaken": 296.78389999999945
}
Status code: 500
-------------------------------

[test number] should successfully handle input
Request:
{
  "gender": "FEMALE",
  "total_activity_duration": "ZERO_TO_THREE_HOURS",
  "age": 100,
  "weight_today": 113.9,
  "height": 160,
  "category": "advanced"
}
Response:
{
  "success": false,
  "status": 500,
  "data": "Server Error",
  "timeTaken": 265.35320000000047
}
Status code: 500
-------------------------------

[test number] should successfully handle input
Request:
{
  "gender": "FEMALE",
  "total_activity_duration": "SIX_TO_NINE_HOURS",
  "age": 0,
  "weight_today": 150,
  "height": 190,
  "category": "intermediate"
}
Response:
{
  "success": false,
  "status": 500,
  "data": "Server Error",
  "timeTaken": 282.2335000000003
}
Status code: 500
-------------------------------

[test number] should successfully handle input
Request:
{
  "gender": "FEMALE",
  "total_activity_duration": "THREE_TO_SIX_HOURS",
  "age": 75,
  "weight_today": 150,
  "height": 160,
  "category": "beginner"
}
Response:
{
  "success": false,
  "status": 500,
  "data": "Server Error",
  "timeTaken": 278.14549999999963
}
Status code: 500
-------------------------------

[test number] should successfully handle input
Request:
{
  "gender": "MALE",
  "total_activity_duration": "ZERO_TO_THREE_HOURS",
  "age": 0,
  "weight_today": 30,
  "height": 210,
  "category": "intermediate"
}
Response:
{
  "success": false,
  "status": 500,
  "data": "Server Error",
  "timeTaken": 279.6806000000006
}
Status code: 500
-------------------------------

[test number] should successfully handle input
Request:
{
  "gender": "FEMALE",
  "total_activity_duration": "TWELVE_PLUS_HOURS",
  "age": 75,
  "weight_today": 70,
  "height": 173,
  "category": "advanced"
}
Response:
{
  "success": false,
  "status": 500,
  "data": "Server Error",
  "timeTaken": 285.8226999999997
}
Status code: 500
-------------------------------

[test number] should successfully handle input
Request:
{
  "gender": "MALE",
  "total_activity_duration": "TWELVE_PLUS_HOURS",
  "age": 25,
  "weight_today": 30,
  "height": 173,
  "category": "intermediate"
}
Response:
{
  "success": false,
  "status": 500,
  "data": "Server Error",
  "timeTaken": 277.3175000000001
}
Status code: 500
-------------------------------

[test number] should successfully handle input
Request:
{
  "gender": "FEMALE",
  "total_activity_duration": "SIX_TO_NINE_HOURS",
  "age": 50,
  "weight_today": 200,
  "height": 173,
  "category": "beginner"
}
Response:
{
  "success": false,
  "status": 500,
  "data": "Server Error",
  "timeTaken": 281.90859999999975
}
Status code: 500
-------------------------------

[test number] should successfully handle input
Request:
{
  "gender": "MALE",
  "total_activity_duration": "ZERO_TO_THREE_HOURS",
  "age": 100,
  "weight_today": 70,
  "height": 210,
  "category": "beginner"
}
Response:
{
  "success": false,
  "status": 500,
  "data": "Server Error",
  "timeTaken": 287.91340000000037
}
Status code: 500
-------------------------------

[test number] should successfully handle input
Request:
{
  "gender": "FEMALE",
  "total_activity_duration": "THREE_TO_SIX_HOURS",
  "age": 25,
  "weight_today": 113.9,
  "height": 210,
  "category": "intermediate"
}
Response:
{
  "success": false,
  "status": 500,
  "data": "Server Error",
  "timeTaken": 284.09460000000036
}
Status code: 500
-------------------------------

[test number] should successfully handle input
Request:
{
  "gender": "FEMALE",
  "total_activity_duration": "ZERO_TO_THREE_HOURS",
  "age": 50,
  "weight_today": 70,
  "height": 210,
  "category": "advanced"
}
Response:
{
  "success": false,
  "status": 500,
  "data": "Server Error",
  "timeTaken": 282.96810000000005
}
Status code: 500
-------------------------------

[test number] should successfully handle input
Request:
{
  "gender": "FEMALE",
  "total_activity_duration": "NINE_TO_TWELVE_HOURS",
  "age": 100,
  "weight_today": 30,
  "height": 190,
  "category": "intermediate"
}
Response:
{
  "success": false,
  "status": 500,
  "data": "Server Error",
  "timeTaken": 285.95680000000084
}
Status code: 500
-------------------------------

[test number] should successfully handle input
Request:
{
  "gender": "MALE",
  "total_activity_duration": "TWELVE_PLUS_HOURS",
  "age": 75,
  "weight_today": 70,
  "height": 140,
  "category": "intermediate"
}
Response:
{
  "success": false,
  "status": 500,
  "data": "Server Error",
  "timeTaken": 278.02130000000034
}
Status code: 500
-------------------------------

[test number] should successfully handle input
Request:
{
  "gender": "FEMALE",
  "total_activity_duration": "TWELVE_PLUS_HOURS",
  "age": 25,
  "weight_today": 70,
  "height": 160,
  "category": "beginner"
}
Response:
{
  "success": false,
  "status": 500,
  "data": "Server Error",
  "timeTaken": 282.6310999999996
}
Status code: 500
-------------------------------

[test number] should successfully handle input
Request:
{
  "gender": "MALE",
  "total_activity_duration": "THREE_TO_SIX_HOURS",
  "age": 75,
  "weight_today": 113.9,
  "height": 190,
  "category": "advanced"
}
Response:
{
  "success": false,
  "status": 500,
  "data": "Server Error",
  "timeTaken": 300.8878999999997
}
Status code: 500
-------------------------------

[test number] should successfully handle input
Request:
{
  "gender": "MALE",
  "total_activity_duration": "NINE_TO_TWELVE_HOURS",
  "age": 25,
  "weight_today": 200,
  "height": 190,
  "category": "intermediate"
}
Response:
{
  "success": false,
  "status": 500,
  "data": "Server Error",
  "timeTaken": 301.96910000000025
}
Status code: 500
-------------------------------

[test number] should successfully handle input
Request:
{
  "gender": "MALE",
  "total_activity_duration": "ZERO_TO_THREE_HOURS",
  "age": 50,
  "weight_today": 70,
  "height": 173,
  "category": "intermediate"
}
Response:
{
  "success": false,
  "status": 500,
  "data": "Server Error",
  "timeTaken": 274.41669999999976
}
Status code: 500
-------------------------------

[test number] should successfully handle input
Request:
{
  "gender": "FEMALE",
  "total_activity_duration": "ZERO_TO_THREE_HOURS",
  "age": 0,
  "weight_today": 70,
  "height": 173,
  "category": "intermediate"
}
Response:
{
  "success": false,
  "status": 500,
  "data": "Server Error",
  "timeTaken": 280.21639999999934
}
Status code: 500
-------------------------------

[test number] should successfully handle input
Request:
{
  "gender": "MALE",
  "total_activity_duration": "SIX_TO_NINE_HOURS",
  "age": 0,
  "weight_today": 150,
  "height": 160,
  "category": "advanced"
}
Response:
{
  "success": false,
  "status": 500,
  "data": "Server Error",
  "timeTaken": 277.0715999999993
}
Status code: 500
-------------------------------

[test number] should successfully handle input
Request:
{
  "gender": "MALE",
  "total_activity_duration": "SIX_TO_NINE_HOURS",
  "age": 50,
  "weight_today": 150,
  "height": 190,
  "category": "advanced"
}
Response:
{
  "success": false,
  "status": 500,
  "data": "Server Error",
  "timeTaken": 288.66779999999926
}
Status code: 500
-------------------------------

[test number] should successfully handle input
Request:
{
  "gender": "FEMALE",
  "total_activity_duration": "NINE_TO_TWELVE_HOURS",
  "age": 50,
  "weight_today": 30,
  "height": 160,
  "category": "intermediate"
}
Response:
{
  "success": false,
  "status": 500,
  "data": "Server Error",
  "timeTaken": 290.60989999999947
}
Status code: 500
-------------------------------

[test number] should successfully handle input
Request:
{
  "gender": "MALE",
  "total_activity_duration": "NINE_TO_TWELVE_HOURS",
  "age": 100,
  "weight_today": 30,
  "height": 140,
  "category": "advanced"
}
Response:
{
  "success": false,
  "status": 500,
  "data": "Server Error",
  "timeTaken": 269.34040000000005
}
Status code: 500
-------------------------------

[test number] should successfully handle input
Request:
{
  "gender": "MALE",
  "total_activity_duration": "THREE_TO_SIX_HOURS",
  "age": 25,
  "weight_today": 113.9,
  "height": 160,
  "category": "advanced"
}
Response:
{
  "success": false,
  "status": 500,
  "data": "Server Error",
  "timeTaken": 294.2591000000002
}
Status code: 500
-------------------------------

[test number] should successfully handle input
Request:
{
  "gender": "MALE",
  "total_activity_duration": "SIX_TO_NINE_HOURS",
  "age": 100,
  "weight_today": 200,
  "height": 140,
  "category": "advanced"
}
Response:
{
  "success": false,
  "status": 500,
  "data": "Server Error",
  "timeTaken": 283.03740000000016
}
Status code: 500
-------------------------------

[test number] should successfully handle input
Request:
{
  "gender": "FEMALE",
  "total_activity_duration": "SIX_TO_NINE_HOURS",
  "age": 100,
  "weight_today": 200,
  "height": 210,
  "category": "intermediate"
}
Response:
{
  "success": false,
  "status": 500,
  "data": "Server Error",
  "timeTaken": 296.5508
}
Status code: 500
-------------------------------

[test number] should successfully handle input
Request:
{
  "gender": "FEMALE",
  "total_activity_duration": "ZERO_TO_THREE_HOURS",
  "age": 100,
  "weight_today": 113.9,
  "height": 173,
  "category": "beginner"
}
Response:
{
  "success": false,
  "status": 500,
  "data": "Server Error",
  "timeTaken": 297.8859999999995
}
Status code: 500
-------------------------------

[test number] should successfully handle input
Request:
{
  "gender": "FEMALE",
  "total_activity_duration": "SIX_TO_NINE_HOURS",
  "age": 0,
  "weight_today": 150,
  "height": 190,
  "category": "advanced"
}
Response:
{
  "success": false,
  "status": 500,
  "data": "Server Error",
  "timeTaken": 267.2060999999994
}
Status code: 500
-------------------------------

[test number] should successfully handle input
Request:
{
  "gender": "FEMALE",
  "total_activity_duration": "THREE_TO_SIX_HOURS",
  "age": 75,
  "weight_today": 150,
  "height": 160,
  "category": "intermediate"
}
Response:
{
  "success": false,
  "status": 500,
  "data": "Server Error",
  "timeTaken": 279.72260000000006
}
Status code: 500
-------------------------------

[test number] should successfully handle input
Request:
{
  "gender": "MALE",
  "total_activity_duration": "ZERO_TO_THREE_HOURS",
  "age": 0,
  "weight_today": 30,
  "height": 210,
  "category": "advanced"
}
Response:
{
  "success": false,
  "status": 500,
  "data": "Server Error",
  "timeTaken": 278.7601000000004
}
Status code: 500
-------------------------------

[test number] should successfully handle input
Request:
{
  "gender": "FEMALE",
  "total_activity_duration": "TWELVE_PLUS_HOURS",
  "age": 75,
  "weight_today": 70,
  "height": 190,
  "category": "beginner"
}
Response:
{
  "success": false,
  "status": 500,
  "data": "Server Error",
  "timeTaken": 278.1151
}
Status code: 500
-------------------------------

[test number] should successfully handle input
Request:
{
  "gender": "MALE",
  "total_activity_duration": "TWELVE_PLUS_HOURS",
  "age": 25,
  "weight_today": 30,
  "height": 173,
  "category": "advanced"
}
Response:
{
  "success": false,
  "status": 500,
  "data": "Server Error",
  "timeTaken": 288.2975000000006
}
Status code: 500
-------------------------------

[test number] should successfully handle input
Request:
{
  "gender": "MALE",
  "total_activity_duration": "ZERO_TO_THREE_HOURS",
  "age": 100,
  "weight_today": 70,
  "height": 210,
  "category": "intermediate"
}
Response:
{
  "success": false,
  "status": 500,
  "data": "Server Error",
  "timeTaken": 279.6831000000002
}
Status code: 500
-------------------------------

[test number] should successfully handle input
Request:
{
  "gender": "FEMALE",
  "total_activity_duration": "SIX_TO_NINE_HOURS",
  "age": 50,
  "weight_today": 200,
  "height": 173,
  "category": "intermediate"
}
Response:
{
  "success": false,
  "status": 500,
  "data": "Server Error",
  "timeTaken": 284.6696000000002
}
Status code: 500
-------------------------------

[test number] should successfully handle input
Request:
{
  "gender": "FEMALE",
  "total_activity_duration": "THREE_TO_SIX_HOURS",
  "age": 25,
  "weight_today": 113.9,
  "height": 210,
  "category": "advanced"
}
Response:
{
  "success": false,
  "status": 500,
  "data": "Server Error",
  "timeTaken": 286.91190000000006
}
Status code: 500
-------------------------------

[test number] should successfully handle input
Request:
{
  "gender": "FEMALE",
  "total_activity_duration": "NINE_TO_TWELVE_HOURS",
  "age": 100,
  "weight_today": 30,
  "height": 190,
  "category": "advanced"
}
Response:
{
  "success": false,
  "status": 500,
  "data": "Server Error",
  "timeTaken": 275.4464000000007
}
Status code: 500
-------------------------------

[test number] should successfully handle input
Request:
{
  "gender": "FEMALE",
  "total_activity_duration": "ZERO_TO_THREE_HOURS",
  "age": 50,
  "weight_today": 113.9,
  "height": 140,
  "category": "beginner"
}
Response:
{
  "success": false,
  "status": 500,
  "data": "Server Error",
  "timeTaken": 284.1883000000007
}
Status code: 500
-------------------------------

[test number] should successfully handle input
Request:
{
  "gender": "MALE",
  "total_activity_duration": "TWELVE_PLUS_HOURS",
  "age": 75,
  "weight_today": 70,
  "height": 140,
  "category": "advanced"
}
Response:
{
  "success": false,
  "status": 500,
  "data": "Server Error",
  "timeTaken": 276.5212999999994
}
Status code: 500
-------------------------------

[test number] should successfully handle input
Request:
{
  "gender": "FEMALE",
  "total_activity_duration": "TWELVE_PLUS_HOURS",
  "age": 25,
  "weight_today": 70,
  "height": 160,
  "category": "intermediate"
}
Response:
{
  "success": false,
  "status": 500,
  "data": "Server Error",
  "timeTaken": 296.1873000000005
}
Status code: 500
-------------------------------

[test number] should successfully handle input
Request:
{
  "gender": "MALE",
  "total_activity_duration": "THREE_TO_SIX_HOURS",
  "age": 75,
  "weight_today": 113.9,
  "height": 210,
  "category": "beginner"
}
Response:
{
  "success": false,
  "status": 500,
  "data": "Server Error",
  "timeTaken": 312.7419
}
Status code: 500
-------------------------------

[test number] should successfully handle input
Request:
{
  "gender": "MALE",
  "total_activity_duration": "NINE_TO_TWELVE_HOURS",
  "age": 25,
  "weight_today": 200,
  "height": 190,
  "category": "advanced"
}
Response:
{
  "success": false,
  "status": 500,
  "data": "Server Error",
  "timeTaken": 281.98019999999997
}
Status code: 500
-------------------------------

[test number] should successfully handle input
Request:
{
  "gender": "FEMALE",
  "total_activity_duration": "ZERO_TO_THREE_HOURS",
  "age": 0,
  "weight_today": 70,
  "height": 173,
  "category": "advanced"
}
Response:
{
  "success": false,
  "status": 500,
  "data": "Server Error",
  "timeTaken": 285.2629999999999
}
Status code: 500
-------------------------------

[test number] should successfully handle input
Request:
{
  "gender": "MALE",
  "total_activity_duration": "ZERO_TO_THREE_HOURS",
  "age": 50,
  "weight_today": 70,
  "height": 173,
  "category": "advanced"
}
Response:
{
  "success": false,
  "status": 500,
  "data": "Server Error",
  "timeTaken": 273.3074000000006
}
Status code: 500
-------------------------------

[test number] should successfully handle input
Request:
{
  "gender": "MALE",
  "total_activity_duration": "SIX_TO_NINE_HOURS",
  "age": 50,
  "weight_today": 150,
  "height": 210,
  "category": "beginner"
}
Response:
{
  "success": false,
  "status": 500,
  "data": "Server Error",
  "timeTaken": 275.16610000000037
}
Status code: 500
-------------------------------

[test number] should successfully handle input
Request:
{
  "gender": "MALE",
  "total_activity_duration": "NINE_TO_TWELVE_HOURS",
  "age": 100,
  "weight_today": 30,
  "height": 160,
  "category": "beginner"
}
Response:
{
  "success": false,
  "status": 500,
  "data": "Server Error",
  "timeTaken": 267.10009999999966
}
Status code: 500
-------------------------------

[test number] should successfully handle input
Request:
{
  "gender": "MALE",
  "total_activity_duration": "THREE_TO_SIX_HOURS",
  "age": 25,
  "weight_today": 113.9,
  "height": 173,
  "category": "beginner"
}
Response:
{
  "success": false,
  "status": 500,
  "data": "Server Error",
  "timeTaken": 275.6103000000003
}
Status code: 500
-------------------------------

[test number] should successfully handle input
Request:
{
  "gender": "MALE",
  "total_activity_duration": "SIX_TO_NINE_HOURS",
  "age": 100,
  "weight_today": 200,
  "height": 160,
  "category": "beginner"
}
Response:
{
  "success": false,
  "status": 500,
  "data": "Server Error",
  "timeTaken": 294.670000000001
}
Status code: 500
-------------------------------

[test number] should successfully handle input
Request:
{
  "gender": "FEMALE",
  "total_activity_duration": "SIX_TO_NINE_HOURS",
  "age": 100,
  "weight_today": 200,
  "height": 210,
  "category": "advanced"
}
Response:
{
  "success": false,
  "status": 500,
  "data": "Server Error",
  "timeTaken": 291.8276999999998
}
Status code: 500
-------------------------------

[test number] should successfully handle input
Request:
{
  "gender": "FEMALE",
  "total_activity_duration": "ZERO_TO_THREE_HOURS",
  "age": 100,
  "weight_today": 113.9,
  "height": 173,
  "category": "intermediate"
}
Response:
{
  "success": false,
  "status": 500,
  "data": "Server Error",
  "timeTaken": 286.03909999999996
}
Status code: 500
-------------------------------

[test number] should successfully handle input
Request:
{
  "gender": "MALE",
  "total_activity_duration": "SIX_TO_NINE_HOURS",
  "age": 0,
  "weight_today": 150,
  "height": 173,
  "category": "beginner"
}
Response:
{
  "success": false,
  "status": 500,
  "data": "Server Error",
  "timeTaken": 366.2396000000008
}
Status code: 500
-------------------------------

[test number] should successfully handle input
Request:
{
  "gender": "FEMALE",
  "total_activity_duration": "TWELVE_PLUS_HOURS",
  "age": 75,
  "weight_today": 70,
  "height": 190,
  "category": "intermediate"
}
Response:
{
  "success": false,
  "status": 500,
  "data": "Server Error",
  "timeTaken": 281.2033999999994
}
Status code: 500
-------------------------------

[test number] should successfully handle input
Request:
{
  "gender": "MALE",
  "total_activity_duration": "ZERO_TO_THREE_HOURS",
  "age": 0,
  "weight_today": 70,
  "height": 140,
  "category": "beginner"
}
Response:
{
  "success": false,
  "status": 500,
  "data": "Server Error",
  "timeTaken": 282.8069000000014
}
Status code: 500
-------------------------------

[test number] should successfully handle input
Request:
{
  "gender": "FEMALE",
  "total_activity_duration": "THREE_TO_SIX_HOURS",
  "age": 75,
  "weight_today": 150,
  "height": 160,
  "category": "advanced"
}
Response:
{
  "success": false,
  "status": 500,
  "data": "Server Error",
  "timeTaken": 284.72849999999926
}
Status code: 500
-------------------------------

[test number] should successfully handle input
Request:
{
  "gender": "FEMALE",
  "total_activity_duration": "SIX_TO_NINE_HOURS",
  "age": 0,
  "weight_today": 150,
  "height": 210,
  "category": "beginner"
}
Response:
{
  "success": false,
  "status": 500,
  "data": "Server Error",
  "timeTaken": 305.02019999999993
}
Status code: 500
-------------------------------

[test number] should successfully handle input
Request:
{
  "gender": "FEMALE",
  "total_activity_duration": "SIX_TO_NINE_HOURS",
  "age": 50,
  "weight_today": 200,
  "height": 173,
  "category": "advanced"
}
Response:
{
  "success": false,
  "status": 500,
  "data": "Server Error",
  "timeTaken": 275.41319999999905
}
Status code: 500
-------------------------------

[test number] should successfully handle input
Request:
{
  "gender": "MALE",
  "total_activity_duration": "ZERO_TO_THREE_HOURS",
  "age": 100,
  "weight_today": 70,
  "height": 210,
  "category": "advanced"
}
Response:
{
  "success": false,
  "status": 500,
  "data": "Server Error",
  "timeTaken": 283.09490000000005
}
Status code: 500
-------------------------------

[test number] should successfully handle input
Request:
{
  "gender": "MALE",
  "total_activity_duration": "TWELVE_PLUS_HOURS",
  "age": 25,
  "weight_today": 30,
  "height": 190,
  "category": "beginner"
}
Response:
{
  "success": false,
  "status": 500,
  "data": "Server Error",
  "timeTaken": 307.78580000000056
}
Status code: 500
-------------------------------

[test number] should successfully handle input
Request:
{
  "gender": "FEMALE",
  "total_activity_duration": "THREE_TO_SIX_HOURS",
  "age": 25,
  "weight_today": 150,
  "height": 140,
  "category": "beginner"
}
Response:
{
  "success": false,
  "status": 500,
  "data": "Server Error",
  "timeTaken": 290.54100000000017
}
Status code: 500
-------------------------------

[test number] should successfully handle input
Request:
{
  "gender": "FEMALE",
  "total_activity_duration": "NINE_TO_TWELVE_HOURS",
  "age": 100,
  "weight_today": 30,
  "height": 210,
  "category": "beginner"
}
Response:
{
  "success": false,
  "status": 500,
  "data": "Server Error",
  "timeTaken": 280.3193000000001
}
Status code: 500
-------------------------------

[test number] should successfully handle input
Request:
{
  "gender": "FEMALE",
  "total_activity_duration": "ZERO_TO_THREE_HOURS",
  "age": 50,
  "weight_today": 113.9,
  "height": 140,
  "category": "intermediate"
}
Response:
{
  "success": false,
  "status": 500,
  "data": "Server Error",
  "timeTaken": 273.9338000000007
}
Status code: 500
-------------------------------

[test number] should successfully handle input
Request:
{
  "gender": "MALE",
  "total_activity_duration": "TWELVE_PLUS_HOURS",
  "age": 75,
  "weight_today": 70,
  "height": 160,
  "category": "beginner"
}
Response:
{
  "success": false,
  "status": 500,
  "data": "Server Error",
  "timeTaken": 334.3845999999994
}
Status code: 500
-------------------------------

[test number] should successfully handle input
Request:
{
  "gender": "FEMALE",
  "total_activity_duration": "TWELVE_PLUS_HOURS",
  "age": 25,
  "weight_today": 70,
  "height": 160,
  "category": "advanced"
}
Response:
{
  "success": false,
  "status": 500,
  "data": "Server Error",
  "timeTaken": 305.16909999999916
}
Status code: 500
-------------------------------

[test number] should successfully handle input
Request:
{
  "gender": "MALE",
  "total_activity_duration": "NINE_TO_TWELVE_HOURS",
  "age": 25,
  "weight_today": 200,
  "height": 210,
  "category": "beginner"
}
Response:
{
  "success": false,
  "status": 500,
  "data": "Server Error",
  "timeTaken": 283.4290000000001
}
Status code: 500
-------------------------------

[test number] should successfully handle input
Request:
{
  "gender": "MALE",
  "total_activity_duration": "SIX_TO_NINE_HOURS",
  "age": 50,
  "weight_today": 150,
  "height": 210,
  "category": "intermediate"
}
Response:
{
  "success": false,
  "status": 500,
  "data": "Server Error",
  "timeTaken": 280.9350999999988
}
Status code: 500
-------------------------------

[test number] should successfully handle input
Request:
{
  "gender": "MALE",
  "total_activity_duration": "THREE_TO_SIX_HOURS",
  "age": 75,
  "weight_today": 113.9,
  "height": 210,
  "category": "intermediate"
}
Response:
{
  "success": false,
  "status": 500,
  "data": "Server Error",
  "timeTaken": 291.29369999999835
}
Status code: 500
-------------------------------

[test number] should successfully handle input
Request:
{
  "gender": "FEMALE",
  "total_activity_duration": "ZERO_TO_THREE_HOURS",
  "age": 0,
  "weight_today": 70,
  "height": 190,
  "category": "beginner"
}
Response:
{
  "success": false,
  "status": 500,
  "data": "Server Error",
  "timeTaken": 296.1291999999994
}
Status code: 500
-------------------------------

[test number] should successfully handle input
Request:
{
  "gender": "MALE",
  "total_activity_duration": "ZERO_TO_THREE_HOURS",
  "age": 50,
  "weight_today": 70,
  "height": 190,
  "category": "beginner"
}
Response:
{
  "success": false,
  "status": 500,
  "data": "Server Error",
  "timeTaken": 301.97530000000006
}
Status code: 500
-------------------------------

[test number] should successfully handle input
Request:
{
  "gender": "MALE",
  "total_activity_duration": "NINE_TO_TWELVE_HOURS",
  "age": 100,
  "weight_today": 30,
  "height": 160,
  "category": "intermediate"
}
Response:
{
  "success": false,
  "status": 500,
  "data": "Server Error",
  "timeTaken": 276.3230000000003
}
Status code: 500
-------------------------------

[test number] should successfully handle input
Request:
{
  "gender": "MALE",
  "total_activity_duration": "THREE_TO_SIX_HOURS",
  "age": 25,
  "weight_today": 113.9,
  "height": 173,
  "category": "intermediate"
}
Response:
{
  "success": false,
  "status": 500,
  "data": "Server Error",
  "timeTaken": 279.39810000000034
}
Status code: 500
-------------------------------

[test number] should successfully handle input
Request:
{
  "gender": "MALE",
  "total_activity_duration": "SIX_TO_NINE_HOURS",
  "age": 100,
  "weight_today": 200,
  "height": 160,
  "category": "intermediate"
}
Response:
{
  "success": false,
  "status": 500,
  "data": "Server Error",
  "timeTaken": 275.5437000000002
}
Status code: 500
-------------------------------

[test number] should successfully handle input
Request:
{
  "gender": "FEMALE",
  "total_activity_duration": "ZERO_TO_THREE_HOURS",
  "age": 100,
  "weight_today": 113.9,
  "height": 173,
  "category": "advanced"
}
Response:
{
  "success": false,
  "status": 500,
  "data": "Server Error",
  "timeTaken": 270.818299999999
}
Status code: 500
-------------------------------

[test number] should successfully handle input
Request:
{
  "gender": "FEMALE",
  "total_activity_duration": "NINE_TO_TWELVE_HOURS",
  "age": 0,
  "weight_today": 30,
  "height": 140,
  "category": "beginner"
}
Response:
{
  "success": false,
  "status": 500,
  "data": "Server Error",
  "timeTaken": 299.9334000000017
}
Status code: 500
-------------------------------

[test number] should successfully handle input
Request:
{
  "gender": "MALE",
  "total_activity_duration": "SIX_TO_NINE_HOURS",
  "age": 0,
  "weight_today": 150,
  "height": 173,
  "category": "intermediate"
}
Response:
{
  "success": false,
  "status": 500,
  "data": "Server Error",
  "timeTaken": 297.22580000000016
}
Status code: 500
-------------------------------

[test number] should successfully handle input
Request:
{
  "gender": "FEMALE",
  "total_activity_duration": "THREE_TO_SIX_HOURS",
  "age": 75,
  "weight_today": 150,
  "height": 173,
  "category": "beginner"
}
Response:
{
  "success": false,
  "status": 500,
  "data": "Server Error",
  "timeTaken": 278.54449999999997
}
Status code: 500
-------------------------------

[test number] should successfully handle input
Request:
{
  "gender": "FEMALE",
  "total_activity_duration": "TWELVE_PLUS_HOURS",
  "age": 75,
  "weight_today": 70,
  "height": 190,
  "category": "advanced"
}
Response:
{
  "success": false,
  "status": 500,
  "data": "Server Error",
  "timeTaken": 286.16170000000056
}
Status code: 500
-------------------------------

[test number] should successfully handle input
Request:
{
  "gender": "FEMALE",
  "total_activity_duration": "SIX_TO_NINE_HOURS",
  "age": 0,
  "weight_today": 150,
  "height": 210,
  "category": "intermediate"
}
Response:
{
  "success": false,
  "status": 500,
  "data": "Server Error",
  "timeTaken": 293.7594000000008
}
Status code: 500
-------------------------------

[test number] should successfully handle input
Request:
{
  "gender": "FEMALE",
  "total_activity_duration": "SIX_TO_NINE_HOURS",
  "age": 50,
  "weight_today": 200,
  "height": 190,
  "category": "beginner"
}
Response:
{
  "success": false,
  "status": 500,
  "data": "Server Error",
  "timeTaken": 278.01810000000114
}
Status code: 500
-------------------------------

[test number] should successfully handle input
Request:
{
  "gender": "FEMALE",
  "total_activity_duration": "THREE_TO_SIX_HOURS",
  "age": 25,
  "weight_today": 150,
  "height": 140,
  "category": "intermediate"
}
Response:
{
  "success": false,
  "status": 500,
  "data": "Server Error",
  "timeTaken": 275.95460000000094
}
Status code: 500
-------------------------------

[test number] should successfully handle input
Request:
{
  "gender": "MALE",
  "total_activity_duration": "TWELVE_PLUS_HOURS",
  "age": 25,
  "weight_today": 30,
  "height": 190,
  "category": "intermediate"
}
Response:
{
  "success": false,
  "status": 500,
  "data": "Server Error",
  "timeTaken": 293.2668999999987
}
Status code: 500
-------------------------------

[test number] should successfully handle input
Request:
{
  "gender": "FEMALE",
  "total_activity_duration": "NINE_TO_TWELVE_HOURS",
  "age": 100,
  "weight_today": 30,
  "height": 210,
  "category": "intermediate"
}
Response:
{
  "success": false,
  "status": 500,
  "data": "Server Error",
  "timeTaken": 282.6769000000004
}
Status code: 500
-------------------------------

[test number] should successfully handle input
Request:
{
  "gender": "MALE",
  "total_activity_duration": "ZERO_TO_THREE_HOURS",
  "age": 100,
  "weight_today": 113.9,
  "height": 140,
  "category": "beginner"
}
Response:
{
  "success": false,
  "status": 500,
  "data": "Server Error",
  "timeTaken": 314.6179000000011
}
Status code: 500
-------------------------------

[test number] should successfully handle input
Request:
{
  "gender": "FEMALE",
  "total_activity_duration": "ZERO_TO_THREE_HOURS",
  "age": 50,
  "weight_today": 113.9,
  "height": 140,
  "category": "advanced"
}
Response:
{
  "success": false,
  "status": 500,
  "data": "Server Error",
  "timeTaken": 295.20410000000084
}
Status code: 500
-------------------------------

[test number] should successfully handle input
Request:
{
  "gender": "MALE",
  "total_activity_duration": "ZERO_TO_THREE_HOURS",
  "age": 0,
  "weight_today": 70,
  "height": 140,
  "category": "intermediate"
}
Response:
{
  "success": false,
  "status": 500,
  "data": "Server Error",
  "timeTaken": 376.4171000000006
}
Status code: 500
-------------------------------

[test number] should successfully handle input
Request:
{
  "gender": "FEMALE",
  "total_activity_duration": "NINE_TO_TWELVE_HOURS",
  "age": 50,
  "weight_today": 30,
  "height": 160,
  "category": "advanced"
}
Response:
{
  "success": false,
  "status": 500,
  "data": "Server Error",
  "timeTaken": 755.256800000001
}
Status code: 500
-------------------------------

[test number] should successfully handle input
Request:
{
  "gender": "MALE",
  "total_activity_duration": "TWELVE_PLUS_HOURS",
  "age": 75,
  "weight_today": 70,
  "height": 160,
  "category": "intermediate"
}
Response:
{
  "success": false,
  "status": 500,
  "data": "Server Error",
  "timeTaken": 284.15740000000005
}
Status code: 500
-------------------------------

[test number] should successfully handle input
Request:
{
  "gender": "FEMALE",
  "total_activity_duration": "TWELVE_PLUS_HOURS",
  "age": 25,
  "weight_today": 70,
  "height": 173,
  "category": "beginner"
}
Response:
{
  "success": false,
  "status": 500,
  "data": "Server Error",
  "timeTaken": 275.47539999999935
}
Status code: 500
-------------------------------

[test number] should successfully handle input
Request:
{
  "gender": "MALE",
  "total_activity_duration": "SIX_TO_NINE_HOURS",
  "age": 50,
  "weight_today": 150,
  "height": 210,
  "category": "advanced"
}
Response:
{
  "success": false,
  "status": 500,
  "data": "Server Error",
  "timeTaken": 274.40059999999903
}
Status code: 500
-------------------------------

[test number] should successfully handle input
Request:
{
  "gender": "FEMALE",
  "total_activity_duration": "ZERO_TO_THREE_HOURS",
  "age": 0,
  "weight_today": 70,
  "height": 190,
  "category": "intermediate"
}
Response:
{
  "success": false,
  "status": 500,
  "data": "Server Error",
  "timeTaken": 279.10469999999987
}
Status code: 500
-------------------------------

[test number] should successfully handle input
Request:
{
  "gender": "MALE",
  "total_activity_duration": "THREE_TO_SIX_HOURS",
  "age": 75,
  "weight_today": 113.9,
  "height": 210,
  "category": "advanced"
}
Response:
{
  "success": false,
  "status": 500,
  "data": "Server Error",
  "timeTaken": 284.5610000000015
}
Status code: 500
-------------------------------

[test number] should successfully handle input
Request:
{
  "gender": "MALE",
  "total_activity_duration": "NINE_TO_TWELVE_HOURS",
  "age": 25,
  "weight_today": 200,
  "height": 210,
  "category": "intermediate"
}
Response:
{
  "success": false,
  "status": 500,
  "data": "Server Error",
  "timeTaken": 293.59219999999914
}
Status code: 500
-------------------------------

[test number] should successfully handle input
Request:
{
  "gender": "MALE",
  "total_activity_duration": "THREE_TO_SIX_HOURS",
  "age": 25,
  "weight_today": 113.9,
  "height": 173,
  "category": "advanced"
}
Response:
{
  "success": false,
  "status": 500,
  "data": "Server Error",
  "timeTaken": 278.4930999999997
}
Status code: 500
-------------------------------

[test number] should successfully handle input
Request:
{
  "gender": "MALE",
  "total_activity_duration": "ZERO_TO_THREE_HOURS",
  "age": 50,
  "weight_today": 70,
  "height": 190,
  "category": "intermediate"
}
Response:
{
  "success": false,
  "status": 500,
  "data": "Server Error",
  "timeTaken": 289.5149000000001
}
Status code: 500
-------------------------------

[test number] should successfully handle input
Request:
{
  "gender": "MALE",
  "total_activity_duration": "NINE_TO_TWELVE_HOURS",
  "age": 100,
  "weight_today": 30,
  "height": 160,
  "category": "advanced"
}
Response:
{
  "success": false,
  "status": 500,
  "data": "Server Error",
  "timeTaken": 309.1961999999985
}
Status code: 500
-------------------------------

[test number] should successfully handle input
Request:
{
  "gender": "MALE",
  "total_activity_duration": "SIX_TO_NINE_HOURS",
  "age": 100,
  "weight_today": 200,
  "height": 160,
  "category": "advanced"
}
Response:
{
  "success": false,
  "status": 500,
  "data": "Server Error",
  "timeTaken": 268.4824000000008
}
Status code: 500
-------------------------------

[test number] should successfully handle input
Request:
{
  "gender": "FEMALE",
  "total_activity_duration": "ZERO_TO_THREE_HOURS",
  "age": 100,
  "weight_today": 113.9,
  "height": 190,
  "category": "beginner"
}
Response:
{
  "success": false,
  "status": 500,
  "data": "Server Error",
  "timeTaken": 279.0019000000011
}
Status code: 500
-------------------------------

[test number] should successfully handle input
Request:
{
  "gender": "MALE",
  "total_activity_duration": "SIX_TO_NINE_HOURS",
  "age": 0,
  "weight_today": 150,
  "height": 173,
  "category": "advanced"
}
Response:
{
  "success": false,
  "status": 500,
  "data": "Server Error",
  "timeTaken": 272.9865000000009
}
Status code: 500
-------------------------------

[test number] should successfully handle input
Request:
{
  "gender": "FEMALE",
  "total_activity_duration": "THREE_TO_SIX_HOURS",
  "age": 75,
  "weight_today": 150,
  "height": 173,
  "category": "intermediate"
}
Response:
{
  "success": false,
  "status": 500,
  "data": "Server Error",
  "timeTaken": 280.15049999999974
}
Status code: 500
-------------------------------

[test number] should successfully handle input
Request:
{
  "gender": "FEMALE",
  "total_activity_duration": "NINE_TO_TWELVE_HOURS",
  "age": 0,
  "weight_today": 30,
  "height": 140,
  "category": "intermediate"
}
Response:
{
  "success": false,
  "status": 500,
  "data": "Server Error",
  "timeTaken": 298.2301000000007
}
Status code: 500
-------------------------------

[test number] should successfully handle input
Request:
{
  "gender": "FEMALE",
  "total_activity_duration": "TWELVE_PLUS_HOURS",
  "age": 75,
  "weight_today": 70,
  "height": 210,
  "category": "beginner"
}
Response:
{
  "success": false,
  "status": 500,
  "data": "Server Error",
  "timeTaken": 283.46630000000005
}
Status code: 500
-------------------------------

[test number] should successfully handle input
Request:
{
  "gender": "FEMALE",
  "total_activity_duration": "SIX_TO_NINE_HOURS",
  "age": 50,
  "weight_today": 200,
  "height": 190,
  "category": "intermediate"
}
Response:
{
  "success": false,
  "status": 500,
  "data": "Server Error",
  "timeTaken": 279.09540000000015
}
Status code: 500
-------------------------------

[test number] should successfully handle input
Request:
{
  "gender": "FEMALE",
  "total_activity_duration": "SIX_TO_NINE_HOURS",
  "age": 0,
  "weight_today": 150,
  "height": 210,
  "category": "advanced"
}
Response:
{
  "success": false,
  "status": 500,
  "data": "Server Error",
  "timeTaken": 291.09200000000055
}
Status code: 500
-------------------------------

[test number] should successfully handle input
Request:
{
  "gender": "FEMALE",
  "total_activity_duration": "THREE_TO_SIX_HOURS",
  "age": 25,
  "weight_today": 150,
  "height": 140,
  "category": "advanced"
}
Response:
{
  "success": false,
  "status": 500,
  "data": "Server Error",
  "timeTaken": 292.6263999999992
}
Status code: 500
-------------------------------

[test number] should successfully handle input
Request:
{
  "gender": "FEMALE",
  "total_activity_duration": "NINE_TO_TWELVE_HOURS",
  "age": 100,
  "weight_today": 30,
  "height": 210,
  "category": "advanced"
}
Response:
{
  "success": false,
  "status": 500,
  "data": "Server Error",
  "timeTaken": 274.1166000000012
}
Status code: 500
-------------------------------

[test number] should successfully handle input
Request:
{
  "gender": "MALE",
  "total_activity_duration": "TWELVE_PLUS_HOURS",
  "age": 25,
  "weight_today": 30,
  "height": 190,
  "category": "advanced"
}
Response:
{
  "success": false,
  "status": 500,
  "data": "Server Error",
  "timeTaken": 281.8211999999985
}
Status code: 500
-------------------------------

[test number] should successfully handle input
Request:
{
  "gender": "MALE",
  "total_activity_duration": "ZERO_TO_THREE_HOURS",
  "age": 100,
  "weight_today": 113.9,
  "height": 140,
  "category": "intermediate"
}
Response:
{
  "success": false,
  "status": 500,
  "data": "Server Error",
  "timeTaken": 288.7325000000001
}
Status code: 500
-------------------------------

[test number] should successfully handle input
Request:
{
  "gender": "FEMALE",
  "total_activity_duration": "NINE_TO_TWELVE_HOURS",
  "age": 50,
  "weight_today": 30,
  "height": 173,
  "category": "beginner"
}
Response:
{
  "success": false,
  "status": 500,
  "data": "Server Error",
  "timeTaken": 278.45889999999963
}
Status code: 500
-------------------------------

[test number] should successfully handle input
Request:
{
  "gender": "MALE",
  "total_activity_duration": "ZERO_TO_THREE_HOURS",
  "age": 0,
  "weight_today": 70,
  "height": 140,
  "category": "advanced"
}
Response:
{
  "success": false,
  "status": 500,
  "data": "Server Error",
  "timeTaken": 304.29309999999896
}
Status code: 500
-------------------------------

[test number] should successfully handle input
Request:
{
  "gender": "FEMALE",
  "total_activity_duration": "ZERO_TO_THREE_HOURS",
  "age": 50,
  "weight_today": 113.9,
  "height": 160,
  "category": "beginner"
}
Response:
{
  "success": false,
  "status": 500,
  "data": "Server Error",
  "timeTaken": 305.126400000001
}
Status code: 500
-------------------------------

[test number] should successfully handle input
Request:
{
  "gender": "MALE",
  "total_activity_duration": "TWELVE_PLUS_HOURS",
  "age": 75,
  "weight_today": 70,
  "height": 160,
  "category": "advanced"
}
Response:
{
  "success": false,
  "status": 500,
  "data": "Server Error",
  "timeTaken": 296.20839999999953
}
Status code: 500
-------------------------------

[test number] should successfully handle input
Request:
{
  "gender": "MALE",
  "total_activity_duration": "THREE_TO_SIX_HOURS",
  "age": 75,
  "weight_today": 150,
  "height": 140,
  "category": "beginner"
}
Response:
{
  "success": false,
  "status": 500,
  "data": "Server Error",
  "timeTaken": 283.6170000000002
}
Status code: 500
-------------------------------

[test number] should successfully handle input
Request:
{
  "gender": "FEMALE",
  "total_activity_duration": "ZERO_TO_THREE_HOURS",
  "age": 0,
  "weight_today": 70,
  "height": 190,
  "category": "advanced"
}
Response:
{
  "success": false,
  "status": 500,
  "data": "Server Error",
  "timeTaken": 284.851200000001
}
Status code: 500
-------------------------------

[test number] should successfully handle input
Request:
{
  "gender": "FEMALE",
  "total_activity_duration": "TWELVE_PLUS_HOURS",
  "age": 25,
  "weight_today": 70,
  "height": 173,
  "category": "intermediate"
}
Response:
{
  "success": false,
  "status": 500,
  "data": "Server Error",
  "timeTaken": 307.2363000000005
}
Status code: 500
-------------------------------

[test number] should successfully handle input
Request:
{
  "gender": "MALE",
  "total_activity_duration": "SIX_TO_NINE_HOURS",
  "age": 50,
  "weight_today": 200,
  "height": 140,
  "category": "beginner"
}
Response:
{
  "success": false,
  "status": 500,
  "data": "Server Error",
  "timeTaken": 304.0016999999989
}
Status code: 500
-------------------------------

[test number] should successfully handle input
Request:
{
  "gender": "MALE",
  "total_activity_duration": "NINE_TO_TWELVE_HOURS",
  "age": 25,
  "weight_today": 200,
  "height": 210,
  "category": "advanced"
}
Response:
{
  "success": false,
  "status": 500,
  "data": "Server Error",
  "timeTaken": 306.6934999999994
}
Status code: 500
-------------------------------

[test number] should successfully handle input
Request:
{
  "gender": "MALE",
  "total_activity_duration": "ZERO_TO_THREE_HOURS",
  "age": 50,
  "weight_today": 70,
  "height": 190,
  "category": "advanced"
}
Response:
{
  "success": false,
  "status": 500,
  "data": "Server Error",
  "timeTaken": 286.22730000000047
}
Status code: 500
-------------------------------

[test number] should successfully handle input
Request:
{
  "gender": "MALE",
  "total_activity_duration": "SIX_TO_NINE_HOURS",
  "age": 100,
  "weight_today": 200,
  "height": 173,
  "category": "beginner"
}
Response:
{
  "success": false,
  "status": 500,
  "data": "Server Error",
  "timeTaken": 298.60260000000017
}
Status code: 500
-------------------------------

[test number] should successfully handle input
Request:
{
  "gender": "MALE",
  "total_activity_duration": "THREE_TO_SIX_HOURS",
  "age": 25,
  "weight_today": 113.9,
  "height": 190,
  "category": "beginner"
}
Response:
{
  "success": false,
  "status": 500,
  "data": "Server Error",
  "timeTaken": 333.86389999999847
}
Status code: 500
-------------------------------

[test number] should successfully handle input
Request:
{
  "gender": "MALE",
  "total_activity_duration": "NINE_TO_TWELVE_HOURS",
  "age": 100,
  "weight_today": 30,
  "height": 173,
  "category": "beginner"
}
Response:
{
  "success": false,
  "status": 500,
  "data": "Server Error",
  "timeTaken": 302.4483999999993
}
Status code: 500
-------------------------------

[test number] should successfully handle input
Request:
{
  "gender": "MALE",
  "total_activity_duration": "SIX_TO_NINE_HOURS",
  "age": 0,
  "weight_today": 150,
  "height": 190,
  "category": "beginner"
}
Response:
{
  "success": false,
  "status": 500,
  "data": "Server Error",
  "timeTaken": 275.8207999999995
}
Status code: 500
-------------------------------

[test number] should successfully handle input
Request:
{
  "gender": "FEMALE",
  "total_activity_duration": "ZERO_TO_THREE_HOURS",
  "age": 100,
  "weight_today": 113.9,
  "height": 190,
  "category": "intermediate"
}
Response:
{
  "success": false,
  "status": 500,
  "data": "Server Error",
  "timeTaken": 305.88980000000083
}
Status code: 500
-------------------------------

[test number] should successfully handle input
Request:
{
  "gender": "FEMALE",
  "total_activity_duration": "NINE_TO_TWELVE_HOURS",
  "age": 0,
  "weight_today": 30,
  "height": 140,
  "category": "advanced"
}
Response:
{
  "success": false,
  "status": 500,
  "data": "Server Error",
  "timeTaken": 278.84679999999935
}
Status code: 500
-------------------------------

[test number] should successfully handle input
Request:
{
  "gender": "FEMALE",
  "total_activity_duration": "THREE_TO_SIX_HOURS",
  "age": 75,
  "weight_today": 150,
  "height": 173,
  "category": "advanced"
}
Response:
{
  "success": false,
  "status": 500,
  "data": "Server Error",
  "timeTaken": 279.9990999999991
}
Status code: 500
-------------------------------

[test number] should successfully handle input
Request:
{
  "gender": "FEMALE",
  "total_activity_duration": "TWELVE_PLUS_HOURS",
  "age": 75,
  "weight_today": 70,
  "height": 210,
  "category": "intermediate"
}
Response:
{
  "success": false,
  "status": 500,
  "data": "Server Error",
  "timeTaken": 284.85989999999947
}
Status code: 500
-------------------------------

[test number] should successfully handle input
Request:
{
  "gender": "FEMALE",
  "total_activity_duration": "SIX_TO_NINE_HOURS",
  "age": 50,
  "weight_today": 200,
  "height": 190,
  "category": "advanced"
}
Response:
{
  "success": false,
  "status": 500,
  "data": "Server Error",
  "timeTaken": 274.7038999999986
}
Status code: 500
-------------------------------

[test number] should successfully handle input
Request:
{
  "gender": "FEMALE",
  "total_activity_duration": "SIX_TO_NINE_HOURS",
  "age": 0,
  "weight_today": 200,
  "height": 140,
  "category": "beginner"
}
Response:
{
  "success": false,
  "status": 500,
  "data": "Server Error",
  "timeTaken": 279.0457999999999
}
Status code: 500
-------------------------------

[test number] should successfully handle input
Request:
{
  "gender": "FEMALE",
  "total_activity_duration": "NINE_TO_TWELVE_HOURS",
  "age": 100,
  "weight_today": 70,
  "height": 140,
  "category": "beginner"
}
Response:
{
  "success": false,
  "status": 500,
  "data": "Server Error",
  "timeTaken": 278.33950000000004
}
Status code: 500
-------------------------------

[test number] should successfully handle input
Request:
{
  "gender": "MALE",
  "total_activity_duration": "TWELVE_PLUS_HOURS",
  "age": 25,
  "weight_today": 30,
  "height": 210,
  "category": "beginner"
}
Response:
{
  "success": false,
  "status": 500,
  "data": "Server Error",
  "timeTaken": 279.57650000000103
}
Status code: 500
-------------------------------

[test number] should successfully handle input
Request:
{
  "gender": "FEMALE",
  "total_activity_duration": "THREE_TO_SIX_HOURS",
  "age": 25,
  "weight_today": 150,
  "height": 160,
  "category": "beginner"
}
Response:
{
  "success": false,
  "status": 500,
  "data": "Server Error",
  "timeTaken": 291.53799999999865
}
Status code: 500
-------------------------------

[test number] should successfully handle input
Request:
{
  "gender": "MALE",
  "total_activity_duration": "ZERO_TO_THREE_HOURS",
  "age": 100,
  "weight_today": 113.9,
  "height": 140,
  "category": "advanced"
}
Response:
{
  "success": false,
  "status": 500,
  "data": "Server Error",
  "timeTaken": 270.96640000000116
}
Status code: 500
-------------------------------

[test number] should successfully handle input
Request:
{
  "gender": "FEMALE",
  "total_activity_duration": "NINE_TO_TWELVE_HOURS",
  "age": 50,
  "weight_today": 30,
  "height": 173,
  "category": "intermediate"
}
Response:
{
  "success": false,
  "status": 500,
  "data": "Server Error",
  "timeTaken": 284.0618000000013
}
Status code: 500
-------------------------------

[test number] should successfully handle input
Request:
{
  "gender": "FEMALE",
  "total_activity_duration": "ZERO_TO_THREE_HOURS",
  "age": 50,
  "weight_today": 113.9,
  "height": 160,
  "category": "intermediate"
}
Response:
{
  "success": false,
  "status": 500,
  "data": "Server Error",
  "timeTaken": 283.77010000000155
}
Status code: 500
-------------------------------

[test number] should successfully handle input
Request:
{
  "gender": "MALE",
  "total_activity_duration": "ZERO_TO_THREE_HOURS",
  "age": 0,
  "weight_today": 70,
  "height": 160,
  "category": "beginner"
}
Response:
{
  "success": false,
  "status": 500,
  "data": "Server Error",
  "timeTaken": 289.1735000000008
}
Status code: 500
-------------------------------

[test number] should successfully handle input
Request:
{
  "gender": "MALE",
  "total_activity_duration": "TWELVE_PLUS_HOURS",
  "age": 75,
  "weight_today": 70,
  "height": 173,
  "category": "beginner"
}
Response:
{
  "success": false,
  "status": 500,
  "data": "Server Error",
  "timeTaken": 274.8845999999994
}
Status code: 500
-------------------------------

[test number] should successfully handle input
Request:
{
  "gender": "MALE",
  "total_activity_duration": "THREE_TO_SIX_HOURS",
  "age": 75,
  "weight_today": 150,
  "height": 140,
  "category": "intermediate"
}
Response:
{
  "success": false,
  "status": 500,
  "data": "Server Error",
  "timeTaken": 286.82650000000103
}
Status code: 500
-------------------------------

[test number] should successfully handle input
Request:
{
  "gender": "FEMALE",
  "total_activity_duration": "ZERO_TO_THREE_HOURS",
  "age": 0,
  "weight_today": 70,
  "height": 210,
  "category": "beginner"
}
Response:
{
  "success": false,
  "status": 500,
  "data": "Server Error",
  "timeTaken": 281.4493000000002
}
Status code: 500
-------------------------------

[test number] should successfully handle input
Request:
{
  "gender": "FEMALE",
  "total_activity_duration": "TWELVE_PLUS_HOURS",
  "age": 25,
  "weight_today": 70,
  "height": 173,
  "category": "advanced"
}
Response:
{
  "success": false,
  "status": 500,
  "data": "Server Error",
  "timeTaken": 284.14969999999994
}
Status code: 500
-------------------------------

[test number] should successfully handle input
Request:
{
  "gender": "MALE",
  "total_activity_duration": "NINE_TO_TWELVE_HOURS",
  "age": 50,
  "weight_today": 30,
  "height": 140,
  "category": "beginner"
}
Response:
{
  "success": false,
  "status": 500,
  "data": "Server Error",
  "timeTaken": 283.34499999999935
}
Status code: 500
-------------------------------

[test number] should successfully handle input
Request:
{
  "gender": "MALE",
  "total_activity_duration": "ZERO_TO_THREE_HOURS",
  "age": 50,
  "weight_today": 70,
  "height": 210,
  "category": "beginner"
}
Response:
{
  "success": false,
  "status": 500,
  "data": "Server Error",
  "timeTaken": 285.9274999999998
}
Status code: 500
-------------------------------

[test number] should successfully handle input
Request:
{
  "gender": "MALE",
  "total_activity_duration": "SIX_TO_NINE_HOURS",
  "age": 50,
  "weight_today": 200,
  "height": 140,
  "category": "intermediate"
}
Response:
{
  "success": false,
  "status": 500,
  "data": "Server Error",
  "timeTaken": 312.8097999999991
}
Status code: 500
-------------------------------

[test number] should successfully handle input
Request:
{
  "gender": "MALE",
  "total_activity_duration": "SIX_TO_NINE_HOURS",
  "age": 100,
  "weight_today": 200,
  "height": 173,
  "category": "intermediate"
}
Response:
{
  "success": false,
  "status": 500,
  "data": "Server Error",
  "timeTaken": 278.0072
}
Status code: 500
-------------------------------

[test number] should successfully handle input
Request:
{
  "gender": "MALE",
  "total_activity_duration": "THREE_TO_SIX_HOURS",
  "age": 25,
  "weight_today": 113.9,
  "height": 190,
  "category": "intermediate"
}
Response:
{
  "success": false,
  "status": 500,
  "data": "Server Error",
  "timeTaken": 272.5524999999998
}
Status code: 500
-------------------------------

[test number] should successfully handle input
Request:
{
  "gender": "MALE",
  "total_activity_duration": "NINE_TO_TWELVE_HOURS",
  "age": 100,
  "weight_today": 30,
  "height": 173,
  "category": "intermediate"
}
Response:
{
  "success": false,
  "status": 500,
  "data": "Server Error",
  "timeTaken": 274.27750000000015
}
Status code: 500
-------------------------------

[test number] should successfully handle input
Request:
{
  "gender": "FEMALE",
  "total_activity_duration": "THREE_TO_SIX_HOURS",
  "age": 75,
  "weight_today": 150,
  "height": 190,
  "category": "beginner"
}
Response:
{
  "success": false,
  "status": 500,
  "data": "Server Error",
  "timeTaken": 280.4229000000014
}
Status code: 500
-------------------------------

[test number] should successfully handle input
Request:
{
  "gender": "MALE",
  "total_activity_duration": "SIX_TO_NINE_HOURS",
  "age": 0,
  "weight_today": 150,
  "height": 190,
  "category": "intermediate"
}
Response:
{
  "success": false,
  "status": 500,
  "data": "Server Error",
  "timeTaken": 285.05159999999887
}
Status code: 500
-------------------------------

[test number] should successfully handle input
Request:
{
  "gender": "FEMALE",
  "total_activity_duration": "ZERO_TO_THREE_HOURS",
  "age": 100,
  "weight_today": 113.9,
  "height": 190,
  "category": "advanced"
}
Response:
{
  "success": false,
  "status": 500,
  "data": "Server Error",
  "timeTaken": 286.64660000000003
}
Status code: 500
-------------------------------

[test number] should successfully handle input
Request:
{
  "gender": "FEMALE",
  "total_activity_duration": "NINE_TO_TWELVE_HOURS",
  "age": 0,
  "weight_today": 30,
  "height": 160,
  "category": "beginner"
}
Response:
{
  "success": false,
  "status": 500,
  "data": "Server Error",
  "timeTaken": 291.65109999999913
}
Status code: 500
-------------------------------

[test number] should successfully handle input
Request:
{
  "gender": "FEMALE",
  "total_activity_duration": "SIX_TO_NINE_HOURS",
  "age": 50,
  "weight_today": 200,
  "height": 210,
  "category": "beginner"
}
Response:
{
  "success": false,
  "status": 500,
  "data": "Server Error",
  "timeTaken": 273.4557999999997
}
Status code: 500
-------------------------------

[test number] should successfully handle input
Request:
{
  "gender": "FEMALE",
  "total_activity_duration": "TWELVE_PLUS_HOURS",
  "age": 75,
  "weight_today": 70,
  "height": 210,
  "category": "advanced"
}
Response:
{
  "success": false,
  "status": 500,
  "data": "Server Error",
  "timeTaken": 276.9261999999999
}
Status code: 500
-------------------------------

[test number] should successfully handle input
Request:
{
  "gender": "FEMALE",
  "total_activity_duration": "SIX_TO_NINE_HOURS",
  "age": 0,
  "weight_today": 200,
  "height": 140,
  "category": "intermediate"
}
Response:
{
  "success": false,
  "status": 500,
  "data": "Server Error",
  "timeTaken": 287.0136000000002
}
Status code: 500
-------------------------------

[test number] should successfully handle input
Request:
{
  "gender": "FEMALE",
  "total_activity_duration": "NINE_TO_TWELVE_HOURS",
  "age": 100,
  "weight_today": 70,
  "height": 140,
  "category": "intermediate"
}
Response:
{
  "success": false,
  "status": 500,
  "data": "Server Error",
  "timeTaken": 279.5052999999989
}
Status code: 500
-------------------------------

[test number] should successfully handle input
Request:
{
  "gender": "FEMALE",
  "total_activity_duration": "THREE_TO_SIX_HOURS",
  "age": 25,
  "weight_today": 150,
  "height": 160,
  "category": "intermediate"
}
Response:
{
  "success": false,
  "status": 500,
  "data": "Server Error",
  "timeTaken": 280.21810000000005
}
Status code: 500
-------------------------------

[test number] should successfully handle input
Request:
{
  "gender": "MALE",
  "total_activity_duration": "TWELVE_PLUS_HOURS",
  "age": 25,
  "weight_today": 30,
  "height": 210,
  "category": "intermediate"
}
Response:
{
  "success": false,
  "status": 500,
  "data": "Server Error",
  "timeTaken": 306.3721000000005
}
Status code: 500
-------------------------------

[test number] should successfully handle input
Request:
{
  "gender": "MALE",
  "total_activity_duration": "ZERO_TO_THREE_HOURS",
  "age": 100,
  "weight_today": 113.9,
  "height": 160,
  "category": "beginner"
}
Response:
{
  "success": false,
  "status": 500,
  "data": "Server Error",
  "timeTaken": 291.21949999999924
}
Status code: 500
-------------------------------

[test number] should successfully handle input
Request:
{
  "gender": "FEMALE",
  "total_activity_duration": "ZERO_TO_THREE_HOURS",
  "age": 50,
  "weight_today": 113.9,
  "height": 160,
  "category": "advanced"
}
Response:
{
  "success": false,
  "status": 500,
  "data": "Server Error",
  "timeTaken": 286.91559999999845
}
Status code: 500
-------------------------------

[test number] should successfully handle input
Request:
{
  "gender": "MALE",
  "total_activity_duration": "ZERO_TO_THREE_HOURS",
  "age": 0,
  "weight_today": 70,
  "height": 160,
  "category": "intermediate"
}
Response:
{
  "success": false,
  "status": 500,
  "data": "Server Error",
  "timeTaken": 287.6753000000008
}
Status code: 500
-------------------------------

[test number] should successfully handle input
Request:
{
  "gender": "MALE",
  "total_activity_duration": "TWELVE_PLUS_HOURS",
  "age": 75,
  "weight_today": 70,
  "height": 173,
  "category": "intermediate"
}
Response:
{
  "success": false,
  "status": 500,
  "data": "Server Error",
  "timeTaken": 289.4184000000005
}
Status code: 500
-------------------------------

[test number] should successfully handle input
Request:
{
  "gender": "FEMALE",
  "total_activity_duration": "NINE_TO_TWELVE_HOURS",
  "age": 50,
  "weight_today": 30,
  "height": 173,
  "category": "advanced"
}
Response:
{
  "success": false,
  "status": 500,
  "data": "Server Error",
  "timeTaken": 357.1352000000006
}
Status code: 500
-------------------------------

[test number] should successfully handle input
Request:
{
  "gender": "MALE",
  "total_activity_duration": "THREE_TO_SIX_HOURS",
  "age": 75,
  "weight_today": 150,
  "height": 140,
  "category": "advanced"
}
Response:
{
  "success": false,
  "status": 500,
  "data": "Server Error",
  "timeTaken": 279.606600000001
}
Status code: 500
-------------------------------

[test number] should successfully handle input
Request:
{
  "gender": "FEMALE",
  "total_activity_duration": "TWELVE_PLUS_HOURS",
  "age": 25,
  "weight_today": 70,
  "height": 190,
  "category": "beginner"
}
Response:
{
  "success": false,
  "status": 500,
  "data": "Server Error",
  "timeTaken": 271.8658000000014
}
Status code: 500
-------------------------------

[test number] should successfully handle input
Request:
{
  "gender": "FEMALE",
  "total_activity_duration": "ZERO_TO_THREE_HOURS",
  "age": 0,
  "weight_today": 70,
  "height": 210,
  "category": "intermediate"
}
Response:
{
  "success": false,
  "status": 500,
  "data": "Server Error",
  "timeTaken": 277.7913000000008
}
Status code: 500
-------------------------------

[test number] should successfully handle input
Request:
{
  "gender": "MALE",
  "total_activity_duration": "NINE_TO_TWELVE_HOURS",
  "age": 50,
  "weight_today": 30,
  "height": 140,
  "category": "intermediate"
}
Response:
{
  "success": false,
  "status": 500,
  "data": "Server Error",
  "timeTaken": 288.1735000000008
}
Status code: 500
-------------------------------

[test number] should successfully handle input
Request:
{
  "gender": "MALE",
  "total_activity_duration": "ZERO_TO_THREE_HOURS",
  "age": 50,
  "weight_today": 70,
  "height": 210,
  "category": "intermediate"
}
Response:
{
  "success": false,
  "status": 500,
  "data": "Server Error",
  "timeTaken": 286.01810000000114
}
Status code: 500
-------------------------------

[test number] should successfully handle input
Request:
{
  "gender": "MALE",
  "total_activity_duration": "SIX_TO_NINE_HOURS",
  "age": 100,
  "weight_today": 200,
  "height": 173,
  "category": "advanced"
}
Response:
{
  "success": false,
  "status": 500,
  "data": "Server Error",
  "timeTaken": 275.09640000000036
}
Status code: 500
-------------------------------

[test number] should successfully handle input
Request:
{
  "gender": "MALE",
  "total_activity_duration": "THREE_TO_SIX_HOURS",
  "age": 25,
  "weight_today": 113.9,
  "height": 190,
  "category": "advanced"
}
Response:
{
  "success": false,
  "status": 500,
  "data": "Server Error",
  "timeTaken": 269.6427999999996
}
Status code: 500
-------------------------------

[test number] should successfully handle input
Request:
{
  "gender": "MALE",
  "total_activity_duration": "SIX_TO_NINE_HOURS",
  "age": 50,
  "weight_today": 200,
  "height": 140,
  "category": "advanced"
}
Response:
{
  "success": false,
  "status": 500,
  "data": "Server Error",
  "timeTaken": 298.53369999999995
}
Status code: 500
-------------------------------

[test number] should successfully handle input
Request:
{
  "gender": "FEMALE",
  "total_activity_duration": "THREE_TO_SIX_HOURS",
  "age": 75,
  "weight_today": 150,
  "height": 190,
  "category": "intermediate"
}
Response:
{
  "success": false,
  "status": 500,
  "data": "Server Error",
  "timeTaken": 287.89110000000073
}
Status code: 500
-------------------------------

[test number] should successfully handle input
Request:
{
  "gender": "MALE",
  "total_activity_duration": "NINE_TO_TWELVE_HOURS",
  "age": 100,
  "weight_today": 30,
  "height": 173,
  "category": "advanced"
}
Response:
{
  "success": false,
  "status": 500,
  "data": "Server Error",
  "timeTaken": 298.3047999999999
}
Status code: 500
-------------------------------

[test number] should successfully handle input
Request:
{
  "gender": "FEMALE",
  "total_activity_duration": "NINE_TO_TWELVE_HOURS",
  "age": 0,
  "weight_today": 30,
  "height": 160,
  "category": "intermediate"
}
Response:
{
  "success": false,
  "status": 500,
  "data": "Server Error",
  "timeTaken": 280.85260000000017
}
Status code: 500
-------------------------------

[test number] should successfully handle input
Request:
{
  "gender": "FEMALE",
  "total_activity_duration": "ZERO_TO_THREE_HOURS",
  "age": 100,
  "weight_today": 113.9,
  "height": 210,
  "category": "beginner"
}
Response:
{
  "success": false,
  "status": 500,
  "data": "Server Error",
  "timeTaken": 285.16220000000067
}
Status code: 500
-------------------------------

[test number] should successfully handle input
Request:
{
  "gender": "FEMALE",
  "total_activity_duration": "SIX_TO_NINE_HOURS",
  "age": 50,
  "weight_today": 200,
  "height": 210,
  "category": "intermediate"
}
Response:
{
  "success": false,
  "status": 500,
  "data": "Server Error",
  "timeTaken": 285.97630000000026
}
Status code: 500
-------------------------------

[test number] should successfully handle input
Request:
{
  "gender": "MALE",
  "total_activity_duration": "SIX_TO_NINE_HOURS",
  "age": 0,
  "weight_today": 150,
  "height": 190,
  "category": "advanced"
}
Response:
{
  "success": false,
  "status": 500,
  "data": "Server Error",
  "timeTaken": 301.7693999999992
}
Status code: 500
-------------------------------

[test number] should successfully handle input
Request:
{
  "gender": "FEMALE",
  "total_activity_duration": "TWELVE_PLUS_HOURS",
  "age": 75,
  "weight_today": 113.9,
  "height": 140,
  "category": "beginner"
}
Response:
{
  "success": false,
  "status": 500,
  "data": "Server Error",
  "timeTaken": 297.58860000000095
}
Status code: 500
-------------------------------

[test number] should successfully handle input
Request:
{
  "gender": "FEMALE",
  "total_activity_duration": "NINE_TO_TWELVE_HOURS",
  "age": 100,
  "weight_today": 70,
  "height": 140,
  "category": "advanced"
}
Response:
{
  "success": false,
  "status": 500,
  "data": "Server Error",
  "timeTaken": 289.9380999999994
}
Status code: 500
-------------------------------

[test number] should successfully handle input
Request:
{
  "gender": "FEMALE",
  "total_activity_duration": "THREE_TO_SIX_HOURS",
  "age": 25,
  "weight_today": 150,
  "height": 160,
  "category": "advanced"
}
Response:
{
  "success": false,
  "status": 500,
  "data": "Server Error",
  "timeTaken": 272.6813999999995
}
Status code: 500
-------------------------------

[test number] should successfully handle input
Request:
{
  "gender": "MALE",
  "total_activity_duration": "TWELVE_PLUS_HOURS",
  "age": 25,
  "weight_today": 30,
  "height": 210,
  "category": "advanced"
}
Response:
{
  "success": false,
  "status": 500,
  "data": "Server Error",
  "timeTaken": 278.7305000000015
}
Status code: 500
-------------------------------

[test number] should successfully handle input
Request:
{
  "gender": "MALE",
  "total_activity_duration": "ZERO_TO_THREE_HOURS",
  "age": 100,
  "weight_today": 113.9,
  "height": 160,
  "category": "intermediate"
}
Response:
{
  "success": false,
  "status": 500,
  "data": "Server Error",
  "timeTaken": 278.59809999999925
}
Status code: 500
-------------------------------

[test number] should successfully handle input
Request:
{
  "gender": "FEMALE",
  "total_activity_duration": "SIX_TO_NINE_HOURS",
  "age": 0,
  "weight_today": 200,
  "height": 140,
  "category": "advanced"
}
Response:
{
  "success": false,
  "status": 500,
  "data": "Server Error",
  "timeTaken": 356.8792000000012
}
Status code: 500
-------------------------------

[test number] should successfully handle input
Request:
{
  "gender": "FEMALE",
  "total_activity_duration": "ZERO_TO_THREE_HOURS",
  "age": 50,
  "weight_today": 113.9,
  "height": 173,
  "category": "beginner"
}
Response:
{
  "success": false,
  "status": 500,
  "data": "Server Error",
  "timeTaken": 265.77670000000035
}
Status code: 500
-------------------------------

[test number] should successfully handle input
Request:
{
  "gender": "MALE",
  "total_activity_duration": "TWELVE_PLUS_HOURS",
  "age": 75,
  "weight_today": 70,
  "height": 173,
  "category": "advanced"
}
Response:
{
  "success": false,
  "status": 500,
  "data": "Server Error",
  "timeTaken": 271.29379999999946
}
Status code: 500
-------------------------------

[test number] should successfully handle input
Request:
{
  "gender": "MALE",
  "total_activity_duration": "THREE_TO_SIX_HOURS",
  "age": 75,
  "weight_today": 150,
  "height": 160,
  "category": "beginner"
}
Response:
{
  "success": false,
  "status": 500,
  "data": "Server Error",
  "timeTaken": 280.66549999999916
}
Status code: 500
-------------------------------

[test number] should successfully handle input
Request:
{
  "gender": "FEMALE",
  "total_activity_duration": "TWELVE_PLUS_HOURS",
  "age": 25,
  "weight_today": 70,
  "height": 190,
  "category": "intermediate"
}
Response:
{
  "success": false,
  "status": 500,
  "data": "Server Error",
  "timeTaken": 270.14370000000054
}
Status code: 500
-------------------------------

[test number] should successfully handle input
Request:
{
  "gender": "MALE",
  "total_activity_duration": "ZERO_TO_THREE_HOURS",
  "age": 0,
  "weight_today": 70,
  "height": 160,
  "category": "advanced"
}
Response:
{
  "success": false,
  "status": 500,
  "data": "Server Error",
  "timeTaken": 328.71659999999974
}
Status code: 500
-------------------------------

[test number] should successfully handle input
Request:
{
  "gender": "FEMALE",
  "total_activity_duration": "ZERO_TO_THREE_HOURS",
  "age": 0,
  "weight_today": 70,
  "height": 210,
  "category": "advanced"
}
Response:
{
  "success": false,
  "status": 500,
  "data": "Server Error",
  "timeTaken": 288.65599999999904
}
Status code: 500
-------------------------------

[test number] should successfully handle input
Request:
{
  "gender": "FEMALE",
  "total_activity_duration": "NINE_TO_TWELVE_HOURS",
  "age": 50,
  "weight_today": 30,
  "height": 190,
  "category": "beginner"
}
Response:
{
  "success": false,
  "status": 500,
  "data": "Server Error",
  "timeTaken": 312.83200000000033
}
Status code: 500
-------------------------------

[test number] should successfully handle input
Request:
{
  "gender": "MALE",
  "total_activity_duration": "NINE_TO_TWELVE_HOURS",
  "age": 50,
  "weight_today": 30,
  "height": 140,
  "category": "advanced"
}
Response:
{
  "success": false,
  "status": 500,
  "data": "Server Error",
  "timeTaken": 283.4314000000013
}
Status code: 500
-------------------------------

[test number] should successfully handle input
Request:
{
  "gender": "MALE",
  "total_activity_duration": "ZERO_TO_THREE_HOURS",
  "age": 50,
  "weight_today": 70,
  "height": 210,
  "category": "advanced"
}
Response:
{
  "success": false,
  "status": 500,
  "data": "Server Error",
  "timeTaken": 289.1751999999997
}
Status code: 500
-------------------------------

[test number] should successfully handle input
Request:
{
  "gender": "MALE",
  "total_activity_duration": "THREE_TO_SIX_HOURS",
  "age": 25,
  "weight_today": 113.9,
  "height": 210,
  "category": "beginner"
}
Response:
{
  "success": false,
  "status": 500,
  "data": "Server Error",
  "timeTaken": 277.5828999999994
}
Status code: 500
-------------------------------

[test number] should successfully handle input
Request:
{
  "gender": "MALE",
  "total_activity_duration": "SIX_TO_NINE_HOURS",
  "age": 50,
  "weight_today": 200,
  "height": 160,
  "category": "beginner"
}
Response:
{
  "success": false,
  "status": 500,
  "data": "Server Error",
  "timeTaken": 279.7484999999997
}
Status code: 500
-------------------------------

[test number] should successfully handle input
Request:
{
  "gender": "FEMALE",
  "total_activity_duration": "THREE_TO_SIX_HOURS",
  "age": 75,
  "weight_today": 150,
  "height": 190,
  "category": "advanced"
}
Response:
{
  "success": false,
  "status": 500,
  "data": "Server Error",
  "timeTaken": 271.73309999999947
}
Status code: 500
-------------------------------

[test number] should successfully handle input
Request:
{
  "gender": "MALE",
  "total_activity_duration": "SIX_TO_NINE_HOURS",
  "age": 100,
  "weight_today": 200,
  "height": 190,
  "category": "beginner"
}
Response:
{
  "success": false,
  "status": 500,
  "data": "Server Error",
  "timeTaken": 302.84050000000025
}
Status code: 500
-------------------------------

[test number] should successfully handle input
Request:
{
  "gender": "FEMALE",
  "total_activity_duration": "SIX_TO_NINE_HOURS",
  "age": 50,
  "weight_today": 200,
  "height": 210,
  "category": "advanced"
}
Response:
{
  "success": false,
  "status": 500,
  "data": "Server Error",
  "timeTaken": 262.91690000000017
}
Status code: 500
-------------------------------

[test number] should successfully handle input
Request:
{
  "gender": "FEMALE",
  "total_activity_duration": "ZERO_TO_THREE_HOURS",
  "age": 100,
  "weight_today": 113.9,
  "height": 210,
  "category": "intermediate"
}
Response:
{
  "success": false,
  "status": 500,
  "data": "Server Error",
  "timeTaken": 278.3714999999993
}
Status code: 500
-------------------------------

[test number] should successfully handle input
Request:
{
  "gender": "MALE",
  "total_activity_duration": "NINE_TO_TWELVE_HOURS",
  "age": 100,
  "weight_today": 30,
  "height": 190,
  "category": "beginner"
}
Response:
{
  "success": false,
  "status": 500,
  "data": "Server Error",
  "timeTaken": 279.46539999999914
}
Status code: 500
-------------------------------

[test number] should successfully handle input
Request:
{
  "gender": "FEMALE",
  "total_activity_duration": "NINE_TO_TWELVE_HOURS",
  "age": 0,
  "weight_today": 30,
  "height": 160,
  "category": "advanced"
}
Response:
{
  "success": false,
  "status": 500,
  "data": "Server Error",
  "timeTaken": 290.46359999999913
}
Status code: 500
-------------------------------

[test number] should successfully handle input
Request:
{
  "gender": "FEMALE",
  "total_activity_duration": "TWELVE_PLUS_HOURS",
  "age": 75,
  "weight_today": 113.9,
  "height": 140,
  "category": "intermediate"
}
Response:
{
  "success": false,
  "status": 500,
  "data": "Server Error",
  "timeTaken": 287.16289999999935
}
Status code: 500
-------------------------------

[test number] should successfully handle input
Request:
{
  "gender": "MALE",
  "total_activity_duration": "SIX_TO_NINE_HOURS",
  "age": 0,
  "weight_today": 150,
  "height": 210,
  "category": "beginner"
}
Response:
{
  "success": false,
  "status": 500,
  "data": "Server Error",
  "timeTaken": 299.6905999999999
}
Status code: 500
-------------------------------

[test number] should successfully handle input
Request:
{
  "gender": "FEMALE",
  "total_activity_duration": "NINE_TO_TWELVE_HOURS",
  "age": 100,
  "weight_today": 70,
  "height": 160,
  "category": "beginner"
}
Response:
{
  "success": false,
  "status": 500,
  "data": "Server Error",
  "timeTaken": 276.97979999999916
}
Status code: 500
-------------------------------

[test number] should successfully handle input
Request:
{
  "gender": "FEMALE",
  "total_activity_duration": "THREE_TO_SIX_HOURS",
  "age": 25,
  "weight_today": 150,
  "height": 173,
  "category": "beginner"
}
Response:
{
  "success": false,
  "status": 500,
  "data": "Server Error",
  "timeTaken": 293.3065999999999
}
Status code: 500
-------------------------------

[test number] should successfully handle input
Request:
{
  "gender": "MALE",
  "total_activity_duration": "ZERO_TO_THREE_HOURS",
  "age": 100,
  "weight_today": 113.9,
  "height": 160,
  "category": "advanced"
}
Response:
{
  "success": false,
  "status": 500,
  "data": "Server Error",
  "timeTaken": 278.21760000000177
}
Status code: 500
-------------------------------

[test number] should successfully handle input
Request:
{
  "gender": "FEMALE",
  "total_activity_duration": "ZERO_TO_THREE_HOURS",
  "age": 50,
  "weight_today": 113.9,
  "height": 173,
  "category": "intermediate"
}
Response:
{
  "success": false,
  "status": 500,
  "data": "Server Error",
  "timeTaken": 279.2520000000004
}
Status code: 500
-------------------------------

[test number] should successfully handle input
Request:
{
  "gender": "MALE",
  "total_activity_duration": "TWELVE_PLUS_HOURS",
  "age": 25,
  "weight_today": 70,
  "height": 140,
  "category": "beginner"
}
Response:
{
  "success": false,
  "status": 500,
  "data": "Server Error",
  "timeTaken": 315.6373000000003
}
Status code: 500
-------------------------------

[test number] should successfully handle input
Request:
{
  "gender": "FEMALE",
  "total_activity_duration": "SIX_TO_NINE_HOURS",
  "age": 0,
  "weight_today": 200,
  "height": 160,
  "category": "beginner"
}
Response:
{
  "success": false,
  "status": 500,
  "data": "Server Error",
  "timeTaken": 324.91409999999996
}
Status code: 500
-------------------------------

[test number] should successfully handle input
Request:
{
  "gender": "MALE",
  "total_activity_duration": "THREE_TO_SIX_HOURS",
  "age": 75,
  "weight_today": 150,
  "height": 160,
  "category": "intermediate"
}
Response:
{
  "success": false,
  "status": 500,
  "data": "Server Error",
  "timeTaken": 286.65279999999984
}
Status code: 500
-------------------------------

[test number] should successfully handle input
Request:
{
  "gender": "FEMALE",
  "total_activity_duration": "TWELVE_PLUS_HOURS",
  "age": 25,
  "weight_today": 70,
  "height": 190,
  "category": "advanced"
}
Response:
{
  "success": false,
  "status": 500,
  "data": "Server Error",
  "timeTaken": 279.5475999999999
}
Status code: 500
-------------------------------

[test number] should successfully handle input
Request:
{
  "gender": "FEMALE",
  "total_activity_duration": "ZERO_TO_THREE_HOURS",
  "age": 0,
  "weight_today": 113.9,
  "height": 140,
  "category": "beginner"
}
Response:
{
  "success": false,
  "status": 500,
  "data": "Server Error",
  "timeTaken": 281.83940000000075
}
Status code: 500
-------------------------------

[test number] should successfully handle input
Request:
{
  "gender": "MALE",
  "total_activity_duration": "TWELVE_PLUS_HOURS",
  "age": 75,
  "weight_today": 70,
  "height": 190,
  "category": "beginner"
}
Response:
{
  "success": false,
  "status": 500,
  "data": "Server Error",
  "timeTaken": 316.7082999999984
}
Status code: 500
-------------------------------

[test number] should successfully handle input
Request:
{
  "gender": "MALE",
  "total_activity_duration": "ZERO_TO_THREE_HOURS",
  "age": 0,
  "weight_today": 70,
  "height": 173,
  "category": "beginner"
}
Response:
{
  "success": false,
  "status": 500,
  "data": "Server Error",
  "timeTaken": 297.51800000000003
}
Status code: 500
-------------------------------

[test number] should successfully handle input
Request:
{
  "gender": "MALE",
  "total_activity_duration": "ZERO_TO_THREE_HOURS",
  "age": 50,
  "weight_today": 113.9,
  "height": 140,
  "category": "beginner"
}
Response:
{
  "success": false,
  "status": 500,
  "data": "Server Error",
  "timeTaken": 280.3001000000004
}
Status code: 500
-------------------------------

[test number] should successfully handle input
Request:
{
  "gender": "FEMALE",
  "total_activity_duration": "NINE_TO_TWELVE_HOURS",
  "age": 50,
  "weight_today": 30,
  "height": 190,
  "category": "intermediate"
}
Response:
{
  "success": false,
  "status": 500,
  "data": "Server Error",
  "timeTaken": 288.79119999999966
}
Status code: 500
-------------------------------

[test number] should successfully handle input
Request:
{
  "gender": "MALE",
  "total_activity_duration": "THREE_TO_SIX_HOURS",
  "age": 25,
  "weight_today": 113.9,
  "height": 210,
  "category": "intermediate"
}
Response:
{
  "success": false,
  "status": 500,
  "data": "Server Error",
  "timeTaken": 270.29079999999885
}
Status code: 500
-------------------------------

[test number] should successfully handle input
Request:
{
  "gender": "FEMALE",
  "total_activity_duration": "THREE_TO_SIX_HOURS",
  "age": 75,
  "weight_today": 150,
  "height": 210,
  "category": "beginner"
}
Response:
{
  "success": false,
  "status": 500,
  "data": "Server Error",
  "timeTaken": 283.27230000000054
}
Status code: 500
-------------------------------

[test number] should successfully handle input
Request:
{
  "gender": "MALE",
  "total_activity_duration": "SIX_TO_NINE_HOURS",
  "age": 50,
  "weight_today": 200,
  "height": 160,
  "category": "intermediate"
}
Response:
{
  "success": false,
  "status": 500,
  "data": "Server Error",
  "timeTaken": 292.3204999999998
}
Status code: 500
-------------------------------

[test number] should successfully handle input
Request:
{
  "gender": "FEMALE",
  "total_activity_duration": "SIX_TO_NINE_HOURS",
  "age": 75,
  "weight_today": 30,
  "height": 140,
  "category": "beginner"
}
Response:
{
  "success": false,
  "status": 500,
  "data": "Server Error",
  "timeTaken": 272.60410000000047
}
Status code: 500
-------------------------------

[test number] should successfully handle input
Request:
{
  "gender": "MALE",
  "total_activity_duration": "SIX_TO_NINE_HOURS",
  "age": 100,
  "weight_today": 200,
  "height": 190,
  "category": "intermediate"
}
Response:
{
  "success": false,
  "status": 500,
  "data": "Server Error",
  "timeTaken": 284.27289999999994
}
Status code: 500
-------------------------------

[test number] should successfully handle input
Request:
{
  "gender": "MALE",
  "total_activity_duration": "NINE_TO_TWELVE_HOURS",
  "age": 100,
  "weight_today": 30,
  "height": 190,
  "category": "intermediate"
}
Response:
{
  "success": false,
  "status": 500,
  "data": "Server Error",
  "timeTaken": 282.5748000000003
}
Status code: 500
-------------------------------

[test number] should successfully handle input
Request:
{
  "gender": "FEMALE",
  "total_activity_duration": "ZERO_TO_THREE_HOURS",
  "age": 100,
  "weight_today": 113.9,
  "height": 210,
  "category": "advanced"
}
Response:
{
  "success": false,
  "status": 500,
  "data": "Server Error",
  "timeTaken": 283.79179999999906
}
Status code: 500
-------------------------------

[test number] should successfully handle input
Request:
{
  "gender": "FEMALE",
  "total_activity_duration": "NINE_TO_TWELVE_HOURS",
  "age": 0,
  "weight_today": 30,
  "height": 173,
  "category": "beginner"
}
Response:
{
  "success": false,
  "status": 500,
  "data": "Server Error",
  "timeTaken": 303.53410000000076
}
Status code: 500
-------------------------------

[test number] should successfully handle input
Request:
{
  "gender": "MALE",
  "total_activity_duration": "SIX_TO_NINE_HOURS",
  "age": 0,
  "weight_today": 150,
  "height": 210,
  "category": "intermediate"
}
Response:
{
  "success": false,
  "status": 500,
  "data": "Server Error",
  "timeTaken": 277.77340000000004
}
Status code: 500
-------------------------------

[test number] should successfully handle input
Request:
{
  "gender": "FEMALE",
  "total_activity_duration": "TWELVE_PLUS_HOURS",
  "age": 75,
  "weight_today": 113.9,
  "height": 140,
  "category": "advanced"
}
Response:
{
  "success": false,
  "status": 500,
  "data": "Server Error",
  "timeTaken": 295.6923999999999
}
Status code: 500
-------------------------------

[test number] should successfully handle input
Request:
{
  "gender": "FEMALE",
  "total_activity_duration": "NINE_TO_TWELVE_HOURS",
  "age": 100,
  "weight_today": 70,
  "height": 160,
  "category": "intermediate"
}
Response:
{
  "success": false,
  "status": 500,
  "data": "Server Error",
  "timeTaken": 280.28399999999965
}
Status code: 500
-------------------------------

[test number] should successfully handle input
Request:
{
  "gender": "FEMALE",
  "total_activity_duration": "THREE_TO_SIX_HOURS",
  "age": 25,
  "weight_today": 150,
  "height": 173,
  "category": "intermediate"
}
Response:
{
  "success": false,
  "status": 500,
  "data": "Server Error",
  "timeTaken": 278.90849999999955
}
Status code: 500
-------------------------------

[test number] should successfully handle input
Request:
{
  "gender": "MALE",
  "total_activity_duration": "ZERO_TO_THREE_HOURS",
  "age": 100,
  "weight_today": 113.9,
  "height": 173,
  "category": "beginner"
}
Response:
{
  "success": false,
  "status": 500,
  "data": "Server Error",
  "timeTaken": 287.78369999999995
}
Status code: 500
-------------------------------

[test number] should successfully handle input
Request:
{
  "gender": "FEMALE",
  "total_activity_duration": "ZERO_TO_THREE_HOURS",
  "age": 50,
  "weight_today": 113.9,
  "height": 173,
  "category": "advanced"
}
Response:
{
  "success": false,
  "status": 500,
  "data": "Server Error",
  "timeTaken": 280.1113000000005
}
Status code: 500
-------------------------------

[test number] should successfully handle input
Request:
{
  "gender": "MALE",
  "total_activity_duration": "TWELVE_PLUS_HOURS",
  "age": 25,
  "weight_today": 70,
  "height": 140,
  "category": "intermediate"
}
Response:
{
  "success": false,
  "status": 500,
  "data": "Server Error",
  "timeTaken": 302.53919999999925
}
Status code: 500
-------------------------------

[test number] should successfully handle input
Request:
{
  "gender": "MALE",
  "total_activity_duration": "THREE_TO_SIX_HOURS",
  "age": 75,
  "weight_today": 150,
  "height": 160,
  "category": "advanced"
}
Response:
{
  "success": false,
  "status": 500,
  "data": "Server Error",
  "timeTaken": 287.52299999999923
}
Status code: 500
-------------------------------

[test number] should successfully handle input
Request:
{
  "gender": "MALE",
  "total_activity_duration": "ZERO_TO_THREE_HOURS",
  "age": 50,
  "weight_today": 113.9,
  "height": 140,
  "category": "intermediate"
}
Response:
{
  "success": false,
  "status": 500,
  "data": "Server Error",
  "timeTaken": 276.0727999999999
}
Status code: 500
-------------------------------

[test number] should successfully handle input
Request:
{
  "gender": "MALE",
  "total_activity_duration": "TWELVE_PLUS_HOURS",
  "age": 75,
  "weight_today": 70,
  "height": 190,
  "category": "intermediate"
}
Response:
{
  "success": false,
  "status": 500,
  "data": "Server Error",
  "timeTaken": 286.5216999999993
}
Status code: 500
-------------------------------

[test number] should successfully handle input
Request:
{
  "gender": "FEMALE",
  "total_activity_duration": "ZERO_TO_THREE_HOURS",
  "age": 0,
  "weight_today": 113.9,
  "height": 140,
  "category": "intermediate"
}
Response:
{
  "success": false,
  "status": 500,
  "data": "Server Error",
  "timeTaken": 293.91669999999976
}
Status code: 500
-------------------------------

[test number] should successfully handle input
Request:
{
  "gender": "MALE",
  "total_activity_duration": "ZERO_TO_THREE_HOURS",
  "age": 0,
  "weight_today": 70,
  "height": 173,
  "category": "intermediate"
}
Response:
{
  "success": false,
  "status": 500,
  "data": "Server Error",
  "timeTaken": 291.70600000000013
}
Status code: 500
-------------------------------

[test number] should successfully handle input
Request:
{
  "gender": "MALE",
  "total_activity_duration": "THREE_TO_SIX_HOURS",
  "age": 25,
  "weight_today": 113.9,
  "height": 210,
  "category": "advanced"
}
Response:
{
  "success": false,
  "status": 500,
  "data": "Server Error",
  "timeTaken": 273.89470000000074
}
Status code: 500
-------------------------------

[test number] should successfully handle input
Request:
{
  "gender": "FEMALE",
  "total_activity_duration": "NINE_TO_TWELVE_HOURS",
  "age": 50,
  "weight_today": 30,
  "height": 190,
  "category": "advanced"
}
Response:
{
  "success": false,
  "status": 500,
  "data": "Server Error",
  "timeTaken": 288.1441999999988
}
Status code: 500
-------------------------------

[test number] should successfully handle input
Request:
{
  "gender": "FEMALE",
  "total_activity_duration": "THREE_TO_SIX_HOURS",
  "age": 75,
  "weight_today": 150,
  "height": 210,
  "category": "intermediate"
}
Response:
{
  "success": false,
  "status": 500,
  "data": "Server Error",
  "timeTaken": 272.78739999999925
}
Status code: 500
-------------------------------

[test number] should successfully handle input
Request:
{
  "gender": "MALE",
  "total_activity_duration": "SIX_TO_NINE_HOURS",
  "age": 50,
  "weight_today": 200,
  "height": 160,
  "category": "advanced"
}
Response:
{
  "success": false,
  "status": 500,
  "data": "Server Error",
  "timeTaken": 300.0620999999992
}
Status code: 500
-------------------------------

[test number] should successfully handle input
Request:
{
  "gender": "FEMALE",
  "total_activity_duration": "SIX_TO_NINE_HOURS",
  "age": 75,
  "weight_today": 30,
  "height": 140,
  "category": "intermediate"
}
Response:
{
  "success": false,
  "status": 500,
  "data": "Server Error",
  "timeTaken": 302.53410000000076
}
Status code: 500
-------------------------------

[test number] should successfully handle input
Request:
{
  "gender": "FEMALE",
  "total_activity_duration": "ZERO_TO_THREE_HOURS",
  "age": 100,
  "weight_today": 150,
  "height": 140,
  "category": "beginner"
}
Response:
{
  "success": false,
  "status": 500,
  "data": "Server Error",
  "timeTaken": 286.6337999999996
}
Status code: 500
-------------------------------

[test number] should successfully handle input
Request:
{
  "gender": "MALE",
  "total_activity_duration": "SIX_TO_NINE_HOURS",
  "age": 100,
  "weight_today": 200,
  "height": 190,
  "category": "advanced"
}
Response:
{
  "success": false,
  "status": 500,
  "data": "Server Error",
  "timeTaken": 288.33460000000014
}
Status code: 500
-------------------------------

[test number] should successfully handle input
Request:
{
  "gender": "FEMALE",
  "total_activity_duration": "SIX_TO_NINE_HOURS",
  "age": 0,
  "weight_today": 200,
  "height": 160,
  "category": "intermediate"
}
Response:
{
  "success": false,
  "status": 500,
  "data": "Server Error",
  "timeTaken": 410.871799999999
}
Status code: 500
-------------------------------

[test number] should successfully handle input
Request:
{
  "gender": "FEMALE",
  "total_activity_duration": "NINE_TO_TWELVE_HOURS",
  "age": 0,
  "weight_today": 30,
  "height": 173,
  "category": "intermediate"
}
Response:
{
  "success": false,
  "status": 500,
  "data": "Server Error",
  "timeTaken": 277.90749999999935
}
Status code: 500
-------------------------------

[test number] should successfully handle input
Request:
{
  "gender": "MALE",
  "total_activity_duration": "NINE_TO_TWELVE_HOURS",
  "age": 100,
  "weight_today": 30,
  "height": 190,
  "category": "advanced"
}
Response:
{
  "success": false,
  "status": 500,
  "data": "Server Error",
  "timeTaken": 310.8253000000004
}
Status code: 500
-------------------------------

[test number] should successfully handle input
Request:
{
  "gender": "MALE",
  "total_activity_duration": "SIX_TO_NINE_HOURS",
  "age": 0,
  "weight_today": 150,
  "height": 210,
  "category": "advanced"
}
Response:
{
  "success": false,
  "status": 500,
  "data": "Server Error",
  "timeTaken": 280.5079000000005
}
Status code: 500
-------------------------------

[test number] should successfully handle input
Request:
{
  "gender": "FEMALE",
  "total_activity_duration": "TWELVE_PLUS_HOURS",
  "age": 25,
  "weight_today": 70,
  "height": 210,
  "category": "beginner"
}
Response:
{
  "success": false,
  "status": 500,
  "data": "Server Error",
  "timeTaken": 420.16220000000067
}
Status code: 500
-------------------------------

[test number] should successfully handle input
Request:
{
  "gender": "FEMALE",
  "total_activity_duration": "THREE_TO_SIX_HOURS",
  "age": 25,
  "weight_today": 150,
  "height": 173,
  "category": "advanced"
}
Response:
{
  "success": false,
  "status": 500,
  "data": "Server Error",
  "timeTaken": 273.3114999999998
}
Status code: 500
-------------------------------

[test number] should successfully handle input
Request:
{
  "gender": "FEMALE",
  "total_activity_duration": "NINE_TO_TWELVE_HOURS",
  "age": 100,
  "weight_today": 70,
  "height": 160,
  "category": "advanced"
}
Response:
{
  "success": false,
  "status": 500,
  "data": "Server Error",
  "timeTaken": 289.65610000000015
}
Status code: 500
-------------------------------

[test number] should successfully handle input
Request:
{
  "gender": "FEMALE",
  "total_activity_duration": "TWELVE_PLUS_HOURS",
  "age": 75,
  "weight_today": 113.9,
  "height": 160,
  "category": "beginner"
}
Response:
{
  "success": false,
  "status": 500,
  "data": "Server Error",
  "timeTaken": 297.85089999999946
}
Status code: 500
-------------------------------

[test number] should successfully handle input
Request:
{
  "gender": "MALE",
  "total_activity_duration": "NINE_TO_TWELVE_HOURS",
  "age": 50,
  "weight_today": 30,
  "height": 160,
  "category": "beginner"
}
Response:
{
  "success": false,
  "status": 500,
  "data": "Server Error",
  "timeTaken": 745.7552000000014
}
Status code: 500
-------------------------------

[test number] should successfully handle input
Request:
{
  "gender": "MALE",
  "total_activity_duration": "ZERO_TO_THREE_HOURS",
  "age": 100,
  "weight_today": 113.9,
  "height": 173,
  "category": "intermediate"
}
Response:
{
  "success": false,
  "status": 500,
  "data": "Server Error",
  "timeTaken": 290.3847000000005
}
Status code: 500
-------------------------------

[test number] should successfully handle input
Request:
{
  "gender": "FEMALE",
  "total_activity_duration": "ZERO_TO_THREE_HOURS",
  "age": 50,
  "weight_today": 113.9,
  "height": 190,
  "category": "beginner"
}
Response:
{
  "success": false,
  "status": 500,
  "data": "Server Error",
  "timeTaken": 273.5550000000003
}
Status code: 500
-------------------------------

[test number] should successfully handle input
Request:
{
  "gender": "MALE",
  "total_activity_duration": "TWELVE_PLUS_HOURS",
  "age": 25,
  "weight_today": 70,
  "height": 140,
  "category": "advanced"
}
Response:
{
  "success": false,
  "status": 500,
  "data": "Server Error",
  "timeTaken": 301.0812999999998
}
Status code: 500
-------------------------------

[test number] should successfully handle input
Request:
{
  "gender": "MALE",
  "total_activity_duration": "THREE_TO_SIX_HOURS",
  "age": 75,
  "weight_today": 150,
  "height": 173,
  "category": "beginner"
}
Response:
{
  "success": false,
  "status": 500,
  "data": "Server Error",
  "timeTaken": 293.3891000000003
}
Status code: 500
-------------------------------

[test number] should successfully handle input
Request:
{
  "gender": "MALE",
  "total_activity_duration": "ZERO_TO_THREE_HOURS",
  "age": 50,
  "weight_today": 113.9,
  "height": 140,
  "category": "advanced"
}
Response:
{
  "success": false,
  "status": 500,
  "data": "Server Error",
  "timeTaken": 287.8072000000011
}
Status code: 500
-------------------------------

[test number] should successfully handle input
Request:
{
  "gender": "MALE",
  "total_activity_duration": "TWELVE_PLUS_HOURS",
  "age": 75,
  "weight_today": 70,
  "height": 190,
  "category": "advanced"
}
Response:
{
  "success": false,
  "status": 500,
  "data": "Server Error",
  "timeTaken": 270.136199999999
}
Status code: 500
-------------------------------

[test number] should successfully handle input
Request:
{
  "gender": "MALE",
  "total_activity_duration": "THREE_TO_SIX_HOURS",
  "age": 25,
  "weight_today": 150,
  "height": 140,
  "category": "beginner"
}
Response:
{
  "success": false,
  "status": 500,
  "data": "Server Error",
  "timeTaken": 272.8932999999997
}
Status code: 500
-------------------------------

[test number] should successfully handle input
Request:
{
  "gender": "MALE",
  "total_activity_duration": "ZERO_TO_THREE_HOURS",
  "age": 0,
  "weight_today": 70,
  "height": 173,
  "category": "advanced"
}
Response:
{
  "success": false,
  "status": 500,
  "data": "Server Error",
  "timeTaken": 280.9902000000002
}
Status code: 500
-------------------------------

[test number] should successfully handle input
Request:
{
  "gender": "FEMALE",
  "total_activity_duration": "ZERO_TO_THREE_HOURS",
  "age": 0,
  "weight_today": 113.9,
  "height": 140,
  "category": "advanced"
}
Response:
{
  "success": false,
  "status": 500,
  "data": "Server Error",
  "timeTaken": 283.65869999999995
}
Status code: 500
-------------------------------

[test number] should successfully handle input
Request:
{
  "gender": "FEMALE",
  "total_activity_duration": "NINE_TO_TWELVE_HOURS",
  "age": 50,
  "weight_today": 30,
  "height": 210,
  "category": "beginner"
}
Response:
{
  "success": false,
  "status": 500,
  "data": "Server Error",
  "timeTaken": 278.5457999999999
}
Status code: 500
-------------------------------

[test number] should successfully handle input
Request:
{
  "gender": "FEMALE",
  "total_activity_duration": "THREE_TO_SIX_HOURS",
  "age": 75,
  "weight_today": 150,
  "height": 210,
  "category": "advanced"
}
Response:
{
  "success": false,
  "status": 500,
  "data": "Server Error",
  "timeTaken": 286.2461999999996
}
Status code: 500
-------------------------------

[test number] should successfully handle input
Request:
{
  "gender": "FEMALE",
  "total_activity_duration": "ZERO_TO_THREE_HOURS",
  "age": 100,
  "weight_today": 150,
  "height": 140,
  "category": "intermediate"
}
Response:
{
  "success": false,
  "status": 500,
  "data": "Server Error",
  "timeTaken": 283.40560000000005
}
Status code: 500
-------------------------------

[test number] should successfully handle input
Request:
{
  "gender": "MALE",
  "total_activity_duration": "SIX_TO_NINE_HOURS",
  "age": 50,
  "weight_today": 200,
  "height": 173,
  "category": "beginner"
}
Response:
{
  "success": false,
  "status": 500,
  "data": "Server Error",
  "timeTaken": 304.9882999999991
}
Status code: 500
-------------------------------

[test number] should successfully handle input
Request:
{
  "gender": "MALE",
  "total_activity_duration": "NINE_TO_TWELVE_HOURS",
  "age": 100,
  "weight_today": 30,
  "height": 210,
  "category": "beginner"
}
Response:
{
  "success": false,
  "status": 500,
  "data": "Server Error",
  "timeTaken": 279.20930000000044
}
Status code: 500
-------------------------------

[test number] should successfully handle input
Request:
{
  "gender": "FEMALE",
  "total_activity_duration": "SIX_TO_NINE_HOURS",
  "age": 0,
  "weight_today": 200,
  "height": 160,
  "category": "advanced"
}
Response:
{
  "success": false,
  "status": 500,
  "data": "Server Error",
  "timeTaken": 304.4372000000003
}
Status code: 500
-------------------------------

[test number] should successfully handle input
Request:
{
  "gender": "MALE",
  "total_activity_duration": "SIX_TO_NINE_HOURS",
  "age": 100,
  "weight_today": 200,
  "height": 210,
  "category": "beginner"
}
Response:
{
  "success": false,
  "status": 500,
  "data": "Server Error",
  "timeTaken": 308.78330000000096
}
Status code: 500
-------------------------------

[test number] should successfully handle input
Request:
{
  "gender": "FEMALE",
  "total_activity_duration": "SIX_TO_NINE_HOURS",
  "age": 75,
  "weight_today": 30,
  "height": 140,
  "category": "advanced"
}
Response:
{
  "success": false,
  "status": 500,
  "data": "Server Error",
  "timeTaken": 312.8061999999991
}
Status code: 500
-------------------------------

[test number] should successfully handle input
Request:
{
  "gender": "FEMALE",
  "total_activity_duration": "TWELVE_PLUS_HOURS",
  "age": 25,
  "weight_today": 70,
  "height": 210,
  "category": "intermediate"
}
Response:
{
  "success": false,
  "status": 500,
  "data": "Server Error",
  "timeTaken": 280.90879999999925
}
Status code: 500
-------------------------------

[test number] should successfully handle input
Request:
{
  "gender": "MALE",
  "total_activity_duration": "SIX_TO_NINE_HOURS",
  "age": 0,
  "weight_today": 200,
  "height": 140,
  "category": "beginner"
}
Response:
{
  "success": false,
  "status": 500,
  "data": "Server Error",
  "timeTaken": 291.54929999999877
}
Status code: 500
-------------------------------

[test number] should successfully handle input
Request:
{
  "gender": "FEMALE",
  "total_activity_duration": "NINE_TO_TWELVE_HOURS",
  "age": 0,
  "weight_today": 30,
  "height": 173,
  "category": "advanced"
}
Response:
{
  "success": false,
  "status": 500,
  "data": "Server Error",
  "timeTaken": 292.4874999999993
}
Status code: 500
-------------------------------

[test number] should successfully handle input
Request:
{
  "gender": "FEMALE",
  "total_activity_duration": "ZERO_TO_THREE_HOURS",
  "age": 50,
  "weight_today": 113.9,
  "height": 190,
  "category": "intermediate"
}
Response:
{
  "success": false,
  "status": 500,
  "data": "Server Error",
  "timeTaken": 273.77220000000125
}
Status code: 500
-------------------------------

[test number] should successfully handle input
Request:
{
  "gender": "FEMALE",
  "total_activity_duration": "NINE_TO_TWELVE_HOURS",
  "age": 100,
  "weight_today": 70,
  "height": 173,
  "category": "beginner"
}
Response:
{
  "success": false,
  "status": 500,
  "data": "Server Error",
  "timeTaken": 276.5816999999988
}
Status code: 500
-------------------------------

[test number] should successfully handle input
Request:
{
  "gender": "MALE",
  "total_activity_duration": "ZERO_TO_THREE_HOURS",
  "age": 100,
  "weight_today": 113.9,
  "height": 173,
  "category": "advanced"
}
Response:
{
  "success": false,
  "status": 500,
  "data": "Server Error",
  "timeTaken": 291.8079999999991
}
Status code: 500
-------------------------------

[test number] should successfully handle input
Request:
{
  "gender": "FEMALE",
  "total_activity_duration": "TWELVE_PLUS_HOURS",
  "age": 75,
  "weight_today": 113.9,
  "height": 160,
  "category": "intermediate"
}
Response:
{
  "success": false,
  "status": 500,
  "data": "Server Error",
  "timeTaken": 293.6967999999997
}
Status code: 500
-------------------------------

[test number] should successfully handle input
Request:
{
  "gender": "MALE",
  "total_activity_duration": "NINE_TO_TWELVE_HOURS",
  "age": 50,
  "weight_today": 30,
  "height": 160,
  "category": "intermediate"
}
Response:
{
  "success": false,
  "status": 500,
  "data": "Server Error",
  "timeTaken": 298.6983
}
Status code: 500
-------------------------------

[test number] should successfully handle input
Request:
{
  "gender": "FEMALE",
  "total_activity_duration": "THREE_TO_SIX_HOURS",
  "age": 25,
  "weight_today": 150,
  "height": 190,
  "category": "beginner"
}
Response:
{
  "success": false,
  "status": 500,
  "data": "Server Error",
  "timeTaken": 301.46019999999953
}
Status code: 500
-------------------------------

[test number] should successfully handle input
Request:
{
  "gender": "MALE",
  "total_activity_duration": "TWELVE_PLUS_HOURS",
  "age": 25,
  "weight_today": 70,
  "height": 160,
  "category": "beginner"
}
Response:
{
  "success": false,
  "status": 500,
  "data": "Server Error",
  "timeTaken": 291.97209999999905
}
Status code: 500
-------------------------------

[test number] should successfully handle input
Request:
{
  "gender": "MALE",
  "total_activity_duration": "THREE_TO_SIX_HOURS",
  "age": 75,
  "weight_today": 150,
  "height": 173,
  "category": "intermediate"
}
Response:
{
  "success": false,
  "status": 500,
  "data": "Server Error",
  "timeTaken": 285.78980000000047
}
Status code: 500
-------------------------------

[test number] should successfully handle input
Request:
{
  "gender": "MALE",
  "total_activity_duration": "ZERO_TO_THREE_HOURS",
  "age": 50,
  "weight_today": 113.9,
  "height": 160,
  "category": "beginner"
}
Response:
{
  "success": false,
  "status": 500,
  "data": "Server Error",
  "timeTaken": 278.0725999999995
}
Status code: 500
-------------------------------

[test number] should successfully handle input
Request:
{
  "gender": "MALE",
  "total_activity_duration": "TWELVE_PLUS_HOURS",
  "age": 75,
  "weight_today": 70,
  "height": 210,
  "category": "beginner"
}
Response:
{
  "success": false,
  "status": 500,
  "data": "Server Error",
  "timeTaken": 282.001400000001
}
Status code: 500
-------------------------------

[test number] should successfully handle input
Request:
{
  "gender": "MALE",
  "total_activity_duration": "ZERO_TO_THREE_HOURS",
  "age": 0,
  "weight_today": 70,
  "height": 190,
  "category": "beginner"
}
Response:
{
  "success": false,
  "status": 500,
  "data": "Server Error",
  "timeTaken": 268.16439999999966
}
Status code: 500
-------------------------------

[test number] should successfully handle input
Request:
{
  "gender": "FEMALE",
  "total_activity_duration": "NINE_TO_TWELVE_HOURS",
  "age": 50,
  "weight_today": 30,
  "height": 210,
  "category": "intermediate"
}
Response:
{
  "success": false,
  "status": 500,
  "data": "Server Error",
  "timeTaken": 295.825499999999
}
Status code: 500
-------------------------------

[test number] should successfully handle input
Request:
{
  "gender": "FEMALE",
  "total_activity_duration": "ZERO_TO_THREE_HOURS",
  "age": 0,
  "weight_today": 113.9,
  "height": 160,
  "category": "beginner"
}
Response:
{
  "success": false,
  "status": 500,
  "data": "Server Error",
  "timeTaken": 329.2001
}
Status code: 500
-------------------------------

[test number] should successfully handle input
Request:
{
  "gender": "FEMALE",
  "total_activity_duration": "THREE_TO_SIX_HOURS",
  "age": 75,
  "weight_today": 200,
  "height": 140,
  "category": "beginner"
}
Response:
{
  "success": false,
  "status": 500,
  "data": "Server Error",
  "timeTaken": 292.60329999999885
}
Status code: 500
-------------------------------

[test number] should successfully handle input
Request:
{
  "gender": "MALE",
  "total_activity_duration": "THREE_TO_SIX_HOURS",
  "age": 25,
  "weight_today": 150,
  "height": 140,
  "category": "intermediate"
}
Response:
{
  "success": false,
  "status": 500,
  "data": "Server Error",
  "timeTaken": 354.4437999999991
}
Status code: 500
-------------------------------

[test number] should successfully handle input
Request:
{
  "gender": "FEMALE",
  "total_activity_duration": "ZERO_TO_THREE_HOURS",
  "age": 100,
  "weight_today": 150,
  "height": 140,
  "category": "advanced"
}
Response:
{
  "success": false,
  "status": 500,
  "data": "Server Error",
  "timeTaken": 294.4938999999995
}
Status code: 500
-------------------------------

[test number] should successfully handle input
Request:
{
  "gender": "MALE",
  "total_activity_duration": "SIX_TO_NINE_HOURS",
  "age": 50,
  "weight_today": 200,
  "height": 173,
  "category": "intermediate"
}
Response:
{
  "success": false,
  "status": 500,
  "data": "Server Error",
  "timeTaken": 287.83410000000003
}
Status code: 500
-------------------------------

[test number] should successfully handle input
Request:
{
  "gender": "FEMALE",
  "total_activity_duration": "SIX_TO_NINE_HOURS",
  "age": 0,
  "weight_today": 200,
  "height": 173,
  "category": "beginner"
}
Response:
{
  "success": false,
  "status": 500,
  "data": "Server Error",
  "timeTaken": 286.47400000000016
}
Status code: 500
-------------------------------

[test number] should successfully handle input
Request:
{
  "gender": "MALE",
  "total_activity_duration": "NINE_TO_TWELVE_HOURS",
  "age": 100,
  "weight_today": 30,
  "height": 210,
  "category": "intermediate"
}
Response:
{
  "success": false,
  "status": 500,
  "data": "Server Error",
  "timeTaken": 293.3808999999983
}
Status code: 500
-------------------------------

[test number] should successfully handle input
Request:
{
  "gender": "FEMALE",
  "total_activity_duration": "SIX_TO_NINE_HOURS",
  "age": 75,
  "weight_today": 30,
  "height": 160,
  "category": "beginner"
}
Response:
{
  "success": false,
  "status": 500,
  "data": "Server Error",
  "timeTaken": 269.1131000000005
}
Status code: 500
-------------------------------

[test number] should successfully handle input
Request:
{
  "gender": "MALE",
  "total_activity_duration": "SIX_TO_NINE_HOURS",
  "age": 100,
  "weight_today": 200,
  "height": 210,
  "category": "intermediate"
}
Response:
{
  "success": false,
  "status": 500,
  "data": "Server Error",
  "timeTaken": 289.8334999999988
}
Status code: 500
-------------------------------

[test number] should successfully handle input
Request:
{
  "gender": "FEMALE",
  "total_activity_duration": "TWELVE_PLUS_HOURS",
  "age": 25,
  "weight_today": 70,
  "height": 210,
  "category": "advanced"
}
Response:
{
  "success": false,
  "status": 500,
  "data": "Server Error",
  "timeTaken": 275.59449999999924
}
Status code: 500
-------------------------------

[test number] should successfully handle input
Request:
{
  "gender": "MALE",
  "total_activity_duration": "SIX_TO_NINE_HOURS",
  "age": 0,
  "weight_today": 200,
  "height": 140,
  "category": "intermediate"
}
Response:
{
  "success": false,
  "status": 500,
  "data": "Server Error",
  "timeTaken": 276.60089999999946
}
Status code: 500
-------------------------------

[test number] should successfully handle input
Request:
{
  "gender": "FEMALE",
  "total_activity_duration": "NINE_TO_TWELVE_HOURS",
  "age": 0,
  "weight_today": 30,
  "height": 190,
  "category": "beginner"
}
Response:
{
  "success": false,
  "status": 500,
  "data": "Server Error",
  "timeTaken": 293.05089999999836
}
Status code: 500
-------------------------------

[test number] should successfully handle input
Request:
{
  "gender": "FEMALE",
  "total_activity_duration": "ZERO_TO_THREE_HOURS",
  "age": 50,
  "weight_today": 113.9,
  "height": 190,
  "category": "advanced"
}
Response:
{
  "success": false,
  "status": 500,
  "data": "Server Error",
  "timeTaken": 268.46880000000056
}
Status code: 500
-------------------------------

[test number] should successfully handle input
Request:
{
  "gender": "FEMALE",
  "total_activity_duration": "NINE_TO_TWELVE_HOURS",
  "age": 100,
  "weight_today": 70,
  "height": 173,
  "category": "intermediate"
}
Response:
{
  "success": false,
  "status": 500,
  "data": "Server Error",
  "timeTaken": 280.71470000000045
}
Status code: 500
-------------------------------

[test number] should successfully handle input
Request:
{
  "gender": "MALE",
  "total_activity_duration": "ZERO_TO_THREE_HOURS",
  "age": 100,
  "weight_today": 113.9,
  "height": 190,
  "category": "beginner"
}
Response:
{
  "success": false,
  "status": 500,
  "data": "Server Error",
  "timeTaken": 272.76980000000003
}
Status code: 500
-------------------------------

[test number] should successfully handle input
Request:
{
  "gender": "FEMALE",
  "total_activity_duration": "TWELVE_PLUS_HOURS",
  "age": 75,
  "weight_today": 113.9,
  "height": 160,
  "category": "advanced"
}
Response:
{
  "success": false,
  "status": 500,
  "data": "Server Error",
  "timeTaken": 276.82860000000073
}
Status code: 500
-------------------------------

[test number] should successfully handle input
Request:
{
  "gender": "FEMALE",
  "total_activity_duration": "THREE_TO_SIX_HOURS",
  "age": 25,
  "weight_today": 150,
  "height": 190,
  "category": "intermediate"
}
Response:
{
  "success": false,
  "status": 500,
  "data": "Server Error",
  "timeTaken": 283.0450000000001
}
Status code: 500
-------------------------------

[test number] should successfully handle input
Request:
{
  "gender": "MALE",
  "total_activity_duration": "NINE_TO_TWELVE_HOURS",
  "age": 50,
  "weight_today": 30,
  "height": 160,
  "category": "advanced"
}
Response:
{
  "success": false,
  "status": 500,
  "data": "Server Error",
  "timeTaken": 291.0059000000001
}
Status code: 500
-------------------------------

[test number] should successfully handle input
Request:
{
  "gender": "MALE",
  "total_activity_duration": "TWELVE_PLUS_HOURS",
  "age": 25,
  "weight_today": 70,
  "height": 160,
  "category": "intermediate"
}
Response:
{
  "success": false,
  "status": 500,
  "data": "Server Error",
  "timeTaken": 294.119999999999
}
Status code: 500
-------------------------------

[test number] should successfully handle input
Request:
{
  "gender": "MALE",
  "total_activity_duration": "THREE_TO_SIX_HOURS",
  "age": 75,
  "weight_today": 150,
  "height": 173,
  "category": "advanced"
}
Response:
{
  "success": false,
  "status": 500,
  "data": "Server Error",
  "timeTaken": 279.0663000000004
}
Status code: 500
-------------------------------

[test number] should successfully handle input
Request:
{
  "gender": "MALE",
  "total_activity_duration": "TWELVE_PLUS_HOURS",
  "age": 75,
  "weight_today": 70,
  "height": 210,
  "category": "intermediate"
}
Response:
{
  "success": false,
  "status": 500,
  "data": "Server Error",
  "timeTaken": 270.48149999999987
}
Status code: 500
-------------------------------

[test number] should successfully handle input
Request:
{
  "gender": "MALE",
  "total_activity_duration": "ZERO_TO_THREE_HOURS",
  "age": 50,
  "weight_today": 113.9,
  "height": 160,
  "category": "intermediate"
}
Response:
{
  "success": false,
  "status": 500,
  "data": "Server Error",
  "timeTaken": 275.3337999999985
}
Status code: 500
-------------------------------

[test number] should successfully handle input
Request:
{
  "gender": "MALE",
  "total_activity_duration": "ZERO_TO_THREE_HOURS",
  "age": 0,
  "weight_today": 70,
  "height": 190,
  "category": "intermediate"
}
Response:
{
  "success": false,
  "status": 500,
  "data": "Server Error",
  "timeTaken": 295.79979999999887
}
Status code: 500
-------------------------------

[test number] should successfully handle input
Request:
{
  "gender": "FEMALE",
  "total_activity_duration": "NINE_TO_TWELVE_HOURS",
  "age": 50,
  "weight_today": 30,
  "height": 210,
  "category": "advanced"
}
Response:
{
  "success": false,
  "status": 500,
  "data": "Server Error",
  "timeTaken": 276.7949000000008
}
Status code: 500
-------------------------------

[test number] should successfully handle input
Request:
{
  "gender": "FEMALE",
  "total_activity_duration": "ZERO_TO_THREE_HOURS",
  "age": 0,
  "weight_today": 113.9,
  "height": 160,
  "category": "intermediate"
}
Response:
{
  "success": false,
  "status": 500,
  "data": "Server Error",
  "timeTaken": 280.4511000000002
}
Status code: 500
-------------------------------

[test number] should successfully handle input
Request:
{
  "gender": "FEMALE",
  "total_activity_duration": "THREE_TO_SIX_HOURS",
  "age": 75,
  "weight_today": 200,
  "height": 140,
  "category": "intermediate"
}
Response:
{
  "success": false,
  "status": 500,
  "data": "Server Error",
  "timeTaken": 279.82910000000084
}
Status code: 500
-------------------------------

[test number] should successfully handle input
Request:
{
  "gender": "FEMALE",
  "total_activity_duration": "ZERO_TO_THREE_HOURS",
  "age": 100,
  "weight_today": 150,
  "height": 160,
  "category": "beginner"
}
Response:
{
  "success": false,
  "status": 500,
  "data": "Server Error",
  "timeTaken": 271.39470000000074
}
Status code: 500
-------------------------------

[test number] should successfully handle input
Request:
{
  "gender": "MALE",
  "total_activity_duration": "THREE_TO_SIX_HOURS",
  "age": 25,
  "weight_today": 150,
  "height": 140,
  "category": "advanced"
}
Response:
{
  "success": false,
  "status": 500,
  "data": "Server Error",
  "timeTaken": 292.0841999999993
}
Status code: 500
-------------------------------

[test number] should successfully handle input
Request:
{
  "gender": "MALE",
  "total_activity_duration": "SIX_TO_NINE_HOURS",
  "age": 50,
  "weight_today": 200,
  "height": 173,
  "category": "advanced"
}
Response:
{
  "success": false,
  "status": 500,
  "data": "Server Error",
  "timeTaken": 274.28490000000056
}
Status code: 500
-------------------------------

[test number] should successfully handle input
Request:
{
  "gender": "MALE",
  "total_activity_duration": "NINE_TO_TWELVE_HOURS",
  "age": 100,
  "weight_today": 30,
  "height": 210,
  "category": "advanced"
}
Response:
{
  "success": false,
  "status": 500,
  "data": "Server Error",
  "timeTaken": 275.67449999999917
}
Status code: 500
-------------------------------

[test number] should successfully handle input
Request:
{
  "gender": "FEMALE",
  "total_activity_duration": "SIX_TO_NINE_HOURS",
  "age": 0,
  "weight_today": 200,
  "height": 173,
  "category": "intermediate"
}
Response:
{
  "success": false,
  "status": 500,
  "data": "Server Error",
  "timeTaken": 284.2420999999995
}
Status code: 500
-------------------------------

[test number] should successfully handle input
Request:
{
  "gender": "FEMALE",
  "total_activity_duration": "SIX_TO_NINE_HOURS",
  "age": 75,
  "weight_today": 30,
  "height": 160,
  "category": "intermediate"
}
Response:
{
  "success": false,
  "status": 500,
  "data": "Server Error",
  "timeTaken": 292.2324000000008
}
Status code: 500
-------------------------------

[test number] should successfully handle input
Request:
{
  "gender": "MALE",
  "total_activity_duration": "SIX_TO_NINE_HOURS",
  "age": 100,
  "weight_today": 200,
  "height": 210,
  "category": "advanced"
}
Response:
{
  "success": false,
  "status": 500,
  "data": "Server Error",
  "timeTaken": 290.33749999999964
}
Status code: 500
-------------------------------

[test number] should successfully handle input
Request:
{
  "gender": "FEMALE",
  "total_activity_duration": "TWELVE_PLUS_HOURS",
  "age": 25,
  "weight_today": 113.9,
  "height": 140,
  "category": "beginner"
}
Response:
{
  "success": false,
  "status": 500,
  "data": "Server Error",
  "timeTaken": 287.7324000000008
}
Status code: 500
-------------------------------

[test number] should successfully handle input
Request:
{
  "gender": "MALE",
  "total_activity_duration": "SIX_TO_NINE_HOURS",
  "age": 0,
  "weight_today": 200,
  "height": 140,
  "category": "advanced"
}
Response:
{
  "success": false,
  "status": 500,
  "data": "Server Error",
  "timeTaken": 324.1309000000001
}
Status code: 500
-------------------------------

[test number] should successfully handle input
Request:
{
  "gender": "FEMALE",
  "total_activity_duration": "ZERO_TO_THREE_HOURS",
  "age": 50,
  "weight_today": 113.9,
  "height": 210,
  "category": "beginner"
}
Response:
{
  "success": false,
  "status": 500,
  "data": "Server Error",
  "timeTaken": 283.34619999999995
}
Status code: 500
-------------------------------

[test number] should successfully handle input
Request:
{
  "gender": "FEMALE",
  "total_activity_duration": "NINE_TO_TWELVE_HOURS",
  "age": 0,
  "weight_today": 30,
  "height": 190,
  "category": "intermediate"
}
Response:
{
  "success": false,
  "status": 500,
  "data": "Server Error",
  "timeTaken": 302.28789999999935
}
Status code: 500
-------------------------------

[test number] should successfully handle input
Request:
{
  "gender": "FEMALE",
  "total_activity_duration": "NINE_TO_TWELVE_HOURS",
  "age": 100,
  "weight_today": 70,
  "height": 173,
  "category": "advanced"
}
Response:
{
  "success": false,
  "status": 500,
  "data": "Server Error",
  "timeTaken": 276.1345999999994
}
Status code: 500
-------------------------------

[test number] should successfully handle input
Request:
{
  "gender": "FEMALE",
  "total_activity_duration": "THREE_TO_SIX_HOURS",
  "age": 25,
  "weight_today": 150,
  "height": 190,
  "category": "advanced"
}
Response:
{
  "success": false,
  "status": 500,
  "data": "Server Error",
  "timeTaken": 276.440700000001
}
Status code: 500
-------------------------------

[test number] should successfully handle input
Request:
{
  "gender": "MALE",
  "total_activity_duration": "ZERO_TO_THREE_HOURS",
  "age": 100,
  "weight_today": 113.9,
  "height": 190,
  "category": "intermediate"
}
Response:
{
  "success": false,
  "status": 500,
  "data": "Server Error",
  "timeTaken": 288.8636999999999
}
Status code: 500
-------------------------------

[test number] should successfully handle input
Request:
{
  "gender": "FEMALE",
  "total_activity_duration": "TWELVE_PLUS_HOURS",
  "age": 75,
  "weight_today": 113.9,
  "height": 173,
  "category": "beginner"
}
Response:
{
  "success": false,
  "status": 500,
  "data": "Server Error",
  "timeTaken": 292.16250000000036
}
Status code: 500
-------------------------------

[test number] should successfully handle input
Request:
{
  "gender": "MALE",
  "total_activity_duration": "NINE_TO_TWELVE_HOURS",
  "age": 50,
  "weight_today": 30,
  "height": 173,
  "category": "beginner"
}
Response:
{
  "success": false,
  "status": 500,
  "data": "Server Error",
  "timeTaken": 289.35739999999896
}
Status code: 500
-------------------------------

[test number] should successfully handle input
Request:
{
  "gender": "MALE",
  "total_activity_duration": "THREE_TO_SIX_HOURS",
  "age": 75,
  "weight_today": 150,
  "height": 190,
  "category": "beginner"
}
Response:
{
  "success": false,
  "status": 500,
  "data": "Server Error",
  "timeTaken": 279.1149000000005
}
Status code: 500
-------------------------------

[test number] should successfully handle input
Request:
{
  "gender": "MALE",
  "total_activity_duration": "TWELVE_PLUS_HOURS",
  "age": 25,
  "weight_today": 70,
  "height": 160,
  "category": "advanced"
}
Response:
{
  "success": false,
  "status": 500,
  "data": "Server Error",
  "timeTaken": 296.6342999999997
}
Status code: 500
-------------------------------

[test number] should successfully handle input
Request:
{
  "gender": "MALE",
  "total_activity_duration": "ZERO_TO_THREE_HOURS",
  "age": 50,
  "weight_today": 113.9,
  "height": 160,
  "category": "advanced"
}
Response:
{
  "success": false,
  "status": 500,
  "data": "Server Error",
  "timeTaken": 286.96969999999965
}
Status code: 500
-------------------------------

[test number] should successfully handle input
Request:
{
  "gender": "MALE",
  "total_activity_duration": "TWELVE_PLUS_HOURS",
  "age": 75,
  "weight_today": 70,
  "height": 210,
  "category": "advanced"
}
Response:
{
  "success": false,
  "status": 500,
  "data": "Server Error",
  "timeTaken": 305.27679999999964
}
Status code: 500
-------------------------------

[test number] should successfully handle input
Request:
{
  "gender": "MALE",
  "total_activity_duration": "ZERO_TO_THREE_HOURS",
  "age": 0,
  "weight_today": 70,
  "height": 190,
  "category": "advanced"
}
Response:
{
  "success": false,
  "status": 500,
  "data": "Server Error",
  "timeTaken": 280.40140000000065
}
Status code: 500
-------------------------------

[test number] should successfully handle input
Request:
{
  "gender": "FEMALE",
  "total_activity_duration": "NINE_TO_TWELVE_HOURS",
  "age": 50,
  "weight_today": 70,
  "height": 140,
  "category": "beginner"
}
Response:
{
  "success": false,
  "status": 500,
  "data": "Server Error",
  "timeTaken": 274.4909000000007
}
Status code: 500
-------------------------------

[test number] should successfully handle input
Request:
{
  "gender": "FEMALE",
  "total_activity_duration": "ZERO_TO_THREE_HOURS",
  "age": 0,
  "weight_today": 113.9,
  "height": 160,
  "category": "advanced"
}
Response:
{
  "success": false,
  "status": 500,
  "data": "Server Error",
  "timeTaken": 274.90899999999965
}
Status code: 500
-------------------------------

[test number] should successfully handle input
Request:
{
  "gender": "FEMALE",
  "total_activity_duration": "ZERO_TO_THREE_HOURS",
  "age": 100,
  "weight_today": 150,
  "height": 160,
  "category": "intermediate"
}
Response:
{
  "success": false,
  "status": 500,
  "data": "Server Error",
  "timeTaken": 280.46879999999874
}
Status code: 500
-------------------------------

[test number] should successfully handle input
Request:
{
  "gender": "FEMALE",
  "total_activity_duration": "THREE_TO_SIX_HOURS",
  "age": 75,
  "weight_today": 200,
  "height": 140,
  "category": "advanced"
}
Response:
{
  "success": false,
  "status": 500,
  "data": "Server Error",
  "timeTaken": 290.59929999999986
}
Status code: 500
-------------------------------

[test number] should successfully handle input
Request:
{
  "gender": "MALE",
  "total_activity_duration": "NINE_TO_TWELVE_HOURS",
  "age": 100,
  "weight_today": 70,
  "height": 140,
  "category": "beginner"
}
Response:
{
  "success": false,
  "status": 500,
  "data": "Server Error",
  "timeTaken": 286.3684000000012
}
Status code: 500
-------------------------------

[test number] should successfully handle input
Request:
{
  "gender": "FEMALE",
  "total_activity_duration": "TWELVE_PLUS_HOURS",
  "age": 25,
  "weight_today": 113.9,
  "height": 140,
  "category": "intermediate"
}
Response:
{
  "success": false,
  "status": 500,
  "data": "Server Error",
  "timeTaken": 275.14639999999963
}
Status code: 500
-------------------------------

[test number] should successfully handle input
Request:
{
  "gender": "FEMALE",
  "total_activity_duration": "SIX_TO_NINE_HOURS",
  "age": 75,
  "weight_today": 30,
  "height": 160,
  "category": "advanced"
}
Response:
{
  "success": false,
  "status": 500,
  "data": "Server Error",
  "timeTaken": 276.79869999999937
}
Status code: 500
-------------------------------

[test number] should successfully handle input
Request:
{
  "gender": "MALE",
  "total_activity_duration": "SIX_TO_NINE_HOURS",
  "age": 50,
  "weight_today": 200,
  "height": 190,
  "category": "beginner"
}
Response:
{
  "success": false,
  "status": 500,
  "data": "Server Error",
  "timeTaken": 296.8626999999997
}
Status code: 500
-------------------------------

[test number] should successfully handle input
Request:
{
  "gender": "FEMALE",
  "total_activity_duration": "SIX_TO_NINE_HOURS",
  "age": 0,
  "weight_today": 200,
  "height": 173,
  "category": "advanced"
}
Response:
{
  "success": false,
  "status": 500,
  "data": "Server Error",
  "timeTaken": 284.6332999999995
}
Status code: 500
-------------------------------

[test number] should successfully handle input
Request:
{
  "gender": "MALE",
  "total_activity_duration": "THREE_TO_SIX_HOURS",
  "age": 25,
  "weight_today": 150,
  "height": 160,
  "category": "beginner"
}
Response:
{
  "success": false,
  "status": 500,
  "data": "Server Error",
  "timeTaken": 305.28739999999925
}
Status code: 500
-------------------------------

[test number] should successfully handle input
Request:
{
  "gender": "MALE",
  "total_activity_duration": "NINE_TO_TWELVE_HOURS",
  "age": 0,
  "weight_today": 30,
  "height": 140,
  "category": "beginner"
}
Response:
{
  "success": false,
  "status": 500,
  "data": "Server Error",
  "timeTaken": 289.67379999999866
}
Status code: 500
-------------------------------

[test number] should successfully handle input
Request:
{
  "gender": "FEMALE",
  "total_activity_duration": "NINE_TO_TWELVE_HOURS",
  "age": 0,
  "weight_today": 30,
  "height": 190,
  "category": "advanced"
}
Response:
{
  "success": false,
  "status": 500,
  "data": "Server Error",
  "timeTaken": 271.72299999999996
}
Status code: 500
-------------------------------

[test number] should successfully handle input
Request:
{
  "gender": "FEMALE",
  "total_activity_duration": "ZERO_TO_THREE_HOURS",
  "age": 50,
  "weight_today": 113.9,
  "height": 210,
  "category": "intermediate"
}
Response:
{
  "success": false,
  "status": 500,
  "data": "Server Error",
  "timeTaken": 273.9995999999992
}
Status code: 500
-------------------------------

[test number] should successfully handle input
Request:
{
  "gender": "MALE",
  "total_activity_duration": "SIX_TO_NINE_HOURS",
  "age": 0,
  "weight_today": 200,
  "height": 160,
  "category": "beginner"
}
Response:
{
  "success": false,
  "status": 500,
  "data": "Server Error",
  "timeTaken": 294.052099999999
}
Status code: 500
-------------------------------

[test number] should successfully handle input
Request:
{
  "gender": "FEMALE",
  "total_activity_duration": "NINE_TO_TWELVE_HOURS",
  "age": 100,
  "weight_today": 70,
  "height": 190,
  "category": "beginner"
}
Response:
{
  "success": false,
  "status": 500,
  "data": "Server Error",
  "timeTaken": 287.8071
}
Status code: 500
-------------------------------

[test number] should successfully handle input
Request:
{
  "gender": "FEMALE",
  "total_activity_duration": "THREE_TO_SIX_HOURS",
  "age": 25,
  "weight_today": 150,
  "height": 210,
  "category": "beginner"
}
Response:
{
  "success": false,
  "status": 500,
  "data": "Server Error",
  "timeTaken": 280.39840000000004
}
Status code: 500
-------------------------------

[test number] should successfully handle input
Request:
{
  "gender": "FEMALE",
  "total_activity_duration": "TWELVE_PLUS_HOURS",
  "age": 75,
  "weight_today": 113.9,
  "height": 173,
  "category": "intermediate"
}
Response:
{
  "success": false,
  "status": 500,
  "data": "Server Error",
  "timeTaken": 270.65860000000066
}
Status code: 500
-------------------------------

[test number] should successfully handle input
Request:
{
  "gender": "MALE",
  "total_activity_duration": "ZERO_TO_THREE_HOURS",
  "age": 100,
  "weight_today": 113.9,
  "height": 190,
  "category": "advanced"
}
Response:
{
  "success": false,
  "status": 500,
  "data": "Server Error",
  "timeTaken": 273.0460000000003
}
Status code: 500
-------------------------------

[test number] should successfully handle input
Request:
{
  "gender": "MALE",
  "total_activity_duration": "NINE_TO_TWELVE_HOURS",
  "age": 50,
  "weight_today": 30,
  "height": 173,
  "category": "intermediate"
}
Response:
{
  "success": false,
  "status": 500,
  "data": "Server Error",
  "timeTaken": 286.9539999999997
}
Status code: 500
-------------------------------

[test number] should successfully handle input
Request:
{
  "gender": "MALE",
  "total_activity_duration": "THREE_TO_SIX_HOURS",
  "age": 75,
  "weight_today": 150,
  "height": 190,
  "category": "intermediate"
}
Response:
{
  "success": false,
  "status": 500,
  "data": "Server Error",
  "timeTaken": 277.1106
}
Status code: 500
-------------------------------

[test number] should successfully handle input
Request:
{
  "gender": "MALE",
  "total_activity_duration": "TWELVE_PLUS_HOURS",
  "age": 25,
  "weight_today": 70,
  "height": 173,
  "category": "beginner"
}
Response:
{
  "success": false,
  "status": 500,
  "data": "Server Error",
  "timeTaken": 292.5550999999996
}
Status code: 500
-------------------------------

[test number] should successfully handle input
Request:
{
  "gender": "MALE",
  "total_activity_duration": "TWELVE_PLUS_HOURS",
  "age": 75,
  "weight_today": 113.9,
  "height": 140,
  "category": "beginner"
}
Response:
{
  "success": false,
  "status": 500,
  "data": "Server Error",
  "timeTaken": 267.10150000000067
}
Status code: 500
-------------------------------

[test number] should successfully handle input
Request:
{
  "gender": "MALE",
  "total_activity_duration": "ZERO_TO_THREE_HOURS",
  "age": 50,
  "weight_today": 113.9,
  "height": 173,
  "category": "beginner"
}
Response:
{
  "success": false,
  "status": 500,
  "data": "Server Error",
  "timeTaken": 275.5532999999996
}
Status code: 500
-------------------------------

[test number] should successfully handle input
Request:
{
  "gender": "MALE",
  "total_activity_duration": "ZERO_TO_THREE_HOURS",
  "age": 0,
  "weight_today": 70,
  "height": 210,
  "category": "beginner"
}
Response:
{
  "success": false,
  "status": 500,
  "data": "Server Error",
  "timeTaken": 284.26510000000053
}
Status code: 500
-------------------------------

[test number] should successfully handle input
Request:
{
  "gender": "FEMALE",
  "total_activity_duration": "NINE_TO_TWELVE_HOURS",
  "age": 50,
  "weight_today": 70,
  "height": 140,
  "category": "intermediate"
}
Response:
{
  "success": false,
  "status": 500,
  "data": "Server Error",
  "timeTaken": 286.9511000000002
}
Status code: 500
-------------------------------

[test number] should successfully handle input
Request:
{
  "gender": "FEMALE",
  "total_activity_duration": "ZERO_TO_THREE_HOURS",
  "age": 0,
  "weight_today": 113.9,
  "height": 173,
  "category": "beginner"
}
Response:
{
  "success": false,
  "status": 500,
  "data": "Server Error",
  "timeTaken": 281.77580000000125
}
Status code: 500
-------------------------------

[test number] should successfully handle input
Request:
{
  "gender": "FEMALE",
  "total_activity_duration": "ZERO_TO_THREE_HOURS",
  "age": 100,
  "weight_today": 150,
  "height": 160,
  "category": "advanced"
}
Response:
{
  "success": false,
  "status": 500,
  "data": "Server Error",
  "timeTaken": 272.6295000000009
}
Status code: 500
-------------------------------

[test number] should successfully handle input
Request:
{
  "gender": "FEMALE",
  "total_activity_duration": "THREE_TO_SIX_HOURS",
  "age": 75,
  "weight_today": 200,
  "height": 160,
  "category": "beginner"
}
Response:
{
  "success": false,
  "status": 500,
  "data": "Server Error",
  "timeTaken": 294.0535
}
Status code: 500
-------------------------------

[test number] should successfully handle input
Request:
{
  "gender": "MALE",
  "total_activity_duration": "NINE_TO_TWELVE_HOURS",
  "age": 100,
  "weight_today": 70,
  "height": 140,
  "category": "intermediate"
}
Response:
{
  "success": false,
  "status": 500,
  "data": "Server Error",
  "timeTaken": 274.0066000000006
}
Status code: 500
-------------------------------

[test number] should successfully handle input
Request:
{
  "gender": "FEMALE",
  "total_activity_duration": "TWELVE_PLUS_HOURS",
  "age": 25,
  "weight_today": 113.9,
  "height": 140,
  "category": "advanced"
}
Response:
{
  "success": false,
  "status": 500,
  "data": "Server Error",
  "timeTaken": 278.7445000000007
}
Status code: 500
-------------------------------

[test number] should successfully handle input
Request:
{
  "gender": "MALE",
  "total_activity_duration": "NINE_TO_TWELVE_HOURS",
  "age": 0,
  "weight_today": 30,
  "height": 140,
  "category": "intermediate"
}
Response:
{
  "success": false,
  "status": 500,
  "data": "Server Error",
  "timeTaken": 285.57680000000073
}
Status code: 500
-------------------------------

[test number] should successfully handle input
Request:
{
  "gender": "MALE",
  "total_activity_duration": "THREE_TO_SIX_HOURS",
  "age": 25,
  "weight_today": 150,
  "height": 160,
  "category": "intermediate"
}
Response:
{
  "success": false,
  "status": 500,
  "data": "Server Error",
  "timeTaken": 291.9353999999985
}
Status code: 500
-------------------------------

[test number] should successfully handle input
Request:
{
  "gender": "FEMALE",
  "total_activity_duration": "SIX_TO_NINE_HOURS",
  "age": 0,
  "weight_today": 200,
  "height": 190,
  "category": "beginner"
}
Response:
{
  "success": false,
  "status": 500,
  "data": "Server Error",
  "timeTaken": 298.97990000000027
}
Status code: 500
-------------------------------

[test number] should successfully handle input
Request:
{
  "gender": "FEMALE",
  "total_activity_duration": "ZERO_TO_THREE_HOURS",
  "age": 50,
  "weight_today": 113.9,
  "height": 210,
  "category": "advanced"
}
Response:
{
  "success": false,
  "status": 500,
  "data": "Server Error",
  "timeTaken": 277.17449999999917
}
Status code: 500
-------------------------------

[test number] should successfully handle input
Request:
{
  "gender": "FEMALE",
  "total_activity_duration": "NINE_TO_TWELVE_HOURS",
  "age": 0,
  "weight_today": 30,
  "height": 210,
  "category": "beginner"
}
Response:
{
  "success": false,
  "status": 500,
  "data": "Server Error",
  "timeTaken": 278.60019999999895
}
Status code: 500
-------------------------------

[test number] should successfully handle input
Request:
{
  "gender": "MALE",
  "total_activity_duration": "SIX_TO_NINE_HOURS",
  "age": 0,
  "weight_today": 200,
  "height": 160,
  "category": "intermediate"
}
Response:
{
  "success": false,
  "status": 500,
  "data": "Server Error",
  "timeTaken": 269.3959999999988
}
Status code: 500
-------------------------------

[test number] should successfully handle input
Request:
{
  "gender": "FEMALE",
  "total_activity_duration": "NINE_TO_TWELVE_HOURS",
  "age": 100,
  "weight_today": 70,
  "height": 190,
  "category": "intermediate"
}
Response:
{
  "success": false,
  "status": 500,
  "data": "Server Error",
  "timeTaken": 275.91069999999854
}
Status code: 500
-------------------------------

[test number] should successfully handle input
Request:
{
  "gender": "MALE",
  "total_activity_duration": "ZERO_TO_THREE_HOURS",
  "age": 100,
  "weight_today": 113.9,
  "height": 210,
  "category": "beginner"
}
Response:
{
  "success": false,
  "status": 500,
  "data": "Server Error",
  "timeTaken": 276.15589999999975
}
Status code: 500
-------------------------------

[test number] should successfully handle input
Request:
{
  "gender": "FEMALE",
  "total_activity_duration": "THREE_TO_SIX_HOURS",
  "age": 25,
  "weight_today": 150,
  "height": 210,
  "category": "intermediate"
}
Response:
{
  "success": false,
  "status": 500,
  "data": "Server Error",
  "timeTaken": 295.0758999999998
}
Status code: 500
-------------------------------

[test number] should successfully handle input
Request:
{
  "gender": "FEMALE",
  "total_activity_duration": "SIX_TO_NINE_HOURS",
  "age": 75,
  "weight_today": 30,
  "height": 173,
  "category": "beginner"
}
Response:
{
  "success": false,
  "status": 500,
  "data": "Server Error",
  "timeTaken": 390.3837999999996
}
Status code: 500
-------------------------------

[test number] should successfully handle input
Request:
{
  "gender": "MALE",
  "total_activity_duration": "NINE_TO_TWELVE_HOURS",
  "age": 50,
  "weight_today": 30,
  "height": 173,
  "category": "advanced"
}
Response:
{
  "success": false,
  "status": 500,
  "data": "Server Error",
  "timeTaken": 287.5883999999987
}
Status code: 500
-------------------------------

[test number] should successfully handle input
Request:
{
  "gender": "FEMALE",
  "total_activity_duration": "TWELVE_PLUS_HOURS",
  "age": 75,
  "weight_today": 113.9,
  "height": 173,
  "category": "advanced"
}
Response:
{
  "success": false,
  "status": 500,
  "data": "Server Error",
  "timeTaken": 293.72240000000056
}
Status code: 500
-------------------------------

[test number] should successfully handle input
Request:
{
  "gender": "MALE",
  "total_activity_duration": "THREE_TO_SIX_HOURS",
  "age": 75,
  "weight_today": 150,
  "height": 190,
  "category": "advanced"
}
Response:
{
  "success": false,
  "status": 500,
  "data": "Server Error",
  "timeTaken": 272.1159000000007
}
Status code: 500
-------------------------------

[test number] should successfully handle input
Request:
{
  "gender": "MALE",
  "total_activity_duration": "SIX_TO_NINE_HOURS",
  "age": 50,
  "weight_today": 200,
  "height": 190,
  "category": "intermediate"
}
Response:
{
  "success": false,
  "status": 500,
  "data": "Server Error",
  "timeTaken": 416.3627000000015
}
Status code: 500
-------------------------------

[test number] should successfully handle input
Request:
{
  "gender": "MALE",
  "total_activity_duration": "TWELVE_PLUS_HOURS",
  "age": 25,
  "weight_today": 70,
  "height": 173,
  "category": "intermediate"
}
Response:
{
  "success": false,
  "status": 500,
  "data": "Server Error",
  "timeTaken": 276.6184000000012
}
Status code: 500
-------------------------------

[test number] should successfully handle input
Request:
{
  "gender": "MALE",
  "total_activity_duration": "ZERO_TO_THREE_HOURS",
  "age": 50,
  "weight_today": 113.9,
  "height": 173,
  "category": "intermediate"
}
Response:
{
  "success": false,
  "status": 500,
  "data": "Server Error",
  "timeTaken": 280.9381000000012
}
Status code: 500
-------------------------------

[test number] should successfully handle input
Request:
{
  "gender": "MALE",
  "total_activity_duration": "TWELVE_PLUS_HOURS",
  "age": 75,
  "weight_today": 113.9,
  "height": 140,
  "category": "intermediate"
}
Response:
{
  "success": false,
  "status": 500,
  "data": "Server Error",
  "timeTaken": 292.3130999999994
}
Status code: 500
-------------------------------

[test number] should successfully handle input
Request:
{
  "gender": "MALE",
  "total_activity_duration": "ZERO_TO_THREE_HOURS",
  "age": 0,
  "weight_today": 70,
  "height": 210,
  "category": "intermediate"
}
Response:
{
  "success": false,
  "status": 500,
  "data": "Server Error",
  "timeTaken": 276.91109999999935
}
Status code: 500
-------------------------------

[test number] should successfully handle input
Request:
{
  "gender": "FEMALE",
  "total_activity_duration": "ZERO_TO_THREE_HOURS",
  "age": 0,
  "weight_today": 113.9,
  "height": 173,
  "category": "intermediate"
}
Response:
{
  "success": false,
  "status": 500,
  "data": "Server Error",
  "timeTaken": 272.8094999999994
}
Status code: 500
-------------------------------

[test number] should successfully handle input
Request:
{
  "gender": "FEMALE",
  "total_activity_duration": "NINE_TO_TWELVE_HOURS",
  "age": 50,
  "weight_today": 70,
  "height": 140,
  "category": "advanced"
}
Response:
{
  "success": false,
  "status": 500,
  "data": "Server Error",
  "timeTaken": 283.853000000001
}
Status code: 500
-------------------------------

[test number] should successfully handle input
Request:
{
  "gender": "FEMALE",
  "total_activity_duration": "ZERO_TO_THREE_HOURS",
  "age": 100,
  "weight_today": 150,
  "height": 173,
  "category": "beginner"
}
Response:
{
  "success": false,
  "status": 500,
  "data": "Server Error",
  "timeTaken": 276.1774000000005
}
Status code: 500
-------------------------------

[test number] should successfully handle input
Request:
{
  "gender": "MALE",
  "total_activity_duration": "NINE_TO_TWELVE_HOURS",
  "age": 100,
  "weight_today": 70,
  "height": 140,
  "category": "advanced"
}
Response:
{
  "success": false,
  "status": 500,
  "data": "Server Error",
  "timeTaken": 266.6833999999999
}
Status code: 500
-------------------------------

[test number] should successfully handle input
Request:
{
  "gender": "FEMALE",
  "total_activity_duration": "THREE_TO_SIX_HOURS",
  "age": 75,
  "weight_today": 200,
  "height": 160,
  "category": "intermediate"
}
Response:
{
  "success": false,
  "status": 500,
  "data": "Server Error",
  "timeTaken": 287.8806999999997
}
Status code: 500
-------------------------------

[test number] should successfully handle input
Request:
{
  "gender": "FEMALE",
  "total_activity_duration": "TWELVE_PLUS_HOURS",
  "age": 25,
  "weight_today": 113.9,
  "height": 160,
  "category": "beginner"
}
Response:
{
  "success": false,
  "status": 500,
  "data": "Server Error",
  "timeTaken": 283.91320000000087
}
Status code: 500
-------------------------------

[test number] should successfully handle input
Request:
{
  "gender": "MALE",
  "total_activity_duration": "NINE_TO_TWELVE_HOURS",
  "age": 0,
  "weight_today": 30,
  "height": 140,
  "category": "advanced"
}
Response:
{
  "success": false,
  "status": 500,
  "data": "Server Error",
  "timeTaken": 279.1808999999994
}
Status code: 500
-------------------------------

[test number] should successfully handle input
Request:
{
  "gender": "MALE",
  "total_activity_duration": "THREE_TO_SIX_HOURS",
  "age": 25,
  "weight_today": 150,
  "height": 160,
  "category": "advanced"
}
Response:
{
  "success": false,
  "status": 500,
  "data": "Server Error",
  "timeTaken": 287.52130000000034
}
Status code: 500
-------------------------------

[test number] should successfully handle input
Request:
{
  "gender": "FEMALE",
  "total_activity_duration": "ZERO_TO_THREE_HOURS",
  "age": 50,
  "weight_today": 150,
  "height": 140,
  "category": "beginner"
}
Response:
{
  "success": false,
  "status": 500,
  "data": "Server Error",
  "timeTaken": 288.10789999999906
}
Status code: 500
-------------------------------

[test number] should successfully handle input
Request:
{
  "gender": "FEMALE",
  "total_activity_duration": "NINE_TO_TWELVE_HOURS",
  "age": 0,
  "weight_today": 30,
  "height": 210,
  "category": "intermediate"
}
Response:
{
  "success": false,
  "status": 500,
  "data": "Server Error",
  "timeTaken": 288.1490999999987
}
Status code: 500
-------------------------------

[test number] should successfully handle input
Request:
{
  "gender": "MALE",
  "total_activity_duration": "SIX_TO_NINE_HOURS",
  "age": 0,
  "weight_today": 200,
  "height": 160,
  "category": "advanced"
}
Response:
{
  "success": false,
  "status": 500,
  "data": "Server Error",
  "timeTaken": 277.71090000000004
}
Status code: 500
-------------------------------

[test number] should successfully handle input
Request:
{
  "gender": "FEMALE",
  "total_activity_duration": "NINE_TO_TWELVE_HOURS",
  "age": 100,
  "weight_today": 70,
  "height": 190,
  "category": "advanced"
}
Response:
{
  "success": false,
  "status": 500,
  "data": "Server Error",
  "timeTaken": 285.5064000000002
}
Status code: 500
-------------------------------

[test number] should successfully handle input
Request:
{
  "gender": "FEMALE",
  "total_activity_duration": "SIX_TO_NINE_HOURS",
  "age": 0,
  "weight_today": 200,
  "height": 190,
  "category": "intermediate"
}
Response:
{
  "success": false,
  "status": 500,
  "data": "Server Error",
  "timeTaken": 316.7513999999992
}
Status code: 500
-------------------------------

[test number] should successfully handle input
Request:
{
  "gender": "MALE",
  "total_activity_duration": "ZERO_TO_THREE_HOURS",
  "age": 100,
  "weight_today": 113.9,
  "height": 210,
  "category": "intermediate"
}
Response:
{
  "success": false,
  "status": 500,
  "data": "Server Error",
  "timeTaken": 288.5741999999991
}
Status code: 500
-------------------------------

[test number] should successfully handle input
Request:
{
  "gender": "FEMALE",
  "total_activity_duration": "THREE_TO_SIX_HOURS",
  "age": 25,
  "weight_today": 150,
  "height": 210,
  "category": "advanced"
}
Response:
{
  "success": false,
  "status": 500,
  "data": "Server Error",
  "timeTaken": 283.5035000000007
}
Status code: 500
-------------------------------

[test number] should successfully handle input
Request:
{
  "gender": "MALE",
  "total_activity_duration": "NINE_TO_TWELVE_HOURS",
  "age": 50,
  "weight_today": 30,
  "height": 190,
  "category": "beginner"
}
Response:
{
  "success": false,
  "status": 500,
  "data": "Server Error",
  "timeTaken": 278.8786
}
Status code: 500
-------------------------------

[test number] should successfully handle input
Request:
{
  "gender": "FEMALE",
  "total_activity_duration": "TWELVE_PLUS_HOURS",
  "age": 75,
  "weight_today": 113.9,
  "height": 190,
  "category": "beginner"
}
Response:
{
  "success": false,
  "status": 500,
  "data": "Server Error",
  "timeTaken": 286.1086000000014
}
Status code: 500
-------------------------------

[test number] should successfully handle input
Request:
{
  "gender": "FEMALE",
  "total_activity_duration": "SIX_TO_NINE_HOURS",
  "age": 75,
  "weight_today": 30,
  "height": 173,
  "category": "intermediate"
}
Response:
{
  "success": false,
  "status": 500,
  "data": "Server Error",
  "timeTaken": 292.85949999999866
}
Status code: 500
-------------------------------

[test number] should successfully handle input
Request:
{
  "gender": "MALE",
  "total_activity_duration": "THREE_TO_SIX_HOURS",
  "age": 75,
  "weight_today": 150,
  "height": 210,
  "category": "beginner"
}
Response:
{
  "success": false,
  "status": 500,
  "data": "Server Error",
  "timeTaken": 291.8002000000015
}
Status code: 500
-------------------------------

[test number] should successfully handle input
Request:
{
  "gender": "MALE",
  "total_activity_duration": "SIX_TO_NINE_HOURS",
  "age": 50,
  "weight_today": 200,
  "height": 190,
  "category": "advanced"
}
Response:
{
  "success": false,
  "status": 500,
  "data": "Server Error",
  "timeTaken": 281.40840000000026
}
Status code: 500
-------------------------------

[test number] should successfully handle input
Request:
{
  "gender": "MALE",
  "total_activity_duration": "TWELVE_PLUS_HOURS",
  "age": 25,
  "weight_today": 70,
  "height": 173,
  "category": "advanced"
}
Response:
{
  "success": false,
  "status": 500,
  "data": "Server Error",
  "timeTaken": 279.53089999999975
}
Status code: 500
-------------------------------

[test number] should successfully handle input
Request:
{
  "gender": "MALE",
  "total_activity_duration": "ZERO_TO_THREE_HOURS",
  "age": 50,
  "weight_today": 113.9,
  "height": 173,
  "category": "advanced"
}
Response:
{
  "success": false,
  "status": 500,
  "data": "Server Error",
  "timeTaken": 277.4435999999987
}
Status code: 500
-------------------------------

[test number] should successfully handle input
Request:
{
  "gender": "MALE",
  "total_activity_duration": "TWELVE_PLUS_HOURS",
  "age": 75,
  "weight_today": 113.9,
  "height": 140,
  "category": "advanced"
}
Response:
{
  "success": false,
  "status": 500,
  "data": "Server Error",
  "timeTaken": 293.09869999999864
}
Status code: 500
-------------------------------

[test number] should successfully handle input
Request:
{
  "gender": "FEMALE",
  "total_activity_duration": "ZERO_TO_THREE_HOURS",
  "age": 0,
  "weight_today": 113.9,
  "height": 173,
  "category": "advanced"
}
Response:
{
  "success": false,
  "status": 500,
  "data": "Server Error",
  "timeTaken": 276.3822999999993
}
Status code: 500
-------------------------------

[test number] should successfully handle input
Request:
{
  "gender": "FEMALE",
  "total_activity_duration": "NINE_TO_TWELVE_HOURS",
  "age": 50,
  "weight_today": 70,
  "height": 160,
  "category": "beginner"
}
Response:
{
  "success": false,
  "status": 500,
  "data": "Server Error",
  "timeTaken": 283.53269999999975
}
Status code: 500
-------------------------------

[test number] should successfully handle input
Request:
{
  "gender": "FEMALE",
  "total_activity_duration": "ZERO_TO_THREE_HOURS",
  "age": 100,
  "weight_today": 150,
  "height": 173,
  "category": "intermediate"
}
Response:
{
  "success": false,
  "status": 500,
  "data": "Server Error",
  "timeTaken": 288.5648000000001
}
Status code: 500
-------------------------------

[test number] should successfully handle input
Request:
{
  "gender": "MALE",
  "total_activity_duration": "ZERO_TO_THREE_HOURS",
  "age": 0,
  "weight_today": 70,
  "height": 210,
  "category": "advanced"
}
Response:
{
  "success": false,
  "status": 500,
  "data": "Server Error",
  "timeTaken": 324.5649000000012
}
Status code: 500
-------------------------------

[test number] should successfully handle input
Request:
{
  "gender": "MALE",
  "total_activity_duration": "NINE_TO_TWELVE_HOURS",
  "age": 100,
  "weight_today": 70,
  "height": 160,
  "category": "beginner"
}
Response:
{
  "success": false,
  "status": 500,
  "data": "Server Error",
  "timeTaken": 284.65720000000147
}
Status code: 500
-------------------------------

[test number] should successfully handle input
Request:
{
  "gender": "FEMALE",
  "total_activity_duration": "THREE_TO_SIX_HOURS",
  "age": 75,
  "weight_today": 200,
  "height": 160,
  "category": "advanced"
}
Response:
{
  "success": false,
  "status": 500,
  "data": "Server Error",
  "timeTaken": 271.23449999999866
}
Status code: 500
-------------------------------

[test number] should successfully handle input
Request:
{
  "gender": "FEMALE",
  "total_activity_duration": "TWELVE_PLUS_HOURS",
  "age": 25,
  "weight_today": 113.9,
  "height": 160,
  "category": "intermediate"
}
Response:
{
  "success": false,
  "status": 500,
  "data": "Server Error",
  "timeTaken": 283.35379999999896
}
Status code: 500
-------------------------------

[test number] should successfully handle input
Request:
{
  "gender": "MALE",
  "total_activity_duration": "NINE_TO_TWELVE_HOURS",
  "age": 0,
  "weight_today": 30,
  "height": 160,
  "category": "beginner"
}
Response:
{
  "success": false,
  "status": 500,
  "data": "Server Error",
  "timeTaken": 280.45720000000074
}
Status code: 500
-------------------------------

[test number] should successfully handle input
Request:
{
  "gender": "MALE",
  "total_activity_duration": "SIX_TO_NINE_HOURS",
  "age": 0,
  "weight_today": 200,
  "height": 173,
  "category": "beginner"
}
Response:
{
  "success": false,
  "status": 500,
  "data": "Server Error",
  "timeTaken": 270.3352999999988
}
Status code: 500
-------------------------------

[test number] should successfully handle input
Request:
{
  "gender": "FEMALE",
  "total_activity_duration": "NINE_TO_TWELVE_HOURS",
  "age": 0,
  "weight_today": 30,
  "height": 210,
  "category": "advanced"
}
Response:
{
  "success": false,
  "status": 500,
  "data": "Server Error",
  "timeTaken": 276.96080000000075
}
Status code: 500
-------------------------------

[test number] should successfully handle input
Request:
{
  "gender": "FEMALE",
  "total_activity_duration": "NINE_TO_TWELVE_HOURS",
  "age": 100,
  "weight_today": 70,
  "height": 210,
  "category": "beginner"
}
Response:
{
  "success": false,
  "status": 500,
  "data": "Server Error",
  "timeTaken": 277.79409999999916
}
Status code: 500
-------------------------------

[test number] should successfully handle input
Request:
{
  "gender": "FEMALE",
  "total_activity_duration": "ZERO_TO_THREE_HOURS",
  "age": 50,
  "weight_today": 150,
  "height": 140,
  "category": "intermediate"
}
Response:
{
  "success": false,
  "status": 500,
  "data": "Server Error",
  "timeTaken": 287.3928999999989
}
Status code: 500
-------------------------------

[test number] should successfully handle input
Request:
{
  "gender": "FEMALE",
  "total_activity_duration": "SIX_TO_NINE_HOURS",
  "age": 0,
  "weight_today": 200,
  "height": 190,
  "category": "advanced"
}
Response:
{
  "success": false,
  "status": 500,
  "data": "Server Error",
  "timeTaken": 279.61229999999887
}
Status code: 500
-------------------------------

[test number] should successfully handle input
Request:
{
  "gender": "MALE",
  "total_activity_duration": "THREE_TO_SIX_HOURS",
  "age": 25,
  "weight_today": 150,
  "height": 173,
  "category": "beginner"
}
Response:
{
  "success": false,
  "status": 500,
  "data": "Server Error",
  "timeTaken": 317.2379999999994
}
Status code: 500
-------------------------------

[test number] should successfully handle input
Request:
{
  "gender": "FEMALE",
  "total_activity_duration": "THREE_TO_SIX_HOURS",
  "age": 25,
  "weight_today": 200,
  "height": 140,
  "category": "beginner"
}
Response:
{
  "success": false,
  "status": 500,
  "data": "Server Error",
  "timeTaken": 268.3212999999996
}
Status code: 500
-------------------------------

[test number] should successfully handle input
Request:
{
  "gender": "MALE",
  "total_activity_duration": "ZERO_TO_THREE_HOURS",
  "age": 100,
  "weight_today": 113.9,
  "height": 210,
  "category": "advanced"
}
Response:
{
  "success": false,
  "status": 500,
  "data": "Server Error",
  "timeTaken": 281.1929
}
Status code: 500
-------------------------------

[test number] should successfully handle input
Request:
{
  "gender": "MALE",
  "total_activity_duration": "NINE_TO_TWELVE_HOURS",
  "age": 50,
  "weight_today": 30,
  "height": 190,
  "category": "intermediate"
}
Response:
{
  "success": false,
  "status": 500,
  "data": "Server Error",
  "timeTaken": 274.8948999999993
}
Status code: 500
-------------------------------

[test number] should successfully handle input
Request:
{
  "gender": "FEMALE",
  "total_activity_duration": "TWELVE_PLUS_HOURS",
  "age": 75,
  "weight_today": 113.9,
  "height": 190,
  "category": "intermediate"
}
Response:
{
  "success": false,
  "status": 500,
  "data": "Server Error",
  "timeTaken": 276.5128999999997
}
Status code: 500
-------------------------------

[test number] should successfully handle input
Request:
{
  "gender": "MALE",
  "total_activity_duration": "THREE_TO_SIX_HOURS",
  "age": 75,
  "weight_today": 150,
  "height": 210,
  "category": "intermediate"
}
Response:
{
  "success": false,
  "status": 500,
  "data": "Server Error",
  "timeTaken": 278.40639999999985
}
Status code: 500
-------------------------------

[test number] should successfully handle input
Request:
{
  "gender": "MALE",
  "total_activity_duration": "SIX_TO_NINE_HOURS",
  "age": 50,
  "weight_today": 200,
  "height": 210,
  "category": "beginner"
}
Response:
{
  "success": false,
  "status": 500,
  "data": "Server Error",
  "timeTaken": 280.1214
}
Status code: 500
-------------------------------

[test number] should successfully handle input
Request:
{
  "gender": "FEMALE",
  "total_activity_duration": "SIX_TO_NINE_HOURS",
  "age": 75,
  "weight_today": 30,
  "height": 173,
  "category": "advanced"
}
Response:
{
  "success": false,
  "status": 500,
  "data": "Server Error",
  "timeTaken": 293.812899999999
}
Status code: 500
-------------------------------

[test number] should successfully handle input
Request:
{
  "gender": "MALE",
  "total_activity_duration": "ZERO_TO_THREE_HOURS",
  "age": 50,
  "weight_today": 113.9,
  "height": 190,
  "category": "beginner"
}
Response:
{
  "success": false,
  "status": 500,
  "data": "Server Error",
  "timeTaken": 270.83070000000043
}
Status code: 500
-------------------------------

[test number] should successfully handle input
Request:
{
  "gender": "MALE",
  "total_activity_duration": "TWELVE_PLUS_HOURS",
  "age": 25,
  "weight_today": 70,
  "height": 190,
  "category": "beginner"
}
Response:
{
  "success": false,
  "status": 500,
  "data": "Server Error",
  "timeTaken": 275.90949999999975
}
Status code: 500
-------------------------------

[test number] should successfully handle input
Request:
{
  "gender": "MALE",
  "total_activity_duration": "TWELVE_PLUS_HOURS",
  "age": 75,
  "weight_today": 113.9,
  "height": 160,
  "category": "beginner"
}
Response:
{
  "success": false,
  "status": 500,
  "data": "Server Error",
  "timeTaken": 285.1443999999992
}
Status code: 500
-------------------------------

[test number] should successfully handle input
Request:
{
  "gender": "FEMALE",
  "total_activity_duration": "ZERO_TO_THREE_HOURS",
  "age": 0,
  "weight_today": 113.9,
  "height": 190,
  "category": "beginner"
}
Response:
{
  "success": false,
  "status": 500,
  "data": "Server Error",
  "timeTaken": 271.79069999999956
}
Status code: 500
-------------------------------

[test number] should successfully handle input
Request:
{
  "gender": "FEMALE",
  "total_activity_duration": "NINE_TO_TWELVE_HOURS",
  "age": 50,
  "weight_today": 70,
  "height": 160,
  "category": "intermediate"
}
Response:
{
  "success": false,
  "status": 500,
  "data": "Server Error",
  "timeTaken": 274.3724999999995
}
Status code: 500
-------------------------------

[test number] should successfully handle input
Request:
{
  "gender": "MALE",
  "total_activity_duration": "ZERO_TO_THREE_HOURS",
  "age": 0,
  "weight_today": 113.9,
  "height": 140,
  "category": "beginner"
}
Response:
{
  "success": false,
  "status": 500,
  "data": "Server Error",
  "timeTaken": 281.15959999999905
}
Status code: 500
-------------------------------

[test number] should successfully handle input
Request:
{
  "gender": "FEMALE",
  "total_activity_duration": "ZERO_TO_THREE_HOURS",
  "age": 100,
  "weight_today": 150,
  "height": 173,
  "category": "advanced"
}
Response:
{
  "success": false,
  "status": 500,
  "data": "Server Error",
  "timeTaken": 292.66159999999945
}
Status code: 500
-------------------------------

[test number] should successfully handle input
Request:
{
  "gender": "MALE",
  "total_activity_duration": "NINE_TO_TWELVE_HOURS",
  "age": 100,
  "weight_today": 70,
  "height": 160,
  "category": "intermediate"
}
Response:
{
  "success": false,
  "status": 500,
  "data": "Server Error",
  "timeTaken": 276.94970000000103
}
Status code: 500
-------------------------------

[test number] should successfully handle input
Request:
{
  "gender": "FEMALE",
  "total_activity_duration": "THREE_TO_SIX_HOURS",
  "age": 75,
  "weight_today": 200,
  "height": 173,
  "category": "beginner"
}
Response:
{
  "success": false,
  "status": 500,
  "data": "Server Error",
  "timeTaken": 286.22269999999844
}
Status code: 500
-------------------------------

[test number] should successfully handle input
Request:
{
  "gender": "MALE",
  "total_activity_duration": "NINE_TO_TWELVE_HOURS",
  "age": 0,
  "weight_today": 30,
  "height": 160,
  "category": "intermediate"
}
Response:
{
  "success": false,
  "status": 500,
  "data": "Server Error",
  "timeTaken": 269.3117000000002
}
Status code: 500
-------------------------------

[test number] should successfully handle input
Request:
{
  "gender": "FEMALE",
  "total_activity_duration": "TWELVE_PLUS_HOURS",
  "age": 25,
  "weight_today": 113.9,
  "height": 160,
  "category": "advanced"
}
Response:
{
  "success": false,
  "status": 500,
  "data": "Server Error",
  "timeTaken": 279.66029999999955
}
Status code: 500
-------------------------------

[test number] should successfully handle input
Request:
{
  "gender": "MALE",
  "total_activity_duration": "SIX_TO_NINE_HOURS",
  "age": 0,
  "weight_today": 200,
  "height": 173,
  "category": "intermediate"
}
Response:
{
  "success": false,
  "status": 500,
  "data": "Server Error",
  "timeTaken": 285.71149999999943
}
Status code: 500
-------------------------------

[test number] should successfully handle input
Request:
{
  "gender": "FEMALE",
  "total_activity_duration": "NINE_TO_TWELVE_HOURS",
  "age": 0,
  "weight_today": 70,
  "height": 140,
  "category": "beginner"
}
Response:
{
  "success": false,
  "status": 500,
  "data": "Server Error",
  "timeTaken": 271.2980000000007
}
Status code: 500
-------------------------------

[test number] should successfully handle input
Request:
{
  "gender": "FEMALE",
  "total_activity_duration": "ZERO_TO_THREE_HOURS",
  "age": 50,
  "weight_today": 150,
  "height": 140,
  "category": "advanced"
}
Response:
{
  "success": false,
  "status": 500,
  "data": "Server Error",
  "timeTaken": 274.53989999999976
}
Status code: 500
-------------------------------

[test number] should successfully handle input
Request:
{
  "gender": "FEMALE",
  "total_activity_duration": "NINE_TO_TWELVE_HOURS",
  "age": 100,
  "weight_today": 70,
  "height": 210,
  "category": "intermediate"
}
Response:
{
  "success": false,
  "status": 500,
  "data": "Server Error",
  "timeTaken": 279.0626999999986
}
Status code: 500
-------------------------------

[test number] should successfully handle input
Request:
{
  "gender": "MALE",
  "total_activity_duration": "THREE_TO_SIX_HOURS",
  "age": 25,
  "weight_today": 150,
  "height": 173,
  "category": "intermediate"
}
Response:
{
  "success": false,
  "status": 500,
  "data": "Server Error",
  "timeTaken": 279.9849000000013
}
Status code: 500
-------------------------------

[test number] should successfully handle input
Request:
{
  "gender": "FEMALE",
  "total_activity_duration": "SIX_TO_NINE_HOURS",
  "age": 0,
  "weight_today": 200,
  "height": 210,
  "category": "beginner"
}
Response:
{
  "success": false,
  "status": 500,
  "data": "Server Error",
  "timeTaken": 291.76570000000174
}
Status code: 500
-------------------------------

[test number] should successfully handle input
Request:
{
  "gender": "FEMALE",
  "total_activity_duration": "THREE_TO_SIX_HOURS",
  "age": 25,
  "weight_today": 200,
  "height": 140,
  "category": "intermediate"
}
Response:
{
  "success": false,
  "status": 500,
  "data": "Server Error",
  "timeTaken": 269.6147999999994
}
Status code: 500
-------------------------------

[test number] should successfully handle input
Request:
{
  "gender": "MALE",
  "total_activity_duration": "ZERO_TO_THREE_HOURS",
  "age": 100,
  "weight_today": 150,
  "height": 140,
  "category": "beginner"
}
Response:
{
  "success": false,
  "status": 500,
  "data": "Server Error",
  "timeTaken": 278.9477000000006
}
Status code: 500
-------------------------------

[test number] should successfully handle input
Request:
{
  "gender": "FEMALE",
  "total_activity_duration": "TWELVE_PLUS_HOURS",
  "age": 75,
  "weight_today": 113.9,
  "height": 190,
  "category": "advanced"
}
Response:
{
  "success": false,
  "status": 500,
  "data": "Server Error",
  "timeTaken": 270.77369999999974
}
Status code: 500
-------------------------------

[test number] should successfully handle input
Request:
{
  "gender": "MALE",
  "total_activity_duration": "NINE_TO_TWELVE_HOURS",
  "age": 50,
  "weight_today": 30,
  "height": 190,
  "category": "advanced"
}
Response:
{
  "success": false,
  "status": 500,
  "data": "Server Error",
  "timeTaken": 287.6159000000007
}
Status code: 500
-------------------------------

[test number] should successfully handle input
Request:
{
  "gender": "FEMALE",
  "total_activity_duration": "SIX_TO_NINE_HOURS",
  "age": 75,
  "weight_today": 30,
  "height": 190,
  "category": "beginner"
}
Response:
{
  "success": false,
  "status": 500,
  "data": "Server Error",
  "timeTaken": 271.16090000000077
}
Status code: 500
-------------------------------

[test number] should successfully handle input
Request:
{
  "gender": "MALE",
  "total_activity_duration": "ZERO_TO_THREE_HOURS",
  "age": 50,
  "weight_today": 113.9,
  "height": 190,
  "category": "intermediate"
}
Response:
{
  "success": false,
  "status": 500,
  "data": "Server Error",
  "timeTaken": 270.5670000000009
}
Status code: 500
-------------------------------

[test number] should successfully handle input
Request:
{
  "gender": "MALE",
  "total_activity_duration": "THREE_TO_SIX_HOURS",
  "age": 75,
  "weight_today": 150,
  "height": 210,
  "category": "advanced"
}
Response:
{
  "success": false,
  "status": 500,
  "data": "Server Error",
  "timeTaken": 298.82750000000124
}
Status code: 500
-------------------------------

[test number] should successfully handle input
Request:
{
  "gender": "MALE",
  "total_activity_duration": "TWELVE_PLUS_HOURS",
  "age": 25,
  "weight_today": 70,
  "height": 190,
  "category": "intermediate"
}
Response:
{
  "success": false,
  "status": 500,
  "data": "Server Error",
  "timeTaken": 282.0509999999995
}
Status code: 500
-------------------------------

[test number] should successfully handle input
Request:
{
  "gender": "MALE",
  "total_activity_duration": "SIX_TO_NINE_HOURS",
  "age": 50,
  "weight_today": 200,
  "height": 210,
  "category": "intermediate"
}
Response:
{
  "success": false,
  "status": 500,
  "data": "Server Error",
  "timeTaken": 306.7528999999995
}
Status code: 500
-------------------------------

[test number] should successfully handle input
Request:
{
  "gender": "MALE",
  "total_activity_duration": "TWELVE_PLUS_HOURS",
  "age": 75,
  "weight_today": 113.9,
  "height": 160,
  "category": "intermediate"
}
Response:
{
  "success": false,
  "status": 500,
  "data": "Server Error",
  "timeTaken": 278.1087000000007
}
Status code: 500
-------------------------------

[test number] should successfully handle input
Request:
{
  "gender": "FEMALE",
  "total_activity_duration": "ZERO_TO_THREE_HOURS",
  "age": 0,
  "weight_today": 113.9,
  "height": 190,
  "category": "intermediate"
}
Response:
{
  "success": false,
  "status": 500,
  "data": "Server Error",
  "timeTaken": 283.10289999999986
}
Status code: 500
-------------------------------

[test number] should successfully handle input
Request:
{
  "gender": "FEMALE",
  "total_activity_duration": "NINE_TO_TWELVE_HOURS",
  "age": 50,
  "weight_today": 70,
  "height": 160,
  "category": "advanced"
}
Response:
{
  "success": false,
  "status": 500,
  "data": "Server Error",
  "timeTaken": 281.3881999999994
}
Status code: 500
-------------------------------

[test number] should successfully handle input
Request:
{
  "gender": "FEMALE",
  "total_activity_duration": "ZERO_TO_THREE_HOURS",
  "age": 100,
  "weight_today": 150,
  "height": 190,
  "category": "beginner"
}
Response:
{
  "success": false,
  "status": 500,
  "data": "Server Error",
  "timeTaken": 277.9370999999992
}
Status code: 500
-------------------------------

[test number] should successfully handle input
Request:
{
  "gender": "MALE",
  "total_activity_duration": "ZERO_TO_THREE_HOURS",
  "age": 0,
  "weight_today": 113.9,
  "height": 140,
  "category": "intermediate"
}
Response:
{
  "success": false,
  "status": 500,
  "data": "Server Error",
  "timeTaken": 278.2738999999983
}
Status code: 500
-------------------------------

[test number] should successfully handle input
Request:
{
  "gender": "MALE",
  "total_activity_duration": "NINE_TO_TWELVE_HOURS",
  "age": 100,
  "weight_today": 70,
  "height": 160,
  "category": "advanced"
}
Response:
{
  "success": false,
  "status": 500,
  "data": "Server Error",
  "timeTaken": 280.89350000000013
}
Status code: 500
-------------------------------

[test number] should successfully handle input
Request:
{
  "gender": "MALE",
  "total_activity_duration": "NINE_TO_TWELVE_HOURS",
  "age": 0,
  "weight_today": 30,
  "height": 160,
  "category": "advanced"
}
Response:
{
  "success": false,
  "status": 500,
  "data": "Server Error",
  "timeTaken": 274.92159999999967
}
Status code: 500
-------------------------------

[test number] should successfully handle input
Request:
{
  "gender": "FEMALE",
  "total_activity_duration": "THREE_TO_SIX_HOURS",
  "age": 75,
  "weight_today": 200,
  "height": 173,
  "category": "intermediate"
}
Response:
{
  "success": false,
  "status": 500,
  "data": "Server Error",
  "timeTaken": 303.3134000000009
}
Status code: 500
-------------------------------

[test number] should successfully handle input
Request:
{
  "gender": "MALE",
  "total_activity_duration": "SIX_TO_NINE_HOURS",
  "age": 0,
  "weight_today": 200,
  "height": 173,
  "category": "advanced"
}
Response:
{
  "success": false,
  "status": 500,
  "data": "Server Error",
  "timeTaken": 274.41369999999915
}
Status code: 500
-------------------------------

[test number] should successfully handle input
Request:
{
  "gender": "FEMALE",
  "total_activity_duration": "TWELVE_PLUS_HOURS",
  "age": 25,
  "weight_today": 113.9,
  "height": 173,
  "category": "beginner"
}
Response:
{
  "success": false,
  "status": 500,
  "data": "Server Error",
  "timeTaken": 310.96329999999944
}
Status code: 500
-------------------------------

[test number] should successfully handle input
Request:
{
  "gender": "FEMALE",
  "total_activity_duration": "ZERO_TO_THREE_HOURS",
  "age": 50,
  "weight_today": 150,
  "height": 160,
  "category": "beginner"
}
Response:
{
  "success": false,
  "status": 500,
  "data": "Server Error",
  "timeTaken": 289.46459999999934
}
Status code: 500
-------------------------------

[test number] should successfully handle input
Request:
{
  "gender": "MALE",
  "total_activity_duration": "THREE_TO_SIX_HOURS",
  "age": 25,
  "weight_today": 150,
  "height": 173,
  "category": "advanced"
}
Response:
{
  "success": false,
  "status": 500,
  "data": "Server Error",
  "timeTaken": 285.7470000000012
}
Status code: 500
-------------------------------

[test number] should successfully handle input
Request:
{
  "gender": "FEMALE",
  "total_activity_duration": "SIX_TO_NINE_HOURS",
  "age": 0,
  "weight_today": 200,
  "height": 210,
  "category": "intermediate"
}
Response:
{
  "success": false,
  "status": 500,
  "data": "Server Error",
  "timeTaken": 284.7301000000007
}
Status code: 500
-------------------------------

[test number] should successfully handle input
Request:
{
  "gender": "FEMALE",
  "total_activity_duration": "THREE_TO_SIX_HOURS",
  "age": 25,
  "weight_today": 200,
  "height": 140,
  "category": "advanced"
}
Response:
{
  "success": false,
  "status": 500,
  "data": "Server Error",
  "timeTaken": 267.21090000000004
}
Status code: 500
-------------------------------

[test number] should successfully handle input
Request:
{
  "gender": "FEMALE",
  "total_activity_duration": "NINE_TO_TWELVE_HOURS",
  "age": 100,
  "weight_today": 70,
  "height": 210,
  "category": "advanced"
}
Response:
{
  "success": false,
  "status": 500,
  "data": "Server Error",
  "timeTaken": 301.9472000000005
}
Status code: 500
-------------------------------

[test number] should successfully handle input
Request:
{
  "gender": "FEMALE",
  "total_activity_duration": "NINE_TO_TWELVE_HOURS",
  "age": 0,
  "weight_today": 70,
  "height": 140,
  "category": "intermediate"
}
Response:
{
  "success": false,
  "status": 500,
  "data": "Server Error",
  "timeTaken": 322.21150000000125
}
Status code: 500
-------------------------------

[test number] should successfully handle input
Request:
{
  "gender": "MALE",
  "total_activity_duration": "ZERO_TO_THREE_HOURS",
  "age": 100,
  "weight_today": 150,
  "height": 140,
  "category": "intermediate"
}
Response:
{
  "success": false,
  "status": 500,
  "data": "Server Error",
  "timeTaken": 288.2068999999992
}
Status code: 500
-------------------------------

[test number] should successfully handle input
Request:
{
  "gender": "FEMALE",
  "total_activity_duration": "TWELVE_PLUS_HOURS",
  "age": 75,
  "weight_today": 113.9,
  "height": 210,
  "category": "beginner"
}
Response:
{
  "success": false,
  "status": 500,
  "data": "Server Error",
  "timeTaken": 284.8867000000009
}
Status code: 500
-------------------------------

[test number] should successfully handle input
Request:
{
  "gender": "FEMALE",
  "total_activity_duration": "SIX_TO_NINE_HOURS",
  "age": 75,
  "weight_today": 30,
  "height": 190,
  "category": "intermediate"
}
Response:
{
  "success": false,
  "status": 500,
  "data": "Server Error",
  "timeTaken": 288.7633999999998
}
Status code: 500
-------------------------------

[test number] should successfully handle input
Request:
{
  "gender": "MALE",
  "total_activity_duration": "NINE_TO_TWELVE_HOURS",
  "age": 50,
  "weight_today": 30,
  "height": 210,
  "category": "beginner"
}
Response:
{
  "success": false,
  "status": 500,
  "data": "Server Error",
  "timeTaken": 301.0084999999999
}
Status code: 500
-------------------------------

[test number] should successfully handle input
Request:
{
  "gender": "MALE",
  "total_activity_duration": "ZERO_TO_THREE_HOURS",
  "age": 50,
  "weight_today": 113.9,
  "height": 190,
  "category": "advanced"
}
Response:
{
  "success": false,
  "status": 500,
  "data": "Server Error",
  "timeTaken": 281.47829999999885
}
Status code: 500
-------------------------------

[test number] should successfully handle input
Request:
{
  "gender": "MALE",
  "total_activity_duration": "TWELVE_PLUS_HOURS",
  "age": 25,
  "weight_today": 70,
  "height": 190,
  "category": "advanced"
}
Response:
{
  "success": false,
  "status": 500,
  "data": "Server Error",
  "timeTaken": 286.91610000000037
}
Status code: 500
-------------------------------

[test number] should successfully handle input
Request:
{
  "gender": "MALE",
  "total_activity_duration": "SIX_TO_NINE_HOURS",
  "age": 50,
  "weight_today": 200,
  "height": 210,
  "category": "advanced"
}
Response:
{
  "success": false,
  "status": 500,
  "data": "Server Error",
  "timeTaken": 282.09879999999976
}
Status code: 500
-------------------------------

[test number] should successfully handle input
Request:
{
  "gender": "MALE",
  "total_activity_duration": "THREE_TO_SIX_HOURS",
  "age": 75,
  "weight_today": 200,
  "height": 140,
  "category": "beginner"
}
Response:
{
  "success": false,
  "status": 500,
  "data": "Server Error",
  "timeTaken": 293.66869999999835
}
Status code: 500
-------------------------------

[test number] should successfully handle input
Request:
{
  "gender": "FEMALE",
  "total_activity_duration": "ZERO_TO_THREE_HOURS",
  "age": 0,
  "weight_today": 113.9,
  "height": 190,
  "category": "advanced"
}
Response:
{
  "success": false,
  "status": 500,
  "data": "Server Error",
  "timeTaken": 282.48649999999907
}
Status code: 500
-------------------------------

[test number] should successfully handle input
Request:
{
  "gender": "MALE",
  "total_activity_duration": "TWELVE_PLUS_HOURS",
  "age": 75,
  "weight_today": 113.9,
  "height": 160,
  "category": "advanced"
}
Response:
{
  "success": false,
  "status": 500,
  "data": "Server Error",
  "timeTaken": 282.8883000000005
}
Status code: 500
-------------------------------

[test number] should successfully handle input
Request:
{
  "gender": "FEMALE",
  "total_activity_duration": "NINE_TO_TWELVE_HOURS",
  "age": 50,
  "weight_today": 70,
  "height": 173,
  "category": "beginner"
}
Response:
{
  "success": false,
  "status": 500,
  "data": "Server Error",
  "timeTaken": 300.90370000000075
}
Status code: 500
-------------------------------

[test number] should successfully handle input
Request:
{
  "gender": "FEMALE",
  "total_activity_duration": "ZERO_TO_THREE_HOURS",
  "age": 100,
  "weight_today": 150,
  "height": 190,
  "category": "intermediate"
}
Response:
{
  "success": false,
  "status": 500,
  "data": "Server Error",
  "timeTaken": 281.8698999999997
}
Status code: 500
-------------------------------

[test number] should successfully handle input
Request:
{
  "gender": "MALE",
  "total_activity_duration": "ZERO_TO_THREE_HOURS",
  "age": 0,
  "weight_today": 113.9,
  "height": 140,
  "category": "advanced"
}
Response:
{
  "success": false,
  "status": 500,
  "data": "Server Error",
  "timeTaken": 285.83110000000124
}
Status code: 500
-------------------------------

[test number] should successfully handle input
Request:
{
  "gender": "MALE",
  "total_activity_duration": "NINE_TO_TWELVE_HOURS",
  "age": 100,
  "weight_today": 70,
  "height": 173,
  "category": "beginner"
}
Response:
{
  "success": false,
  "status": 500,
  "data": "Server Error",
  "timeTaken": 284.52959999999985
}
Status code: 500
-------------------------------

[test number] should successfully handle input
Request:
{
  "gender": "MALE",
  "total_activity_duration": "NINE_TO_TWELVE_HOURS",
  "age": 0,
  "weight_today": 30,
  "height": 173,
  "category": "beginner"
}
Response:
{
  "success": false,
  "status": 500,
  "data": "Server Error",
  "timeTaken": 287.3149999999987
}
Status code: 500
-------------------------------

[test number] should successfully handle input
Request:
{
  "gender": "MALE",
  "total_activity_duration": "SIX_TO_NINE_HOURS",
  "age": 0,
  "weight_today": 200,
  "height": 190,
  "category": "beginner"
}
Response:
{
  "success": false,
  "status": 500,
  "data": "Server Error",
  "timeTaken": 274.0076000000008
}
Status code: 500
-------------------------------

[test number] should successfully handle input
Request:
{
  "gender": "FEMALE",
  "total_activity_duration": "TWELVE_PLUS_HOURS",
  "age": 25,
  "weight_today": 113.9,
  "height": 173,
  "category": "intermediate"
}
Response:
{
  "success": false,
  "status": 500,
  "data": "Server Error",
  "timeTaken": 281.1209999999992
}
Status code: 500
-------------------------------

[test number] should successfully handle input
Request:
{
  "gender": "FEMALE",
  "total_activity_duration": "THREE_TO_SIX_HOURS",
  "age": 75,
  "weight_today": 200,
  "height": 173,
  "category": "advanced"
}
Response:
{
  "success": false,
  "status": 500,
  "data": "Server Error",
  "timeTaken": 286.2605999999996
}
Status code: 500
-------------------------------

[test number] should successfully handle input
Request:
{
  "gender": "FEMALE",
  "total_activity_duration": "ZERO_TO_THREE_HOURS",
  "age": 50,
  "weight_today": 150,
  "height": 160,
  "category": "intermediate"
}
Response:
{
  "success": false,
  "status": 500,
  "data": "Server Error",
  "timeTaken": 294.0037000000011
}
Status code: 500
-------------------------------

[test number] should successfully handle input
Request:
{
  "gender": "MALE",
  "total_activity_duration": "THREE_TO_SIX_HOURS",
  "age": 25,
  "weight_today": 150,
  "height": 190,
  "category": "beginner"
}
Response:
{
  "success": false,
  "status": 500,
  "data": "Server Error",
  "timeTaken": 272.96450000000004
}
Status code: 500
-------------------------------

[test number] should successfully handle input
Request:
{
  "gender": "FEMALE",
  "total_activity_duration": "THREE_TO_SIX_HOURS",
  "age": 25,
  "weight_today": 200,
  "height": 160,
  "category": "beginner"
}
Response:
{
  "success": false,
  "status": 500,
  "data": "Server Error",
  "timeTaken": 280.9767000000011
}
Status code: 500
-------------------------------

[test number] should successfully handle input
Request:
{
  "gender": "FEMALE",
  "total_activity_duration": "NINE_TO_TWELVE_HOURS",
  "age": 100,
  "weight_today": 113.9,
  "height": 140,
  "category": "beginner"
}
Response:
{
  "success": false,
  "status": 500,
  "data": "Server Error",
  "timeTaken": 286.3315999999995
}
Status code: 500
-------------------------------

[test number] should successfully handle input
Request:
{
  "gender": "FEMALE",
  "total_activity_duration": "SIX_TO_NINE_HOURS",
  "age": 0,
  "weight_today": 200,
  "height": 210,
  "category": "advanced"
}
Response:
{
  "success": false,
  "status": 500,
  "data": "Server Error",
  "timeTaken": 288.77340000000004
}
Status code: 500
-------------------------------

[test number] should successfully handle input
Request:
{
  "gender": "FEMALE",
  "total_activity_duration": "NINE_TO_TWELVE_HOURS",
  "age": 0,
  "weight_today": 70,
  "height": 140,
  "category": "advanced"
}
Response:
{
  "success": false,
  "status": 500,
  "data": "Server Error",
  "timeTaken": 296.46969999999965
}
Status code: 500
-------------------------------

[test number] should successfully handle input
Request:
{
  "gender": "MALE",
  "total_activity_duration": "ZERO_TO_THREE_HOURS",
  "age": 100,
  "weight_today": 150,
  "height": 140,
  "category": "advanced"
}
Response:
{
  "success": false,
  "status": 500,
  "data": "Server Error",
  "timeTaken": 301.96910000000025
}
Status code: 500
-------------------------------

[test number] should successfully handle input
Request:
{
  "gender": "FEMALE",
  "total_activity_duration": "SIX_TO_NINE_HOURS",
  "age": 75,
  "weight_today": 30,
  "height": 190,
  "category": "advanced"
}
Response:
{
  "success": false,
  "status": 500,
  "data": "Server Error",
  "timeTaken": 273.9380000000001
}
Status code: 500
-------------------------------

[test number] should successfully handle input
Request:
{
  "gender": "FEMALE",
  "total_activity_duration": "TWELVE_PLUS_HOURS",
  "age": 75,
  "weight_today": 113.9,
  "height": 210,
  "category": "intermediate"
}
Response:
{
  "success": false,
  "status": 500,
  "data": "Server Error",
  "timeTaken": 280.8926999999985
}
Status code: 500
-------------------------------

[test number] should successfully handle input
Request:
{
  "gender": "MALE",
  "total_activity_duration": "NINE_TO_TWELVE_HOURS",
  "age": 50,
  "weight_today": 30,
  "height": 210,
  "category": "intermediate"
}
Response:
{
  "success": false,
  "status": 500,
  "data": "Server Error",
  "timeTaken": 305.1954999999998
}
Status code: 500
-------------------------------

[test number] should successfully handle input
Request:
{
  "gender": "MALE",
  "total_activity_duration": "SIX_TO_NINE_HOURS",
  "age": 75,
  "weight_today": 30,
  "height": 140,
  "category": "beginner"
}
Response:
{
  "success": false,
  "status": 500,
  "data": "Server Error",
  "timeTaken": 281.4843000000001
}
Status code: 500
-------------------------------

[test number] should successfully handle input
Request:
{
  "gender": "MALE",
  "total_activity_duration": "ZERO_TO_THREE_HOURS",
  "age": 50,
  "weight_today": 113.9,
  "height": 210,
  "category": "beginner"
}
Response:
{
  "success": false,
  "status": 500,
  "data": "Server Error",
  "timeTaken": 291.3025000000016
}
Status code: 500
-------------------------------

[test number] should successfully handle input
Request:
{
  "gender": "MALE",
  "total_activity_duration": "TWELVE_PLUS_HOURS",
  "age": 25,
  "weight_today": 70,
  "height": 210,
  "category": "beginner"
}
Response:
{
  "success": false,
  "status": 500,
  "data": "Server Error",
  "timeTaken": 296.2019
}
Status code: 500
-------------------------------

[test number] should successfully handle input
Request:
{
  "gender": "MALE",
  "total_activity_duration": "THREE_TO_SIX_HOURS",
  "age": 75,
  "weight_today": 200,
  "height": 140,
  "category": "intermediate"
}
Response:
{
  "success": false,
  "status": 500,
  "data": "Server Error",
  "timeTaken": 302.52789999999914
}
Status code: 500
-------------------------------

[test number] should successfully handle input
Request:
{
  "gender": "MALE",
  "total_activity_duration": "TWELVE_PLUS_HOURS",
  "age": 75,
  "weight_today": 113.9,
  "height": 173,
  "category": "beginner"
}
Response:
{
  "success": false,
  "status": 500,
  "data": "Server Error",
  "timeTaken": 269.34950000000026
}
Status code: 500
-------------------------------

[test number] should successfully handle input
Request:
{
  "gender": "FEMALE",
  "total_activity_duration": "ZERO_TO_THREE_HOURS",
  "age": 0,
  "weight_today": 113.9,
  "height": 210,
  "category": "beginner"
}
Response:
{
  "success": false,
  "status": 500,
  "data": "Server Error",
  "timeTaken": 285.6983
}
Status code: 500
-------------------------------

[test number] should successfully handle input
Request:
{
  "gender": "MALE",
  "total_activity_duration": "ZERO_TO_THREE_HOURS",
  "age": 0,
  "weight_today": 113.9,
  "height": 160,
  "category": "beginner"
}
Response:
{
  "success": false,
  "status": 500,
  "data": "Server Error",
  "timeTaken": 272.4860000000008
}
Status code: 500
-------------------------------

[test number] should successfully handle input
Request:
{
  "gender": "FEMALE",
  "total_activity_duration": "ZERO_TO_THREE_HOURS",
  "age": 100,
  "weight_today": 150,
  "height": 190,
  "category": "advanced"
}
Response:
{
  "success": false,
  "status": 500,
  "data": "Server Error",
  "timeTaken": 281.73569999999927
}
Status code: 500
-------------------------------

[test number] should successfully handle input
Request:
{
  "gender": "FEMALE",
  "total_activity_duration": "NINE_TO_TWELVE_HOURS",
  "age": 50,
  "weight_today": 70,
  "height": 173,
  "category": "intermediate"
}
Response:
{
  "success": false,
  "status": 500,
  "data": "Server Error",
  "timeTaken": 292.8315999999995
}
Status code: 500
-------------------------------

[test number] should successfully handle input
Request:
{
  "gender": "MALE",
  "total_activity_duration": "NINE_TO_TWELVE_HOURS",
  "age": 100,
  "weight_today": 70,
  "height": 173,
  "category": "intermediate"
}
Response:
{
  "success": false,
  "status": 500,
  "data": "Server Error",
  "timeTaken": 269.4457000000002
}
Status code: 500
-------------------------------

[test number] should successfully handle input
Request:
{
  "gender": "MALE",
  "total_activity_duration": "NINE_TO_TWELVE_HOURS",
  "age": 0,
  "weight_today": 30,
  "height": 173,
  "category": "intermediate"
}
Response:
{
  "success": false,
  "status": 500,
  "data": "Server Error",
  "timeTaken": 278.8786
}
Status code: 500
-------------------------------

[test number] should successfully handle input
Request:
{
  "gender": "MALE",
  "total_activity_duration": "SIX_TO_NINE_HOURS",
  "age": 0,
  "weight_today": 200,
  "height": 190,
  "category": "intermediate"
}
Response:
{
  "success": false,
  "status": 500,
  "data": "Server Error",
  "timeTaken": 275.3562000000002
}
Status code: 500
-------------------------------

[test number] should successfully handle input
Request:
{
  "gender": "FEMALE",
  "total_activity_duration": "THREE_TO_SIX_HOURS",
  "age": 75,
  "weight_today": 200,
  "height": 190,
  "category": "beginner"
}
Response:
{
  "success": false,
  "status": 500,
  "data": "Server Error",
  "timeTaken": 286.0721000000012
}
Status code: 500
-------------------------------

[test number] should successfully handle input
Request:
{
  "gender": "FEMALE",
  "total_activity_duration": "ZERO_TO_THREE_HOURS",
  "age": 50,
  "weight_today": 150,
  "height": 160,
  "category": "advanced"
}
Response:
{
  "success": false,
  "status": 500,
  "data": "Server Error",
  "timeTaken": 282.40899999999965
}
Status code: 500
-------------------------------

[test number] should successfully handle input
Request:
{
  "gender": "FEMALE",
  "total_activity_duration": "TWELVE_PLUS_HOURS",
  "age": 25,
  "weight_today": 113.9,
  "height": 173,
  "category": "advanced"
}
Response:
{
  "success": false,
  "status": 500,
  "data": "Server Error",
  "timeTaken": 304.64270000000033
}
Status code: 500
-------------------------------

[test number] should successfully handle input
Request:
{
  "gender": "FEMALE",
  "total_activity_duration": "NINE_TO_TWELVE_HOURS",
  "age": 100,
  "weight_today": 113.9,
  "height": 140,
  "category": "intermediate"
}
Response:
{
  "success": false,
  "status": 500,
  "data": "Server Error",
  "timeTaken": 278.5018999999993
}
Status code: 500
-------------------------------

[test number] should successfully handle input
Request:
{
  "gender": "MALE",
  "total_activity_duration": "THREE_TO_SIX_HOURS",
  "age": 25,
  "weight_today": 150,
  "height": 190,
  "category": "intermediate"
}
Response:
{
  "success": false,
  "status": 500,
  "data": "Server Error",
  "timeTaken": 286.60200000000077
}
Status code: 500
-------------------------------

[test number] should successfully handle input
Request:
{
  "gender": "FEMALE",
  "total_activity_duration": "THREE_TO_SIX_HOURS",
  "age": 25,
  "weight_today": 200,
  "height": 160,
  "category": "intermediate"
}
Response:
{
  "success": false,
  "status": 500,
  "data": "Server Error",
  "timeTaken": 292.4875000000011
}
Status code: 500
-------------------------------

[test number] should successfully handle input
Request:
{
  "gender": "FEMALE",
  "total_activity_duration": "SIX_TO_NINE_HOURS",
  "age": 25,
  "weight_today": 30,
  "height": 140,
  "category": "beginner"
}
Response:
{
  "success": false,
  "status": 500,
  "data": "Server Error",
  "timeTaken": 288.03670000000056
}
Status code: 500
-------------------------------

[test number] should successfully handle input
Request:
{
  "gender": "FEMALE",
  "total_activity_duration": "NINE_TO_TWELVE_HOURS",
  "age": 0,
  "weight_today": 70,
  "height": 160,
  "category": "beginner"
}
Response:
{
  "success": false,
  "status": 500,
  "data": "Server Error",
  "timeTaken": 286.6386000000002
}
Status code: 500
-------------------------------

[test number] should successfully handle input
Request:
{
  "gender": "MALE",
  "total_activity_duration": "ZERO_TO_THREE_HOURS",
  "age": 100,
  "weight_today": 150,
  "height": 160,
  "category": "beginner"
}
Response:
{
  "success": false,
  "status": 500,
  "data": "Server Error",
  "timeTaken": 288.3642999999993
}
Status code: 500
-------------------------------

[test number] should successfully handle input
Request:
{
  "gender": "FEMALE",
  "total_activity_duration": "SIX_TO_NINE_HOURS",
  "age": 75,
  "weight_today": 30,
  "height": 210,
  "category": "beginner"
}
Response:
{
  "success": false,
  "status": 500,
  "data": "Server Error",
  "timeTaken": 284.3248000000003
}
Status code: 500
-------------------------------

[test number] should successfully handle input
Request:
{
  "gender": "FEMALE",
  "total_activity_duration": "TWELVE_PLUS_HOURS",
  "age": 75,
  "weight_today": 113.9,
  "height": 210,
  "category": "advanced"
}
Response:
{
  "success": false,
  "status": 500,
  "data": "Server Error",
  "timeTaken": 294.1046000000006
}
Status code: 500
-------------------------------

[test number] should successfully handle input
Request:
{
  "gender": "MALE",
  "total_activity_duration": "NINE_TO_TWELVE_HOURS",
  "age": 50,
  "weight_today": 30,
  "height": 210,
  "category": "advanced"
}
Response:
{
  "success": false,
  "status": 500,
  "data": "Server Error",
  "timeTaken": 289.96819999999934
}
Status code: 500
-------------------------------

[test number] should successfully handle input
Request:
{
  "gender": "MALE",
  "total_activity_duration": "ZERO_TO_THREE_HOURS",
  "age": 50,
  "weight_today": 113.9,
  "height": 210,
  "category": "intermediate"
}
Response:
{
  "success": false,
  "status": 500,
  "data": "Server Error",
  "timeTaken": 285.3086999999996
}
Status code: 500
-------------------------------

[test number] should successfully handle input
Request:
{
  "gender": "MALE",
  "total_activity_duration": "SIX_TO_NINE_HOURS",
  "age": 75,
  "weight_today": 30,
  "height": 140,
  "category": "intermediate"
}
Response:
{
  "success": false,
  "status": 500,
  "data": "Server Error",
  "timeTaken": 295.8202000000001
}
Status code: 500
-------------------------------

[test number] should successfully handle input
Request:
{
  "gender": "MALE",
  "total_activity_duration": "TWELVE_PLUS_HOURS",
  "age": 25,
  "weight_today": 70,
  "height": 210,
  "category": "intermediate"
}
Response:
{
  "success": false,
  "status": 500,
  "data": "Server Error",
  "timeTaken": 297.39880000000085
}
Status code: 500
-------------------------------

[test number] should successfully handle input
Request:
{
  "gender": "MALE",
  "total_activity_duration": "TWELVE_PLUS_HOURS",
  "age": 75,
  "weight_today": 113.9,
  "height": 173,
  "category": "intermediate"
}
Response:
{
  "success": false,
  "status": 500,
  "data": "Server Error",
  "timeTaken": 288.27280000000064
}
Status code: 500
-------------------------------

[test number] should successfully handle input
Request:
{
  "gender": "FEMALE",
  "total_activity_duration": "ZERO_TO_THREE_HOURS",
  "age": 0,
  "weight_today": 113.9,
  "height": 210,
  "category": "intermediate"
}
Response:
{
  "success": false,
  "status": 500,
  "data": "Server Error",
  "timeTaken": 279.6959000000006
}
Status code: 500
-------------------------------

[test number] should successfully handle input
Request:
{
  "gender": "MALE",
  "total_activity_duration": "THREE_TO_SIX_HOURS",
  "age": 75,
  "weight_today": 200,
  "height": 140,
  "category": "advanced"
}
Response:
{
  "success": false,
  "status": 500,
  "data": "Server Error",
  "timeTaken": 304.6995000000006
}
Status code: 500
-------------------------------

[test number] should successfully handle input
Request:
{
  "gender": "FEMALE",
  "total_activity_duration": "ZERO_TO_THREE_HOURS",
  "age": 100,
  "weight_today": 150,
  "height": 210,
  "category": "beginner"
}
Response:
{
  "success": false,
  "status": 500,
  "data": "Server Error",
  "timeTaken": 276.21010000000024
}
Status code: 500
-------------------------------

[test number] should successfully handle input
Request:
{
  "gender": "FEMALE",
  "total_activity_duration": "NINE_TO_TWELVE_HOURS",
  "age": 50,
  "weight_today": 70,
  "height": 173,
  "category": "advanced"
}
Response:
{
  "success": false,
  "status": 500,
  "data": "Server Error",
  "timeTaken": 292.9373999999989
}
Status code: 500
-------------------------------

[test number] should successfully handle input
Request:
{
  "gender": "MALE",
  "total_activity_duration": "ZERO_TO_THREE_HOURS",
  "age": 0,
  "weight_today": 113.9,
  "height": 160,
  "category": "intermediate"
}
Response:
{
  "success": false,
  "status": 500,
  "data": "Server Error",
  "timeTaken": 312.3157999999985
}
Status code: 500
-------------------------------

[test number] should successfully handle input
Request:
{
  "gender": "MALE",
  "total_activity_duration": "NINE_TO_TWELVE_HOURS",
  "age": 100,
  "weight_today": 70,
  "height": 173,
  "category": "advanced"
}
Response:
{
  "success": false,
  "status": 500,
  "data": "Server Error",
  "timeTaken": 298.5635999999995
}
Status code: 500
-------------------------------

[test number] should successfully handle input
Request:
{
  "gender": "MALE",
  "total_activity_duration": "NINE_TO_TWELVE_HOURS",
  "age": 0,
  "weight_today": 30,
  "height": 173,
  "category": "advanced"
}
Response:
{
  "success": false,
  "status": 500,
  "data": "Server Error",
  "timeTaken": 306.15269999999873
}
Status code: 500
-------------------------------

[test number] should successfully handle input
Request:
{
  "gender": "MALE",
  "total_activity_duration": "SIX_TO_NINE_HOURS",
  "age": 0,
  "weight_today": 200,
  "height": 190,
  "category": "advanced"
}
Response:
{
  "success": false,
  "status": 500,
  "data": "Server Error",
  "timeTaken": 286.9459999999999
}
Status code: 500
-------------------------------

[test number] should successfully handle input
Request:
{
  "gender": "FEMALE",
  "total_activity_duration": "ZERO_TO_THREE_HOURS",
  "age": 50,
  "weight_today": 150,
  "height": 173,
  "category": "beginner"
}
Response:
{
  "success": false,
  "status": 500,
  "data": "Server Error",
  "timeTaken": 274.9423000000006
}
Status code: 500
-------------------------------

[test number] should successfully handle input
Request:
{
  "gender": "FEMALE",
  "total_activity_duration": "THREE_TO_SIX_HOURS",
  "age": 75,
  "weight_today": 200,
  "height": 190,
  "category": "intermediate"
}
Response:
{
  "success": false,
  "status": 500,
  "data": "Server Error",
  "timeTaken": 280.0695000000014
}
Status code: 500
-------------------------------

[test number] should successfully handle input
Request:
{
  "gender": "FEMALE",
  "total_activity_duration": "TWELVE_PLUS_HOURS",
  "age": 25,
  "weight_today": 113.9,
  "height": 190,
  "category": "beginner"
}
Response:
{
  "success": false,
  "status": 500,
  "data": "Server Error",
  "timeTaken": 279.8274000000001
}
Status code: 500
-------------------------------

[test number] should successfully handle input
Request:
{
  "gender": "FEMALE",
  "total_activity_duration": "NINE_TO_TWELVE_HOURS",
  "age": 100,
  "weight_today": 113.9,
  "height": 140,
  "category": "advanced"
}
Response:
{
  "success": false,
  "status": 500,
  "data": "Server Error",
  "timeTaken": 267.9415000000008
}
Status code: 500
-------------------------------

[test number] should successfully handle input
Request:
{
  "gender": "FEMALE",
  "total_activity_duration": "THREE_TO_SIX_HOURS",
  "age": 25,
  "weight_today": 200,
  "height": 160,
  "category": "advanced"
}
Response:
{
  "success": false,
  "status": 500,
  "data": "Server Error",
  "timeTaken": 273.1247000000003
}
Status code: 500
-------------------------------

[test number] should successfully handle input
Request:
{
  "gender": "MALE",
  "total_activity_duration": "THREE_TO_SIX_HOURS",
  "age": 25,
  "weight_today": 150,
  "height": 190,
  "category": "advanced"
}
Response:
{
  "success": false,
  "status": 500,
  "data": "Server Error",
  "timeTaken": 285.71760000000177
}
Status code: 500
-------------------------------

[test number] should successfully handle input
Request:
{
  "gender": "FEMALE",
  "total_activity_duration": "NINE_TO_TWELVE_HOURS",
  "age": 0,
  "weight_today": 70,
  "height": 160,
  "category": "intermediate"
}
Response:
{
  "success": false,
  "status": 500,
  "data": "Server Error",
  "timeTaken": 268.2039999999997
}
Status code: 500
-------------------------------

[test number] should successfully handle input
Request:
{
  "gender": "MALE",
  "total_activity_duration": "ZERO_TO_THREE_HOURS",
  "age": 100,
  "weight_today": 150,
  "height": 160,
  "category": "intermediate"
}
Response:
{
  "success": false,
  "status": 500,
  "data": "Server Error",
  "timeTaken": 279.2584999999999
}
Status code: 500
-------------------------------

[test number] should successfully handle input
Request:
{
  "gender": "FEMALE",
  "total_activity_duration": "SIX_TO_NINE_HOURS",
  "age": 75,
  "weight_today": 30,
  "height": 210,
  "category": "intermediate"
}
Response:
{
  "success": false,
  "status": 500,
  "data": "Server Error",
  "timeTaken": 291.0204999999987
}
Status code: 500
-------------------------------

[test number] should successfully handle input
Request:
{
  "gender": "FEMALE",
  "total_activity_duration": "SIX_TO_NINE_HOURS",
  "age": 25,
  "weight_today": 30,
  "height": 140,
  "category": "intermediate"
}
Response:
{
  "success": false,
  "status": 500,
  "data": "Server Error",
  "timeTaken": 304.4874
}
Status code: 500
-------------------------------

[test number] should successfully handle input
Request:
{
  "gender": "MALE",
  "total_activity_duration": "ZERO_TO_THREE_HOURS",
  "age": 50,
  "weight_today": 113.9,
  "height": 210,
  "category": "advanced"
}
Response:
{
  "success": false,
  "status": 500,
  "data": "Server Error",
  "timeTaken": 270.3111000000008
}
Status code: 500
-------------------------------

[test number] should successfully handle input
Request:
{
  "gender": "FEMALE",
  "total_activity_duration": "TWELVE_PLUS_HOURS",
  "age": 75,
  "weight_today": 150,
  "height": 140,
  "category": "beginner"
}
Response:
{
  "success": false,
  "status": 500,
  "data": "Server Error",
  "timeTaken": 295.6934000000001
}
Status code: 500
-------------------------------

[test number] should successfully handle input
Request:
{
  "gender": "MALE",
  "total_activity_duration": "NINE_TO_TWELVE_HOURS",
  "age": 50,
  "weight_today": 70,
  "height": 140,
  "category": "beginner"
}
Response:
{
  "success": false,
  "status": 500,
  "data": "Server Error",
  "timeTaken": 291.7400999999991
}
Status code: 500
-------------------------------

[test number] should successfully handle input
Request:
{
  "gender": "MALE",
  "total_activity_duration": "SIX_TO_NINE_HOURS",
  "age": 75,
  "weight_today": 30,
  "height": 140,
  "category": "advanced"
}
Response:
{
  "success": false,
  "status": 500,
  "data": "Server Error",
  "timeTaken": 277.1129000000001
}
Status code: 500
-------------------------------

[test number] should successfully handle input
Request:
{
  "gender": "FEMALE",
  "total_activity_duration": "ZERO_TO_THREE_HOURS",
  "age": 0,
  "weight_today": 113.9,
  "height": 210,
  "category": "advanced"
}
Response:
{
  "success": false,
  "status": 500,
  "data": "Server Error",
  "timeTaken": 280.77800000000025
}
Status code: 500
-------------------------------

[test number] should successfully handle input
Request:
{
  "gender": "MALE",
  "total_activity_duration": "TWELVE_PLUS_HOURS",
  "age": 25,
  "weight_today": 70,
  "height": 210,
  "category": "advanced"
}
Response:
{
  "success": false,
  "status": 500,
  "data": "Server Error",
  "timeTaken": 288.04589999999916
}
Status code: 500
-------------------------------

[test number] should successfully handle input
Request:
{
  "gender": "MALE",
  "total_activity_duration": "TWELVE_PLUS_HOURS",
  "age": 75,
  "weight_today": 113.9,
  "height": 173,
  "category": "advanced"
}
Response:
{
  "success": false,
  "status": 500,
  "data": "Server Error",
  "timeTaken": 296.14450000000033
}
Status code: 500
-------------------------------

[test number] should successfully handle input
Request:
{
  "gender": "MALE",
  "total_activity_duration": "THREE_TO_SIX_HOURS",
  "age": 75,
  "weight_today": 200,
  "height": 160,
  "category": "beginner"
}
Response:
{
  "success": false,
  "status": 500,
  "data": "Server Error",
  "timeTaken": 291.8669000000009
}
Status code: 500
-------------------------------

[test number] should successfully handle input
Request:
{
  "gender": "FEMALE",
  "total_activity_duration": "ZERO_TO_THREE_HOURS",
  "age": 100,
  "weight_today": 150,
  "height": 210,
  "category": "intermediate"
}
Response:
{
  "success": false,
  "status": 500,
  "data": "Server Error",
  "timeTaken": 285.66510000000017
}
Status code: 500
-------------------------------

[test number] should successfully handle input
Request:
{
  "gender": "MALE",
  "total_activity_duration": "ZERO_TO_THREE_HOURS",
  "age": 0,
  "weight_today": 113.9,
  "height": 160,
  "category": "advanced"
}
Response:
{
  "success": false,
  "status": 500,
  "data": "Server Error",
  "timeTaken": 274.71200000000135
}
Status code: 500
-------------------------------

[test number] should successfully handle input
Request:
{
  "gender": "MALE",
  "total_activity_duration": "NINE_TO_TWELVE_HOURS",
  "age": 100,
  "weight_today": 70,
  "height": 190,
  "category": "beginner"
}
Response:
{
  "success": false,
  "status": 500,
  "data": "Server Error",
  "timeTaken": 278.8587000000007
}
Status code: 500
-------------------------------

[test number] should successfully handle input
Request:
{
  "gender": "FEMALE",
  "total_activity_duration": "NINE_TO_TWELVE_HOURS",
  "age": 50,
  "weight_today": 70,
  "height": 190,
  "category": "beginner"
}
Response:
{
  "success": false,
  "status": 500,
  "data": "Server Error",
  "timeTaken": 305.9899999999998
}
Status code: 500
-------------------------------

[test number] should successfully handle input
Request:
{
  "gender": "MALE",
  "total_activity_duration": "NINE_TO_TWELVE_HOURS",
  "age": 0,
  "weight_today": 30,
  "height": 190,
  "category": "beginner"
}
Response:
{
  "success": false,
  "status": 500,
  "data": "Server Error",
  "timeTaken": 271.811099999999
}
Status code: 500
-------------------------------

[test number] should successfully handle input
Request:
{
  "gender": "MALE",
  "total_activity_duration": "SIX_TO_NINE_HOURS",
  "age": 0,
  "weight_today": 200,
  "height": 210,
  "category": "beginner"
}
Response:
{
  "success": false,
  "status": 500,
  "data": "Server Error",
  "timeTaken": 287.20850000000064
}
Status code: 500
-------------------------------

[test number] should successfully handle input
Request:
{
  "gender": "FEMALE",
  "total_activity_duration": "ZERO_TO_THREE_HOURS",
  "age": 50,
  "weight_today": 150,
  "height": 173,
  "category": "intermediate"
}
Response:
{
  "success": false,
  "status": 500,
  "data": "Server Error",
  "timeTaken": 275.5046999999995
}
Status code: 500
-------------------------------

[test number] should successfully handle input
Request:
{
  "gender": "FEMALE",
  "total_activity_duration": "THREE_TO_SIX_HOURS",
  "age": 75,
  "weight_today": 200,
  "height": 190,
  "category": "advanced"
}
Response:
{
  "success": false,
  "status": 500,
  "data": "Server Error",
  "timeTaken": 279.2523000000001
}
Status code: 500
-------------------------------

[test number] should successfully handle input
Request:
{
  "gender": "FEMALE",
  "total_activity_duration": "TWELVE_PLUS_HOURS",
  "age": 25,
  "weight_today": 113.9,
  "height": 190,
  "category": "intermediate"
}
Response:
{
  "success": false,
  "status": 500,
  "data": "Server Error",
  "timeTaken": 282.7913000000008
}
Status code: 500
-------------------------------

[test number] should successfully handle input
Request:
{
  "gender": "FEMALE",
  "total_activity_duration": "THREE_TO_SIX_HOURS",
  "age": 25,
  "weight_today": 200,
  "height": 173,
  "category": "beginner"
}
Response:
{
  "success": false,
  "status": 500,
  "data": "Server Error",
  "timeTaken": 278.0766000000003
}
Status code: 500
-------------------------------

[test number] should successfully handle input
Request:
{
  "gender": "MALE",
  "total_activity_duration": "THREE_TO_SIX_HOURS",
  "age": 25,
  "weight_today": 150,
  "height": 210,
  "category": "beginner"
}
Response:
{
  "success": false,
  "status": 500,
  "data": "Server Error",
  "timeTaken": 277.3912
}
Status code: 500
-------------------------------

[test number] should successfully handle input
Request:
{
  "gender": "FEMALE",
  "total_activity_duration": "NINE_TO_TWELVE_HOURS",
  "age": 100,
  "weight_today": 113.9,
  "height": 160,
  "category": "beginner"
}
Response:
{
  "success": false,
  "status": 500,
  "data": "Server Error",
  "timeTaken": 305.08890000000065
}
Status code: 500
-------------------------------

[test number] should successfully handle input
Request:
{
  "gender": "FEMALE",
  "total_activity_duration": "NINE_TO_TWELVE_HOURS",
  "age": 0,
  "weight_today": 70,
  "height": 160,
  "category": "advanced"
}
Response:
{
  "success": false,
  "status": 500,
  "data": "Server Error",
  "timeTaken": 279.8144999999986
}
Status code: 500
-------------------------------

[test number] should successfully handle input
Request:
{
  "gender": "MALE",
  "total_activity_duration": "ZERO_TO_THREE_HOURS",
  "age": 100,
  "weight_today": 150,
  "height": 160,
  "category": "advanced"
}
Response:
{
  "success": false,
  "status": 500,
  "data": "Server Error",
  "timeTaken": 287.8863000000001
}
Status code: 500
-------------------------------

[test number] should successfully handle input
Request:
{
  "gender": "FEMALE",
  "total_activity_duration": "SIX_TO_NINE_HOURS",
  "age": 75,
  "weight_today": 30,
  "height": 210,
  "category": "advanced"
}
Response:
{
  "success": false,
  "status": 500,
  "data": "Server Error",
  "timeTaken": 286.1865999999991
}
Status code: 500
-------------------------------

[test number] should successfully handle input
Request:
{
  "gender": "FEMALE",
  "total_activity_duration": "SIX_TO_NINE_HOURS",
  "age": 25,
  "weight_today": 30,
  "height": 140,
  "category": "advanced"
}
Response:
{
  "success": false,
  "status": 500,
  "data": "Server Error",
  "timeTaken": 300.0709999999999
}
Status code: 500
-------------------------------

[test number] should successfully handle input
Request:
{
  "gender": "MALE",
  "total_activity_duration": "ZERO_TO_THREE_HOURS",
  "age": 50,
  "weight_today": 150,
  "height": 140,
  "category": "beginner"
}
Response:
{
  "success": false,
  "status": 500,
  "data": "Server Error",
  "timeTaken": 276.91049999999996
}
Status code: 500
-------------------------------

[test number] should successfully handle input
Request:
{
  "gender": "FEMALE",
  "total_activity_duration": "TWELVE_PLUS_HOURS",
  "age": 75,
  "weight_today": 150,
  "height": 140,
  "category": "intermediate"
}
Response:
{
  "success": false,
  "status": 500,
  "data": "Server Error",
  "timeTaken": 273.3220000000001
}
Status code: 500
-------------------------------

[test number] should successfully handle input
Request:
{
  "gender": "MALE",
  "total_activity_duration": "NINE_TO_TWELVE_HOURS",
  "age": 50,
  "weight_today": 70,
  "height": 140,
  "category": "intermediate"
}
Response:
{
  "success": false,
  "status": 500,
  "data": "Server Error",
  "timeTaken": 280.8710999999985
}
Status code: 500
-------------------------------

[test number] should successfully handle input
Request:
{
  "gender": "MALE",
  "total_activity_duration": "TWELVE_PLUS_HOURS",
  "age": 75,
  "weight_today": 113.9,
  "height": 190,
  "category": "beginner"
}
Response:
{
  "success": false,
  "status": 500,
  "data": "Server Error",
  "timeTaken": 270.0702000000001
}
Status code: 500
-------------------------------

[test number] should successfully handle input
Request:
{
  "gender": "MALE",
  "total_activity_duration": "SIX_TO_NINE_HOURS",
  "age": 75,
  "weight_today": 30,
  "height": 160,
  "category": "beginner"
}
Response:
{
  "success": false,
  "status": 500,
  "data": "Server Error",
  "timeTaken": 285.9976999999999
}
Status code: 500
-------------------------------

[test number] should successfully handle input
Request:
{
  "gender": "FEMALE",
  "total_activity_duration": "ZERO_TO_THREE_HOURS",
  "age": 0,
  "weight_today": 150,
  "height": 140,
  "category": "beginner"
}
Response:
{
  "success": false,
  "status": 500,
  "data": "Server Error",
  "timeTaken": 280.65540000000146
}
Status code: 500
-------------------------------

[test number] should successfully handle input
Request:
{
  "gender": "MALE",
  "total_activity_duration": "TWELVE_PLUS_HOURS",
  "age": 25,
  "weight_today": 113.9,
  "height": 140,
  "category": "beginner"
}
Response:
{
  "success": false,
  "status": 500,
  "data": "Server Error",
  "timeTaken": 291.95260000000053
}
Status code: 500
-------------------------------

[test number] should successfully handle input
Request:
{
  "gender": "MALE",
  "total_activity_duration": "THREE_TO_SIX_HOURS",
  "age": 75,
  "weight_today": 200,
  "height": 160,
  "category": "intermediate"
}
Response:
{
  "success": false,
  "status": 500,
  "data": "Server Error",
  "timeTaken": 287.52139999999963
}
Status code: 500
-------------------------------

[test number] should successfully handle input
Request:
{
  "gender": "FEMALE",
  "total_activity_duration": "ZERO_TO_THREE_HOURS",
  "age": 100,
  "weight_today": 150,
  "height": 210,
  "category": "advanced"
}
Response:
{
  "success": false,
  "status": 500,
  "data": "Server Error",
  "timeTaken": 284.4498000000003
}
Status code: 500
-------------------------------

[test number] should successfully handle input
Request:
{
  "gender": "MALE",
  "total_activity_duration": "ZERO_TO_THREE_HOURS",
  "age": 0,
  "weight_today": 113.9,
  "height": 173,
  "category": "beginner"
}
Response:
{
  "success": false,
  "status": 500,
  "data": "Server Error",
  "timeTaken": 276.1901999999991
}
Status code: 500
-------------------------------

[test number] should successfully handle input
Request:
{
  "gender": "FEMALE",
  "total_activity_duration": "NINE_TO_TWELVE_HOURS",
  "age": 50,
  "weight_today": 70,
  "height": 190,
  "category": "intermediate"
}
Response:
{
  "success": false,
  "status": 500,
  "data": "Server Error",
  "timeTaken": 272.1378999999997
}
Status code: 500
-------------------------------

[test number] should successfully handle input
Request:
{
  "gender": "MALE",
  "total_activity_duration": "NINE_TO_TWELVE_HOURS",
  "age": 100,
  "weight_today": 70,
  "height": 190,
  "category": "intermediate"
}
Response:
{
  "success": false,
  "status": 500,
  "data": "Server Error",
  "timeTaken": 284.8791999999994
}
Status code: 500
-------------------------------

[test number] should successfully handle input
Request:
{
  "gender": "MALE",
  "total_activity_duration": "SIX_TO_NINE_HOURS",
  "age": 0,
  "weight_today": 200,
  "height": 210,
  "category": "intermediate"
}
Response:
{
  "success": false,
  "status": 500,
  "data": "Server Error",
  "timeTaken": 274.6983
}
Status code: 500
-------------------------------

[test number] should successfully handle input
Request:
{
  "gender": "MALE",
  "total_activity_duration": "NINE_TO_TWELVE_HOURS",
  "age": 0,
  "weight_today": 30,
  "height": 190,
  "category": "intermediate"
}
Response:
{
  "success": false,
  "status": 500,
  "data": "Server Error",
  "timeTaken": 293.83849999999984
}
Status code: 500
-------------------------------

[test number] should successfully handle input
Request:
{
  "gender": "FEMALE",
  "total_activity_duration": "ZERO_TO_THREE_HOURS",
  "age": 50,
  "weight_today": 150,
  "height": 173,
  "category": "advanced"
}
Response:
{
  "success": false,
  "status": 500,
  "data": "Server Error",
  "timeTaken": 272.3731000000007
}
Status code: 500
-------------------------------

[test number] should successfully handle input
Request:
{
  "gender": "FEMALE",
  "total_activity_duration": "THREE_TO_SIX_HOURS",
  "age": 75,
  "weight_today": 200,
  "height": 210,
  "category": "beginner"
}
Response:
{
  "success": false,
  "status": 500,
  "data": "Server Error",
  "timeTaken": 291.4982
}
Status code: 500
-------------------------------

[test number] should successfully handle input
Request:
{
  "gender": "FEMALE",
  "total_activity_duration": "TWELVE_PLUS_HOURS",
  "age": 25,
  "weight_today": 113.9,
  "height": 190,
  "category": "advanced"
}
Response:
{
  "success": false,
  "status": 500,
  "data": "Server Error",
  "timeTaken": 290.4302000000007
}
Status code: 500
-------------------------------

[test number] should successfully handle input
Request:
{
  "gender": "MALE",
  "total_activity_duration": "THREE_TO_SIX_HOURS",
  "age": 25,
  "weight_today": 150,
  "height": 210,
  "category": "intermediate"
}
Response:
{
  "success": false,
  "status": 500,
  "data": "Server Error",
  "timeTaken": 272.3603000000003
}
Status code: 500
-------------------------------

[test number] should successfully handle input
Request:
{
  "gender": "FEMALE",
  "total_activity_duration": "THREE_TO_SIX_HOURS",
  "age": 25,
  "weight_today": 200,
  "height": 173,
  "category": "intermediate"
}
Response:
{
  "success": false,
  "status": 500,
  "data": "Server Error",
  "timeTaken": 277.47149999999965
}
Status code: 500
-------------------------------

[test number] should successfully handle input
Request:
{
  "gender": "FEMALE",
  "total_activity_duration": "NINE_TO_TWELVE_HOURS",
  "age": 100,
  "weight_today": 113.9,
  "height": 160,
  "category": "intermediate"
}
Response:
{
  "success": false,
  "status": 500,
  "data": "Server Error",
  "timeTaken": 277.96440000000075
}
Status code: 500
-------------------------------

[test number] should successfully handle input
Request:
{
  "gender": "MALE",
  "total_activity_duration": "ZERO_TO_THREE_HOURS",
  "age": 100,
  "weight_today": 150,
  "height": 173,
  "category": "beginner"
}
Response:
{
  "success": false,
  "status": 500,
  "data": "Server Error",
  "timeTaken": 293.64450000000033
}
Status code: 500
-------------------------------

[test number] should successfully handle input
Request:
{
  "gender": "FEMALE",
  "total_activity_duration": "SIX_TO_NINE_HOURS",
  "age": 75,
  "weight_today": 70,
  "height": 140,
  "category": "beginner"
}
Response:
{
  "success": false,
  "status": 500,
  "data": "Server Error",
  "timeTaken": 287.34400000000096
}
Status code: 500
-------------------------------

[test number] should successfully handle input
Request:
{
  "gender": "FEMALE",
  "total_activity_duration": "NINE_TO_TWELVE_HOURS",
  "age": 0,
  "weight_today": 70,
  "height": 173,
  "category": "beginner"
}
Response:
{
  "success": false,
  "status": 500,
  "data": "Server Error",
  "timeTaken": 296.4160000000011
}
Status code: 500
-------------------------------

[test number] should successfully handle input
Request:
{
  "gender": "FEMALE",
  "total_activity_duration": "SIX_TO_NINE_HOURS",
  "age": 25,
  "weight_today": 30,
  "height": 160,
  "category": "beginner"
}
Response:
{
  "success": false,
  "status": 500,
  "data": "Server Error",
  "timeTaken": 277.1962999999996
}
Status code: 500
-------------------------------

[test number] should successfully handle input
Request:
{
  "gender": "MALE",
  "total_activity_duration": "ZERO_TO_THREE_HOURS",
  "age": 50,
  "weight_today": 150,
  "height": 140,
  "category": "intermediate"
}
Response:
{
  "success": false,
  "status": 500,
  "data": "Server Error",
  "timeTaken": 282.21479999999974
}
Status code: 500
-------------------------------

[test number] should successfully handle input
Request:
{
  "gender": "MALE",
  "total_activity_duration": "NINE_TO_TWELVE_HOURS",
  "age": 50,
  "weight_today": 70,
  "height": 140,
  "category": "advanced"
}
Response:
{
  "success": false,
  "status": 500,
  "data": "Server Error",
  "timeTaken": 302.14559999999983
}
Status code: 500
-------------------------------

[test number] should successfully handle input
Request:
{
  "gender": "MALE",
  "total_activity_duration": "TWELVE_PLUS_HOURS",
  "age": 25,
  "weight_today": 113.9,
  "height": 140,
  "category": "intermediate"
}
Response:
{
  "success": false,
  "status": 500,
  "data": "Server Error",
  "timeTaken": 293.3594000000012
}
Status code: 500
-------------------------------

[test number] should successfully handle input
Request:
{
  "gender": "MALE",
  "total_activity_duration": "THREE_TO_SIX_HOURS",
  "age": 75,
  "weight_today": 200,
  "height": 160,
  "category": "advanced"
}
Response:
{
  "success": false,
  "status": 500,
  "data": "Server Error",
  "timeTaken": 289.4303
}
Status code: 500
-------------------------------

[test number] should successfully handle input
Request:
{
  "gender": "MALE",
  "total_activity_duration": "TWELVE_PLUS_HOURS",
  "age": 75,
  "weight_today": 113.9,
  "height": 190,
  "category": "intermediate"
}
Response:
{
  "success": false,
  "status": 500,
  "data": "Server Error",
  "timeTaken": 297.8719999999994
}
Status code: 500
-------------------------------

[test number] should successfully handle input
Request:
{
  "gender": "FEMALE",
  "total_activity_duration": "ZERO_TO_THREE_HOURS",
  "age": 0,
  "weight_today": 150,
  "height": 140,
  "category": "intermediate"
}
Response:
{
  "success": false,
  "status": 500,
  "data": "Server Error",
  "timeTaken": 304.805699999999
}
Status code: 500
-------------------------------

[test number] should successfully handle input
Request:
{
  "gender": "MALE",
  "total_activity_duration": "SIX_TO_NINE_HOURS",
  "age": 75,
  "weight_today": 30,
  "height": 160,
  "category": "intermediate"
}
Response:
{
  "success": false,
  "status": 500,
  "data": "Server Error",
  "timeTaken": 311.6876000000011
}
Status code: 500
-------------------------------

[test number] should successfully handle input
Request:
{
  "gender": "FEMALE",
  "total_activity_duration": "TWELVE_PLUS_HOURS",
  "age": 75,
  "weight_today": 150,
  "height": 140,
  "category": "advanced"
}
Response:
{
  "success": false,
  "status": 500,
  "data": "Server Error",
  "timeTaken": 368.72829999999885
}
Status code: 500
-------------------------------

[test number] should successfully handle input
Request:
{
  "gender": "FEMALE",
  "total_activity_duration": "ZERO_TO_THREE_HOURS",
  "age": 100,
  "weight_today": 200,
  "height": 140,
  "category": "beginner"
}
Response:
{
  "success": false,
  "status": 500,
  "data": "Server Error",
  "timeTaken": 281.1830000000009
}
Status code: 500
-------------------------------

[test number] should successfully handle input
Request:
{
  "gender": "MALE",
  "total_activity_duration": "ZERO_TO_THREE_HOURS",
  "age": 0,
  "weight_today": 113.9,
  "height": 173,
  "category": "intermediate"
}
Response:
{
  "success": false,
  "status": 500,
  "data": "Server Error",
  "timeTaken": 274.60089999999946
}
Status code: 500
-------------------------------

[test number] should successfully handle input
Request:
{
  "gender": "FEMALE",
  "total_activity_duration": "NINE_TO_TWELVE_HOURS",
  "age": 50,
  "weight_today": 70,
  "height": 190,
  "category": "advanced"
}
Response:
{
  "success": false,
  "status": 500,
  "data": "Server Error",
  "timeTaken": 282.0624000000007
}
Status code: 500
-------------------------------

[test number] should successfully handle input
Request:
{
  "gender": "MALE",
  "total_activity_duration": "SIX_TO_NINE_HOURS",
  "age": 0,
  "weight_today": 200,
  "height": 210,
  "category": "advanced"
}
Response:
{
  "success": false,
  "status": 500,
  "data": "Server Error",
  "timeTaken": 274.4321999999993
}
Status code: 500
-------------------------------

[test number] should successfully handle input
Request:
{
  "gender": "MALE",
  "total_activity_duration": "NINE_TO_TWELVE_HOURS",
  "age": 100,
  "weight_today": 70,
  "height": 190,
  "category": "advanced"
}
Response:
{
  "success": false,
  "status": 500,
  "data": "Server Error",
  "timeTaken": 270.6977999999999
}
Status code: 500
-------------------------------

[test number] should successfully handle input
Request:
{
  "gender": "MALE",
  "total_activity_duration": "NINE_TO_TWELVE_HOURS",
  "age": 0,
  "weight_today": 30,
  "height": 190,
  "category": "advanced"
}
Response:
{
  "success": false,
  "status": 500,
  "data": "Server Error",
  "timeTaken": 275.8188000000009
}
Status code: 500
-------------------------------

[test number] should successfully handle input
Request:
{
  "gender": "FEMALE",
  "total_activity_duration": "ZERO_TO_THREE_HOURS",
  "age": 50,
  "weight_today": 150,
  "height": 190,
  "category": "beginner"
}
Response:
{
  "success": false,
  "status": 500,
  "data": "Server Error",
  "timeTaken": 266.8122000000003
}
Status code: 500
-------------------------------

[test number] should successfully handle input
Request:
{
  "gender": "FEMALE",
  "total_activity_duration": "TWELVE_PLUS_HOURS",
  "age": 25,
  "weight_today": 113.9,
  "height": 210,
  "category": "beginner"
}
Response:
{
  "success": false,
  "status": 500,
  "data": "Server Error",
  "timeTaken": 280.5038999999997
}
Status code: 500
-------------------------------

[test number] should successfully handle input
Request:
{
  "gender": "FEMALE",
  "total_activity_duration": "THREE_TO_SIX_HOURS",
  "age": 75,
  "weight_today": 200,
  "height": 210,
  "category": "intermediate"
}
Response:
{
  "success": false,
  "status": 500,
  "data": "Server Error",
  "timeTaken": 287.60139999999956
}
Status code: 500
-------------------------------

[test number] should successfully handle input
Request:
{
  "gender": "FEMALE",
  "total_activity_duration": "THREE_TO_SIX_HOURS",
  "age": 25,
  "weight_today": 200,
  "height": 173,
  "category": "advanced"
}
Response:
{
  "success": false,
  "status": 500,
  "data": "Server Error",
  "timeTaken": 272.45809999999983
}
Status code: 500
-------------------------------

[test number] should successfully handle input
Request:
{
  "gender": "MALE",
  "total_activity_duration": "THREE_TO_SIX_HOURS",
  "age": 25,
  "weight_today": 150,
  "height": 210,
  "category": "advanced"
}
Response:
{
  "success": false,
  "status": 500,
  "data": "Server Error",
  "timeTaken": 298.7458999999999
}
Status code: 500
-------------------------------

[test number] should successfully handle input
Request:
{
  "gender": "FEMALE",
  "total_activity_duration": "NINE_TO_TWELVE_HOURS",
  "age": 100,
  "weight_today": 113.9,
  "height": 160,
  "category": "advanced"
}
Response:
{
  "success": false,
  "status": 500,
  "data": "Server Error",
  "timeTaken": 302.6908999999996
}
Status code: 500
-------------------------------

[test number] should successfully handle input
Request:
{
  "gender": "FEMALE",
  "total_activity_duration": "SIX_TO_NINE_HOURS",
  "age": 75,
  "weight_today": 70,
  "height": 140,
  "category": "intermediate"
}
Response:
{
  "success": false,
  "status": 500,
  "data": "Server Error",
  "timeTaken": 286.0571999999993
}
Status code: 500
-------------------------------

[test number] should successfully handle input
Request:
{
  "gender": "MALE",
  "total_activity_duration": "ZERO_TO_THREE_HOURS",
  "age": 100,
  "weight_today": 150,
  "height": 173,
  "category": "intermediate"
}
Response:
{
  "success": false,
  "status": 500,
  "data": "Server Error",
  "timeTaken": 289.1700000000001
}
Status code: 500
-------------------------------

[test number] should successfully handle input
Request:
{
  "gender": "FEMALE",
  "total_activity_duration": "NINE_TO_TWELVE_HOURS",
  "age": 0,
  "weight_today": 70,
  "height": 173,
  "category": "intermediate"
}
Response:
{
  "success": false,
  "status": 500,
  "data": "Server Error",
  "timeTaken": 287.20679999999993
}
Status code: 500
-------------------------------

[test number] should successfully handle input
Request:
{
  "gender": "FEMALE",
  "total_activity_duration": "SIX_TO_NINE_HOURS",
  "age": 25,
  "weight_today": 30,
  "height": 160,
  "category": "intermediate"
}
Response:
{
  "success": false,
  "status": 500,
  "data": "Server Error",
  "timeTaken": 281.8197999999993
}
Status code: 500
-------------------------------

[test number] should successfully handle input
Request:
{
  "gender": "MALE",
  "total_activity_duration": "ZERO_TO_THREE_HOURS",
  "age": 50,
  "weight_today": 150,
  "height": 140,
  "category": "advanced"
}
Response:
{
  "success": false,
  "status": 500,
  "data": "Server Error",
  "timeTaken": 283.4902999999995
}
Status code: 500
-------------------------------

[test number] should successfully handle input
Request:
{
  "gender": "MALE",
  "total_activity_duration": "NINE_TO_TWELVE_HOURS",
  "age": 50,
  "weight_today": 70,
  "height": 160,
  "category": "beginner"
}
Response:
{
  "success": false,
  "status": 500,
  "data": "Server Error",
  "timeTaken": 290.804900000001
}
Status code: 500
-------------------------------

[test number] should successfully handle input
Request:
{
  "gender": "MALE",
  "total_activity_duration": "THREE_TO_SIX_HOURS",
  "age": 75,
  "weight_today": 200,
  "height": 173,
  "category": "beginner"
}
Response:
{
  "success": false,
  "status": 500,
  "data": "Server Error",
  "timeTaken": 275.7577999999994
}
Status code: 500
-------------------------------

[test number] should successfully handle input
Request:
{
  "gender": "FEMALE",
  "total_activity_duration": "ZERO_TO_THREE_HOURS",
  "age": 0,
  "weight_today": 150,
  "height": 140,
  "category": "advanced"
}
Response:
{
  "success": false,
  "status": 500,
  "data": "Server Error",
  "timeTaken": 277.86119999999937
}
Status code: 500
-------------------------------

[test number] should successfully handle input
Request:
{
  "gender": "MALE",
  "total_activity_duration": "TWELVE_PLUS_HOURS",
  "age": 75,
  "weight_today": 113.9,
  "height": 190,
  "category": "advanced"
}
Response:
{
  "success": false,
  "status": 500,
  "data": "Server Error",
  "timeTaken": 285.73499999999876
}
Status code: 500
-------------------------------

[test number] should successfully handle input
Request:
{
  "gender": "MALE",
  "total_activity_duration": "TWELVE_PLUS_HOURS",
  "age": 25,
  "weight_today": 113.9,
  "height": 140,
  "category": "advanced"
}
Response:
{
  "success": false,
  "status": 500,
  "data": "Server Error",
  "timeTaken": 300.54949999999917
}
Status code: 500
-------------------------------

[test number] should successfully handle input
Request:
{
  "gender": "FEMALE",
  "total_activity_duration": "TWELVE_PLUS_HOURS",
  "age": 75,
  "weight_today": 150,
  "height": 160,
  "category": "beginner"
}
Response:
{
  "success": false,
  "status": 500,
  "data": "Server Error",
  "timeTaken": 285.14050000000134
}
Status code: 500
-------------------------------

[test number] should successfully handle input
Request:
{
  "gender": "FEMALE",
  "total_activity_duration": "ZERO_TO_THREE_HOURS",
  "age": 100,
  "weight_today": 200,
  "height": 140,
  "category": "intermediate"
}
Response:
{
  "success": false,
  "status": 500,
  "data": "Server Error",
  "timeTaken": 287.01870000000054
}
Status code: 500
-------------------------------

[test number] should successfully handle input
Request:
{
  "gender": "MALE",
  "total_activity_duration": "SIX_TO_NINE_HOURS",
  "age": 75,
  "weight_today": 30,
  "height": 160,
  "category": "advanced"
}
Response:
{
  "success": false,
  "status": 500,
  "data": "Server Error",
  "timeTaken": 311.3680999999997
}
Status code: 500
-------------------------------

[test number] should successfully handle input
Request:
{
  "gender": "FEMALE",
  "total_activity_duration": "NINE_TO_TWELVE_HOURS",
  "age": 50,
  "weight_today": 70,
  "height": 210,
  "category": "beginner"
}
Response:
{
  "success": false,
  "status": 500,
  "data": "Server Error",
  "timeTaken": 270.3778999999995
}
Status code: 500
-------------------------------

[test number] should successfully handle input
Request:
{
  "gender": "MALE",
  "total_activity_duration": "SIX_TO_NINE_HOURS",
  "age": 25,
  "weight_today": 30,
  "height": 140,
  "category": "beginner"
}
Response:
{
  "success": false,
  "status": 500,
  "data": "Server Error",
  "timeTaken": 273.41010000000097
}
Status code: 500
-------------------------------

[test number] should successfully handle input
Request:
{
  "gender": "MALE",
  "total_activity_duration": "ZERO_TO_THREE_HOURS",
  "age": 0,
  "weight_today": 113.9,
  "height": 173,
  "category": "advanced"
}
Response:
{
  "success": false,
  "status": 500,
  "data": "Server Error",
  "timeTaken": 302.9796000000006
}
Status code: 500
-------------------------------

[test number] should successfully handle input
Request:
{
  "gender": "MALE",
  "total_activity_duration": "NINE_TO_TWELVE_HOURS",
  "age": 100,
  "weight_today": 70,
  "height": 210,
  "category": "beginner"
}
Response:
{
  "success": false,
  "status": 500,
  "data": "Server Error",
  "timeTaken": 319.3025999999991
}
Status code: 500
-------------------------------

[test number] should successfully handle input
Request:
{
  "gender": "MALE",
  "total_activity_duration": "NINE_TO_TWELVE_HOURS",
  "age": 0,
  "weight_today": 30,
  "height": 210,
  "category": "beginner"
}
Response:
{
  "success": false,
  "status": 500,
  "data": "Server Error",
  "timeTaken": 297.39580000000024
}
Status code: 500
-------------------------------

[test number] should successfully handle input
Request:
{
  "gender": "FEMALE",
  "total_activity_duration": "ZERO_TO_THREE_HOURS",
  "age": 50,
  "weight_today": 150,
  "height": 190,
  "category": "intermediate"
}
Response:
{
  "success": false,
  "status": 500,
  "data": "Server Error",
  "timeTaken": 299.9830000000002
}
Status code: 500
-------------------------------

[test number] should successfully handle input
Request:
{
  "gender": "FEMALE",
  "total_activity_duration": "TWELVE_PLUS_HOURS",
  "age": 25,
  "weight_today": 113.9,
  "height": 210,
  "category": "intermediate"
}
Response:
{
  "success": false,
  "status": 500,
  "data": "Server Error",
  "timeTaken": 270.0466000000015
}
Status code: 500
-------------------------------

[test number] should successfully handle input
Request:
{
  "gender": "FEMALE",
  "total_activity_duration": "THREE_TO_SIX_HOURS",
  "age": 25,
  "weight_today": 200,
  "height": 190,
  "category": "beginner"
}
Response:
{
  "success": false,
  "status": 500,
  "data": "Server Error",
  "timeTaken": 276.95520000000033
}
Status code: 500
-------------------------------

[test number] should successfully handle input
Request:
{
  "gender": "FEMALE",
  "total_activity_duration": "THREE_TO_SIX_HOURS",
  "age": 75,
  "weight_today": 200,
  "height": 210,
  "category": "advanced"
}
Response:
{
  "success": false,
  "status": 500,
  "data": "Server Error",
  "timeTaken": 309.21609999999964
}
Status code: 500
-------------------------------

[test number] should successfully handle input
Request:
{
  "gender": "MALE",
  "total_activity_duration": "THREE_TO_SIX_HOURS",
  "age": 25,
  "weight_today": 200,
  "height": 140,
  "category": "beginner"
}
Response:
{
  "success": false,
  "status": 500,
  "data": "Server Error",
  "timeTaken": 293.52500000000146
}
Status code: 500
-------------------------------

[test number] should successfully handle input
Request:
{
  "gender": "FEMALE",
  "total_activity_duration": "NINE_TO_TWELVE_HOURS",
  "age": 100,
  "weight_today": 113.9,
  "height": 173,
  "category": "beginner"
}
Response:
{
  "success": false,
  "status": 500,
  "data": "Server Error",
  "timeTaken": 316.33190000000104
}
Status code: 500
-------------------------------

[test number] should successfully handle input
Request:
{
  "gender": "MALE",
  "total_activity_duration": "ZERO_TO_THREE_HOURS",
  "age": 100,
  "weight_today": 150,
  "height": 173,
  "category": "advanced"
}
Response:
{
  "success": false,
  "status": 500,
  "data": "Server Error",
  "timeTaken": 278.71949999999924
}
Status code: 500
-------------------------------

[test number] should successfully handle input
Request:
{
  "gender": "FEMALE",
  "total_activity_duration": "NINE_TO_TWELVE_HOURS",
  "age": 0,
  "weight_today": 70,
  "height": 173,
  "category": "advanced"
}
Response:
{
  "success": false,
  "status": 500,
  "data": "Server Error",
  "timeTaken": 288.4475000000002
}
Status code: 500
-------------------------------

[test number] should successfully handle input
Request:
{
  "gender": "FEMALE",
  "total_activity_duration": "SIX_TO_NINE_HOURS",
  "age": 75,
  "weight_today": 70,
  "height": 140,
  "category": "advanced"
}
Response:
{
  "success": false,
  "status": 500,
  "data": "Server Error",
  "timeTaken": 291.0099000000009
}
Status code: 500
-------------------------------

[test number] should successfully handle input
Request:
{
  "gender": "MALE",
  "total_activity_duration": "ZERO_TO_THREE_HOURS",
  "age": 50,
  "weight_today": 150,
  "height": 160,
  "category": "beginner"
}
Response:
{
  "success": false,
  "status": 500,
  "data": "Server Error",
  "timeTaken": 291.22479999999996
}
Status code: 500
-------------------------------

[test number] should successfully handle input
Request:
{
  "gender": "FEMALE",
  "total_activity_duration": "SIX_TO_NINE_HOURS",
  "age": 25,
  "weight_today": 30,
  "height": 160,
  "category": "advanced"
}
Response:
{
  "success": false,
  "status": 500,
  "data": "Server Error",
  "timeTaken": 296.7554
}
Status code: 500
-------------------------------

[test number] should successfully handle input
Request:
{
  "gender": "FEMALE",
  "total_activity_duration": "ZERO_TO_THREE_HOURS",
  "age": 0,
  "weight_today": 150,
  "height": 160,
  "category": "beginner"
}
Response:
{
  "success": false,
  "status": 500,
  "data": "Server Error",
  "timeTaken": 272.7368000000006
}
Status code: 500
-------------------------------

[test number] should successfully handle input
Request:
{
  "gender": "MALE",
  "total_activity_duration": "NINE_TO_TWELVE_HOURS",
  "age": 50,
  "weight_today": 70,
  "height": 160,
  "category": "intermediate"
}
Response:
{
  "success": false,
  "status": 500,
  "data": "Server Error",
  "timeTaken": 298.4395999999997
}
Status code: 500
-------------------------------

[test number] should successfully handle input
Request:
{
  "gender": "MALE",
  "total_activity_duration": "TWELVE_PLUS_HOURS",
  "age": 75,
  "weight_today": 113.9,
  "height": 210,
  "category": "beginner"
}
Response:
{
  "success": false,
  "status": 500,
  "data": "Server Error",
  "timeTaken": 282.40149999999994
}
Status code: 500
-------------------------------

[test number] should successfully handle input
Request:
{
  "gender": "MALE",
  "total_activity_duration": "THREE_TO_SIX_HOURS",
  "age": 75,
  "weight_today": 200,
  "height": 173,
  "category": "intermediate"
}
Response:
{
  "success": false,
  "status": 500,
  "data": "Server Error",
  "timeTaken": 289.9400000000005
}
Status code: 500
-------------------------------

[test number] should successfully handle input
Request:
{
  "gender": "MALE",
  "total_activity_duration": "TWELVE_PLUS_HOURS",
  "age": 25,
  "weight_today": 113.9,
  "height": 160,
  "category": "beginner"
}
Response:
{
  "success": false,
  "status": 500,
  "data": "Server Error",
  "timeTaken": 300.71329999999944
}
Status code: 500
-------------------------------

[test number] should successfully handle input
Request:
{
  "gender": "FEMALE",
  "total_activity_duration": "ZERO_TO_THREE_HOURS",
  "age": 100,
  "weight_today": 200,
  "height": 140,
  "category": "advanced"
}
Response:
{
  "success": false,
  "status": 500,
  "data": "Server Error",
  "timeTaken": 280.8639999999996
}
Status code: 500
-------------------------------

[test number] should successfully handle input
Request:
{
  "gender": "FEMALE",
  "total_activity_duration": "TWELVE_PLUS_HOURS",
  "age": 75,
  "weight_today": 150,
  "height": 160,
  "category": "intermediate"
}
Response:
{
  "success": false,
  "status": 500,
  "data": "Server Error",
  "timeTaken": 284.7607000000007
}
Status code: 500
-------------------------------

[test number] should successfully handle input
Request:
{
  "gender": "MALE",
  "total_activity_duration": "SIX_TO_NINE_HOURS",
  "age": 75,
  "weight_today": 30,
  "height": 173,
  "category": "beginner"
}
Response:
{
  "success": false,
  "status": 500,
  "data": "Server Error",
  "timeTaken": 297.72780000000057
}
Status code: 500
-------------------------------

[test number] should successfully handle input
Request:
{
  "gender": "MALE",
  "total_activity_duration": "ZERO_TO_THREE_HOURS",
  "age": 0,
  "weight_today": 113.9,
  "height": 190,
  "category": "beginner"
}
Response:
{
  "success": false,
  "status": 500,
  "data": "Server Error",
  "timeTaken": 297.05189999999857
}
Status code: 500
-------------------------------

[test number] should successfully handle input
Request:
{
  "gender": "MALE",
  "total_activity_duration": "SIX_TO_NINE_HOURS",
  "age": 25,
  "weight_today": 30,
  "height": 140,
  "category": "intermediate"
}
Response:
{
  "success": false,
  "status": 500,
  "data": "Server Error",
  "timeTaken": 304.4315000000006
}
Status code: 500
-------------------------------

[test number] should successfully handle input
Request:
{
  "gender": "FEMALE",
  "total_activity_duration": "NINE_TO_TWELVE_HOURS",
  "age": 50,
  "weight_today": 70,
  "height": 210,
  "category": "intermediate"
}
Response:
{
  "success": false,
  "status": 500,
  "data": "Server Error",
  "timeTaken": 305.1439999999984
}
Status code: 500
-------------------------------

[test number] should successfully handle input
Request:
{
  "gender": "MALE",
  "total_activity_duration": "NINE_TO_TWELVE_HOURS",
  "age": 0,
  "weight_today": 30,
  "height": 210,
  "category": "intermediate"
}
Response:
{
  "success": false,
  "status": 500,
  "data": "Server Error",
  "timeTaken": 265.6288000000004
}
Status code: 500
-------------------------------

[test number] should successfully handle input
Request:
{
  "gender": "FEMALE",
  "total_activity_duration": "ZERO_TO_THREE_HOURS",
  "age": 50,
  "weight_today": 150,
  "height": 190,
  "category": "advanced"
}
Response:
{
  "success": false,
  "status": 500,
  "data": "Server Error",
  "timeTaken": 279.1960999999992
}
Status code: 500
-------------------------------

[test number] should successfully handle input
Request:
{
  "gender": "MALE",
  "total_activity_duration": "NINE_TO_TWELVE_HOURS",
  "age": 100,
  "weight_today": 70,
  "height": 210,
  "category": "intermediate"
}
Response:
{
  "success": false,
  "status": 500,
  "data": "Server Error",
  "timeTaken": 290.4488000000001
}
Status code: 500
-------------------------------

[test number] should successfully handle input
Request:
{
  "gender": "FEMALE",
  "total_activity_duration": "TWELVE_PLUS_HOURS",
  "age": 25,
  "weight_today": 113.9,
  "height": 210,
  "category": "advanced"
}
Response:
{
  "success": false,
  "status": 500,
  "data": "Server Error",
  "timeTaken": 276.7039999999997
}
Status code: 500
-------------------------------

[test number] should successfully handle input
Request:
{
  "gender": "FEMALE",
  "total_activity_duration": "THREE_TO_SIX_HOURS",
  "age": 25,
  "weight_today": 200,
  "height": 190,
  "category": "intermediate"
}
Response:
{
  "success": false,
  "status": 500,
  "data": "Server Error",
  "timeTaken": 273.63720000000103
}
Status code: 500
-------------------------------

[test number] should successfully handle input
Request:
{
  "gender": "FEMALE",
  "total_activity_duration": "THREE_TO_SIX_HOURS",
  "age": 100,
  "weight_today": 30,
  "height": 140,
  "category": "beginner"
}
Response:
{
  "success": false,
  "status": 500,
  "data": "Server Error",
  "timeTaken": 293.21680000000015
}
Status code: 500
-------------------------------

[test number] should successfully handle input
Request:
{
  "gender": "MALE",
  "total_activity_duration": "THREE_TO_SIX_HOURS",
  "age": 25,
  "weight_today": 200,
  "height": 140,
  "category": "intermediate"
}
Response:
{
  "success": false,
  "status": 500,
  "data": "Server Error",
  "timeTaken": 295.53520000000026
}
Status code: 500
-------------------------------

[test number] should successfully handle input
Request:
{
  "gender": "FEMALE",
  "total_activity_duration": "NINE_TO_TWELVE_HOURS",
  "age": 0,
  "weight_today": 70,
  "height": 190,
  "category": "beginner"
}
Response:
{
  "success": false,
  "status": 500,
  "data": "Server Error",
  "timeTaken": 271.1245999999992
}
Status code: 500
-------------------------------

[test number] should successfully handle input
Request:
{
  "gender": "MALE",
  "total_activity_duration": "ZERO_TO_THREE_HOURS",
  "age": 100,
  "weight_today": 150,
  "height": 190,
  "category": "beginner"
}
Response:
{
  "success": false,
  "status": 500,
  "data": "Server Error",
  "timeTaken": 275.64400000000023
}
Status code: 500
-------------------------------

[test number] should successfully handle input
Request:
{
  "gender": "MALE",
  "total_activity_duration": "ZERO_TO_THREE_HOURS",
  "age": 50,
  "weight_today": 150,
  "height": 160,
  "category": "intermediate"
}
Response:
{
  "success": false,
  "status": 500,
  "data": "Server Error",
  "timeTaken": 275.20360000000073
}
Status code: 500
-------------------------------

[test number] should successfully handle input
Request:
{
  "gender": "FEMALE",
  "total_activity_duration": "SIX_TO_NINE_HOURS",
  "age": 25,
  "weight_today": 30,
  "height": 173,
  "category": "beginner"
}
Response:
{
  "success": false,
  "status": 500,
  "data": "Server Error",
  "timeTaken": 270.3912
}
Status code: 500
-------------------------------

[test number] should successfully handle input
Request:
{
  "gender": "FEMALE",
  "total_activity_duration": "SIX_TO_NINE_HOURS",
  "age": 75,
  "weight_today": 70,
  "height": 160,
  "category": "beginner"
}
Response:
{
  "success": false,
  "status": 500,
  "data": "Server Error",
  "timeTaken": 295.5514999999996
}
Status code: 500
-------------------------------

[test number] should successfully handle input
Request:
{
  "gender": "FEMALE",
  "total_activity_duration": "NINE_TO_TWELVE_HOURS",
  "age": 100,
  "weight_today": 113.9,
  "height": 173,
  "category": "intermediate"
}
Response:
{
  "success": false,
  "status": 500,
  "data": "Server Error",
  "timeTaken": 310.4962000000014
}
Status code: 500
-------------------------------

[test number] should successfully handle input
Request:
{
  "gender": "FEMALE",
  "total_activity_duration": "ZERO_TO_THREE_HOURS",
  "age": 0,
  "weight_today": 150,
  "height": 160,
  "category": "intermediate"
}
Response:
{
  "success": false,
  "status": 500,
  "data": "Server Error",
  "timeTaken": 278.1129999999994
}
Status code: 500
-------------------------------

[test number] should successfully handle input
Request:
{
  "gender": "MALE",
  "total_activity_duration": "THREE_TO_SIX_HOURS",
  "age": 75,
  "weight_today": 200,
  "height": 173,
  "category": "advanced"
}
Response:
{
  "success": false,
  "status": 500,
  "data": "Server Error",
  "timeTaken": 281.1250999999993
}
Status code: 500
-------------------------------

[test number] should successfully handle input
Request:
{
  "gender": "MALE",
  "total_activity_duration": "NINE_TO_TWELVE_HOURS",
  "age": 50,
  "weight_today": 70,
  "height": 160,
  "category": "advanced"
}
Response:
{
  "success": false,
  "status": 500,
  "data": "Server Error",
  "timeTaken": 293.3099000000002
}
Status code: 500
-------------------------------

[test number] should successfully handle input
Request:
{
  "gender": "MALE",
  "total_activity_duration": "TWELVE_PLUS_HOURS",
  "age": 75,
  "weight_today": 113.9,
  "height": 210,
  "category": "intermediate"
}
Response:
{
  "success": false,
  "status": 500,
  "data": "Server Error",
  "timeTaken": 299.8051999999989
}
Status code: 500
-------------------------------

[test number] should successfully handle input
Request:
{
  "gender": "FEMALE",
  "total_activity_duration": "NINE_TO_TWELVE_HOURS",
  "age": 50,
  "weight_today": 70,
  "height": 210,
  "category": "advanced"
}
Response:
{
  "success": false,
  "status": 500,
  "data": "Server Error",
  "timeTaken": 273.33870000000024
}
Status code: 500
-------------------------------

[test number] should successfully handle input
Request:
{
  "gender": "FEMALE",
  "total_activity_duration": "TWELVE_PLUS_HOURS",
  "age": 75,
  "weight_today": 150,
  "height": 160,
  "category": "advanced"
}
Response:
{
  "success": false,
  "status": 500,
  "data": "Server Error",
  "timeTaken": 296.3053
}
Status code: 500
-------------------------------

[test number] should successfully handle input
Request:
{
  "gender": "FEMALE",
  "total_activity_duration": "ZERO_TO_THREE_HOURS",
  "age": 100,
  "weight_today": 200,
  "height": 160,
  "category": "beginner"
}
Response:
{
  "success": false,
  "status": 500,
  "data": "Server Error",
  "timeTaken": 301.52139999999963
}
Status code: 500
-------------------------------

[test number] should successfully handle input
Request:
{
  "gender": "MALE",
  "total_activity_duration": "NINE_TO_TWELVE_HOURS",
  "age": 0,
  "weight_today": 30,
  "height": 210,
  "category": "advanced"
}
Response:
{
  "success": false,
  "status": 500,
  "data": "Server Error",
  "timeTaken": 279.02280000000064
}
Status code: 500
-------------------------------

[test number] should successfully handle input
Request:
{
  "gender": "MALE",
  "total_activity_duration": "ZERO_TO_THREE_HOURS",
  "age": 0,
  "weight_today": 113.9,
  "height": 190,
  "category": "intermediate"
}
Response:
{
  "success": false,
  "status": 500,
  "data": "Server Error",
  "timeTaken": 289.91040000000066
}
Status code: 500
-------------------------------

[test number] should successfully handle input
Request:
{
  "gender": "MALE",
  "total_activity_duration": "SIX_TO_NINE_HOURS",
  "age": 25,
  "weight_today": 30,
  "height": 140,
  "category": "advanced"
}
Response:
{
  "success": false,
  "status": 500,
  "data": "Server Error",
  "timeTaken": 291.5035000000007
}
Status code: 500
-------------------------------

[test number] should successfully handle input
Request:
{
  "gender": "MALE",
  "total_activity_duration": "TWELVE_PLUS_HOURS",
  "age": 25,
  "weight_today": 113.9,
  "height": 160,
  "category": "intermediate"
}
Response:
{
  "success": false,
  "status": 500,
  "data": "Server Error",
  "timeTaken": 322.6387999999988
}
Status code: 500
-------------------------------

[test number] should successfully handle input
Request:
{
  "gender": "FEMALE",
  "total_activity_duration": "ZERO_TO_THREE_HOURS",
  "age": 50,
  "weight_today": 150,
  "height": 210,
  "category": "beginner"
}
Response:
{
  "success": false,
  "status": 500,
  "data": "Server Error",
  "timeTaken": 276.7566000000006
}
Status code: 500
-------------------------------

[test number] should successfully handle input
Request:
{
  "gender": "MALE",
  "total_activity_duration": "NINE_TO_TWELVE_HOURS",
  "age": 100,
  "weight_today": 70,
  "height": 210,
  "category": "advanced"
}
Response:
{
  "success": false,
  "status": 500,
  "data": "Server Error",
  "timeTaken": 273.46659999999974
}
Status code: 500
-------------------------------

[test number] should successfully handle input
Request:
{
  "gender": "MALE",
  "total_activity_duration": "SIX_TO_NINE_HOURS",
  "age": 75,
  "weight_today": 30,
  "height": 173,
  "category": "intermediate"
}
Response:
{
  "success": false,
  "status": 500,
  "data": "Server Error",
  "timeTaken": 314.53349999999955
}
Status code: 500
-------------------------------

[test number] should successfully handle input
Request:
{
  "gender": "FEMALE",
  "total_activity_duration": "TWELVE_PLUS_HOURS",
  "age": 25,
  "weight_today": 150,
  "height": 140,
  "category": "beginner"
}
Response:
{
  "success": false,
  "status": 500,
  "data": "Server Error",
  "timeTaken": 275.7404999999999
}
Status code: 500
-------------------------------

[test number] should successfully handle input
Request:
{
  "gender": "FEMALE",
  "total_activity_duration": "THREE_TO_SIX_HOURS",
  "age": 25,
  "weight_today": 200,
  "height": 190,
  "category": "advanced"
}
Response:
{
  "success": false,
  "status": 500,
  "data": "Server Error",
  "timeTaken": 266.60599999999977
}
Status code: 500
-------------------------------

[test number] should successfully handle input
Request:
{
  "gender": "FEMALE",
  "total_activity_duration": "THREE_TO_SIX_HOURS",
  "age": 100,
  "weight_today": 30,
  "height": 140,
  "category": "intermediate"
}
Response:
{
  "success": false,
  "status": 500,
  "data": "Server Error",
  "timeTaken": 284.66519999999946
}
Status code: 500
-------------------------------

[test number] should successfully handle input
Request:
{
  "gender": "MALE",
  "total_activity_duration": "THREE_TO_SIX_HOURS",
  "age": 25,
  "weight_today": 200,
  "height": 140,
  "category": "advanced"
}
Response:
{
  "success": false,
  "status": 500,
  "data": "Server Error",
  "timeTaken": 279.5175999999992
}
Status code: 500
-------------------------------

[test number] should successfully handle input
Request:
{
  "gender": "MALE",
  "total_activity_duration": "ZERO_TO_THREE_HOURS",
  "age": 50,
  "weight_today": 150,
  "height": 160,
  "category": "advanced"
}
Response:
{
  "success": false,
  "status": 500,
  "data": "Server Error",
  "timeTaken": 274.08630000000085
}
Status code: 500
-------------------------------

[test number] should successfully handle input
Request:
{
  "gender": "FEMALE",
  "total_activity_duration": "NINE_TO_TWELVE_HOURS",
  "age": 0,
  "weight_today": 70,
  "height": 190,
  "category": "intermediate"
}
Response:
{
  "success": false,
  "status": 500,
  "data": "Server Error",
  "timeTaken": 290.02419999999984
}
Status code: 500
-------------------------------

[test number] should successfully handle input
Request:
{
  "gender": "MALE",
  "total_activity_duration": "ZERO_TO_THREE_HOURS",
  "age": 100,
  "weight_today": 150,
  "height": 190,
  "category": "intermediate"
}
Response:
{
  "success": false,
  "status": 500,
  "data": "Server Error",
  "timeTaken": 294.22890000000007
}
Status code: 500
-------------------------------

[test number] should successfully handle input
Request:
{
  "gender": "FEMALE",
  "total_activity_duration": "NINE_TO_TWELVE_HOURS",
  "age": 100,
  "weight_today": 113.9,
  "height": 173,
  "category": "advanced"
}
Response:
{
  "success": false,
  "status": 500,
  "data": "Server Error",
  "timeTaken": 276.2389000000003
}
Status code: 500
-------------------------------

[test number] should successfully handle input
Request:
{
  "gender": "FEMALE",
  "total_activity_duration": "SIX_TO_NINE_HOURS",
  "age": 25,
  "weight_today": 30,
  "height": 173,
  "category": "intermediate"
}
Response:
{
  "success": false,
  "status": 500,
  "data": "Server Error",
  "timeTaken": 283.8071
}
Status code: 500
-------------------------------

[test number] should successfully handle input
Request:
{
  "gender": "FEMALE",
  "total_activity_duration": "SIX_TO_NINE_HOURS",
  "age": 75,
  "weight_today": 70,
  "height": 160,
  "category": "intermediate"
}
Response:
{
  "success": false,
  "status": 500,
  "data": "Server Error",
  "timeTaken": 303.1767999999993
}
Status code: 500
-------------------------------

[test number] should successfully handle input
Request:
{
  "gender": "FEMALE",
  "total_activity_duration": "ZERO_TO_THREE_HOURS",
  "age": 0,
  "weight_today": 150,
  "height": 160,
  "category": "advanced"
}
Response:
{
  "success": false,
  "status": 500,
  "data": "Server Error",
  "timeTaken": 268.8667000000005
}
Status code: 500
-------------------------------

[test number] should successfully handle input
Request:
{
  "gender": "MALE",
  "total_activity_duration": "THREE_TO_SIX_HOURS",
  "age": 75,
  "weight_today": 200,
  "height": 190,
  "category": "beginner"
}
Response:
{
  "success": false,
  "status": 500,
  "data": "Server Error",
  "timeTaken": 273.3891999999996
}
Status code: 500
-------------------------------

[test number] should successfully handle input
Request:
{
  "gender": "MALE",
  "total_activity_duration": "TWELVE_PLUS_HOURS",
  "age": 75,
  "weight_today": 113.9,
  "height": 210,
  "category": "advanced"
}
Response:
{
  "success": false,
  "status": 500,
  "data": "Server Error",
  "timeTaken": 298.46249999999964
}
Status code: 500
-------------------------------

[test number] should successfully handle input
Request:
{
  "gender": "MALE",
  "total_activity_duration": "NINE_TO_TWELVE_HOURS",
  "age": 50,
  "weight_today": 70,
  "height": 173,
  "category": "beginner"
}
Response:
{
  "success": false,
  "status": 500,
  "data": "Server Error",
  "timeTaken": 318.01500000000124
}
Status code: 500
-------------------------------

[test number] should successfully handle input
Request:
{
  "gender": "FEMALE",
  "total_activity_duration": "ZERO_TO_THREE_HOURS",
  "age": 100,
  "weight_today": 200,
  "height": 160,
  "category": "intermediate"
}
Response:
{
  "success": false,
  "status": 500,
  "data": "Server Error",
  "timeTaken": 283.54110000000037
}
Status code: 500
-------------------------------

[test number] should successfully handle input
Request:
{
  "gender": "MALE",
  "total_activity_duration": "ZERO_TO_THREE_HOURS",
  "age": 0,
  "weight_today": 113.9,
  "height": 190,
  "category": "advanced"
}
Response:
{
  "success": false,
  "status": 500,
  "data": "Server Error",
  "timeTaken": 270.0080999999991
}
Status code: 500
-------------------------------

[test number] should successfully handle input
Request:
{
  "gender": "FEMALE",
  "total_activity_duration": "TWELVE_PLUS_HOURS",
  "age": 75,
  "weight_today": 150,
  "height": 173,
  "category": "beginner"
}
Response:
{
  "success": false,
  "status": 500,
  "data": "Server Error",
  "timeTaken": 289.91250000000036
}
Status code: 500
-------------------------------

[test number] should successfully handle input
Request:
{
  "gender": "FEMALE",
  "total_activity_duration": "NINE_TO_TWELVE_HOURS",
  "age": 50,
  "weight_today": 113.9,
  "height": 140,
  "category": "beginner"
}
Response:
{
  "success": false,
  "status": 500,
  "data": "Server Error",
  "timeTaken": 296.89130000000114
}
Status code: 500
-------------------------------

[test number] should successfully handle input
Request:
{
  "gender": "MALE",
  "total_activity_duration": "NINE_TO_TWELVE_HOURS",
  "age": 0,
  "weight_today": 70,
  "height": 140,
  "category": "beginner"
}
Response:
{
  "success": false,
  "status": 500,
  "data": "Server Error",
  "timeTaken": 293.5123999999996
}
Status code: 500
-------------------------------

[test number] should successfully handle input
Request:
{
  "gender": "MALE",
  "total_activity_duration": "SIX_TO_NINE_HOURS",
  "age": 25,
  "weight_today": 30,
  "height": 160,
  "category": "beginner"
}
Response:
{
  "success": false,
  "status": 500,
  "data": "Server Error",
  "timeTaken": 286.2599000000009
}
Status code: 500
-------------------------------

[test number] should successfully handle input
Request:
{
  "gender": "MALE",
  "total_activity_duration": "NINE_TO_TWELVE_HOURS",
  "age": 100,
  "weight_today": 113.9,
  "height": 140,
  "category": "beginner"
}
Response:
{
  "success": false,
  "status": 500,
  "data": "Server Error",
  "timeTaken": 279.448699999999
}
Status code: 500
-------------------------------

[test number] should successfully handle input
Request:
{
  "gender": "FEMALE",
  "total_activity_duration": "ZERO_TO_THREE_HOURS",
  "age": 50,
  "weight_today": 150,
  "height": 210,
  "category": "intermediate"
}
Response:
{
  "success": false,
  "status": 500,
  "data": "Server Error",
  "timeTaken": 285.3702999999987
}
Status code: 500
-------------------------------

[test number] should successfully handle input
Request:
{
  "gender": "FEMALE",
  "total_activity_duration": "TWELVE_PLUS_HOURS",
  "age": 25,
  "weight_today": 150,
  "height": 140,
  "category": "intermediate"
}
Response:
{
  "success": false,
  "status": 500,
  "data": "Server Error",
  "timeTaken": 287.22340000000077
}
Status code: 500
-------------------------------

[test number] should successfully handle input
Request:
{
  "gender": "FEMALE",
  "total_activity_duration": "THREE_TO_SIX_HOURS",
  "age": 25,
  "weight_today": 200,
  "height": 210,
  "category": "beginner"
}
Response:
{
  "success": false,
  "status": 500,
  "data": "Server Error",
  "timeTaken": 283.73389999999927
}
Status code: 500
-------------------------------

[test number] should successfully handle input
Request:
{
  "gender": "MALE",
  "total_activity_duration": "TWELVE_PLUS_HOURS",
  "age": 25,
  "weight_today": 113.9,
  "height": 160,
  "category": "advanced"
}
Response:
{
  "success": false,
  "status": 500,
  "data": "Server Error",
  "timeTaken": 314.0805999999993
}
Status code: 500
-------------------------------

[test number] should successfully handle input
Request:
{
  "gender": "MALE",
  "total_activity_duration": "SIX_TO_NINE_HOURS",
  "age": 75,
  "weight_today": 30,
  "height": 173,
  "category": "advanced"
}
Response:
{
  "success": false,
  "status": 500,
  "data": "Server Error",
  "timeTaken": 353.753200000001
}
Status code: 500
-------------------------------

[test number] should successfully handle input
Request:
{
  "gender": "FEMALE",
  "total_activity_duration": "THREE_TO_SIX_HOURS",
  "age": 100,
  "weight_today": 30,
  "height": 140,
  "category": "advanced"
}
Response:
{
  "success": false,
  "status": 500,
  "data": "Server Error",
  "timeTaken": 281.3786999999993
}
Status code: 500
-------------------------------

[test number] should successfully handle input
Request:
{
  "gender": "MALE",
  "total_activity_duration": "ZERO_TO_THREE_HOURS",
  "age": 50,
  "weight_today": 150,
  "height": 173,
  "category": "beginner"
}
Response:
{
  "success": false,
  "status": 500,
  "data": "Server Error",
  "timeTaken": 271.5712000000003
}
Status code: 500
-------------------------------

[test number] should successfully handle input
Request:
{
  "gender": "MALE",
  "total_activity_duration": "THREE_TO_SIX_HOURS",
  "age": 25,
  "weight_today": 200,
  "height": 160,
  "category": "beginner"
}
Response:
{
  "success": false,
  "status": 500,
  "data": "Server Error",
  "timeTaken": 289.8072000000011
}
Status code: 500
-------------------------------

[test number] should successfully handle input
Request:
{
  "gender": "MALE",
  "total_activity_duration": "ZERO_TO_THREE_HOURS",
  "age": 100,
  "weight_today": 150,
  "height": 190,
  "category": "advanced"
}
Response:
{
  "success": false,
  "status": 500,
  "data": "Server Error",
  "timeTaken": 278.13860000000204
}
Status code: 500
-------------------------------

[test number] should successfully handle input
Request:
{
  "gender": "FEMALE",
  "total_activity_duration": "NINE_TO_TWELVE_HOURS",
  "age": 0,
  "weight_today": 70,
  "height": 190,
  "category": "advanced"
}
Response:
{
  "success": false,
  "status": 500,
  "data": "Server Error",
  "timeTaken": 300.02759999999944
}
Status code: 500
-------------------------------

[test number] should successfully handle input
Request:
{
  "gender": "FEMALE",
  "total_activity_duration": "SIX_TO_NINE_HOURS",
  "age": 25,
  "weight_today": 30,
  "height": 173,
  "category": "advanced"
}
Response:
{
  "success": false,
  "status": 500,
  "data": "Server Error",
  "timeTaken": 286.97739999999976
}
Status code: 500
-------------------------------

[test number] should successfully handle input
Request:
{
  "gender": "FEMALE",
  "total_activity_duration": "NINE_TO_TWELVE_HOURS",
  "age": 100,
  "weight_today": 113.9,
  "height": 190,
  "category": "beginner"
}
Response:
{
  "success": false,
  "status": 500,
  "data": "Server Error",
  "timeTaken": 288.7664999999997
}
Status code: 500
-------------------------------

[test number] should successfully handle input
Request:
{
  "gender": "FEMALE",
  "total_activity_duration": "ZERO_TO_THREE_HOURS",
  "age": 0,
  "weight_today": 150,
  "height": 173,
  "category": "beginner"
}
Response:
{
  "success": false,
  "status": 500,
  "data": "Server Error",
  "timeTaken": 275.4165000000012
}
Status code: 500
-------------------------------

[test number] should successfully handle input
Request:
{
  "gender": "MALE",
  "total_activity_duration": "THREE_TO_SIX_HOURS",
  "age": 75,
  "weight_today": 200,
  "height": 190,
  "category": "intermediate"
}
Response:
{
  "success": false,
  "status": 500,
  "data": "Server Error",
  "timeTaken": 282.72379999999976
}
Status code: 500
-------------------------------

[test number] should successfully handle input
Request:
{
  "gender": "FEMALE",
  "total_activity_duration": "SIX_TO_NINE_HOURS",
  "age": 75,
  "weight_today": 70,
  "height": 160,
  "category": "advanced"
}
Response:
{
  "success": false,
  "status": 500,
  "data": "Server Error",
  "timeTaken": 311.1732000000011
}
Status code: 500
-------------------------------

[test number] should successfully handle input
Request:
{
  "gender": "FEMALE",
  "total_activity_duration": "ZERO_TO_THREE_HOURS",
  "age": 100,
  "weight_today": 200,
  "height": 160,
  "category": "advanced"
}
Response:
{
  "success": false,
  "status": 500,
  "data": "Server Error",
  "timeTaken": 270.4743000000017
}
Status code: 500
-------------------------------

[test number] should successfully handle input
Request:
{
  "gender": "MALE",
  "total_activity_duration": "TWELVE_PLUS_HOURS",
  "age": 75,
  "weight_today": 150,
  "height": 140,
  "category": "beginner"
}
Response:
{
  "success": false,
  "status": 500,
  "data": "Server Error",
  "timeTaken": 306.02889999999934
}
Status code: 500
-------------------------------

[test number] should successfully handle input
Request:
{
  "gender": "FEMALE",
  "total_activity_duration": "TWELVE_PLUS_HOURS",
  "age": 75,
  "weight_today": 150,
  "height": 173,
  "category": "intermediate"
}
Response:
{
  "success": false,
  "status": 500,
  "data": "Server Error",
  "timeTaken": 281.1218000000008
}
Status code: 500
-------------------------------

[test number] should successfully handle input
Request:
{
  "gender": "MALE",
  "total_activity_duration": "ZERO_TO_THREE_HOURS",
  "age": 0,
  "weight_today": 113.9,
  "height": 210,
  "category": "beginner"
}
Response:
{
  "success": false,
  "status": 500,
  "data": "Server Error",
  "timeTaken": 284.0620000000017
}
Status code: 500
-------------------------------

[test number] should successfully handle input
Request:
{
  "gender": "FEMALE",
  "total_activity_duration": "NINE_TO_TWELVE_HOURS",
  "age": 50,
  "weight_today": 113.9,
  "height": 140,
  "category": "intermediate"
}
Response:
{
  "success": false,
  "status": 500,
  "data": "Server Error",
  "timeTaken": 280.83979999999974
}
Status code: 500
-------------------------------

[test number] should successfully handle input
Request:
{
  "gender": "MALE",
  "total_activity_duration": "NINE_TO_TWELVE_HOURS",
  "age": 50,
  "weight_today": 70,
  "height": 173,
  "category": "intermediate"
}
Response:
{
  "success": false,
  "status": 500,
  "data": "Server Error",
  "timeTaken": 304.1269000000011
}
Status code: 500
-------------------------------

[test number] should successfully handle input
Request:
{
  "gender": "MALE",
  "total_activity_duration": "NINE_TO_TWELVE_HOURS",
  "age": 0,
  "weight_today": 70,
  "height": 140,
  "category": "intermediate"
}
Response:
{
  "success": false,
  "status": 500,
  "data": "Server Error",
  "timeTaken": 272.78040000000146
}
Status code: 500
-------------------------------

[test number] should successfully handle input
Request:
{
  "gender": "MALE",
  "total_activity_duration": "NINE_TO_TWELVE_HOURS",
  "age": 100,
  "weight_today": 113.9,
  "height": 140,
  "category": "intermediate"
}
Response:
{
  "success": false,
  "status": 500,
  "data": "Server Error",
  "timeTaken": 279.96000000000095
}
Status code: 500
-------------------------------

[test number] should successfully handle input
Request:
{
  "gender": "MALE",
  "total_activity_duration": "SIX_TO_NINE_HOURS",
  "age": 25,
  "weight_today": 30,
  "height": 160,
  "category": "intermediate"
}
Response:
{
  "success": false,
  "status": 500,
  "data": "Server Error",
  "timeTaken": 290.9315000000006
}
Status code: 500
-------------------------------

[test number] should successfully handle input
Request:
{
  "gender": "FEMALE",
  "total_activity_duration": "ZERO_TO_THREE_HOURS",
  "age": 50,
  "weight_today": 150,
  "height": 210,
  "category": "advanced"
}
Response:
{
  "success": false,
  "status": 500,
  "data": "Server Error",
  "timeTaken": 268.92129999999815
}
Status code: 500
-------------------------------

[test number] should successfully handle input
Request:
{
  "gender": "FEMALE",
  "total_activity_duration": "THREE_TO_SIX_HOURS",
  "age": 25,
  "weight_today": 200,
  "height": 210,
  "category": "intermediate"
}
Response:
{
  "success": false,
  "status": 500,
  "data": "Server Error",
  "timeTaken": 273.5975000000017
}
Status code: 500
-------------------------------

[test number] should successfully handle input
Request:
{
  "gender": "FEMALE",
  "total_activity_duration": "TWELVE_PLUS_HOURS",
  "age": 25,
  "weight_today": 150,
  "height": 140,
  "category": "advanced"
}
Response:
{
  "success": false,
  "status": 500,
  "data": "Server Error",
  "timeTaken": 286.2502000000022
}
Status code: 500
-------------------------------

[test number] should successfully handle input
Request:
{
  "gender": "MALE",
  "total_activity_duration": "TWELVE_PLUS_HOURS",
  "age": 25,
  "weight_today": 113.9,
  "height": 173,
  "category": "beginner"
}
Response:
{
  "success": false,
  "status": 500,
  "data": "Server Error",
  "timeTaken": 297.1319000000003
}
Status code: 500
-------------------------------

[test number] should successfully handle input
Request:
{
  "gender": "MALE",
  "total_activity_duration": "SIX_TO_NINE_HOURS",
  "age": 75,
  "weight_today": 30,
  "height": 190,
  "category": "beginner"
}
Response:
{
  "success": false,
  "status": 500,
  "data": "Server Error",
  "timeTaken": 272.5142999999989
}
Status code: 500
-------------------------------

[test number] should successfully handle input
Request:
{
  "gender": "FEMALE",
  "total_activity_duration": "THREE_TO_SIX_HOURS",
  "age": 100,
  "weight_today": 30,
  "height": 160,
  "category": "beginner"
}
Response:
{
  "success": false,
  "status": 500,
  "data": "Server Error",
  "timeTaken": 284.02679999999964
}
Status code: 500
-------------------------------

[test number] should successfully handle input
Request:
{
  "gender": "MALE",
  "total_activity_duration": "ZERO_TO_THREE_HOURS",
  "age": 50,
  "weight_today": 150,
  "height": 173,
  "category": "intermediate"
}
Response:
{
  "success": false,
  "status": 500,
  "data": "Server Error",
  "timeTaken": 271.89030000000093
}
Status code: 500
-------------------------------

[test number] should successfully handle input
Request:
{
  "gender": "FEMALE",
  "total_activity_duration": "NINE_TO_TWELVE_HOURS",
  "age": 100,
  "weight_today": 113.9,
  "height": 190,
  "category": "intermediate"
}
Response:
{
  "success": false,
  "status": 500,
  "data": "Server Error",
  "timeTaken": 267.6270000000004
}
Status code: 500
-------------------------------

[test number] should successfully handle input
Request:
{
  "gender": "MALE",
  "total_activity_duration": "THREE_TO_SIX_HOURS",
  "age": 25,
  "weight_today": 200,
  "height": 160,
  "category": "intermediate"
}
Response:
{
  "success": false,
  "status": 500,
  "data": "Server Error",
  "timeTaken": 297.46610000000146
}
Status code: 500
-------------------------------

[test number] should successfully handle input
Request:
{
  "gender": "FEMALE",
  "total_activity_duration": "NINE_TO_TWELVE_HOURS",
  "age": 0,
  "weight_today": 70,
  "height": 210,
  "category": "beginner"
}
Response:
{
  "success": false,
  "status": 500,
  "data": "Server Error",
  "timeTaken": 280.3821999999982
}
Status code: 500
-------------------------------

[test number] should successfully handle input
Request:
{
  "gender": "MALE",
  "total_activity_duration": "ZERO_TO_THREE_HOURS",
  "age": 100,
  "weight_today": 150,
  "height": 210,
  "category": "beginner"
}
Response:
{
  "success": false,
  "status": 500,
  "data": "Server Error",
  "timeTaken": 284.7481999999982
}
Status code: 500
-------------------------------

[test number] should successfully handle input
Request:
{
  "gender": "FEMALE",
  "total_activity_duration": "SIX_TO_NINE_HOURS",
  "age": 25,
  "weight_today": 30,
  "height": 190,
  "category": "beginner"
}
Response:
{
  "success": false,
  "status": 500,
  "data": "Server Error",
  "timeTaken": 288.5583000000006
}
Status code: 500
-------------------------------

[test number] should successfully handle input
Request:
{
  "gender": "FEMALE",
  "total_activity_duration": "ZERO_TO_THREE_HOURS",
  "age": 0,
  "weight_today": 150,
  "height": 173,
  "category": "intermediate"
}
Response:
{
  "success": false,
  "status": 500,
  "data": "Server Error",
  "timeTaken": 285.22969999999805
}
Status code: 500
-------------------------------

[test number] should successfully handle input
Request:
{
  "gender": "MALE",
  "total_activity_duration": "THREE_TO_SIX_HOURS",
  "age": 75,
  "weight_today": 200,
  "height": 190,
  "category": "advanced"
}
Response:
{
  "success": false,
  "status": 500,
  "data": "Server Error",
  "timeTaken": 270.5233999999982
}
Status code: 500
-------------------------------

[test number] should successfully handle input
Request:
{
  "gender": "MALE",
  "total_activity_duration": "TWELVE_PLUS_HOURS",
  "age": 75,
  "weight_today": 150,
  "height": 140,
  "category": "intermediate"
}
Response:
{
  "success": false,
  "status": 500,
  "data": "Server Error",
  "timeTaken": 282.8875999999982
}
Status code: 500
-------------------------------

[test number] should successfully handle input
Request:
{
  "gender": "MALE",
  "total_activity_duration": "ZERO_TO_THREE_HOURS",
  "age": 0,
  "weight_today": 113.9,
  "height": 210,
  "category": "intermediate"
}
Response:
{
  "success": false,
  "status": 500,
  "data": "Server Error",
  "timeTaken": 284.7082999999984
}
Status code: 500
-------------------------------

[test number] should successfully handle input
Request:
{
  "gender": "FEMALE",
  "total_activity_duration": "ZERO_TO_THREE_HOURS",
  "age": 100,
  "weight_today": 200,
  "height": 173,
  "category": "beginner"
}
Response:
{
  "success": false,
  "status": 500,
  "data": "Server Error",
  "timeTaken": 312.1612000000023
}
Status code: 500
-------------------------------

[test number] should successfully handle input
Request:
{
  "gender": "MALE",
  "total_activity_duration": "NINE_TO_TWELVE_HOURS",
  "age": 50,
  "weight_today": 70,
  "height": 173,
  "category": "advanced"
}
Response:
{
  "success": false,
  "status": 500,
  "data": "Server Error",
  "timeTaken": 292.09310000000187
}
Status code: 500
-------------------------------

[test number] should successfully handle input
Request:
{
  "gender": "MALE",
  "total_activity_duration": "NINE_TO_TWELVE_HOURS",
  "age": 100,
  "weight_today": 113.9,
  "height": 140,
  "category": "advanced"
}
Response:
{
  "success": false,
  "status": 500,
  "data": "Server Error",
  "timeTaken": 286.8027000000002
}
Status code: 500
-------------------------------

[test number] should successfully handle input
Request:
{
  "gender": "FEMALE",
  "total_activity_duration": "TWELVE_PLUS_HOURS",
  "age": 75,
  "weight_today": 150,
  "height": 173,
  "category": "advanced"
}
Response:
{
  "success": false,
  "status": 500,
  "data": "Server Error",
  "timeTaken": 305.2434000000012
}
Status code: 500
-------------------------------

[test number] should successfully handle input
Request:
{
  "gender": "MALE",
  "total_activity_duration": "NINE_TO_TWELVE_HOURS",
  "age": 0,
  "weight_today": 70,
  "height": 140,
  "category": "advanced"
}
Response:
{
  "success": false,
  "status": 500,
  "data": "Server Error",
  "timeTaken": 304.7286000000022
}
Status code: 500
-------------------------------

[test number] should successfully handle input
Request:
{
  "gender": "MALE",
  "total_activity_duration": "SIX_TO_NINE_HOURS",
  "age": 25,
  "weight_today": 30,
  "height": 160,
  "category": "advanced"
}
Response:
{
  "success": false,
  "status": 500,
  "data": "Server Error",
  "timeTaken": 288.97190000000046
}
Status code: 500
-------------------------------

[test number] should successfully handle input
Request:
{
  "gender": "FEMALE",
  "total_activity_duration": "NINE_TO_TWELVE_HOURS",
  "age": 50,
  "weight_today": 113.9,
  "height": 140,
  "category": "advanced"
}
Response:
{
  "success": false,
  "status": 500,
  "data": "Server Error",
  "timeTaken": 314.4220999999998
}
Status code: 500
-------------------------------

[test number] should successfully handle input
Request:
{
  "gender": "FEMALE",
  "total_activity_duration": "SIX_TO_NINE_HOURS",
  "age": 75,
  "weight_today": 70,
  "height": 173,
  "category": "beginner"
}
Response:
{
  "success": false,
  "status": 500,
  "data": "Server Error",
  "timeTaken": 376.97290000000066
}
Status code: 500
-------------------------------

[test number] should successfully handle input
Request:
{
  "gender": "FEMALE",
  "total_activity_duration": "THREE_TO_SIX_HOURS",
  "age": 25,
  "weight_today": 200,
  "height": 210,
  "category": "advanced"
}
Response:
{
  "success": false,
  "status": 500,
  "data": "Server Error",
  "timeTaken": 287.9728000000032
}
Status code: 500
-------------------------------

[test number] should successfully handle input
Request:
{
  "gender": "FEMALE",
  "total_activity_duration": "ZERO_TO_THREE_HOURS",
  "age": 50,
  "weight_today": 200,
  "height": 140,
  "category": "beginner"
}
Response:
{
  "success": false,
  "status": 500,
  "data": "Server Error",
  "timeTaken": 289.6794000000009
}
Status code: 500
-------------------------------

[test number] should successfully handle input
Request:
{
  "gender": "MALE",
  "total_activity_duration": "TWELVE_PLUS_HOURS",
  "age": 25,
  "weight_today": 113.9,
  "height": 173,
  "category": "intermediate"
}
Response:
{
  "success": false,
  "status": 500,
  "data": "Server Error",
  "timeTaken": 275.5563000000002
}
Status code: 500
-------------------------------

[test number] should successfully handle input
Request:
{
  "gender": "FEMALE",
  "total_activity_duration": "TWELVE_PLUS_HOURS",
  "age": 25,
  "weight_today": 150,
  "height": 160,
  "category": "beginner"
}
Response:
{
  "success": false,
  "status": 500,
  "data": "Server Error",
  "timeTaken": 286.87409999999727
}
Status code: 500
-------------------------------

[test number] should successfully handle input
Request:
{
  "gender": "MALE",
  "total_activity_duration": "SIX_TO_NINE_HOURS",
  "age": 75,
  "weight_today": 30,
  "height": 190,
  "category": "intermediate"
}
Response:
{
  "success": false,
  "status": 500,
  "data": "Server Error",
  "timeTaken": 295.1761000000006
}
Status code: 500
-------------------------------

[test number] should successfully handle input
Request:
{
  "gender": "FEMALE",
  "total_activity_duration": "THREE_TO_SIX_HOURS",
  "age": 100,
  "weight_today": 30,
  "height": 160,
  "category": "intermediate"
}
Response:
{
  "success": false,
  "status": 500,
  "data": "Server Error",
  "timeTaken": 283.92069999999876
}
Status code: 500
-------------------------------

[test number] should successfully handle input
Request:
{
  "gender": "MALE",
  "total_activity_duration": "THREE_TO_SIX_HOURS",
  "age": 25,
  "weight_today": 200,
  "height": 160,
  "category": "advanced"
}
Response:
{
  "success": false,
  "status": 500,
  "data": "Server Error",
  "timeTaken": 270.7631000000001
}
Status code: 500
-------------------------------

[test number] should successfully handle input
Request:
{
  "gender": "FEMALE",
  "total_activity_duration": "NINE_TO_TWELVE_HOURS",
  "age": 0,
  "weight_today": 70,
  "height": 210,
  "category": "intermediate"
}
Response:
{
  "success": false,
  "status": 500,
  "data": "Server Error",
  "timeTaken": 276.4746000000014
}
Status code: 500
-------------------------------

[test number] should successfully handle input
Request:
{
  "gender": "FEMALE",
  "total_activity_duration": "NINE_TO_TWELVE_HOURS",
  "age": 100,
  "weight_today": 113.9,
  "height": 190,
  "category": "advanced"
}
Response:
{
  "success": false,
  "status": 500,
  "data": "Server Error",
  "timeTaken": 280.5054000000018
}
Status code: 500
-------------------------------

[test number] should successfully handle input
Request:
{
  "gender": "FEMALE",
  "total_activity_duration": "SIX_TO_NINE_HOURS",
  "age": 25,
  "weight_today": 30,
  "height": 190,
  "category": "intermediate"
}
Response:
{
  "success": false,
  "status": 500,
  "data": "Server Error",
  "timeTaken": 279.68659999999727
}
Status code: 500
-------------------------------

[test number] should successfully handle input
Request:
{
  "gender": "MALE",
  "total_activity_duration": "ZERO_TO_THREE_HOURS",
  "age": 100,
  "weight_today": 150,
  "height": 210,
  "category": "intermediate"
}
Response:
{
  "success": false,
  "status": 500,
  "data": "Server Error",
  "timeTaken": 284.73349999999846
}
Status code: 500
-------------------------------

[test number] should successfully handle input
Request:
{
  "gender": "MALE",
  "total_activity_duration": "ZERO_TO_THREE_HOURS",
  "age": 50,
  "weight_today": 150,
  "height": 173,
  "category": "advanced"
}
Response:
{
  "success": false,
  "status": 500,
  "data": "Server Error",
  "timeTaken": 342.66899999999805
}
Status code: 500
-------------------------------

[test number] should successfully handle input
Request:
{
  "gender": "FEMALE",
  "total_activity_duration": "ZERO_TO_THREE_HOURS",
  "age": 0,
  "weight_today": 150,
  "height": 173,
  "category": "advanced"
}
Response:
{
  "success": false,
  "status": 500,
  "data": "Server Error",
  "timeTaken": 278.6228999999985
}
Status code: 500
-------------------------------

[test number] should successfully handle input
Request:
{
  "gender": "MALE",
  "total_activity_duration": "THREE_TO_SIX_HOURS",
  "age": 75,
  "weight_today": 200,
  "height": 210,
  "category": "beginner"
}
Response:
{
  "success": false,
  "status": 500,
  "data": "Server Error",
  "timeTaken": 278.73129999999946
}
Status code: 500
-------------------------------

[test number] should successfully handle input
Request:
{
  "gender": "MALE",
  "total_activity_duration": "TWELVE_PLUS_HOURS",
  "age": 75,
  "weight_today": 150,
  "height": 140,
  "category": "advanced"
}
Response:
{
  "success": false,
  "status": 500,
  "data": "Server Error",
  "timeTaken": 270.6800000000003
}
Status code: 500
-------------------------------

[test number] should successfully handle input
Request:
{
  "gender": "MALE",
  "total_activity_duration": "ZERO_TO_THREE_HOURS",
  "age": 0,
  "weight_today": 113.9,
  "height": 210,
  "category": "advanced"
}
Response:
{
  "success": false,
  "status": 500,
  "data": "Server Error",
  "timeTaken": 276.23509999999806
}
Status code: 500
-------------------------------

[test number] should successfully handle input
Request:
{
  "gender": "FEMALE",
  "total_activity_duration": "ZERO_TO_THREE_HOURS",
  "age": 100,
  "weight_today": 200,
  "height": 173,
  "category": "intermediate"
}
Response:
{
  "success": false,
  "status": 500,
  "data": "Server Error",
  "timeTaken": 272.48359999999957
}
Status code: 500
-------------------------------

[test number] should successfully handle input
Request:
{
  "gender": "FEMALE",
  "total_activity_duration": "TWELVE_PLUS_HOURS",
  "age": 75,
  "weight_today": 150,
  "height": 190,
  "category": "beginner"
}
Response:
{
  "success": false,
  "status": 500,
  "data": "Server Error",
  "timeTaken": 273.4141000000018
}
Status code: 500
-------------------------------

[test number] should successfully handle input
Request:
{
  "gender": "MALE",
  "total_activity_duration": "NINE_TO_TWELVE_HOURS",
  "age": 50,
  "weight_today": 70,
  "height": 190,
  "category": "beginner"
}
Response:
{
  "success": false,
  "status": 500,
  "data": "Server Error",
  "timeTaken": 283.59560000000056
}
Status code: 500
-------------------------------

[test number] should successfully handle input
Request:
{
  "gender": "MALE",
  "total_activity_duration": "NINE_TO_TWELVE_HOURS",
  "age": 100,
  "weight_today": 113.9,
  "height": 160,
  "category": "beginner"
}
Response:
{
  "success": false,
  "status": 500,
  "data": "Server Error",
  "timeTaken": 282.983400000001
}
Status code: 500
-------------------------------

[test number] should successfully handle input
Request:
{
  "gender": "MALE",
  "total_activity_duration": "SIX_TO_NINE_HOURS",
  "age": 25,
  "weight_today": 30,
  "height": 173,
  "category": "beginner"
}
Response:
{
  "success": false,
  "status": 500,
  "data": "Server Error",
  "timeTaken": 273.2695999999996
}
Status code: 500
-------------------------------

[test number] should successfully handle input
Request:
{
  "gender": "MALE",
  "total_activity_duration": "NINE_TO_TWELVE_HOURS",
  "age": 0,
  "weight_today": 70,
  "height": 160,
  "category": "beginner"
}
Response:
{
  "success": false,
  "status": 500,
  "data": "Server Error",
  "timeTaken": 277.95590000000084
}
Status code: 500
-------------------------------

[test number] should successfully handle input
Request:
{
  "gender": "FEMALE",
  "total_activity_duration": "NINE_TO_TWELVE_HOURS",
  "age": 50,
  "weight_today": 113.9,
  "height": 160,
  "category": "beginner"
}
Response:
{
  "success": false,
  "status": 500,
  "data": "Server Error",
  "timeTaken": 285.8709000000017
}
Status code: 500
-------------------------------

[test number] should successfully handle input
Request:
{
  "gender": "FEMALE",
  "total_activity_duration": "SIX_TO_NINE_HOURS",
  "age": 75,
  "weight_today": 70,
  "height": 173,
  "category": "intermediate"
}
Response:
{
  "success": false,
  "status": 500,
  "data": "Server Error",
  "timeTaken": 302.17429999999877
}
Status code: 500
-------------------------------

[test number] should successfully handle input
Request:
{
  "gender": "FEMALE",
  "total_activity_duration": "THREE_TO_SIX_HOURS",
  "age": 50,
  "weight_today": 30,
  "height": 140,
  "category": "beginner"
}
Response:
{
  "success": false,
  "status": 500,
  "data": "Server Error",
  "timeTaken": 284.1036000000022
}
Status code: 500
-------------------------------

[test number] should successfully handle input
Request:
{
  "gender": "FEMALE",
  "total_activity_duration": "ZERO_TO_THREE_HOURS",
  "age": 50,
  "weight_today": 200,
  "height": 140,
  "category": "intermediate"
}
Response:
{
  "success": false,
  "status": 500,
  "data": "Server Error",
  "timeTaken": 302.9508999999998
}
Status code: 500
-------------------------------

[test number] should successfully handle input
Request:
{
  "gender": "MALE",
  "total_activity_duration": "TWELVE_PLUS_HOURS",
  "age": 25,
  "weight_today": 113.9,
  "height": 173,
  "category": "advanced"
}
Response:
{
  "success": false,
  "status": 500,
  "data": "Server Error",
  "timeTaken": 300.8238999999994
}
Status code: 500
-------------------------------

[test number] should successfully handle input
Request:
{
  "gender": "FEMALE",
  "total_activity_duration": "THREE_TO_SIX_HOURS",
  "age": 100,
  "weight_today": 30,
  "height": 160,
  "category": "advanced"
}
Response:
{
  "success": false,
  "status": 500,
  "data": "Server Error",
  "timeTaken": 268.5626999999986
}
Status code: 500
-------------------------------

[test number] should successfully handle input
Request:
{
  "gender": "FEMALE",
  "total_activity_duration": "TWELVE_PLUS_HOURS",
  "age": 25,
  "weight_today": 150,
  "height": 160,
  "category": "intermediate"
}
Response:
{
  "success": false,
  "status": 500,
  "data": "Server Error",
  "timeTaken": 296.09609999999884
}
Status code: 500
-------------------------------

[test number] should successfully handle input
Request:
{
  "gender": "MALE",
  "total_activity_duration": "SIX_TO_NINE_HOURS",
  "age": 75,
  "weight_today": 30,
  "height": 190,
  "category": "advanced"
}
Response:
{
  "success": false,
  "status": 500,
  "data": "Server Error",
  "timeTaken": 293.46840000000157
}
Status code: 500
-------------------------------

[test number] should successfully handle input
Request:
{
  "gender": "FEMALE",
  "total_activity_duration": "NINE_TO_TWELVE_HOURS",
  "age": 100,
  "weight_today": 113.9,
  "height": 210,
  "category": "beginner"
}
Response:
{
  "success": false,
  "status": 500,
  "data": "Server Error",
  "timeTaken": 285.93079999999827
}
Status code: 500
-------------------------------

[test number] should successfully handle input
Request:
{
  "gender": "FEMALE",
  "total_activity_duration": "NINE_TO_TWELVE_HOURS",
  "age": 0,
  "weight_today": 70,
  "height": 210,
  "category": "advanced"
}
Response:
{
  "success": false,
  "status": 500,
  "data": "Server Error",
  "timeTaken": 290.52779999999984
}
Status code: 500
-------------------------------

[test number] should successfully handle input
Request:
{
  "gender": "MALE",
  "total_activity_duration": "THREE_TO_SIX_HOURS",
  "age": 25,
  "weight_today": 200,
  "height": 173,
  "category": "beginner"
}
Response:
{
  "success": false,
  "status": 500,
  "data": "Server Error",
  "timeTaken": 299.95230000000083
}
Status code: 500
-------------------------------

[test number] should successfully handle input
Request:
{
  "gender": "MALE",
  "total_activity_duration": "ZERO_TO_THREE_HOURS",
  "age": 100,
  "weight_today": 150,
  "height": 210,
  "category": "advanced"
}
Response:
{
  "success": false,
  "status": 500,
  "data": "Server Error",
  "timeTaken": 286.91779999999926
}
Status code: 500
-------------------------------

[test number] should successfully handle input
Request:
{
  "gender": "FEMALE",
  "total_activity_duration": "SIX_TO_NINE_HOURS",
  "age": 25,
  "weight_today": 30,
  "height": 190,
  "category": "advanced"
}
Response:
{
  "success": false,
  "status": 500,
  "data": "Server Error",
  "timeTaken": 287.96099999999933
}
Status code: 500
-------------------------------

[test number] should successfully handle input
Request:
{
  "gender": "FEMALE",
  "total_activity_duration": "ZERO_TO_THREE_HOURS",
  "age": 0,
  "weight_today": 150,
  "height": 190,
  "category": "beginner"
}
Response:
{
  "success": false,
  "status": 500,
  "data": "Server Error",
  "timeTaken": 269.77950000000055
}
Status code: 500
-------------------------------

[test number] should successfully handle input
Request:
{
  "gender": "MALE",
  "total_activity_duration": "ZERO_TO_THREE_HOURS",
  "age": 50,
  "weight_today": 150,
  "height": 190,
  "category": "beginner"
}
Response:
{
  "success": false,
  "status": 500,
  "data": "Server Error",
  "timeTaken": 298.7779999999984
}
Status code: 500
-------------------------------

[test number] should successfully handle input
Request:
{
  "gender": "MALE",
  "total_activity_duration": "ZERO_TO_THREE_HOURS",
  "age": 0,
  "weight_today": 150,
  "height": 140,
  "category": "beginner"
}
Response:
{
  "success": false,
  "status": 500,
  "data": "Server Error",
  "timeTaken": 269.27479999999923
}
Status code: 500
-------------------------------

[test number] should successfully handle input
Request:
{
  "gender": "FEMALE",
  "total_activity_duration": "ZERO_TO_THREE_HOURS",
  "age": 100,
  "weight_today": 200,
  "height": 173,
  "category": "advanced"
}
Response:
{
  "success": false,
  "status": 500,
  "data": "Server Error",
  "timeTaken": 266.76190000000133
}
Status code: 500
-------------------------------

[test number] should successfully handle input
Request:
{
  "gender": "MALE",
  "total_activity_duration": "TWELVE_PLUS_HOURS",
  "age": 75,
  "weight_today": 150,
  "height": 160,
  "category": "beginner"
}
Response:
{
  "success": false,
  "status": 500,
  "data": "Server Error",
  "timeTaken": 297.5040999999983
}
Status code: 500
-------------------------------

[test number] should successfully handle input
Request:
{
  "gender": "FEMALE",
  "total_activity_duration": "TWELVE_PLUS_HOURS",
  "age": 75,
  "weight_today": 150,
  "height": 190,
  "category": "intermediate"
}
Response:
{
  "success": false,
  "status": 500,
  "data": "Server Error",
  "timeTaken": 270.14480000000185
}
Status code: 500
-------------------------------

[test number] should successfully handle input
Request:
{
  "gender": "MALE",
  "total_activity_duration": "NINE_TO_TWELVE_HOURS",
  "age": 100,
  "weight_today": 113.9,
  "height": 160,
  "category": "intermediate"
}
Response:
{
  "success": false,
  "status": 500,
  "data": "Server Error",
  "timeTaken": 274.6171000000031
}
Status code: 500
-------------------------------

[test number] should successfully handle input
Request:
{
  "gender": "MALE",
  "total_activity_duration": "NINE_TO_TWELVE_HOURS",
  "age": 50,
  "weight_today": 70,
  "height": 190,
  "category": "intermediate"
}
Response:
{
  "success": false,
  "status": 500,
  "data": "Server Error",
  "timeTaken": 280.9938000000002
}
Status code: 500
-------------------------------

[test number] should successfully handle input
Request:
{
  "gender": "MALE",
  "total_activity_duration": "SIX_TO_NINE_HOURS",
  "age": 25,
  "weight_today": 30,
  "height": 173,
  "category": "intermediate"
}
Response:
{
  "success": false,
  "status": 500,
  "data": "Server Error",
  "timeTaken": 286.9441000000006
}
Status code: 500
-------------------------------

[test number] should successfully handle input
Request:
{
  "gender": "MALE",
  "total_activity_duration": "NINE_TO_TWELVE_HOURS",
  "age": 0,
  "weight_today": 70,
  "height": 160,
  "category": "intermediate"
}
Response:
{
  "success": false,
  "status": 500,
  "data": "Server Error",
  "timeTaken": 285.05209999999715
}
Status code: 500
-------------------------------

[test number] should successfully handle input
Request:
{
  "gender": "FEMALE",
  "total_activity_duration": "NINE_TO_TWELVE_HOURS",
  "age": 50,
  "weight_today": 113.9,
  "height": 160,
  "category": "intermediate"
}
Response:
{
  "success": false,
  "status": 500,
  "data": "Server Error",
  "timeTaken": 273.0001000000011
}
Status code: 500
-------------------------------

[test number] should successfully handle input
Request:
{
  "gender": "MALE",
  "total_activity_duration": "THREE_TO_SIX_HOURS",
  "age": 75,
  "weight_today": 200,
  "height": 210,
  "category": "intermediate"
}
Response:
{
  "success": false,
  "status": 500,
  "data": "Server Error",
  "timeTaken": 410.78159999999843
}
Status code: 500
-------------------------------

[test number] should successfully handle input
Request:
{
  "gender": "FEMALE",
  "total_activity_duration": "SIX_TO_NINE_HOURS",
  "age": 75,
  "weight_today": 70,
  "height": 173,
  "category": "advanced"
}
Response:
{
  "success": false,
  "status": 500,
  "data": "Server Error",
  "timeTaken": 273.522399999998
}
Status code: 500
-------------------------------

[test number] should successfully handle input
Request:
{
  "gender": "FEMALE",
  "total_activity_duration": "THREE_TO_SIX_HOURS",
  "age": 50,
  "weight_today": 30,
  "height": 140,
  "category": "intermediate"
}
Response:
{
  "success": false,
  "status": 500,
  "data": "Server Error",
  "timeTaken": 297.40250000000015
}
Status code: 500
-------------------------------

[test number] should successfully handle input
Request:
{
  "gender": "FEMALE",
  "total_activity_duration": "THREE_TO_SIX_HOURS",
  "age": 100,
  "weight_today": 30,
  "height": 173,
  "category": "beginner"
}
Response:
{
  "success": false,
  "status": 500,
  "data": "Server Error",
  "timeTaken": 281.59200000000055
}
Status code: 500
-------------------------------

[test number] should successfully handle input
Request:
{
  "gender": "MALE",
  "total_activity_duration": "TWELVE_PLUS_HOURS",
  "age": 25,
  "weight_today": 113.9,
  "height": 190,
  "category": "beginner"
}
Response:
{
  "success": false,
  "status": 500,
  "data": "Server Error",
  "timeTaken": 290.7941000000028
}
Status code: 500
-------------------------------

[test number] should successfully handle input
Request:
{
  "gender": "FEMALE",
  "total_activity_duration": "TWELVE_PLUS_HOURS",
  "age": 25,
  "weight_today": 150,
  "height": 160,
  "category": "advanced"
}
Response:
{
  "success": false,
  "status": 500,
  "data": "Server Error",
  "timeTaken": 299.2527000000009
}
Status code: 500
-------------------------------

[test number] should successfully handle input
Request:
{
  "gender": "MALE",
  "total_activity_duration": "SIX_TO_NINE_HOURS",
  "age": 75,
  "weight_today": 30,
  "height": 210,
  "category": "beginner"
}
Response:
{
  "success": false,
  "status": 500,
  "data": "Server Error",
  "timeTaken": 279.32650000000285
}
Status code: 500
-------------------------------

[test number] should successfully handle input
Request:
{
  "gender": "MALE",
  "total_activity_duration": "THREE_TO_SIX_HOURS",
  "age": 25,
  "weight_today": 200,
  "height": 173,
  "category": "intermediate"
}
Response:
{
  "success": false,
  "status": 500,
  "data": "Server Error",
  "timeTaken": 276.3280999999988
}
Status code: 500
-------------------------------

[test number] should successfully handle input
Request:
{
  "gender": "FEMALE",
  "total_activity_duration": "ZERO_TO_THREE_HOURS",
  "age": 50,
  "weight_today": 200,
  "height": 140,
  "category": "advanced"
}
Response:
{
  "success": false,
  "status": 500,
  "data": "Server Error",
  "timeTaken": 361.1067000000003
}
Status code: 500
-------------------------------

[test number] should successfully handle input
Request:
{
  "gender": "FEMALE",
  "total_activity_duration": "ZERO_TO_THREE_HOURS",
  "age": 0,
  "weight_today": 150,
  "height": 190,
  "category": "intermediate"
}
Response:
{
  "success": false,
  "status": 500,
  "data": "Server Error",
  "timeTaken": 278.60839999999735
}
Status code: 500
-------------------------------

[test number] should successfully handle input
Request:
{
  "gender": "FEMALE",
  "total_activity_duration": "NINE_TO_TWELVE_HOURS",
  "age": 100,
  "weight_today": 113.9,
  "height": 210,
  "category": "intermediate"
}
Response:
{
  "success": false,
  "status": 500,
  "data": "Server Error",
  "timeTaken": 292.1075000000019
}
Status code: 500
-------------------------------

[test number] should successfully handle input
Request:
{
  "gender": "FEMALE",
  "total_activity_duration": "NINE_TO_TWELVE_HOURS",
  "age": 0,
  "weight_today": 113.9,
  "height": 140,
  "category": "beginner"
}
Response:
{
  "success": false,
  "status": 500,
  "data": "Server Error",
  "timeTaken": 297.04149999999936
}
Status code: 500
-------------------------------

[test number] should successfully handle input
Request:
{
  "gender": "FEMALE",
  "total_activity_duration": "SIX_TO_NINE_HOURS",
  "age": 25,
  "weight_today": 30,
  "height": 210,
  "category": "beginner"
}
Response:
{
  "success": false,
  "status": 500,
  "data": "Server Error",
  "timeTaken": 286.81470000000263
}
Status code: 500
-------------------------------

[test number] should successfully handle input
Request:
{
  "gender": "MALE",
  "total_activity_duration": "ZERO_TO_THREE_HOURS",
  "age": 100,
  "weight_today": 200,
  "height": 140,
  "category": "beginner"
}
Response:
{
  "success": false,
  "status": 500,
  "data": "Server Error",
  "timeTaken": 287.8067999999985
}
Status code: 500
-------------------------------

[test number] should successfully handle input
Request:
{
  "gender": "MALE",
  "total_activity_duration": "ZERO_TO_THREE_HOURS",
  "age": 50,
  "weight_today": 150,
  "height": 190,
  "category": "intermediate"
}
Response:
{
  "success": false,
  "status": 500,
  "data": "Server Error",
  "timeTaken": 275.6124999999993
}
Status code: 500
-------------------------------

[test number] should successfully handle input
Request:
{
  "gender": "MALE",
  "total_activity_duration": "ZERO_TO_THREE_HOURS",
  "age": 0,
  "weight_today": 150,
  "height": 140,
  "category": "intermediate"
}
Response:
{
  "success": false,
  "status": 500,
  "data": "Server Error",
  "timeTaken": 270.15829999999914
}
Status code: 500
-------------------------------

[test number] should successfully handle input
Request:
{
  "gender": "FEMALE",
  "total_activity_duration": "TWELVE_PLUS_HOURS",
  "age": 75,
  "weight_today": 150,
  "height": 190,
  "category": "advanced"
}
Response:
{
  "success": false,
  "status": 500,
  "data": "Server Error",
  "timeTaken": 269.0967000000019
}
Status code: 500
-------------------------------

[test number] should successfully handle input
Request:
{
  "gender": "FEMALE",
  "total_activity_duration": "ZERO_TO_THREE_HOURS",
  "age": 100,
  "weight_today": 200,
  "height": 190,
  "category": "beginner"
}
Response:
{
  "success": false,
  "status": 500,
  "data": "Server Error",
  "timeTaken": 271.372800000001
}
Status code: 500
-------------------------------

[test number] should successfully handle input
Request:
{
  "gender": "MALE",
  "total_activity_duration": "TWELVE_PLUS_HOURS",
  "age": 75,
  "weight_today": 150,
  "height": 160,
  "category": "intermediate"
}
Response:
{
  "success": false,
  "status": 500,
  "data": "Server Error",
  "timeTaken": 280.6399999999994
}
Status code: 500
-------------------------------

[test number] should successfully handle input
Request:
{
  "gender": "MALE",
  "total_activity_duration": "NINE_TO_TWELVE_HOURS",
  "age": 50,
  "weight_today": 70,
  "height": 190,
  "category": "advanced"
}
Response:
{
  "success": false,
  "status": 500,
  "data": "Server Error",
  "timeTaken": 279.7711999999992
}
Status code: 500
-------------------------------

[test number] should successfully handle input
Request:
{
  "gender": "MALE",
  "total_activity_duration": "NINE_TO_TWELVE_HOURS",
  "age": 100,
  "weight_today": 113.9,
  "height": 160,
  "category": "advanced"
}
Response:
{
  "success": false,
  "status": 500,
  "data": "Server Error",
  "timeTaken": 287.4785000000011
}
Status code: 500
-------------------------------

[test number] should successfully handle input
Request:
{
  "gender": "MALE",
  "total_activity_duration": "NINE_TO_TWELVE_HOURS",
  "age": 0,
  "weight_today": 70,
  "height": 160,
  "category": "advanced"
}
Response:
{
  "success": false,
  "status": 500,
  "data": "Server Error",
  "timeTaken": 284.42819999999847
}
Status code: 500
-------------------------------

[test number] should successfully handle input
Request:
{
  "gender": "MALE",
  "total_activity_duration": "SIX_TO_NINE_HOURS",
  "age": 25,
  "weight_today": 30,
  "height": 173,
  "category": "advanced"
}
Response:
{
  "success": false,
  "status": 500,
  "data": "Server Error",
  "timeTaken": 289.95440000000235
}
Status code: 500
-------------------------------

[test number] should successfully handle input
Request:
{
  "gender": "MALE",
  "total_activity_duration": "THREE_TO_SIX_HOURS",
  "age": 75,
  "weight_today": 200,
  "height": 210,
  "category": "advanced"
}
Response:
{
  "success": false,
  "status": 500,
  "data": "Server Error",
  "timeTaken": 278.15320000000065
}
Status code: 500
-------------------------------

[test number] should successfully handle input
Request:
{
  "gender": "FEMALE",
  "total_activity_duration": "NINE_TO_TWELVE_HOURS",
  "age": 50,
  "weight_today": 113.9,
  "height": 160,
  "category": "advanced"
}
Response:
{
  "success": false,
  "status": 500,
  "data": "Server Error",
  "timeTaken": 285.33309999999983
}
Status code: 500
-------------------------------

[test number] should successfully handle input
Request:
{
  "gender": "FEMALE",
  "total_activity_duration": "SIX_TO_NINE_HOURS",
  "age": 75,
  "weight_today": 70,
  "height": 190,
  "category": "beginner"
}
Response:
{
  "success": false,
  "status": 500,
  "data": "Server Error",
  "timeTaken": 279.584899999998
}
Status code: 500
-------------------------------

[test number] should successfully handle input
Request:
{
  "gender": "FEMALE",
  "total_activity_duration": "THREE_TO_SIX_HOURS",
  "age": 100,
  "weight_today": 30,
  "height": 173,
  "category": "intermediate"
}
Response:
{
  "success": false,
  "status": 500,
  "data": "Server Error",
  "timeTaken": 281.9268000000011
}
Status code: 500
-------------------------------

[test number] should successfully handle input
Request:
{
  "gender": "MALE",
  "total_activity_duration": "TWELVE_PLUS_HOURS",
  "age": 25,
  "weight_today": 113.9,
  "height": 190,
  "category": "intermediate"
}
Response:
{
  "success": false,
  "status": 500,
  "data": "Server Error",
  "timeTaken": 291.1265999999996
}
Status code: 500
-------------------------------

[test number] should successfully handle input
Request:
{
  "gender": "FEMALE",
  "total_activity_duration": "THREE_TO_SIX_HOURS",
  "age": 50,
  "weight_today": 30,
  "height": 140,
  "category": "advanced"
}
Response:
{
  "success": false,
  "status": 500,
  "data": "Server Error",
  "timeTaken": 294.45340000000215
}
Status code: 500
-------------------------------

[test number] should successfully handle input
Request:
{
  "gender": "FEMALE",
  "total_activity_duration": "TWELVE_PLUS_HOURS",
  "age": 25,
  "weight_today": 150,
  "height": 173,
  "category": "beginner"
}
Response:
{
  "success": false,
  "status": 500,
  "data": "Server Error",
  "timeTaken": 286.27219999999943
}
Status code: 500
-------------------------------

[test number] should successfully handle input
Request:
{
  "gender": "MALE",
  "total_activity_duration": "SIX_TO_NINE_HOURS",
  "age": 75,
  "weight_today": 30,
  "height": 210,
  "category": "intermediate"
}
Response:
{
  "success": false,
  "status": 500,
  "data": "Server Error",
  "timeTaken": 271.2515000000021
}
Status code: 500
-------------------------------

[test number] should successfully handle input
Request:
{
  "gender": "MALE",
  "total_activity_duration": "THREE_TO_SIX_HOURS",
  "age": 25,
  "weight_today": 200,
  "height": 173,
  "category": "advanced"
}
Response:
{
  "success": false,
  "status": 500,
  "data": "Server Error",
  "timeTaken": 290.7582000000002
}
Status code: 500
-------------------------------

[test number] should successfully handle input
Request:
{
  "gender": "FEMALE",
  "total_activity_duration": "ZERO_TO_THREE_HOURS",
  "age": 50,
  "weight_today": 200,
  "height": 160,
  "category": "beginner"
}
Response:
{
  "success": false,
  "status": 500,
  "data": "Server Error",
  "timeTaken": 290.5186999999969
}
Status code: 500
-------------------------------

[test number] should successfully handle input
Request:
{
  "gender": "FEMALE",
  "total_activity_duration": "NINE_TO_TWELVE_HOURS",
  "age": 100,
  "weight_today": 113.9,
  "height": 210,
  "category": "advanced"
}
Response:
{
  "success": false,
  "status": 500,
  "data": "Server Error",
  "timeTaken": 285.71730000000025
}
Status code: 500
-------------------------------

[test number] should successfully handle input
Request:
{
  "gender": "FEMALE",
  "total_activity_duration": "ZERO_TO_THREE_HOURS",
  "age": 0,
  "weight_today": 150,
  "height": 190,
  "category": "advanced"
}
Response:
{
  "success": false,
  "status": 500,
  "data": "Server Error",
  "timeTaken": 294.0141999999978
}
Status code: 500
-------------------------------

[test number] should successfully handle input
Request:
{
  "gender": "FEMALE",
  "total_activity_duration": "SIX_TO_NINE_HOURS",
  "age": 25,
  "weight_today": 30,
  "height": 210,
  "category": "intermediate"
}
Response:
{
  "success": false,
  "status": 500,
  "data": "Server Error",
  "timeTaken": 296.3775000000023
}
Status code: 500
-------------------------------

[test number] should successfully handle input
Request:
{
  "gender": "MALE",
  "total_activity_duration": "ZERO_TO_THREE_HOURS",
  "age": 100,
  "weight_today": 200,
  "height": 140,
  "category": "intermediate"
}
Response:
{
  "success": false,
  "status": 500,
  "data": "Server Error",
  "timeTaken": 298.0692999999992
}
Status code: 500
-------------------------------

[test number] should successfully handle input
Request:
{
  "gender": "FEMALE",
  "total_activity_duration": "NINE_TO_TWELVE_HOURS",
  "age": 0,
  "weight_today": 113.9,
  "height": 140,
  "category": "intermediate"
}
Response:
{
  "success": false,
  "status": 500,
  "data": "Server Error",
  "timeTaken": 302.10129999999845
}
Status code: 500
-------------------------------

[test number] should successfully handle input
Request:
{
  "gender": "MALE",
  "total_activity_duration": "ZERO_TO_THREE_HOURS",
  "age": 50,
  "weight_today": 150,
  "height": 190,
  "category": "advanced"
}
Response:
{
  "success": false,
  "status": 500,
  "data": "Server Error",
  "timeTaken": 280.7486000000026
}
Status code: 500
-------------------------------

[test number] should successfully handle input
Request:
{
  "gender": "MALE",
  "total_activity_duration": "ZERO_TO_THREE_HOURS",
  "age": 0,
  "weight_today": 150,
  "height": 140,
  "category": "advanced"
}
Response:
{
  "success": false,
  "status": 500,
  "data": "Server Error",
  "timeTaken": 284.1234000000004
}
Status code: 500
-------------------------------

[test number] should successfully handle input
Request:
{
  "gender": "FEMALE",
  "total_activity_duration": "TWELVE_PLUS_HOURS",
  "age": 75,
  "weight_today": 150,
  "height": 210,
  "category": "beginner"
}
Response:
{
  "success": false,
  "status": 500,
  "data": "Server Error",
  "timeTaken": 271.5144
}
Status code: 500
-------------------------------

[test number] should successfully handle input
Request:
{
  "gender": "FEMALE",
  "total_activity_duration": "ZERO_TO_THREE_HOURS",
  "age": 100,
  "weight_today": 200,
  "height": 190,
  "category": "intermediate"
}
Response:
{
  "success": false,
  "status": 500,
  "data": "Server Error",
  "timeTaken": 272.09999999999854
}
Status code: 500
-------------------------------

[test number] should successfully handle input
Request:
{
  "gender": "MALE",
  "total_activity_duration": "NINE_TO_TWELVE_HOURS",
  "age": 50,
  "weight_today": 70,
  "height": 210,
  "category": "beginner"
}
Response:
{
  "success": false,
  "status": 500,
  "data": "Server Error",
  "timeTaken": 273.91919999999664
}
Status code: 500
-------------------------------

[test number] should successfully handle input
Request:
{
  "gender": "MALE",
  "total_activity_duration": "TWELVE_PLUS_HOURS",
  "age": 75,
  "weight_today": 150,
  "height": 160,
  "category": "advanced"
}
Response:
{
  "success": false,
  "status": 500,
  "data": "Server Error",
  "timeTaken": 281.71120000000155
}
Status code: 500
-------------------------------

[test number] should successfully handle input
Request:
{
  "gender": "MALE",
  "total_activity_duration": "NINE_TO_TWELVE_HOURS",
  "age": 100,
  "weight_today": 113.9,
  "height": 173,
  "category": "beginner"
}
Response:
{
  "success": false,
  "status": 500,
  "data": "Server Error",
  "timeTaken": 276.33870000000024
}
Status code: 500
-------------------------------

[test number] should successfully handle input
Request:
{
  "gender": "MALE",
  "total_activity_duration": "SIX_TO_NINE_HOURS",
  "age": 25,
  "weight_today": 30,
  "height": 190,
  "category": "beginner"
}
Response:
{
  "success": false,
  "status": 500,
  "data": "Server Error",
  "timeTaken": 274.30089999999836
}
Status code: 500
-------------------------------

[test number] should successfully handle input
Request:
{
  "gender": "MALE",
  "total_activity_duration": "NINE_TO_TWELVE_HOURS",
  "age": 0,
  "weight_today": 70,
  "height": 173,
  "category": "beginner"
}
Response:
{
  "success": false,
  "status": 500,
  "data": "Server Error",
  "timeTaken": 281.39540000000125
}
Status code: 500
-------------------------------

[test number] should successfully handle input
Request:
{
  "gender": "FEMALE",
  "total_activity_duration": "NINE_TO_TWELVE_HOURS",
  "age": 50,
  "weight_today": 113.9,
  "height": 173,
  "category": "beginner"
}
Response:
{
  "success": false,
  "status": 500,
  "data": "Server Error",
  "timeTaken": 270.08920000000217
}
Status code: 500
-------------------------------

[test number] should successfully handle input
Request:
{
  "gender": "MALE",
  "total_activity_duration": "THREE_TO_SIX_HOURS",
  "age": 100,
  "weight_today": 30,
  "height": 140,
  "category": "beginner"
}
Response:
{
  "success": false,
  "status": 500,
  "data": "Server Error",
  "timeTaken": 277.2314000000006
}
Status code: 500
-------------------------------

[test number] should successfully handle input
Request:
{
  "gender": "FEMALE",
  "total_activity_duration": "SIX_TO_NINE_HOURS",
  "age": 75,
  "weight_today": 70,
  "height": 190,
  "category": "intermediate"
}
Response:
{
  "success": false,
  "status": 500,
  "data": "Server Error",
  "timeTaken": 290.23799999999756
}
Status code: 500
-------------------------------

[test number] should successfully handle input
Request:
{
  "gender": "FEMALE",
  "total_activity_duration": "THREE_TO_SIX_HOURS",
  "age": 100,
  "weight_today": 30,
  "height": 173,
  "category": "advanced"
}
Response:
{
  "success": false,
  "status": 500,
  "data": "Server Error",
  "timeTaken": 285.1750000000029
}
Status code: 500
-------------------------------

[test number] should successfully handle input
Request:
{
  "gender": "MALE",
  "total_activity_duration": "TWELVE_PLUS_HOURS",
  "age": 25,
  "weight_today": 113.9,
  "height": 190,
  "category": "advanced"
}
Response:
{
  "success": false,
  "status": 500,
  "data": "Server Error",
  "timeTaken": 277.8731000000007
}
Status code: 500
-------------------------------

[test number] should successfully handle input
Request:
{
  "gender": "FEMALE",
  "total_activity_duration": "THREE_TO_SIX_HOURS",
  "age": 50,
  "weight_today": 30,
  "height": 160,
  "category": "beginner"
}
Response:
{
  "success": false,
  "status": 500,
  "data": "Server Error",
  "timeTaken": 277.90980000000127
}
Status code: 500
-------------------------------

[test number] should successfully handle input
Request:
{
  "gender": "FEMALE",
  "total_activity_duration": "TWELVE_PLUS_HOURS",
  "age": 25,
  "weight_today": 150,
  "height": 173,
  "category": "intermediate"
}
Response:
{
  "success": false,
  "status": 500,
  "data": "Server Error",
  "timeTaken": 287.6931000000004
}
Status code: 500
-------------------------------

[test number] should successfully handle input
Request:
{
  "gender": "MALE",
  "total_activity_duration": "SIX_TO_NINE_HOURS",
  "age": 75,
  "weight_today": 30,
  "height": 210,
  "category": "advanced"
}
Response:
{
  "success": false,
  "status": 500,
  "data": "Server Error",
  "timeTaken": 278.40330000000176
}
Status code: 500
-------------------------------

[test number] should successfully handle input
Request:
{
  "gender": "FEMALE",
  "total_activity_duration": "ZERO_TO_THREE_HOURS",
  "age": 50,
  "weight_today": 200,
  "height": 160,
  "category": "intermediate"
}
Response:
{
  "success": false,
  "status": 500,
  "data": "Server Error",
  "timeTaken": 268.7756999999983
}
Status code: 500
-------------------------------

[test number] should successfully handle input
Request:
{
  "gender": "FEMALE",
  "total_activity_duration": "NINE_TO_TWELVE_HOURS",
  "age": 100,
  "weight_today": 150,
  "height": 140,
  "category": "beginner"
}
Response:
{
  "success": false,
  "status": 500,
  "data": "Server Error",
  "timeTaken": 273.23909999999887
}
Status code: 500
-------------------------------

[test number] should successfully handle input
Request:
{
  "gender": "MALE",
  "total_activity_duration": "THREE_TO_SIX_HOURS",
  "age": 25,
  "weight_today": 200,
  "height": 190,
  "category": "beginner"
}
Response:
{
  "success": false,
  "status": 500,
  "data": "Server Error",
  "timeTaken": 277.7505999999994
}
Status code: 500
-------------------------------

[test number] should successfully handle input
Request:
{
  "gender": "FEMALE",
  "total_activity_duration": "ZERO_TO_THREE_HOURS",
  "age": 0,
  "weight_today": 150,
  "height": 210,
  "category": "beginner"
}
Response:
{
  "success": false,
  "status": 500,
  "data": "Server Error",
  "timeTaken": 284.68780000000334
}
Status code: 500
-------------------------------

[test number] should successfully handle input
Request:
{
  "gender": "FEMALE",
  "total_activity_duration": "SIX_TO_NINE_HOURS",
  "age": 25,
  "weight_today": 30,
  "height": 210,
  "category": "advanced"
}
Response:
{
  "success": false,
  "status": 500,
  "data": "Server Error",
  "timeTaken": 281.1267000000007
}
Status code: 500
-------------------------------

[test number] should successfully handle input
Request:
{
  "gender": "MALE",
  "total_activity_duration": "ZERO_TO_THREE_HOURS",
  "age": 50,
  "weight_today": 150,
  "height": 210,
  "category": "beginner"
}
Response:
{
  "success": false,
  "status": 500,
  "data": "Server Error",
  "timeTaken": 276.35759999999937
}
Status code: 500
-------------------------------

[test number] should successfully handle input
Request:
{
  "gender": "MALE",
  "total_activity_duration": "ZERO_TO_THREE_HOURS",
  "age": 100,
  "weight_today": 200,
  "height": 140,
  "category": "advanced"
}
Response:
{
  "success": false,
  "status": 500,
  "data": "Server Error",
  "timeTaken": 287.3109000000004
}
Status code: 500
-------------------------------

[test number] should successfully handle input
Request:
{
  "gender": "FEMALE",
  "total_activity_duration": "NINE_TO_TWELVE_HOURS",
  "age": 0,
  "weight_today": 113.9,
  "height": 140,
  "category": "advanced"
}
Response:
{
  "success": false,
  "status": 500,
  "data": "Server Error",
  "timeTaken": 289.9611999999979
}
Status code: 500
-------------------------------

[test number] should successfully handle input
Request:
{
  "gender": "FEMALE",
  "total_activity_duration": "TWELVE_PLUS_HOURS",
  "age": 75,
  "weight_today": 150,
  "height": 210,
  "category": "intermediate"
}
Response:
{
  "success": false,
  "status": 500,
  "data": "Server Error",
  "timeTaken": 269.9529000000002
}
Status code: 500
-------------------------------

[test number] should successfully handle input
Request:
{
  "gender": "FEMALE",
  "total_activity_duration": "ZERO_TO_THREE_HOURS",
  "age": 100,
  "weight_today": 200,
  "height": 190,
  "category": "advanced"
}
Response:
{
  "success": false,
  "status": 500,
  "data": "Server Error",
  "timeTaken": 276.16259999999966
}
Status code: 500
-------------------------------

[test number] should successfully handle input
Request:
{
  "gender": "MALE",
  "total_activity_duration": "NINE_TO_TWELVE_HOURS",
  "age": 50,
  "weight_today": 70,
  "height": 210,
  "category": "intermediate"
}
Response:
{
  "success": false,
  "status": 500,
  "data": "Server Error",
  "timeTaken": 278.4529000000002
}
Status code: 500
-------------------------------

[test number] should successfully handle input
Request:
{
  "gender": "MALE",
  "total_activity_duration": "TWELVE_PLUS_HOURS",
  "age": 75,
  "weight_today": 150,
  "height": 173,
  "category": "beginner"
}
Response:
{
  "success": false,
  "status": 500,
  "data": "Server Error",
  "timeTaken": 278.64580000000205
}
Status code: 500
-------------------------------

[test number] should successfully handle input
Request:
{
  "gender": "MALE",
  "total_activity_duration": "NINE_TO_TWELVE_HOURS",
  "age": 0,
  "weight_today": 70,
  "height": 173,
  "category": "intermediate"
}
Response:
{
  "success": false,
  "status": 500,
  "data": "Server Error",
  "timeTaken": 283.15539999999964
}
Status code: 500
-------------------------------

[test number] should successfully handle input
Request:
{
  "gender": "MALE",
  "total_activity_duration": "SIX_TO_NINE_HOURS",
  "age": 25,
  "weight_today": 30,
  "height": 190,
  "category": "intermediate"
}
Response:
{
  "success": false,
  "status": 500,
  "data": "Server Error",
  "timeTaken": 293.04379999999946
}
Status code: 500
-------------------------------

[test number] should successfully handle input
Request:
{
  "gender": "MALE",
  "total_activity_duration": "ZERO_TO_THREE_HOURS",
  "age": 0,
  "weight_today": 150,
  "height": 160,
  "category": "beginner"
}
Response:
{
  "success": false,
  "status": 500,
  "data": "Server Error",
  "timeTaken": 326.89849999999933
}
Status code: 500
-------------------------------

[test number] should successfully handle input
Request:
{
  "gender": "FEMALE",
  "total_activity_duration": "NINE_TO_TWELVE_HOURS",
  "age": 50,
  "weight_today": 113.9,
  "height": 173,
  "category": "intermediate"
}
Response:
{
  "success": false,
  "status": 500,
  "data": "Server Error",
  "timeTaken": 271.59409999999843
}
Status code: 500
-------------------------------

[test number] should successfully handle input
Request:
{
  "gender": "MALE",
  "total_activity_duration": "THREE_TO_SIX_HOURS",
  "age": 100,
  "weight_today": 30,
  "height": 140,
  "category": "intermediate"
}
Response:
{
  "success": false,
  "status": 500,
  "data": "Server Error",
  "timeTaken": 280.8220999999976
}
Status code: 500
-------------------------------

[test number] should successfully handle input
Request:
{
  "gender": "MALE",
  "total_activity_duration": "NINE_TO_TWELVE_HOURS",
  "age": 100,
  "weight_today": 113.9,
  "height": 173,
  "category": "intermediate"
}
Response:
{
  "success": false,
  "status": 500,
  "data": "Server Error",
  "timeTaken": 340.0524000000005
}
Status code: 500
-------------------------------

[test number] should successfully handle input
Request:
{
  "gender": "FEMALE",
  "total_activity_duration": "SIX_TO_NINE_HOURS",
  "age": 75,
  "weight_today": 70,
  "height": 190,
  "category": "advanced"
}
Response:
{
  "success": false,
  "status": 500,
  "data": "Server Error",
  "timeTaken": 270.09460000000036
}
Status code: 500
-------------------------------

[test number] should successfully handle input
Request:
{
  "gender": "FEMALE",
  "total_activity_duration": "THREE_TO_SIX_HOURS",
  "age": 50,
  "weight_today": 30,
  "height": 160,
  "category": "intermediate"
}
Response:
{
  "success": false,
  "status": 500,
  "data": "Server Error",
  "timeTaken": 274.3094999999994
}
Status code: 500
-------------------------------

[test number] should successfully handle input
Request:
{
  "gender": "MALE",
  "total_activity_duration": "TWELVE_PLUS_HOURS",
  "age": 25,
  "weight_today": 113.9,
  "height": 210,
  "category": "beginner"
}
Response:
{
  "success": false,
  "status": 500,
  "data": "Server Error",
  "timeTaken": 280.35099999999875
}
Status code: 500
-------------------------------

[test number] should successfully handle input
Request:
{
  "gender": "FEMALE",
  "total_activity_duration": "TWELVE_PLUS_HOURS",
  "age": 25,
  "weight_today": 150,
  "height": 173,
  "category": "advanced"
}
Response:
{
  "success": false,
  "status": 500,
  "data": "Server Error",
  "timeTaken": 283.6179000000011
}
Status code: 500
-------------------------------

[test number] should successfully handle input
Request:
{
  "gender": "FEMALE",
  "total_activity_duration": "THREE_TO_SIX_HOURS",
  "age": 100,
  "weight_today": 30,
  "height": 190,
  "category": "beginner"
}
Response:
{
  "success": false,
  "status": 500,
  "data": "Server Error",
  "timeTaken": 286.34150000000227
}
Status code: 500
-------------------------------

[test number] should successfully handle input
Request:
{
  "gender": "MALE",
  "total_activity_duration": "SIX_TO_NINE_HOURS",
  "age": 75,
  "weight_today": 70,
  "height": 140,
  "category": "beginner"
}
Response:
{
  "success": false,
  "status": 500,
  "data": "Server Error",
  "timeTaken": 286.299500000001
}
Status code: 500
-------------------------------

[test number] should successfully handle input
Request:
{
  "gender": "FEMALE",
  "total_activity_duration": "NINE_TO_TWELVE_HOURS",
  "age": 100,
  "weight_today": 150,
  "height": 140,
  "category": "intermediate"
}
Response:
{
  "success": false,
  "status": 500,
  "data": "Server Error",
  "timeTaken": 279.07740000000194
}
Status code: 500
-------------------------------

[test number] should successfully handle input
Request:
{
  "gender": "FEMALE",
  "total_activity_duration": "ZERO_TO_THREE_HOURS",
  "age": 50,
  "weight_today": 200,
  "height": 160,
  "category": "advanced"
}
Response:
{
  "success": false,
  "status": 500,
  "data": "Server Error",
  "timeTaken": 286.32180000000153
}
Status code: 500
-------------------------------

[test number] should successfully handle input
Request:
{
  "gender": "MALE",
  "total_activity_duration": "THREE_TO_SIX_HOURS",
  "age": 25,
  "weight_today": 200,
  "height": 190,
  "category": "intermediate"
}
Response:
{
  "success": false,
  "status": 500,
  "data": "Server Error",
  "timeTaken": 281.440300000002
}
Status code: 500
-------------------------------

[test number] should successfully handle input
Request:
{
  "gender": "FEMALE",
  "total_activity_duration": "ZERO_TO_THREE_HOURS",
  "age": 0,
  "weight_today": 150,
  "height": 210,
  "category": "intermediate"
}
Response:
{
  "success": false,
  "status": 500,
  "data": "Server Error",
  "timeTaken": 273.47179999999935
}
Status code: 500
-------------------------------

[test number] should successfully handle input
Request:
{
  "gender": "FEMALE",
  "total_activity_duration": "SIX_TO_NINE_HOURS",
  "age": 25,
  "weight_today": 70,
  "height": 140,
  "category": "beginner"
}
Response:
{
  "success": false,
  "status": 500,
  "data": "Server Error",
  "timeTaken": 279.8257999999987
}
Status code: 500
-------------------------------

[test number] should successfully handle input
Request:
{
  "gender": "MALE",
  "total_activity_duration": "ZERO_TO_THREE_HOURS",
  "age": 50,
  "weight_today": 150,
  "height": 210,
  "category": "intermediate"
}
Response:
{
  "success": false,
  "status": 500,
  "data": "Server Error",
  "timeTaken": 279.1987000000008
}
Status code: 500
-------------------------------

[test number] should successfully handle input
Request:
{
  "gender": "FEMALE",
  "total_activity_duration": "NINE_TO_TWELVE_HOURS",
  "age": 0,
  "weight_today": 113.9,
  "height": 160,
  "category": "beginner"
}
Response:
{
  "success": false,
  "status": 500,
  "data": "Server Error",
  "timeTaken": 271.8253000000004
}
Status code: 500
-------------------------------

[test number] should successfully handle input
Request:
{
  "gender": "MALE",
  "total_activity_duration": "ZERO_TO_THREE_HOURS",
  "age": 100,
  "weight_today": 200,
  "height": 160,
  "category": "beginner"
}
Response:
{
  "success": false,
  "status": 500,
  "data": "Server Error",
  "timeTaken": 284.6326000000008
}
Status code: 500
-------------------------------

[test number] should successfully handle input
Request:
{
  "gender": "FEMALE",
  "total_activity_duration": "TWELVE_PLUS_HOURS",
  "age": 75,
  "weight_today": 150,
  "height": 210,
  "category": "advanced"
}
Response:
{
  "success": false,
  "status": 500,
  "data": "Server Error",
  "timeTaken": 274.46310000000085
}
Status code: 500
-------------------------------

[test number] should successfully handle input
Request:
{
  "gender": "FEMALE",
  "total_activity_duration": "ZERO_TO_THREE_HOURS",
  "age": 100,
  "weight_today": 200,
  "height": 210,
  "category": "beginner"
}
Response:
{
  "success": false,
  "status": 500,
  "data": "Server Error",
  "timeTaken": 278.65979999999763
}
Status code: 500
-------------------------------

[test number] should successfully handle input
Request:
{
  "gender": "MALE",
  "total_activity_duration": "TWELVE_PLUS_HOURS",
  "age": 75,
  "weight_today": 150,
  "height": 173,
  "category": "intermediate"
}
Response:
{
  "success": false,
  "status": 500,
  "data": "Server Error",
  "timeTaken": 277.23159999999916
}
Status code: 500
-------------------------------

[test number] should successfully handle input
Request:
{
  "gender": "MALE",
  "total_activity_duration": "NINE_TO_TWELVE_HOURS",
  "age": 50,
  "weight_today": 70,
  "height": 210,
  "category": "advanced"
}
Response:
{
  "success": false,
  "status": 500,
  "data": "Server Error",
  "timeTaken": 284.8614000000016
}
Status code: 500
-------------------------------

[test number] should successfully handle input
Request:
{
  "gender": "MALE",
  "total_activity_duration": "NINE_TO_TWELVE_HOURS",
  "age": 0,
  "weight_today": 70,
  "height": 173,
  "category": "advanced"
}
Response:
{
  "success": false,
  "status": 500,
  "data": "Server Error",
  "timeTaken": 269.7943000000014
}
Status code: 500
-------------------------------

[test number] should successfully handle input
Request:
{
  "gender": "MALE",
  "total_activity_duration": "ZERO_TO_THREE_HOURS",
  "age": 0,
  "weight_today": 150,
  "height": 160,
  "category": "intermediate"
}
Response:
{
  "success": false,
  "status": 500,
  "data": "Server Error",
  "timeTaken": 282.33280000000013
}
Status code: 500
-------------------------------

[test number] should successfully handle input
Request:
{
  "gender": "MALE",
  "total_activity_duration": "SIX_TO_NINE_HOURS",
  "age": 25,
  "weight_today": 30,
  "height": 190,
  "category": "advanced"
}
Response:
{
  "success": false,
  "status": 500,
  "data": "Server Error",
  "timeTaken": 296.60319999999774
}
Status code: 500
-------------------------------

[test number] should successfully handle input
Request:
{
  "gender": "FEMALE",
  "total_activity_duration": "NINE_TO_TWELVE_HOURS",
  "age": 50,
  "weight_today": 113.9,
  "height": 173,
  "category": "advanced"
}
Response:
{
  "success": false,
  "status": 500,
  "data": "Server Error",
  "timeTaken": 275.3841999999968
}
Status code: 500
-------------------------------

[test number] should successfully handle input
Request:
{
  "gender": "MALE",
  "total_activity_duration": "THREE_TO_SIX_HOURS",
  "age": 100,
  "weight_today": 30,
  "height": 140,
  "category": "advanced"
}
Response:
{
  "success": false,
  "status": 500,
  "data": "Server Error",
  "timeTaken": 281.20400000000154
}
Status code: 500
-------------------------------

[test number] should successfully handle input
Request:
{
  "gender": "FEMALE",
  "total_activity_duration": "SIX_TO_NINE_HOURS",
  "age": 75,
  "weight_today": 70,
  "height": 210,
  "category": "beginner"
}
Response:
{
  "success": false,
  "status": 500,
  "data": "Server Error",
  "timeTaken": 276.4971000000005
}
Status code: 500
-------------------------------

[test number] should successfully handle input
Request:
{
  "gender": "MALE",
  "total_activity_duration": "NINE_TO_TWELVE_HOURS",
  "age": 100,
  "weight_today": 113.9,
  "height": 173,
  "category": "advanced"
}
Response:
{
  "success": false,
  "status": 500,
  "data": "Server Error",
  "timeTaken": 287.2604999999967
}
Status code: 500
-------------------------------

[test number] should successfully handle input
Request:
{
  "gender": "FEMALE",
  "total_activity_duration": "THREE_TO_SIX_HOURS",
  "age": 50,
  "weight_today": 30,
  "height": 160,
  "category": "advanced"
}
Response:
{
  "success": false,
  "status": 500,
  "data": "Server Error",
  "timeTaken": 275.09309999999823
}
Status code: 500
-------------------------------

[test number] should successfully handle input
Request:
{
  "gender": "MALE",
  "total_activity_duration": "TWELVE_PLUS_HOURS",
  "age": 25,
  "weight_today": 113.9,
  "height": 210,
  "category": "intermediate"
}
Response:
{
  "success": false,
  "status": 500,
  "data": "Server Error",
  "timeTaken": 270.93009999999776
}
Status code: 500
-------------------------------

[test number] should successfully handle input
Request:
{
  "gender": "FEMALE",
  "total_activity_duration": "THREE_TO_SIX_HOURS",
  "age": 100,
  "weight_today": 30,
  "height": 190,
  "category": "intermediate"
}
Response:
{
  "success": false,
  "status": 500,
  "data": "Server Error",
  "timeTaken": 281.38980000000083
}
Status code: 500
-------------------------------

[test number] should successfully handle input
Request:
{
  "gender": "FEMALE",
  "total_activity_duration": "TWELVE_PLUS_HOURS",
  "age": 25,
  "weight_today": 150,
  "height": 190,
  "category": "beginner"
}
Response:
{
  "success": false,
  "status": 500,
  "data": "Server Error",
  "timeTaken": 284.84649999999965
}
Status code: 500
-------------------------------

[test number] should successfully handle input
Request:
{
  "gender": "MALE",
  "total_activity_duration": "SIX_TO_NINE_HOURS",
  "age": 75,
  "weight_today": 70,
  "height": 140,
  "category": "intermediate"
}
Response:
{
  "success": false,
  "status": 500,
  "data": "Server Error",
  "timeTaken": 275.7400999999991
}
Status code: 500
-------------------------------

[test number] should successfully handle input
Request:
{
  "gender": "FEMALE",
  "total_activity_duration": "NINE_TO_TWELVE_HOURS",
  "age": 100,
  "weight_today": 150,
  "height": 140,
  "category": "advanced"
}
Response:
{
  "success": false,
  "status": 500,
  "data": "Server Error",
  "timeTaken": 275.3116000000009
}
Status code: 500
-------------------------------

[test number] should successfully handle input
Request:
{
  "gender": "MALE",
  "total_activity_duration": "THREE_TO_SIX_HOURS",
  "age": 25,
  "weight_today": 200,
  "height": 190,
  "category": "advanced"
}
Response:
{
  "success": false,
  "status": 500,
  "data": "Server Error",
  "timeTaken": 277.6942999999992
}
Status code: 500
-------------------------------

[test number] should successfully handle input
Request:
{
  "gender": "FEMALE",
  "total_activity_duration": "ZERO_TO_THREE_HOURS",
  "age": 0,
  "weight_today": 150,
  "height": 210,
  "category": "advanced"
}
Response:
{
  "success": false,
  "status": 500,
  "data": "Server Error",
  "timeTaken": 277.0146999999997
}
Status code: 500
-------------------------------

[test number] should successfully handle input
Request:
{
  "gender": "FEMALE",
  "total_activity_duration": "ZERO_TO_THREE_HOURS",
  "age": 50,
  "weight_today": 200,
  "height": 173,
  "category": "beginner"
}
Response:
{
  "success": false,
  "status": 500,
  "data": "Server Error",
  "timeTaken": 285.4264000000003
}
Status code: 500
-------------------------------

[test number] should successfully handle input
Request:
{
  "gender": "MALE",
  "total_activity_duration": "ZERO_TO_THREE_HOURS",
  "age": 50,
  "weight_today": 150,
  "height": 210,
  "category": "advanced"
}
Response:
{
  "success": false,
  "status": 500,
  "data": "Server Error",
  "timeTaken": 276.3022999999994
}
Status code: 500
-------------------------------

[test number] should successfully handle input
Request:
{
  "gender": "FEMALE",
  "total_activity_duration": "SIX_TO_NINE_HOURS",
  "age": 25,
  "weight_today": 70,
  "height": 140,
  "category": "intermediate"
}
Response:
{
  "success": false,
  "status": 500,
  "data": "Server Error",
  "timeTaken": 287.35129999999845
}
Status code: 500
-------------------------------

[test number] should successfully handle input
Request:
{
  "gender": "FEMALE",
  "total_activity_duration": "NINE_TO_TWELVE_HOURS",
  "age": 0,
  "weight_today": 113.9,
  "height": 160,
  "category": "intermediate"
}
Response:
{
  "success": false,
  "status": 500,
  "data": "Server Error",
  "timeTaken": 277.08510000000024
}
Status code: 500
-------------------------------

[test number] should successfully handle input
Request:
{
  "gender": "MALE",
  "total_activity_duration": "ZERO_TO_THREE_HOURS",
  "age": 100,
  "weight_today": 200,
  "height": 160,
  "category": "intermediate"
}
Response:
{
  "success": false,
  "status": 500,
  "data": "Server Error",
  "timeTaken": 282.3182000000015
}
Status code: 500
-------------------------------

[test number] should successfully handle input
Request:
{
  "gender": "FEMALE",
  "total_activity_duration": "TWELVE_PLUS_HOURS",
  "age": 75,
  "weight_today": 200,
  "height": 140,
  "category": "beginner"
}
Response:
{
  "success": false,
  "status": 500,
  "data": "Server Error",
  "timeTaken": 290.1759999999995
}
Status code: 500
-------------------------------

[test number] should successfully handle input
Request:
{
  "gender": "FEMALE",
  "total_activity_duration": "ZERO_TO_THREE_HOURS",
  "age": 100,
  "weight_today": 200,
  "height": 210,
  "category": "intermediate"
}
Response:
{
  "success": false,
  "status": 500,
  "data": "Server Error",
  "timeTaken": 284.41439999999784
}
Status code: 500
-------------------------------

[test number] should successfully handle input
Request:
{
  "gender": "MALE",
  "total_activity_duration": "TWELVE_PLUS_HOURS",
  "age": 75,
  "weight_today": 150,
  "height": 173,
  "category": "advanced"
}
Response:
{
  "success": false,
  "status": 500,
  "data": "Server Error",
  "timeTaken": 282.0496000000021
}
Status code: 500
-------------------------------

[test number] should successfully handle input
Request:
{
  "gender": "MALE",
  "total_activity_duration": "NINE_TO_TWELVE_HOURS",
  "age": 0,
  "weight_today": 70,
  "height": 190,
  "category": "beginner"
}
Response:
{
  "success": false,
  "status": 500,
  "data": "Server Error",
  "timeTaken": 278.1332000000002
}
Status code: 500
-------------------------------

[test number] should successfully handle input
Request:
{
  "gender": "MALE",
  "total_activity_duration": "NINE_TO_TWELVE_HOURS",
  "age": 50,
  "weight_today": 113.9,
  "height": 140,
  "category": "beginner"
}
Response:
{
  "success": false,
  "status": 500,
  "data": "Server Error",
  "timeTaken": 282.7069999999985
}
Status code: 500
-------------------------------

[test number] should successfully handle input
Request:
{
  "gender": "MALE",
  "total_activity_duration": "ZERO_TO_THREE_HOURS",
  "age": 0,
  "weight_today": 150,
  "height": 160,
  "category": "advanced"
}
Response:
{
  "success": false,
  "status": 500,
  "data": "Server Error",
  "timeTaken": 276.08220000000074
}
Status code: 500
-------------------------------

[test number] should successfully handle input
Request:
{
  "gender": "FEMALE",
  "total_activity_duration": "NINE_TO_TWELVE_HOURS",
  "age": 50,
  "weight_today": 113.9,
  "height": 190,
  "category": "beginner"
}
Response:
{
  "success": false,
  "status": 500,
  "data": "Server Error",
  "timeTaken": 276.5777999999991
}
Status code: 500
-------------------------------

[test number] should successfully handle input
Request:
{
  "gender": "MALE",
  "total_activity_duration": "THREE_TO_SIX_HOURS",
  "age": 100,
  "weight_today": 30,
  "height": 160,
  "category": "beginner"
}
Response:
{
  "success": false,
  "status": 500,
  "data": "Server Error",
  "timeTaken": 280.9320999999982
}
Status code: 500
-------------------------------

[test number] should successfully handle input
Request:
{
  "gender": "MALE",
  "total_activity_duration": "SIX_TO_NINE_HOURS",
  "age": 25,
  "weight_today": 30,
  "height": 210,
  "category": "beginner"
}
Response:
{
  "success": false,
  "status": 500,
  "data": "Server Error",
  "timeTaken": 311.2884000000013
}
Status code: 500
-------------------------------

[test number] should successfully handle input
Request:
{
  "gender": "FEMALE",
  "total_activity_duration": "SIX_TO_NINE_HOURS",
  "age": 75,
  "weight_today": 70,
  "height": 210,
  "category": "intermediate"
}
Response:
{
  "success": false,
  "status": 500,
  "data": "Server Error",
  "timeTaken": 293.46630000000005
}
Status code: 500
-------------------------------

[test number] should successfully handle input
Request:
{
  "gender": "MALE",
  "total_activity_duration": "NINE_TO_TWELVE_HOURS",
  "age": 100,
  "weight_today": 113.9,
  "height": 190,
  "category": "beginner"
}
Response:
{
  "success": false,
  "status": 500,
  "data": "Server Error",
  "timeTaken": 289.0470999999998
}
Status code: 500
-------------------------------

[test number] should successfully handle input
Request:
{
  "gender": "FEMALE",
  "total_activity_duration": "THREE_TO_SIX_HOURS",
  "age": 50,
  "weight_today": 30,
  "height": 173,
  "category": "beginner"
}
Response:
{
  "success": false,
  "status": 500,
  "data": "Server Error",
  "timeTaken": 266.1719000000012
}
Status code: 500
-------------------------------

[test number] should successfully handle input
Request:
{
  "gender": "MALE",
  "total_activity_duration": "TWELVE_PLUS_HOURS",
  "age": 25,
  "weight_today": 113.9,
  "height": 210,
  "category": "advanced"
}
Response:
{
  "success": false,
  "status": 500,
  "data": "Server Error",
  "timeTaken": 271.11119999999937
}
Status code: 500
-------------------------------

[test number] should successfully handle input
Request:
{
  "gender": "FEMALE",
  "total_activity_duration": "THREE_TO_SIX_HOURS",
  "age": 100,
  "weight_today": 30,
  "height": 190,
  "category": "advanced"
}
Response:
{
  "success": false,
  "status": 500,
  "data": "Server Error",
  "timeTaken": 270.3140999999996
}
Status code: 500
-------------------------------

[test number] should successfully handle input
Request:
{
  "gender": "FEMALE",
  "total_activity_duration": "TWELVE_PLUS_HOURS",
  "age": 25,
  "weight_today": 150,
  "height": 190,
  "category": "intermediate"
}
Response:
{
  "success": false,
  "status": 500,
  "data": "Server Error",
  "timeTaken": 280.34279999999853
}
Status code: 500
-------------------------------

[test number] should successfully handle input
Request:
{
  "gender": "FEMALE",
  "total_activity_duration": "NINE_TO_TWELVE_HOURS",
  "age": 100,
  "weight_today": 150,
  "height": 160,
  "category": "beginner"
}
Response:
{
  "success": false,
  "status": 500,
  "data": "Server Error",
  "timeTaken": 267.6176999999989
}
Status code: 500
-------------------------------

[test number] should successfully handle input
Request:
{
  "gender": "MALE",
  "total_activity_duration": "SIX_TO_NINE_HOURS",
  "age": 75,
  "weight_today": 70,
  "height": 140,
  "category": "advanced"
}
Response:
{
  "success": false,
  "status": 500,
  "data": "Server Error",
  "timeTaken": 277.8672000000006
}
Status code: 500
-------------------------------

[test number] should successfully handle input
Request:
{
  "gender": "MALE",
  "total_activity_duration": "THREE_TO_SIX_HOURS",
  "age": 25,
  "weight_today": 200,
  "height": 210,
  "category": "beginner"
}
Response:
{
  "success": false,
  "status": 500,
  "data": "Server Error",
  "timeTaken": 267.8775999999998
}
Status code: 500
-------------------------------

[test number] should successfully handle input
Request:
{
  "gender": "FEMALE",
  "total_activity_duration": "ZERO_TO_THREE_HOURS",
  "age": 0,
  "weight_today": 200,
  "height": 140,
  "category": "beginner"
}
Response:
{
  "success": false,
  "status": 500,
  "data": "Server Error",
  "timeTaken": 274.58480000000054
}
Status code: 500
-------------------------------

[test number] should successfully handle input
Request:
{
  "gender": "FEMALE",
  "total_activity_duration": "ZERO_TO_THREE_HOURS",
  "age": 50,
  "weight_today": 200,
  "height": 173,
  "category": "intermediate"
}
Response:
{
  "success": false,
  "status": 500,
  "data": "Server Error",
  "timeTaken": 295.40290000000095
}
Status code: 500
-------------------------------

[test number] should successfully handle input
Request:
{
  "gender": "FEMALE",
  "total_activity_duration": "SIX_TO_NINE_HOURS",
  "age": 25,
  "weight_today": 70,
  "height": 140,
  "category": "advanced"
}
Response:
{
  "success": false,
  "status": 500,
  "data": "Server Error",
  "timeTaken": 282.23439999999755
}
Status code: 500
-------------------------------

[test number] should successfully handle input
Request:
{
  "gender": "MALE",
  "total_activity_duration": "ZERO_TO_THREE_HOURS",
  "age": 50,
  "weight_today": 200,
  "height": 140,
  "category": "beginner"
}
Response:
{
  "success": false,
  "status": 500,
  "data": "Server Error",
  "timeTaken": 285.2412000000004
}
Status code: 500
-------------------------------

[test number] should successfully handle input
Request:
{
  "gender": "FEMALE",
  "total_activity_duration": "NINE_TO_TWELVE_HOURS",
  "age": 0,
  "weight_today": 113.9,
  "height": 160,
  "category": "advanced"
}
Response:
{
  "success": false,
  "status": 500,
  "data": "Server Error",
  "timeTaken": 286.9328999999998
}
Status code: 500
-------------------------------

[test number] should successfully handle input
Request:
{
  "gender": "MALE",
  "total_activity_duration": "ZERO_TO_THREE_HOURS",
  "age": 100,
  "weight_today": 200,
  "height": 160,
  "category": "advanced"
}
Response:
{
  "success": false,
  "status": 500,
  "data": "Server Error",
  "timeTaken": 288.2163999999975
}
Status code: 500
-------------------------------

[test number] should successfully handle input
Request:
{
  "gender": "FEMALE",
  "total_activity_duration": "TWELVE_PLUS_HOURS",
  "age": 75,
  "weight_today": 200,
  "height": 140,
  "category": "intermediate"
}
Response:
{
  "success": false,
  "status": 500,
  "data": "Server Error",
  "timeTaken": 269.0663999999997
}
Status code: 500
-------------------------------

[test number] should successfully handle input
Request:
{
  "gender": "FEMALE",
  "total_activity_duration": "ZERO_TO_THREE_HOURS",
  "age": 100,
  "weight_today": 200,
  "height": 210,
  "category": "advanced"
}
Response:
{
  "success": false,
  "status": 500,
  "data": "Server Error",
  "timeTaken": 278.1731
}
Status code: 500
-------------------------------

[test number] should successfully handle input
Request:
{
  "gender": "MALE",
  "total_activity_duration": "TWELVE_PLUS_HOURS",
  "age": 75,
  "weight_today": 150,
  "height": 190,
  "category": "beginner"
}
Response:
{
  "success": false,
  "status": 500,
  "data": "Server Error",
  "timeTaken": 274.28229999999894
}
Status code: 500
-------------------------------

[test number] should successfully handle input
Request:
{
  "gender": "MALE",
  "total_activity_duration": "NINE_TO_TWELVE_HOURS",
  "age": 0,
  "weight_today": 70,
  "height": 190,
  "category": "intermediate"
}
Response:
{
  "success": false,
  "status": 500,
  "data": "Server Error",
  "timeTaken": 280.95850000000064
}
Status code: 500
-------------------------------

[test number] should successfully handle input
Request:
{
  "gender": "MALE",
  "total_activity_duration": "NINE_TO_TWELVE_HOURS",
  "age": 50,
  "weight_today": 113.9,
  "height": 140,
  "category": "intermediate"
}
Response:
{
  "success": false,
  "status": 500,
  "data": "Server Error",
  "timeTaken": 285.56630000000223
}
Status code: 500
-------------------------------

[test number] should successfully handle input
Request:
{
  "gender": "MALE",
  "total_activity_duration": "ZERO_TO_THREE_HOURS",
  "age": 0,
  "weight_today": 150,
  "height": 173,
  "category": "beginner"
}
Response:
{
  "success": false,
  "status": 500,
  "data": "Server Error",
  "timeTaken": 279.64730000000054
}
Status code: 500
-------------------------------

[test number] should successfully handle input
Request:
{
  "gender": "FEMALE",
  "total_activity_duration": "NINE_TO_TWELVE_HOURS",
  "age": 50,
  "weight_today": 113.9,
  "height": 190,
  "category": "intermediate"
}
Response:
{
  "success": false,
  "status": 500,
  "data": "Server Error",
  "timeTaken": 274.72680000000037
}
Status code: 500
-------------------------------

[test number] should successfully handle input
Request:
{
  "gender": "MALE",
  "total_activity_duration": "THREE_TO_SIX_HOURS",
  "age": 100,
  "weight_today": 30,
  "height": 160,
  "category": "intermediate"
}
Response:
{
  "success": false,
  "status": 500,
  "data": "Server Error",
  "timeTaken": 279.57310000000143
}
Status code: 500
-------------------------------

[test number] should successfully handle input
Request:
{
  "gender": "FEMALE",
  "total_activity_duration": "SIX_TO_NINE_HOURS",
  "age": 75,
  "weight_today": 70,
  "height": 210,
  "category": "advanced"
}
Response:
{
  "success": false,
  "status": 500,
  "data": "Server Error",
  "timeTaken": 269.53740000000107
}
Status code: 500
-------------------------------

[test number] should successfully handle input
Request:
{
  "gender": "MALE",
  "total_activity_duration": "SIX_TO_NINE_HOURS",
  "age": 25,
  "weight_today": 30,
  "height": 210,
  "category": "intermediate"
}
Response:
{
  "success": false,
  "status": 500,
  "data": "Server Error",
  "timeTaken": 284.8091000000022
}
Status code: 500
-------------------------------

[test number] should successfully handle input
Request:
{
  "gender": "FEMALE",
  "total_activity_duration": "THREE_TO_SIX_HOURS",
  "age": 50,
  "weight_today": 30,
  "height": 173,
  "category": "intermediate"
}
Response:
{
  "success": false,
  "status": 500,
  "data": "Server Error",
  "timeTaken": 280.21069999999963
}
Status code: 500
-------------------------------

[test number] should successfully handle input
Request:
{
  "gender": "MALE",
  "total_activity_duration": "NINE_TO_TWELVE_HOURS",
  "age": 100,
  "weight_today": 113.9,
  "height": 190,
  "category": "intermediate"
}
Response:
{
  "success": false,
  "status": 500,
  "data": "Server Error",
  "timeTaken": 298.1886000000013
}
Status code: 500
-------------------------------

[test number] should successfully handle input
Request:
{
  "gender": "MALE",
  "total_activity_duration": "TWELVE_PLUS_HOURS",
  "age": 25,
  "weight_today": 150,
  "height": 140,
  "category": "beginner"
}
Response:
{
  "success": false,
  "status": 500,
  "data": "Server Error",
  "timeTaken": 288.0633999999991
}
Status code: 500
-------------------------------

[test number] should successfully handle input
Request:
{
  "gender": "FEMALE",
  "total_activity_duration": "THREE_TO_SIX_HOURS",
  "age": 100,
  "weight_today": 30,
  "height": 210,
  "category": "beginner"
}
Response:
{
  "success": false,
  "status": 500,
  "data": "Server Error",
  "timeTaken": 275.34400000000096
}
Status code: 500
-------------------------------

[test number] should successfully handle input
Request:
{
  "gender": "FEMALE",
  "total_activity_duration": "TWELVE_PLUS_HOURS",
  "age": 25,
  "weight_today": 150,
  "height": 190,
  "category": "advanced"
}
Response:
{
  "success": false,
  "status": 500,
  "data": "Server Error",
  "timeTaken": 279.96830000000045
}
Status code: 500
-------------------------------

[test number] should successfully handle input
Request:
{
  "gender": "MALE",
  "total_activity_duration": "THREE_TO_SIX_HOURS",
  "age": 25,
  "weight_today": 200,
  "height": 210,
  "category": "intermediate"
}
Response:
{
  "success": false,
  "status": 500,
  "data": "Server Error",
  "timeTaken": 274.1647000000012
}
Status code: 500
-------------------------------

[test number] should successfully handle input
Request:
{
  "gender": "FEMALE",
  "total_activity_duration": "NINE_TO_TWELVE_HOURS",
  "age": 100,
  "weight_today": 150,
  "height": 160,
  "category": "intermediate"
}
Response:
{
  "success": false,
  "status": 500,
  "data": "Server Error",
  "timeTaken": 286.3021000000008
}
Status code: 500
-------------------------------

[test number] should successfully handle input
Request:
{
  "gender": "FEMALE",
  "total_activity_duration": "ZERO_TO_THREE_HOURS",
  "age": 0,
  "weight_today": 200,
  "height": 140,
  "category": "intermediate"
}
Response:
{
  "success": false,
  "status": 500,
  "data": "Server Error",
  "timeTaken": 277.13150000000314
}
Status code: 500
-------------------------------

[test number] should successfully handle input
Request:
{
  "gender": "MALE",
  "total_activity_duration": "SIX_TO_NINE_HOURS",
  "age": 75,
  "weight_today": 70,
  "height": 160,
  "category": "beginner"
}
Response:
{
  "success": false,
  "status": 500,
  "data": "Server Error",
  "timeTaken": 292.63560000000143
}
Status code: 500
-------------------------------

[test number] should successfully handle input
Request:
{
  "gender": "FEMALE",
  "total_activity_duration": "SIX_TO_NINE_HOURS",
  "age": 25,
  "weight_today": 70,
  "height": 160,
  "category": "beginner"
}
Response:
{
  "success": false,
  "status": 500,
  "data": "Server Error",
  "timeTaken": 273.5428000000029
}
Status code: 500
-------------------------------

[test number] should successfully handle input
Request:
{
  "gender": "FEMALE",
  "total_activity_duration": "ZERO_TO_THREE_HOURS",
  "age": 50,
  "weight_today": 200,
  "height": 173,
  "category": "advanced"
}
Response:
{
  "success": false,
  "status": 500,
  "data": "Server Error",
  "timeTaken": 284.17169999999896
}
Status code: 500
-------------------------------

[test number] should successfully handle input
Request:
{
  "gender": "FEMALE",
  "total_activity_duration": "NINE_TO_TWELVE_HOURS",
  "age": 0,
  "weight_today": 113.9,
  "height": 173,
  "category": "beginner"
}
Response:
{
  "success": false,
  "status": 500,
  "data": "Server Error",
  "timeTaken": 279.03220000000147
}
Status code: 500
-------------------------------

[test number] should successfully handle input
Request:
{
  "gender": "MALE",
  "total_activity_duration": "ZERO_TO_THREE_HOURS",
  "age": 50,
  "weight_today": 200,
  "height": 140,
  "category": "intermediate"
}
Response:
{
  "success": false,
  "status": 500,
  "data": "Server Error",
  "timeTaken": 276.5883999999969
}
Status code: 500
-------------------------------

[test number] should successfully handle input
Request:
{
  "gender": "MALE",
  "total_activity_duration": "ZERO_TO_THREE_HOURS",
  "age": 100,
  "weight_today": 200,
  "height": 173,
  "category": "beginner"
}
Response:
{
  "success": false,
  "status": 500,
  "data": "Server Error",
  "timeTaken": 280.06029999999737
}
Status code: 500
-------------------------------

[test number] should successfully handle input
Request:
{
  "gender": "FEMALE",
  "total_activity_duration": "TWELVE_PLUS_HOURS",
  "age": 75,
  "weight_today": 200,
  "height": 140,
  "category": "advanced"
}
Response:
{
  "success": false,
  "status": 500,
  "data": "Server Error",
  "timeTaken": 269.8393999999971
}
Status code: 500
-------------------------------

[test number] should successfully handle input
Request:
{
  "gender": "FEMALE",
  "total_activity_duration": "THREE_TO_SIX_HOURS",
  "age": 0,
  "weight_today": 30,
  "height": 140,
  "category": "beginner"
}
Response:
{
  "success": false,
  "status": 500,
  "data": "Server Error",
  "timeTaken": 280.97009999999864
}
Status code: 500
-------------------------------

[test number] should successfully handle input
Request:
{
  "gender": "MALE",
  "total_activity_duration": "TWELVE_PLUS_HOURS",
  "age": 75,
  "weight_today": 150,
  "height": 190,
  "category": "intermediate"
}
Response:
{
  "success": false,
  "status": 500,
  "data": "Server Error",
  "timeTaken": 282.6349000000009
}
Status code: 500
-------------------------------

[test number] should successfully handle input
Request:
{
  "gender": "MALE",
  "total_activity_duration": "NINE_TO_TWELVE_HOURS",
  "age": 0,
  "weight_today": 70,
  "height": 190,
  "category": "advanced"
}
Response:
{
  "success": false,
  "status": 500,
  "data": "Server Error",
  "timeTaken": 282.34149999999863
}
Status code: 500
-------------------------------

[test number] should successfully handle input
Request:
{
  "gender": "MALE",
  "total_activity_duration": "ZERO_TO_THREE_HOURS",
  "age": 0,
  "weight_today": 150,
  "height": 173,
  "category": "intermediate"
}
Response:
{
  "success": false,
  "status": 500,
  "data": "Server Error",
  "timeTaken": 280.9943000000021
}
Status code: 500
-------------------------------

[test number] should successfully handle input
Request:
{
  "gender": "MALE",
  "total_activity_duration": "NINE_TO_TWELVE_HOURS",
  "age": 50,
  "weight_today": 113.9,
  "height": 140,
  "category": "advanced"
}
Response:
{
  "success": false,
  "status": 500,
  "data": "Server Error",
  "timeTaken": 291.10150000000067
}
Status code: 500
-------------------------------

[test number] should successfully handle input
Request:
{
  "gender": "FEMALE",
  "total_activity_duration": "NINE_TO_TWELVE_HOURS",
  "age": 50,
  "weight_today": 113.9,
  "height": 190,
  "category": "advanced"
}
Response:
{
  "success": false,
  "status": 500,
  "data": "Server Error",
  "timeTaken": 283.6294999999991
}
Status code: 500
-------------------------------

[test number] should successfully handle input
Request:
{
  "gender": "MALE",
  "total_activity_duration": "SIX_TO_NINE_HOURS",
  "age": 25,
  "weight_today": 30,
  "height": 210,
  "category": "advanced"
}
Response:
{
  "success": false,
  "status": 500,
  "data": "Server Error",
  "timeTaken": 293.0452000000005
}
Status code: 500
-------------------------------

[test number] should successfully handle input
Request:
{
  "gender": "FEMALE",
  "total_activity_duration": "THREE_TO_SIX_HOURS",
  "age": 50,
  "weight_today": 30,
  "height": 173,
  "category": "advanced"
}
Response:
{
  "success": false,
  "status": 500,
  "data": "Server Error",
  "timeTaken": 283.1913999999997
}
Status code: 500
-------------------------------

[test number] should successfully handle input
Request:
{
  "gender": "FEMALE",
  "total_activity_duration": "SIX_TO_NINE_HOURS",
  "age": 75,
  "weight_today": 113.9,
  "height": 140,
  "category": "beginner"
}
Response:
{
  "success": false,
  "status": 500,
  "data": "Server Error",
  "timeTaken": 298.67529999999897
}
Status code: 500
-------------------------------

[test number] should successfully handle input
Request:
{
  "gender": "MALE",
  "total_activity_duration": "NINE_TO_TWELVE_HOURS",
  "age": 100,
  "weight_today": 113.9,
  "height": 190,
  "category": "advanced"
}
Response:
{
  "success": false,
  "status": 500,
  "data": "Server Error",
  "timeTaken": 275.6916000000019
}
Status code: 500
-------------------------------

[test number] should successfully handle input
Request:
{
  "gender": "MALE",
  "total_activity_duration": "TWELVE_PLUS_HOURS",
  "age": 25,
  "weight_today": 150,
  "height": 140,
  "category": "intermediate"
}
Response:
{
  "success": false,
  "status": 500,
  "data": "Server Error",
  "timeTaken": 286.6196999999993
}
Status code: 500
-------------------------------

[test number] should successfully handle input
Request:
{
  "gender": "FEMALE",
  "total_activity_duration": "THREE_TO_SIX_HOURS",
  "age": 100,
  "weight_today": 30,
  "height": 210,
  "category": "intermediate"
}
Response:
{
  "success": false,
  "status": 500,
  "data": "Server Error",
  "timeTaken": 298.251400000001
}
Status code: 500
-------------------------------

[test number] should successfully handle input
Request:
{
  "gender": "MALE",
  "total_activity_duration": "THREE_TO_SIX_HOURS",
  "age": 25,
  "weight_today": 200,
  "height": 210,
  "category": "advanced"
}
Response:
{
  "success": false,
  "status": 500,
  "data": "Server Error",
  "timeTaken": 274.0728999999992
}
Status code: 500
-------------------------------

[test number] should successfully handle input
Request:
{
  "gender": "FEMALE",
  "total_activity_duration": "ZERO_TO_THREE_HOURS",
  "age": 0,
  "weight_today": 200,
  "height": 140,
  "category": "advanced"
}
Response:
{
  "success": false,
  "status": 500,
  "data": "Server Error",
  "timeTaken": 278.7520999999979
}
Status code: 500
-------------------------------

[test number] should successfully handle input
Request:
{
  "gender": "FEMALE",
  "total_activity_duration": "NINE_TO_TWELVE_HOURS",
  "age": 100,
  "weight_today": 150,
  "height": 160,
  "category": "advanced"
}
Response:
{
  "success": false,
  "status": 500,
  "data": "Server Error",
  "timeTaken": 286.0720000000001
}
Status code: 500
-------------------------------

[test number] should successfully handle input
Request:
{
  "gender": "FEMALE",
  "total_activity_duration": "TWELVE_PLUS_HOURS",
  "age": 25,
  "weight_today": 150,
  "height": 210,
  "category": "beginner"
}
Response:
{
  "success": false,
  "status": 500,
  "data": "Server Error",
  "timeTaken": 323.03240000000005
}
Status code: 500
-------------------------------

[test number] should successfully handle input
Request:
{
  "gender": "MALE",
  "total_activity_duration": "SIX_TO_NINE_HOURS",
  "age": 75,
  "weight_today": 70,
  "height": 160,
  "category": "intermediate"
}
Response:
{
  "success": false,
  "status": 500,
  "data": "Server Error",
  "timeTaken": 290.70910000000003
}
Status code: 500
-------------------------------

[test number] should successfully handle input
Request:
{
  "gender": "MALE",
  "total_activity_duration": "THREE_TO_SIX_HOURS",
  "age": 100,
  "weight_today": 30,
  "height": 160,
  "category": "advanced"
}
Response:
{
  "success": false,
  "status": 500,
  "data": "Server Error",
  "timeTaken": 403.5061999999998
}
Status code: 500
-------------------------------

[test number] should successfully handle input
Request:
{
  "gender": "MALE",
  "total_activity_duration": "ZERO_TO_THREE_HOURS",
  "age": 100,
  "weight_today": 200,
  "height": 173,
  "category": "intermediate"
}
Response:
{
  "success": false,
  "status": 500,
  "data": "Server Error",
  "timeTaken": 266.71940000000177
}
Status code: 500
-------------------------------

[test number] should successfully handle input
Request:
{
  "gender": "FEMALE",
  "total_activity_duration": "SIX_TO_NINE_HOURS",
  "age": 25,
  "weight_today": 70,
  "height": 160,
  "category": "intermediate"
}
Response:
{
  "success": false,
  "status": 500,
  "data": "Server Error",
  "timeTaken": 281.4685000000027
}
Status code: 500
-------------------------------

[test number] should successfully handle input
Request:
{
  "gender": "MALE",
  "total_activity_duration": "ZERO_TO_THREE_HOURS",
  "age": 50,
  "weight_today": 200,
  "height": 140,
  "category": "advanced"
}
Response:
{
  "success": false,
  "status": 500,
  "data": "Server Error",
  "timeTaken": 286.0132999999987
}
Status code: 500
-------------------------------

[test number] should successfully handle input
Request:
{
  "gender": "FEMALE",
  "total_activity_duration": "NINE_TO_TWELVE_HOURS",
  "age": 0,
  "weight_today": 113.9,
  "height": 173,
  "category": "intermediate"
}
Response:
{
  "success": false,
  "status": 500,
  "data": "Server Error",
  "timeTaken": 287.3100999999988
}
Status code: 500
-------------------------------

[test number] should successfully handle input
Request:
{
  "gender": "FEMALE",
  "total_activity_duration": "ZERO_TO_THREE_HOURS",
  "age": 50,
  "weight_today": 200,
  "height": 190,
  "category": "beginner"
}
Response:
{
  "success": false,
  "status": 500,
  "data": "Server Error",
  "timeTaken": 290.17519999999786
}
Status code: 500
-------------------------------

[test number] should successfully handle input
Request:
{
  "gender": "FEMALE",
  "total_activity_duration": "TWELVE_PLUS_HOURS",
  "age": 75,
  "weight_today": 200,
  "height": 160,
  "category": "beginner"
}
Response:
{
  "success": false,
  "status": 500,
  "data": "Server Error",
  "timeTaken": 273.09140000000116
}
Status code: 500
-------------------------------

[test number] should successfully handle input
Request:
{
  "gender": "FEMALE",
  "total_activity_duration": "THREE_TO_SIX_HOURS",
  "age": 0,
  "weight_today": 30,
  "height": 140,
  "category": "intermediate"
}
Response:
{
  "success": false,
  "status": 500,
  "data": "Server Error",
  "timeTaken": 277.47320000000036
}
Status code: 500
-------------------------------

[test number] should successfully handle input
Request:
{
  "gender": "MALE",
  "total_activity_duration": "TWELVE_PLUS_HOURS",
  "age": 75,
  "weight_today": 150,
  "height": 190,
  "category": "advanced"
}
Response:
{
  "success": false,
  "status": 500,
  "data": "Server Error",
  "timeTaken": 273.26750000000175
}
Status code: 500
-------------------------------

[test number] should successfully handle input
Request:
{
  "gender": "MALE",
  "total_activity_duration": "NINE_TO_TWELVE_HOURS",
  "age": 0,
  "weight_today": 70,
  "height": 210,
  "category": "beginner"
}
Response:
{
  "success": false,
  "status": 500,
  "data": "Server Error",
  "timeTaken": 286.08350000000064
}
Status code: 500
-------------------------------

[test number] should successfully handle input
Request:
{
  "gender": "MALE",
  "total_activity_duration": "ZERO_TO_THREE_HOURS",
  "age": 0,
  "weight_today": 150,
  "height": 173,
  "category": "advanced"
}
Response:
{
  "success": false,
  "status": 500,
  "data": "Server Error",
  "timeTaken": 280.82960000000094
}
Status code: 500
-------------------------------

[test number] should successfully handle input
Request:
{
  "gender": "MALE",
  "total_activity_duration": "NINE_TO_TWELVE_HOURS",
  "age": 50,
  "weight_today": 113.9,
  "height": 160,
  "category": "beginner"
}
Response:
{
  "success": false,
  "status": 500,
  "data": "Server Error",
  "timeTaken": 282.8263999999981
}
Status code: 500
-------------------------------

[test number] should successfully handle input
Request:
{
  "gender": "FEMALE",
  "total_activity_duration": "NINE_TO_TWELVE_HOURS",
  "age": 50,
  "weight_today": 113.9,
  "height": 210,
  "category": "beginner"
}
Response:
{
  "success": false,
  "status": 500,
  "data": "Server Error",
  "timeTaken": 292.5553
}
Status code: 500
-------------------------------

[test number] should successfully handle input
Request:
{
  "gender": "FEMALE",
  "total_activity_duration": "THREE_TO_SIX_HOURS",
  "age": 50,
  "weight_today": 30,
  "height": 190,
  "category": "beginner"
}
Response:
{
  "success": false,
  "status": 500,
  "data": "Server Error",
  "timeTaken": 278.522399999998
}
Status code: 500
-------------------------------

[test number] should successfully handle input
Request:
{
  "gender": "MALE",
  "total_activity_duration": "SIX_TO_NINE_HOURS",
  "age": 25,
  "weight_today": 70,
  "height": 140,
  "category": "beginner"
}
Response:
{
  "success": false,
  "status": 500,
  "data": "Server Error",
  "timeTaken": 281.6778999999988
}
Status code: 500
-------------------------------

[test number] should successfully handle input
Request:
{
  "gender": "MALE",
  "total_activity_duration": "NINE_TO_TWELVE_HOURS",
  "age": 100,
  "weight_today": 113.9,
  "height": 210,
  "category": "beginner"
}
Response:
{
  "success": false,
  "status": 500,
  "data": "Server Error",
  "timeTaken": 278.7140999999974
}
Status code: 500
-------------------------------

[test number] should successfully handle input
Request:
{
  "gender": "FEMALE",
  "total_activity_duration": "SIX_TO_NINE_HOURS",
  "age": 75,
  "weight_today": 113.9,
  "height": 140,
  "category": "intermediate"
}
Response:
{
  "success": false,
  "status": 500,
  "data": "Server Error",
  "timeTaken": 305.5576000000001
}
Status code: 500
-------------------------------

[test number] should successfully handle input
Request:
{
  "gender": "MALE",
  "total_activity_duration": "TWELVE_PLUS_HOURS",
  "age": 25,
  "weight_today": 150,
  "height": 140,
  "category": "advanced"
}
Response:
{
  "success": false,
  "status": 500,
  "data": "Server Error",
  "timeTaken": 293.2791999999972
}
Status code: 500
-------------------------------

[test number] should successfully handle input
Request:
{
  "gender": "FEMALE",
  "total_activity_duration": "THREE_TO_SIX_HOURS",
  "age": 100,
  "weight_today": 30,
  "height": 210,
  "category": "advanced"
}
Response:
{
  "success": false,
  "status": 500,
  "data": "Server Error",
  "timeTaken": 282.3938999999991
}
Status code: 500
-------------------------------

[test number] should successfully handle input
Request:
{
  "gender": "MALE",
  "total_activity_duration": "THREE_TO_SIX_HOURS",
  "age": 50,
  "weight_today": 30,
  "height": 140,
  "category": "beginner"
}
Response:
{
  "success": false,
  "status": 500,
  "data": "Server Error",
  "timeTaken": 274.90859999999884
}
Status code: 500
-------------------------------

[test number] should successfully handle input
Request:
{
  "gender": "FEMALE",
  "total_activity_duration": "NINE_TO_TWELVE_HOURS",
  "age": 100,
  "weight_today": 150,
  "height": 173,
  "category": "beginner"
}
Response:
{
  "success": false,
  "status": 500,
  "data": "Server Error",
  "timeTaken": 269.4903000000013
}
Status code: 500
-------------------------------

[test number] should successfully handle input
Request:
{
  "gender": "FEMALE",
  "total_activity_duration": "ZERO_TO_THREE_HOURS",
  "age": 0,
  "weight_today": 200,
  "height": 160,
  "category": "beginner"
}
Response:
{
  "success": false,
  "status": 500,
  "data": "Server Error",
  "timeTaken": 283.10789999999906
}
Status code: 500
-------------------------------

[test number] should successfully handle input
Request:
{
  "gender": "FEMALE",
  "total_activity_duration": "TWELVE_PLUS_HOURS",
  "age": 25,
  "weight_today": 150,
  "height": 210,
  "category": "intermediate"
}
Response:
{
  "success": false,
  "status": 500,
  "data": "Server Error",
  "timeTaken": 289.8539000000019
}
Status code: 500
-------------------------------

[test number] should successfully handle input
Request:
{
  "gender": "MALE",
  "total_activity_duration": "SIX_TO_NINE_HOURS",
  "age": 75,
  "weight_today": 70,
  "height": 160,
  "category": "advanced"
}
Response:
{
  "success": false,
  "status": 500,
  "data": "Server Error",
  "timeTaken": 290.82180000000153
}
Status code: 500
-------------------------------

[test number] should successfully handle input
Request:
{
  "gender": "MALE",
  "total_activity_duration": "THREE_TO_SIX_HOURS",
  "age": 100,
  "weight_today": 30,
  "height": 173,
  "category": "beginner"
}
Response:
{
  "success": false,
  "status": 500,
  "data": "Server Error",
  "timeTaken": 270.97169999999824
}
Status code: 500
-------------------------------

[test number] should successfully handle input
Request:
{
  "gender": "FEMALE",
  "total_activity_duration": "SIX_TO_NINE_HOURS",
  "age": 25,
  "weight_today": 70,
  "height": 160,
  "category": "advanced"
}
Response:
{
  "success": false,
  "status": 500,
  "data": "Server Error",
  "timeTaken": 276.08460000000196
}
Status code: 500
-------------------------------

[test number] should successfully handle input
Request:
{
  "gender": "MALE",
  "total_activity_duration": "ZERO_TO_THREE_HOURS",
  "age": 100,
  "weight_today": 200,
  "height": 173,
  "category": "advanced"
}
Response:
{
  "success": false,
  "status": 500,
  "data": "Server Error",
  "timeTaken": 282.21800000000076
}
Status code: 500
-------------------------------

[test number] should successfully handle input
Request:
{
  "gender": "FEMALE",
  "total_activity_duration": "ZERO_TO_THREE_HOURS",
  "age": 50,
  "weight_today": 200,
  "height": 190,
  "category": "intermediate"
}
Response:
{
  "success": false,
  "status": 500,
  "data": "Server Error",
  "timeTaken": 274.6702000000005
}
Status code: 500
-------------------------------

[test number] should successfully handle input
Request:
{
  "gender": "FEMALE",
  "total_activity_duration": "NINE_TO_TWELVE_HOURS",
  "age": 0,
  "weight_today": 113.9,
  "height": 173,
  "category": "advanced"
}
Response:
{
  "success": false,
  "status": 500,
  "data": "Server Error",
  "timeTaken": 276.4955999999984
}
Status code: 500
-------------------------------

[test number] should successfully handle input
Request:
{
  "gender": "MALE",
  "total_activity_duration": "ZERO_TO_THREE_HOURS",
  "age": 50,
  "weight_today": 200,
  "height": 160,
  "category": "beginner"
}
Response:
{
  "success": false,
  "status": 500,
  "data": "Server Error",
  "timeTaken": 283.03190000000177
}
Status code: 500
-------------------------------

[test number] should successfully handle input
Request:
{
  "gender": "FEMALE",
  "total_activity_duration": "TWELVE_PLUS_HOURS",
  "age": 75,
  "weight_today": 200,
  "height": 160,
  "category": "intermediate"
}
Response:
{
  "success": false,
  "status": 500,
  "data": "Server Error",
  "timeTaken": 268.9396000000015
}
Status code: 500
-------------------------------

[test number] should successfully handle input
Request:
{
  "gender": "FEMALE",
  "total_activity_duration": "THREE_TO_SIX_HOURS",
  "age": 0,
  "weight_today": 30,
  "height": 140,
  "category": "advanced"
}
Response:
{
  "success": false,
  "status": 500,
  "data": "Server Error",
  "timeTaken": 273.0528999999988
}
Status code: 500
-------------------------------

[test number] should successfully handle input
Request:
{
  "gender": "MALE",
  "total_activity_duration": "TWELVE_PLUS_HOURS",
  "age": 75,
  "weight_today": 150,
  "height": 210,
  "category": "beginner"
}
Response:
{
  "success": false,
  "status": 500,
  "data": "Server Error",
  "timeTaken": 275.03199999999924
}
Status code: 500
-------------------------------

[test number] should successfully handle input
Request:
{
  "gender": "MALE",
  "total_activity_duration": "NINE_TO_TWELVE_HOURS",
  "age": 0,
  "weight_today": 70,
  "height": 210,
  "category": "intermediate"
}
Response:
{
  "success": false,
  "status": 500,
  "data": "Server Error",
  "timeTaken": 275.8300999999992
}
Status code: 500
-------------------------------

[test number] should successfully handle input
Request:
{
  "gender": "MALE",
  "total_activity_duration": "ZERO_TO_THREE_HOURS",
  "age": 0,
  "weight_today": 150,
  "height": 190,
  "category": "beginner"
}
Response:
{
  "success": false,
  "status": 500,
  "data": "Server Error",
  "timeTaken": 280.33050000000003
}
Status code: 500
-------------------------------

[test number] should successfully handle input
Request:
{
  "gender": "MALE",
  "total_activity_duration": "NINE_TO_TWELVE_HOURS",
  "age": 50,
  "weight_today": 113.9,
  "height": 160,
  "category": "intermediate"
}
Response:
{
  "success": false,
  "status": 500,
  "data": "Server Error",
  "timeTaken": 291.5699999999997
}
Status code: 500
-------------------------------

[test number] should successfully handle input
Request:
{
  "gender": "FEMALE",
  "total_activity_duration": "NINE_TO_TWELVE_HOURS",
  "age": 50,
  "weight_today": 113.9,
  "height": 210,
  "category": "intermediate"
}
Response:
{
  "success": false,
  "status": 500,
  "data": "Server Error",
  "timeTaken": 294.2628000000004
}
Status code: 500
-------------------------------

[test number] should successfully handle input
Request:
{
  "gender": "FEMALE",
  "total_activity_duration": "THREE_TO_SIX_HOURS",
  "age": 50,
  "weight_today": 30,
  "height": 190,
  "category": "intermediate"
}
Response:
{
  "success": false,
  "status": 500,
  "data": "Server Error",
  "timeTaken": 271.23799999999756
}
Status code: 500
-------------------------------

[test number] should successfully handle input
Request:
{
  "gender": "MALE",
  "total_activity_duration": "SIX_TO_NINE_HOURS",
  "age": 25,
  "weight_today": 70,
  "height": 140,
  "category": "intermediate"
}
Response:
{
  "success": false,
  "status": 500,
  "data": "Server Error",
  "timeTaken": 287.65230000000156
}
Status code: 500
-------------------------------

[test number] should successfully handle input
Request:
{
  "gender": "MALE",
  "total_activity_duration": "NINE_TO_TWELVE_HOURS",
  "age": 100,
  "weight_today": 113.9,
  "height": 210,
  "category": "intermediate"
}
Response:
{
  "success": false,
  "status": 500,
  "data": "Server Error",
  "timeTaken": 269.4419999999991
}
Status code: 500
-------------------------------

[test number] should successfully handle input
Request:
{
  "gender": "FEMALE",
  "total_activity_duration": "THREE_TO_SIX_HOURS",
  "age": 100,
  "weight_today": 70,
  "height": 140,
  "category": "beginner"
}
Response:
{
  "success": false,
  "status": 500,
  "data": "Server Error",
  "timeTaken": 277.34019999999873
}
Status code: 500
-------------------------------

[test number] should successfully handle input
Request:
{
  "gender": "MALE",
  "total_activity_duration": "TWELVE_PLUS_HOURS",
  "age": 25,
  "weight_today": 150,
  "height": 160,
  "category": "beginner"
}
Response:
{
  "success": false,
  "status": 500,
  "data": "Server Error",
  "timeTaken": 286.0061999999998
}
Status code: 500
-------------------------------

[test number] should successfully handle input
Request:
{
  "gender": "FEMALE",
  "total_activity_duration": "SIX_TO_NINE_HOURS",
  "age": 75,
  "weight_today": 113.9,
  "height": 140,
  "category": "advanced"
}
Response:
{
  "success": false,
  "status": 500,
  "data": "Server Error",
  "timeTaken": 287.96229999999923
}
Status code: 500
-------------------------------

[test number] should successfully handle input
Request:
{
  "gender": "MALE",
  "total_activity_duration": "THREE_TO_SIX_HOURS",
  "age": 50,
  "weight_today": 30,
  "height": 140,
  "category": "intermediate"
}
Response:
{
  "success": false,
  "status": 500,
  "data": "Server Error",
  "timeTaken": 281.07630000000063
}
Status code: 500
-------------------------------

[test number] should successfully handle input
Request:
{
  "gender": "FEMALE",
  "total_activity_duration": "NINE_TO_TWELVE_HOURS",
  "age": 100,
  "weight_today": 150,
  "height": 173,
  "category": "intermediate"
}
Response:
{
  "success": false,
  "status": 500,
  "data": "Server Error",
  "timeTaken": 273.2989000000016
}
Status code: 500
-------------------------------

[test number] should successfully handle input
Request:
{
  "gender": "MALE",
  "total_activity_duration": "SIX_TO_NINE_HOURS",
  "age": 75,
  "weight_today": 70,
  "height": 173,
  "category": "beginner"
}
Response:
{
  "success": false,
  "status": 500,
  "data": "Server Error",
  "timeTaken": 270.3166999999994
}
Status code: 500
-------------------------------

[test number] should successfully handle input
Request:
{
  "gender": "FEMALE",
  "total_activity_duration": "ZERO_TO_THREE_HOURS",
  "age": 0,
  "weight_today": 200,
  "height": 160,
  "category": "intermediate"
}
Response:
{
  "success": false,
  "status": 500,
  "data": "Server Error",
  "timeTaken": 280.1983999999975
}
Status code: 500
-------------------------------

[test number] should successfully handle input
Request:
{
  "gender": "FEMALE",
  "total_activity_duration": "TWELVE_PLUS_HOURS",
  "age": 25,
  "weight_today": 150,
  "height": 210,
  "category": "advanced"
}
Response:
{
  "success": false,
  "status": 500,
  "data": "Server Error",
  "timeTaken": 274.48549999999886
}
Status code: 500
-------------------------------

[test number] should successfully handle input
Request:
{
  "gender": "MALE",
  "total_activity_duration": "THREE_TO_SIX_HOURS",
  "age": 100,
  "weight_today": 30,
  "height": 173,
  "category": "intermediate"
}
Response:
{
  "success": false,
  "status": 500,
  "data": "Server Error",
  "timeTaken": 282.3230000000003
}
Status code: 500
-------------------------------

[test number] should successfully handle input
Request:
{
  "gender": "FEMALE",
  "total_activity_duration": "SIX_TO_NINE_HOURS",
  "age": 25,
  "weight_today": 70,
  "height": 173,
  "category": "beginner"
}
Response:
{
  "success": false,
  "status": 500,
  "data": "Server Error",
  "timeTaken": 267.27160000000003
}
Status code: 500
-------------------------------

[test number] should successfully handle input
Request:
{
  "gender": "MALE",
  "total_activity_duration": "ZERO_TO_THREE_HOURS",
  "age": 50,
  "weight_today": 200,
  "height": 160,
  "category": "intermediate"
}
Response:
{
  "success": false,
  "status": 500,
  "data": "Server Error",
  "timeTaken": 275.001400000001
}
Status code: 500
-------------------------------

[test number] should successfully handle input
Request:
{
  "gender": "FEMALE",
  "total_activity_duration": "ZERO_TO_THREE_HOURS",
  "age": 50,
  "weight_today": 200,
  "height": 190,
  "category": "advanced"
}
Response:
{
  "success": false,
  "status": 500,
  "data": "Server Error",
  "timeTaken": 282.53090000000157
}
Status code: 500
-------------------------------

[test number] should successfully handle input
Request:
{
  "gender": "FEMALE",
  "total_activity_duration": "NINE_TO_TWELVE_HOURS",
  "age": 0,
  "weight_today": 113.9,
  "height": 190,
  "category": "beginner"
}
Response:
{
  "success": false,
  "status": 500,
  "data": "Server Error",
  "timeTaken": 286.02380000000267
}
Status code: 500
-------------------------------

[test number] should successfully handle input
Request:
{
  "gender": "MALE",
  "total_activity_duration": "ZERO_TO_THREE_HOURS",
  "age": 100,
  "weight_today": 200,
  "height": 190,
  "category": "beginner"
}
Response:
{
  "success": false,
  "status": 500,
  "data": "Server Error",
  "timeTaken": 293.559500000003
}
Status code: 500
-------------------------------

[test number] should successfully handle input
Request:
{
  "gender": "FEMALE",
  "total_activity_duration": "TWELVE_PLUS_HOURS",
  "age": 75,
  "weight_today": 200,
  "height": 160,
  "category": "advanced"
}
Response:
{
  "success": false,
  "status": 500,
  "data": "Server Error",
  "timeTaken": 291.29859999999826
}
Status code: 500
-------------------------------

[test number] should successfully handle input
Request:
{
  "gender": "FEMALE",
  "total_activity_duration": "THREE_TO_SIX_HOURS",
  "age": 0,
  "weight_today": 30,
  "height": 160,
  "category": "beginner"
}
Response:
{
  "success": false,
  "status": 500,
  "data": "Server Error",
  "timeTaken": 279.9332000000031
}
Status code: 500
-------------------------------

[test number] should successfully handle input
Request:
{
  "gender": "MALE",
  "total_activity_duration": "TWELVE_PLUS_HOURS",
  "age": 75,
  "weight_today": 150,
  "height": 210,
  "category": "intermediate"
}
Response:
{
  "success": false,
  "status": 500,
  "data": "Server Error",
  "timeTaken": 277.02509999999893
}
Status code: 500
-------------------------------

[test number] should successfully handle input
Request:
{
  "gender": "MALE",
  "total_activity_duration": "ZERO_TO_THREE_HOURS",
  "age": 0,
  "weight_today": 150,
  "height": 190,
  "category": "intermediate"
}
Response:
{
  "success": false,
  "status": 500,
  "data": "Server Error",
  "timeTaken": 267.94360000000233
}
Status code: 500
-------------------------------

[test number] should successfully handle input
Request:
{
  "gender": "MALE",
  "total_activity_duration": "NINE_TO_TWELVE_HOURS",
  "age": 0,
  "weight_today": 70,
  "height": 210,
  "category": "advanced"
}
Response:
{
  "success": false,
  "status": 500,
  "data": "Server Error",
  "timeTaken": 276.1218000000008
}
Status code: 500
-------------------------------

[test number] should successfully handle input
Request:
{
  "gender": "FEMALE",
  "total_activity_duration": "THREE_TO_SIX_HOURS",
  "age": 50,
  "weight_today": 30,
  "height": 190,
  "category": "advanced"
}
Response:
{
  "success": false,
  "status": 500,
  "data": "Server Error",
  "timeTaken": 284.71259999999893
}
Status code: 500
-------------------------------

[test number] should successfully handle input
Request:
{
  "gender": "FEMALE",
  "total_activity_duration": "NINE_TO_TWELVE_HOURS",
  "age": 50,
  "weight_today": 113.9,
  "height": 210,
  "category": "advanced"
}
Response:
{
  "success": false,
  "status": 500,
  "data": "Server Error",
  "timeTaken": 293.02230000000054
}
Status code: 500
-------------------------------

[test number] should successfully handle input
Request:
{
  "gender": "MALE",
  "total_activity_duration": "SIX_TO_NINE_HOURS",
  "age": 25,
  "weight_today": 70,
  "height": 140,
  "category": "advanced"
}
Response:
{
  "success": false,
  "status": 500,
  "data": "Server Error",
  "timeTaken": 268.31340000000273
}
Status code: 500
-------------------------------

[test number] should successfully handle input
Request:
{
  "gender": "MALE",
  "total_activity_duration": "NINE_TO_TWELVE_HOURS",
  "age": 100,
  "weight_today": 113.9,
  "height": 210,
  "category": "advanced"
}
Response:
{
  "success": false,
  "status": 500,
  "data": "Server Error",
  "timeTaken": 282.8623000000007
}
Status code: 500
-------------------------------

[test number] should successfully handle input
Request:
{
  "gender": "MALE",
  "total_activity_duration": "TWELVE_PLUS_HOURS",
  "age": 25,
  "weight_today": 150,
  "height": 160,
  "category": "intermediate"
}
Response:
{
  "success": false,
  "status": 500,
  "data": "Server Error",
  "timeTaken": 273.0031999999992
}
Status code: 500
-------------------------------

[test number] should successfully handle input
Request:
{
  "gender": "FEMALE",
  "total_activity_duration": "THREE_TO_SIX_HOURS",
  "age": 100,
  "weight_today": 70,
  "height": 140,
  "category": "intermediate"
}
Response:
{
  "success": false,
  "status": 500,
  "data": "Server Error",
  "timeTaken": 275.15279999999984
}
Status code: 500
-------------------------------

[test number] should successfully handle input
Request:
{
  "gender": "FEMALE",
  "total_activity_duration": "SIX_TO_NINE_HOURS",
  "age": 75,
  "weight_today": 113.9,
  "height": 160,
  "category": "beginner"
}
Response:
{
  "success": false,
  "status": 500,
  "data": "Server Error",
  "timeTaken": 288.9138000000021
}
Status code: 500
-------------------------------

[test number] should successfully handle input
Request:
{
  "gender": "MALE",
  "total_activity_duration": "THREE_TO_SIX_HOURS",
  "age": 50,
  "weight_today": 30,
  "height": 140,
  "category": "advanced"
}
Response:
{
  "success": false,
  "status": 500,
  "data": "Server Error",
  "timeTaken": 287.4461999999985
}
Status code: 500
-------------------------------

[test number] should successfully handle input
Request:
{
  "gender": "FEMALE",
  "total_activity_duration": "NINE_TO_TWELVE_HOURS",
  "age": 100,
  "weight_today": 150,
  "height": 173,
  "category": "advanced"
}
Response:
{
  "success": false,
  "status": 500,
  "data": "Server Error",
  "timeTaken": 275.53269999999975
}
Status code: 500
-------------------------------

[test number] should successfully handle input
Request:
{
  "gender": "FEMALE",
  "total_activity_duration": "TWELVE_PLUS_HOURS",
  "age": 25,
  "weight_today": 200,
  "height": 140,
  "category": "beginner"
}
Response:
{
  "success": false,
  "status": 500,
  "data": "Server Error",
  "timeTaken": 296.27890000000116
}
Status code: 500
-------------------------------

[test number] should successfully handle input
Request:
{
  "gender": "MALE",
  "total_activity_duration": "SIX_TO_NINE_HOURS",
  "age": 75,
  "weight_today": 70,
  "height": 173,
  "category": "intermediate"
}
Response:
{
  "success": false,
  "status": 500,
  "data": "Server Error",
  "timeTaken": 280.24229999999807
}
Status code: 500
-------------------------------

[test number] should successfully handle input
Request:
{
  "gender": "FEMALE",
  "total_activity_duration": "SIX_TO_NINE_HOURS",
  "age": 25,
  "weight_today": 70,
  "height": 173,
  "category": "intermediate"
}
Response:
{
  "success": false,
  "status": 500,
  "data": "Server Error",
  "timeTaken": 286.6906999999992
}
Status code: 500
-------------------------------

[test number] should successfully handle input
Request:
{
  "gender": "MALE",
  "total_activity_duration": "THREE_TO_SIX_HOURS",
  "age": 100,
  "weight_today": 30,
  "height": 173,
  "category": "advanced"
}
Response:
{
  "success": false,
  "status": 500,
  "data": "Server Error",
  "timeTaken": 283.5404000000017
}
Status code: 500
-------------------------------

[test number] should successfully handle input
Request:
{
  "gender": "FEMALE",
  "total_activity_duration": "ZERO_TO_THREE_HOURS",
  "age": 0,
  "weight_today": 200,
  "height": 160,
  "category": "advanced"
}
Response:
{
  "success": false,
  "status": 500,
  "data": "Server Error",
  "timeTaken": 282.1368000000002
}
Status code: 500
-------------------------------

[test number] should successfully handle input
Request:
{
  "gender": "FEMALE",
  "total_activity_duration": "ZERO_TO_THREE_HOURS",
  "age": 50,
  "weight_today": 200,
  "height": 210,
  "category": "beginner"
}
Response:
{
  "success": false,
  "status": 500,
  "data": "Server Error",
  "timeTaken": 284.2003000000004
}
Status code: 500
-------------------------------

[test number] should successfully handle input
Request:
{
  "gender": "MALE",
  "total_activity_duration": "ZERO_TO_THREE_HOURS",
  "age": 50,
  "weight_today": 200,
  "height": 160,
  "category": "advanced"
}
Response:
{
  "success": false,
  "status": 500,
  "data": "Server Error",
  "timeTaken": 295.3824999999997
}
Status code: 500
-------------------------------

[test number] should successfully handle input
Request:
{
  "gender": "MALE",
  "total_activity_duration": "ZERO_TO_THREE_HOURS",
  "age": 100,
  "weight_today": 200,
  "height": 190,
  "category": "intermediate"
}
Response:
{
  "success": false,
  "status": 500,
  "data": "Server Error",
  "timeTaken": 279.17169999999896
}
Status code: 500
-------------------------------

[test number] should successfully handle input
Request:
{
  "gender": "FEMALE",
  "total_activity_duration": "NINE_TO_TWELVE_HOURS",
  "age": 0,
  "weight_today": 113.9,
  "height": 190,
  "category": "intermediate"
}
Response:
{
  "success": false,
  "status": 500,
  "data": "Server Error",
  "timeTaken": 289.89020000000164
}
Status code: 500
-------------------------------

[test number] should successfully handle input
Request:
{
  "gender": "FEMALE",
  "total_activity_duration": "TWELVE_PLUS_HOURS",
  "age": 75,
  "weight_today": 200,
  "height": 173,
  "category": "beginner"
}
Response:
{
  "success": false,
  "status": 500,
  "data": "Server Error",
  "timeTaken": 274.9689999999973
}
Status code: 500
-------------------------------

[test number] should successfully handle input
Request:
{
  "gender": "FEMALE",
  "total_activity_duration": "THREE_TO_SIX_HOURS",
  "age": 0,
  "weight_today": 30,
  "height": 160,
  "category": "intermediate"
}
Response:
{
  "success": false,
  "status": 500,
  "data": "Server Error",
  "timeTaken": 267.59760000000097
}
Status code: 500
-------------------------------

[test number] should successfully handle input
Request:
{
  "gender": "MALE",
  "total_activity_duration": "TWELVE_PLUS_HOURS",
  "age": 75,
  "weight_today": 150,
  "height": 210,
  "category": "advanced"
}
Response:
{
  "success": false,
  "status": 500,
  "data": "Server Error",
  "timeTaken": 271.53729999999996
}
Status code: 500
-------------------------------

[test number] should successfully handle input
Request:
{
  "gender": "MALE",
  "total_activity_duration": "NINE_TO_TWELVE_HOURS",
  "age": 0,
  "weight_today": 113.9,
  "height": 140,
  "category": "beginner"
}
Response:
{
  "success": false,
  "status": 500,
  "data": "Server Error",
  "timeTaken": 272.66749999999956
}
Status code: 500
-------------------------------

[test number] should successfully handle input
Request:
{
  "gender": "MALE",
  "total_activity_duration": "ZERO_TO_THREE_HOURS",
  "age": 0,
  "weight_today": 150,
  "height": 190,
  "category": "advanced"
}
Response:
{
  "success": false,
  "status": 500,
  "data": "Server Error",
  "timeTaken": 276.73549999999886
}
Status code: 500
-------------------------------

[test number] should successfully handle input
Request:
{
  "gender": "FEMALE",
  "total_activity_duration": "THREE_TO_SIX_HOURS",
  "age": 50,
  "weight_today": 30,
  "height": 210,
  "category": "beginner"
}
Response:
{
  "success": false,
  "status": 500,
  "data": "Server Error",
  "timeTaken": 275.95210000000225
}
Status code: 500
-------------------------------

[test number] should successfully handle input
Request:
{
  "gender": "MALE",
  "total_activity_duration": "SIX_TO_NINE_HOURS",
  "age": 25,
  "weight_today": 70,
  "height": 160,
  "category": "beginner"
}
Response:
{
  "success": false,
  "status": 500,
  "data": "Server Error",
  "timeTaken": 273.6252999999997
}
Status code: 500
-------------------------------

[test number] should successfully handle input
Request:
{
  "gender": "MALE",
  "total_activity_duration": "NINE_TO_TWELVE_HOURS",
  "age": 100,
  "weight_today": 150,
  "height": 140,
  "category": "beginner"
}
Response:
{
  "success": false,
  "status": 500,
  "data": "Server Error",
  "timeTaken": 265.50930000000153
}
Status code: 500
-------------------------------

[test number] should successfully handle input
Request:
{
  "gender": "FEMALE",
  "total_activity_duration": "NINE_TO_TWELVE_HOURS",
  "age": 50,
  "weight_today": 150,
  "height": 140,
  "category": "beginner"
}
Response:
{
  "success": false,
  "status": 500,
  "data": "Server Error",
  "timeTaken": 296.0134999999973
}
Status code: 500
-------------------------------

[test number] should successfully handle input
Request:
{
  "gender": "MALE",
  "total_activity_duration": "TWELVE_PLUS_HOURS",
  "age": 25,
  "weight_today": 150,
  "height": 160,
  "category": "advanced"
}
Response:
{
  "success": false,
  "status": 500,
  "data": "Server Error",
  "timeTaken": 274.20350000000326
}
Status code: 500
-------------------------------

[test number] should successfully handle input
Request:
{
  "gender": "FEMALE",
  "total_activity_duration": "THREE_TO_SIX_HOURS",
  "age": 100,
  "weight_today": 70,
  "height": 140,
  "category": "advanced"
}
Response:
{
  "success": false,
  "status": 500,
  "data": "Server Error",
  "timeTaken": 283.98399999999674
}
Status code: 500
-------------------------------

[test number] should successfully handle input
Request:
{
  "gender": "FEMALE",
  "total_activity_duration": "SIX_TO_NINE_HOURS",
  "age": 75,
  "weight_today": 113.9,
  "height": 160,
  "category": "intermediate"
}
Response:
{
  "success": false,
  "status": 500,
  "data": "Server Error",
  "timeTaken": 282.904599999998
}
Status code: 500
-------------------------------

[test number] should successfully handle input
Request:
{
  "gender": "MALE",
  "total_activity_duration": "THREE_TO_SIX_HOURS",
  "age": 50,
  "weight_today": 30,
  "height": 160,
  "category": "beginner"
}
Response:
{
  "success": false,
  "status": 500,
  "data": "Server Error",
  "timeTaken": 273.989800000003
}
Status code: 500
-------------------------------

[test number] should successfully handle input
Request:
{
  "gender": "MALE",
  "total_activity_duration": "NINE_TO_TWELVE_HOURS",
  "age": 50,
  "weight_today": 113.9,
  "height": 160,
  "category": "advanced"
}
Response:
{
  "success": false,
  "status": 500,
  "data": "Server Error",
  "timeTaken": 727.5613000000012
}
Status code: 500
-------------------------------

[test number] should successfully handle input
Request:
{
  "gender": "FEMALE",
  "total_activity_duration": "SIX_TO_NINE_HOURS",
  "age": 25,
  "weight_today": 70,
  "height": 173,
  "category": "advanced"
}
Response:
{
  "success": false,
  "status": 500,
  "data": "Server Error",
  "timeTaken": 271.0434000000023
}
Status code: 500
-------------------------------

[test number] should successfully handle input
Request:
{
  "gender": "FEMALE",
  "total_activity_duration": "NINE_TO_TWELVE_HOURS",
  "age": 100,
  "weight_today": 150,
  "height": 190,
  "category": "beginner"
}
Response:
{
  "success": false,
  "status": 500,
  "data": "Server Error",
  "timeTaken": 271.6818999999996
}
Status code: 500
-------------------------------

[test number] should successfully handle input
Request:
{
  "gender": "MALE",
  "total_activity_duration": "TWELVE_PLUS_HOURS",
  "age": 75,
  "weight_today": 200,
  "height": 140,
  "category": "beginner"
}
Response:
{
  "success": false,
  "status": 500,
  "data": "Server Error",
  "timeTaken": 279.83500000000276
}
Status code: 500
-------------------------------

[test number] should successfully handle input
Request:
{
  "gender": "MALE",
  "total_activity_duration": "SIX_TO_NINE_HOURS",
  "age": 75,
  "weight_today": 70,
  "height": 173,
  "category": "advanced"
}
Response:
{
  "success": false,
  "status": 500,
  "data": "Server Error",
  "timeTaken": 280.03629999999976
}
Status code: 500
-------------------------------

[test number] should successfully handle input
Request:
{
  "gender": "MALE",
  "total_activity_duration": "ZERO_TO_THREE_HOURS",
  "age": 50,
  "weight_today": 200,
  "height": 173,
  "category": "beginner"
}
Response:
{
  "success": false,
  "status": 500,
  "data": "Server Error",
  "timeTaken": 302.53740000000107
}
Status code: 500
-------------------------------

[test number] should successfully handle input
Request:
{
  "gender": "FEMALE",
  "total_activity_duration": "NINE_TO_TWELVE_HOURS",
  "age": 0,
  "weight_today": 113.9,
  "height": 190,
  "category": "advanced"
}
Response:
{
  "success": false,
  "status": 500,
  "data": "Server Error",
  "timeTaken": 298.2462999999989
}
Status code: 500
-------------------------------

[test number] should successfully handle input
Request:
{
  "gender": "FEMALE",
  "total_activity_duration": "TWELVE_PLUS_HOURS",
  "age": 25,
  "weight_today": 200,
  "height": 140,
  "category": "intermediate"
}
Response:
{
  "success": false,
  "status": 500,
  "data": "Server Error",
  "timeTaken": 281.98259999999937
}
Status code: 500
-------------------------------

[test number] should successfully handle input
Request:
{
  "gender": "MALE",
  "total_activity_duration": "ZERO_TO_THREE_HOURS",
  "age": 100,
  "weight_today": 200,
  "height": 190,
  "category": "advanced"
}
Response:
{
  "success": false,
  "status": 500,
  "data": "Server Error",
  "timeTaken": 290.83330000000205
}
Status code: 500
-------------------------------

[test number] should successfully handle input
Request:
{
  "gender": "FEMALE",
  "total_activity_duration": "TWELVE_PLUS_HOURS",
  "age": 75,
  "weight_today": 200,
  "height": 173,
  "category": "intermediate"
}
Response:
{
  "success": false,
  "status": 500,
  "data": "Server Error",
  "timeTaken": 270.53679999999804
}
Status code: 500
-------------------------------

[test number] should successfully handle input
Request:
{
  "gender": "FEMALE",
  "total_activity_duration": "THREE_TO_SIX_HOURS",
  "age": 0,
  "weight_today": 30,
  "height": 160,
  "category": "advanced"
}
Response:
{
  "success": false,
  "status": 500,
  "data": "Server Error",
  "timeTaken": 276.7301000000007
}
Status code: 500
-------------------------------

[test number] should successfully handle input
Request:
{
  "gender": "FEMALE",
  "total_activity_duration": "ZERO_TO_THREE_HOURS",
  "age": 50,
  "weight_today": 200,
  "height": 210,
  "category": "intermediate"
}
Response:
{
  "success": false,
  "status": 500,
  "data": "Server Error",
  "timeTaken": 279.5078999999969
}
Status code: 500
-------------------------------

[test number] should successfully handle input
Request:
{
  "gender": "FEMALE",
  "total_activity_duration": "ZERO_TO_THREE_HOURS",
  "age": 0,
  "weight_today": 200,
  "height": 173,
  "category": "beginner"
}
Response:
{
  "success": false,
  "status": 500,
  "data": "Server Error",
  "timeTaken": 286.5224999999991
}
Status code: 500
-------------------------------

[test number] should successfully handle input
Request:
{
  "gender": "MALE",
  "total_activity_duration": "THREE_TO_SIX_HOURS",
  "age": 100,
  "weight_today": 30,
  "height": 190,
  "category": "beginner"
}
Response:
{
  "success": false,
  "status": 500,
  "data": "Server Error",
  "timeTaken": 286.4974999999977
}
Status code: 500
-------------------------------

[test number] should successfully handle input
Request:
{
  "gender": "MALE",
  "total_activity_duration": "NINE_TO_TWELVE_HOURS",
  "age": 0,
  "weight_today": 113.9,
  "height": 140,
  "category": "intermediate"
}
Response:
{
  "success": false,
  "status": 500,
  "data": "Server Error",
  "timeTaken": 280.5720000000001
}
Status code: 500
-------------------------------

[test number] should successfully handle input
Request:
{
  "gender": "MALE",
  "total_activity_duration": "ZERO_TO_THREE_HOURS",
  "age": 0,
  "weight_today": 150,
  "height": 210,
  "category": "beginner"
}
Response:
{
  "success": false,
  "status": 500,
  "data": "Server Error",
  "timeTaken": 283.27070000000094
}
Status code: 500
-------------------------------

[test number] should successfully handle input
Request:
{
  "gender": "FEMALE",
  "total_activity_duration": "THREE_TO_SIX_HOURS",
  "age": 50,
  "weight_today": 30,
  "height": 210,
  "category": "intermediate"
}
Response:
{
  "success": false,
  "status": 500,
  "data": "Server Error",
  "timeTaken": 286.2999999999993
}
Status code: 500
-------------------------------

[test number] should successfully handle input
Request:
{
  "gender": "MALE",
  "total_activity_duration": "SIX_TO_NINE_HOURS",
  "age": 25,
  "weight_today": 70,
  "height": 160,
  "category": "intermediate"
}
Response:
{
  "success": false,
  "status": 500,
  "data": "Server Error",
  "timeTaken": 287.8096000000005
}
Status code: 500
-------------------------------

[test number] should successfully handle input
Request:
{
  "gender": "MALE",
  "total_activity_duration": "NINE_TO_TWELVE_HOURS",
  "age": 100,
  "weight_today": 150,
  "height": 140,
  "category": "intermediate"
}
Response:
{
  "success": false,
  "status": 500,
  "data": "Server Error",
  "timeTaken": 275.79409999999916
}
Status code: 500
-------------------------------

[test number] should successfully handle input
Request:
{
  "gender": "FEMALE",
  "total_activity_duration": "NINE_TO_TWELVE_HOURS",
  "age": 50,
  "weight_today": 150,
  "height": 140,
  "category": "intermediate"
}
Response:
{
  "success": false,
  "status": 500,
  "data": "Server Error",
  "timeTaken": 286.6785999999993
}
Status code: 500
-------------------------------

[test number] should successfully handle input
Request:
{
  "gender": "FEMALE",
  "total_activity_duration": "THREE_TO_SIX_HOURS",
  "age": 100,
  "weight_today": 70,
  "height": 160,
  "category": "beginner"
}
Response:
{
  "success": false,
  "status": 500,
  "data": "Server Error",
  "timeTaken": 270.0672000000013
}
Status code: 500
-------------------------------

[test number] should successfully handle input
Request:
{
  "gender": "FEMALE",
  "total_activity_duration": "SIX_TO_NINE_HOURS",
  "age": 75,
  "weight_today": 113.9,
  "height": 160,
  "category": "advanced"
}
Response:
{
  "success": false,
  "status": 500,
  "data": "Server Error",
  "timeTaken": 265.40450000000055
}
Status code: 500
-------------------------------

[test number] should successfully handle input
Request:
{
  "gender": "MALE",
  "total_activity_duration": "TWELVE_PLUS_HOURS",
  "age": 25,
  "weight_today": 150,
  "height": 173,
  "category": "beginner"
}
Response:
{
  "success": false,
  "status": 500,
  "data": "Server Error",
  "timeTaken": 300.72699999999895
}
Status code: 500
-------------------------------

[test number] should successfully handle input
Request:
{
  "gender": "MALE",
  "total_activity_duration": "THREE_TO_SIX_HOURS",
  "age": 50,
  "weight_today": 30,
  "height": 160,
  "category": "intermediate"
}
Response:
{
  "success": false,
  "status": 500,
  "data": "Server Error",
  "timeTaken": 276.26770000000033
}
Status code: 500
-------------------------------

[test number] should successfully handle input
Request:
{
  "gender": "MALE",
  "total_activity_duration": "NINE_TO_TWELVE_HOURS",
  "age": 50,
  "weight_today": 113.9,
  "height": 173,
  "category": "beginner"
}
Response:
{
  "success": false,
  "status": 500,
  "data": "Server Error",
  "timeTaken": 279.6474999999991
}
Status code: 500
-------------------------------

[test number] should successfully handle input
Request:
{
  "gender": "FEMALE",
  "total_activity_duration": "TWELVE_PLUS_HOURS",
  "age": 75,
  "weight_today": 200,
  "height": 173,
  "category": "advanced"
}
Response:
{
  "success": false,
  "status": 500,
  "data": "Server Error",
  "timeTaken": 272.1493999999984
}
Status code: 500
-------------------------------

[test number] should successfully handle input
Request:
{
  "gender": "FEMALE",
  "total_activity_duration": "TWELVE_PLUS_HOURS",
  "age": 25,
  "weight_today": 200,
  "height": 140,
  "category": "advanced"
}
Response:
{
  "success": false,
  "status": 500,
  "data": "Server Error",
  "timeTaken": 281.60549999999785
}
Status code: 500
-------------------------------

[test number] should successfully handle input
Request:
{
  "gender": "MALE",
  "total_activity_duration": "SIX_TO_NINE_HOURS",
  "age": 75,
  "weight_today": 70,
  "height": 190,
  "category": "beginner"
}
Response:
{
  "success": false,
  "status": 500,
  "data": "Server Error",
  "timeTaken": 283.9889000000003
}
Status code: 500
-------------------------------

[test number] should successfully handle input
Request:
{
  "gender": "MALE",
  "total_activity_duration": "TWELVE_PLUS_HOURS",
  "age": 75,
  "weight_today": 200,
  "height": 140,
  "category": "intermediate"
}
Response:
{
  "success": false,
  "status": 500,
  "data": "Server Error",
  "timeTaken": 285.8882999999987
}
Status code: 500
-------------------------------

[test number] should successfully handle input
Request:
{
  "gender": "FEMALE",
  "total_activity_duration": "THREE_TO_SIX_HOURS",
  "age": 0,
  "weight_today": 30,
  "height": 173,
  "category": "beginner"
}
Response:
{
  "success": false,
  "status": 500,
  "data": "Server Error",
  "timeTaken": 292.9279000000024
}
Status code: 500
-------------------------------

[test number] should successfully handle input
Request:
{
  "gender": "MALE",
  "total_activity_duration": "ZERO_TO_THREE_HOURS",
  "age": 100,
  "weight_today": 200,
  "height": 210,
  "category": "beginner"
}
Response:
{
  "success": false,
  "status": 500,
  "data": "Server Error",
  "timeTaken": 293.73149999999805
}
Status code: 500
-------------------------------

[test number] should successfully handle input
Request:
{
  "gender": "MALE",
  "total_activity_duration": "ZERO_TO_THREE_HOURS",
  "age": 50,
  "weight_today": 200,
  "height": 173,
  "category": "intermediate"
}
Response:
{
  "success": false,
  "status": 500,
  "data": "Server Error",
  "timeTaken": 293.96860000000015
}
Status code: 500
-------------------------------

[test number] should successfully handle input
Request:
{
  "gender": "FEMALE",
  "total_activity_duration": "ZERO_TO_THREE_HOURS",
  "age": 0,
  "weight_today": 200,
  "height": 173,
  "category": "intermediate"
}
Response:
{
  "success": false,
  "status": 500,
  "data": "Server Error",
  "timeTaken": 304.0285999999978
}
Status code: 500
-------------------------------

[test number] should successfully handle input
Request:
{
  "gender": "MALE",
  "total_activity_duration": "THREE_TO_SIX_HOURS",
  "age": 100,
  "weight_today": 30,
  "height": 190,
  "category": "intermediate"
}
Response:
{
  "success": false,
  "status": 500,
  "data": "Server Error",
  "timeTaken": 308.536500000002
}
Status code: 500
-------------------------------

[test number] should successfully handle input
Request:
{
  "gender": "FEMALE",
  "total_activity_duration": "NINE_TO_TWELVE_HOURS",
  "age": 0,
  "weight_today": 113.9,
  "height": 210,
  "category": "beginner"
}
Response:
{
  "success": false,
  "status": 500,
  "data": "Server Error",
  "timeTaken": 307.6834000000017
}
Status code: 500
-------------------------------

[test number] should successfully handle input
Request:
{
  "gender": "FEMALE",
  "total_activity_duration": "ZERO_TO_THREE_HOURS",
  "age": 50,
  "weight_today": 200,
  "height": 210,
  "category": "advanced"
}
Response:
{
  "success": false,
  "status": 500,
  "data": "Server Error",
  "timeTaken": 314.6817999999985
}
Status code: 500
-------------------------------

[test number] should successfully handle input
Request:
{
  "gender": "FEMALE",
  "total_activity_duration": "NINE_TO_TWELVE_HOURS",
  "age": 100,
  "weight_today": 150,
  "height": 190,
  "category": "intermediate"
}
Response:
{
  "success": false,
  "status": 500,
  "data": "Server Error",
  "timeTaken": 320.16749999999956
}
Status code: 500
-------------------------------

[test number] should successfully handle input
Request:
{
  "gender": "MALE",
  "total_activity_duration": "ZERO_TO_THREE_HOURS",
  "age": 0,
  "weight_today": 150,
  "height": 210,
  "category": "intermediate"
}
Response:
{
  "success": false,
  "status": 500,
  "data": "Server Error",
  "timeTaken": 284.59119999999893
}
Status code: 500
-------------------------------

[test number] should successfully handle input
Request:
{
  "gender": "MALE",
  "total_activity_duration": "NINE_TO_TWELVE_HOURS",
  "age": 0,
  "weight_today": 113.9,
  "height": 140,
  "category": "advanced"
}
Response:
{
  "success": false,
  "status": 500,
  "data": "Server Error",
  "timeTaken": 284.3352999999988
}
Status code: 500
-------------------------------

[test number] should successfully handle input
Request:
{
  "gender": "MALE",
  "total_activity_duration": "SIX_TO_NINE_HOURS",
  "age": 25,
  "weight_today": 70,
  "height": 160,
  "category": "advanced"
}
Response:
{
  "success": false,
  "status": 500,
  "data": "Server Error",
  "timeTaken": 276.70520000000033
}
Status code: 500
-------------------------------

[test number] should successfully handle input
Request:
{
  "gender": "MALE",
  "total_activity_duration": "NINE_TO_TWELVE_HOURS",
  "age": 100,
  "weight_today": 150,
  "height": 140,
  "category": "advanced"
}
Response:
{
  "success": false,
  "status": 500,
  "data": "Server Error",
  "timeTaken": 277.27820000000065
}
Status code: 500
-------------------------------

[test number] should successfully handle input
Request:
{
  "gender": "FEMALE",
  "total_activity_duration": "THREE_TO_SIX_HOURS",
  "age": 50,
  "weight_today": 30,
  "height": 210,
  "category": "advanced"
}
Response:
{
  "success": false,
  "status": 500,
  "data": "Server Error",
  "timeTaken": 292.82180000000153
}
Status code: 500
-------------------------------

[test number] should successfully handle input
Request:
{
  "gender": "FEMALE",
  "total_activity_duration": "NINE_TO_TWELVE_HOURS",
  "age": 50,
  "weight_today": 150,
  "height": 140,
  "category": "advanced"
}
Response:
{
  "success": false,
  "status": 500,
  "data": "Server Error",
  "timeTaken": 275.27690000000075
}
Status code: 500
-------------------------------

[test number] should successfully handle input
Request:
{
  "gender": "FEMALE",
  "total_activity_duration": "THREE_TO_SIX_HOURS",
  "age": 100,
  "weight_today": 70,
  "height": 160,
  "category": "intermediate"
}
Response:
{
  "success": false,
  "status": 500,
  "data": "Server Error",
  "timeTaken": 267.5794999999998
}
Status code: 500
-------------------------------

[test number] should successfully handle input
Request:
{
  "gender": "FEMALE",
  "total_activity_duration": "SIX_TO_NINE_HOURS",
  "age": 25,
  "weight_today": 70,
  "height": 190,
  "category": "beginner"
}
Response:
{
  "success": false,
  "status": 500,
  "data": "Server Error",
  "timeTaken": 404.2556000000004
}
Status code: 500
-------------------------------

[test number] should successfully handle input
Request:
{
  "gender": "FEMALE",
  "total_activity_duration": "SIX_TO_NINE_HOURS",
  "age": 75,
  "weight_today": 113.9,
  "height": 173,
  "category": "beginner"
}
Response:
{
  "success": false,
  "status": 500,
  "data": "Server Error",
  "timeTaken": 277.6202999999987
}
Status code: 500
-------------------------------

[test number] should successfully handle input
Request:
{
  "gender": "MALE",
  "total_activity_duration": "TWELVE_PLUS_HOURS",
  "age": 25,
  "weight_today": 150,
  "height": 173,
  "category": "intermediate"
}
Response:
{
  "success": false,
  "status": 500,
  "data": "Server Error",
  "timeTaken": 279.39380000000165
}
Status code: 500
-------------------------------

[test number] should successfully handle input
Request:
{
  "gender": "MALE",
  "total_activity_duration": "THREE_TO_SIX_HOURS",
  "age": 50,
  "weight_today": 30,
  "height": 160,
  "category": "advanced"
}
Response:
{
  "success": false,
  "status": 500,
  "data": "Server Error",
  "timeTaken": 298.91029999999955
}
Status code: 500
-------------------------------

[test number] should successfully handle input
Request:
{
  "gender": "MALE",
  "total_activity_duration": "NINE_TO_TWELVE_HOURS",
  "age": 50,
  "weight_today": 113.9,
  "height": 173,
  "category": "intermediate"
}
Response:
{
  "success": false,
  "status": 500,
  "data": "Server Error",
  "timeTaken": 284.54049999999916
}
Status code: 500
-------------------------------

[test number] should successfully handle input
Request:
{
  "gender": "FEMALE",
  "total_activity_duration": "TWELVE_PLUS_HOURS",
  "age": 25,
  "weight_today": 200,
  "height": 160,
  "category": "beginner"
}
Response:
{
  "success": false,
  "status": 500,
  "data": "Server Error",
  "timeTaken": 273.14390000000276
}
Status code: 500
-------------------------------

[test number] should successfully handle input
Request:
{
  "gender": "FEMALE",
  "total_activity_duration": "TWELVE_PLUS_HOURS",
  "age": 75,
  "weight_today": 200,
  "height": 190,
  "category": "beginner"
}
Response:
{
  "success": false,
  "status": 500,
  "data": "Server Error",
  "timeTaken": 283.89270000000033
}
Status code: 500
-------------------------------

[test number] should successfully handle input
Request:
{
  "gender": "MALE",
  "total_activity_duration": "ZERO_TO_THREE_HOURS",
  "age": 100,
  "weight_today": 200,
  "height": 210,
  "category": "intermediate"
}
Response:
{
  "success": false,
  "status": 500,
  "data": "Server Error",
  "timeTaken": 275.72220000000016
}
Status code: 500
-------------------------------

[test number] should successfully handle input
Request:
{
  "gender": "MALE",
  "total_activity_duration": "ZERO_TO_THREE_HOURS",
  "age": 50,
  "weight_today": 200,
  "height": 173,
  "category": "advanced"
}
Response:
{
  "success": false,
  "status": 500,
  "data": "Server Error",
  "timeTaken": 276.5182999999997
}
Status code: 500
-------------------------------

[test number] should successfully handle input
Request:
{
  "gender": "MALE",
  "total_activity_duration": "SIX_TO_NINE_HOURS",
  "age": 75,
  "weight_today": 70,
  "height": 190,
  "category": "intermediate"
}
Response:
{
  "success": false,
  "status": 500,
  "data": "Server Error",
  "timeTaken": 299.15200000000186
}
Status code: 500
-------------------------------

[test number] should successfully handle input
Request:
{
  "gender": "MALE",
  "total_activity_duration": "TWELVE_PLUS_HOURS",
  "age": 75,
  "weight_today": 200,
  "height": 140,
  "category": "advanced"
}
Response:
{
  "success": false,
  "status": 500,
  "data": "Server Error",
  "timeTaken": 297.20690000000104
}
Status code: 500
-------------------------------

[test number] should successfully handle input
Request:
{
  "gender": "FEMALE",
  "total_activity_duration": "ZERO_TO_THREE_HOURS",
  "age": 0,
  "weight_today": 200,
  "height": 173,
  "category": "advanced"
}
Response:
{
  "success": false,
  "status": 500,
  "data": "Server Error",
  "timeTaken": 284.3400999999976
}
Status code: 500
-------------------------------

[test number] should successfully handle input
Request:
{
  "gender": "MALE",
  "total_activity_duration": "THREE_TO_SIX_HOURS",
  "age": 100,
  "weight_today": 30,
  "height": 190,
  "category": "advanced"
}
Response:
{
  "success": false,
  "status": 500,
  "data": "Server Error",
  "timeTaken": 284.0650000000023
}
Status code: 500
-------------------------------

[test number] should successfully handle input
Request:
{
  "gender": "FEMALE",
  "total_activity_duration": "THREE_TO_SIX_HOURS",
  "age": 0,
  "weight_today": 30,
  "height": 173,
  "category": "intermediate"
}
Response:
{
  "success": false,
  "status": 500,
  "data": "Server Error",
  "timeTaken": 298.62660000000324
}
Status code: 500
-------------------------------

[test number] should successfully handle input
Request:
{
  "gender": "FEMALE",
  "total_activity_duration": "ZERO_TO_THREE_HOURS",
  "age": 75,
  "weight_today": 30,
  "height": 140,
  "category": "beginner"
}
Response:
{
  "success": false,
  "status": 500,
  "data": "Server Error",
  "timeTaken": 280.2465000000011
}
Status code: 500
-------------------------------

[test number] should successfully handle input
Request:
{
  "gender": "FEMALE",
  "total_activity_duration": "NINE_TO_TWELVE_HOURS",
  "age": 100,
  "weight_today": 150,
  "height": 190,
  "category": "advanced"
}
Response:
{
  "success": false,
  "status": 500,
  "data": "Server Error",
  "timeTaken": 281.3101999999999
}
Status code: 500
-------------------------------

[test number] should successfully handle input
Request:
{
  "gender": "FEMALE",
  "total_activity_duration": "NINE_TO_TWELVE_HOURS",
  "age": 0,
  "weight_today": 113.9,
  "height": 210,
  "category": "intermediate"
}
Response:
{
  "success": false,
  "status": 500,
  "data": "Server Error",
  "timeTaken": 300.40769999999975
}
Status code: 500
-------------------------------

[test number] should successfully handle input
Request:
{
  "gender": "MALE",
  "total_activity_duration": "ZERO_TO_THREE_HOURS",
  "age": 0,
  "weight_today": 150,
  "height": 210,
  "category": "advanced"
}
Response:
{
  "success": false,
  "status": 500,
  "data": "Server Error",
  "timeTaken": 305.6323000000011
}
Status code: 500
-------------------------------

[test number] should successfully handle input
Request:
{
  "gender": "MALE",
  "total_activity_duration": "NINE_TO_TWELVE_HOURS",
  "age": 0,
  "weight_today": 113.9,
  "height": 160,
  "category": "beginner"
}
Response:
{
  "success": false,
  "status": 500,
  "data": "Server Error",
  "timeTaken": 308.82630000000063
}
Status code: 500
-------------------------------

[test number] should successfully handle input
Request:
{
  "gender": "MALE",
  "total_activity_duration": "NINE_TO_TWELVE_HOURS",
  "age": 100,
  "weight_today": 150,
  "height": 160,
  "category": "beginner"
}
Response:
{
  "success": false,
  "status": 500,
  "data": "Server Error",
  "timeTaken": 277.4180000000015
}
Status code: 500
-------------------------------

[test number] should successfully handle input
Request:
{
  "gender": "FEMALE",
  "total_activity_duration": "THREE_TO_SIX_HOURS",
  "age": 50,
  "weight_today": 70,
  "height": 140,
  "category": "beginner"
}
Response:
{
  "success": false,
  "status": 500,
  "data": "Server Error",
  "timeTaken": 278.9108000000015
}
Status code: 500
-------------------------------

[test number] should successfully handle input
Request:
{
  "gender": "MALE",
  "total_activity_duration": "SIX_TO_NINE_HOURS",
  "age": 25,
  "weight_today": 70,
  "height": 173,
  "category": "beginner"
}
Response:
{
  "success": false,
  "status": 500,
  "data": "Server Error",
  "timeTaken": 289.1710000000021
}
Status code: 500
-------------------------------

[test number] should successfully handle input
Request:
{
  "gender": "FEMALE",
  "total_activity_duration": "NINE_TO_TWELVE_HOURS",
  "age": 50,
  "weight_today": 150,
  "height": 160,
  "category": "beginner"
}
Response:
{
  "success": false,
  "status": 500,
  "data": "Server Error",
  "timeTaken": 286.5059999999976
}
Status code: 500
-------------------------------

[test number] should successfully handle input
Request:
{
  "gender": "FEMALE",
  "total_activity_duration": "THREE_TO_SIX_HOURS",
  "age": 100,
  "weight_today": 70,
  "height": 160,
  "category": "advanced"
}
Response:
{
  "success": false,
  "status": 500,
  "data": "Server Error",
  "timeTaken": 282.8679000000011
}
Status code: 500
-------------------------------

[test number] should successfully handle input
Request:
{
  "gender": "FEMALE",
  "total_activity_duration": "SIX_TO_NINE_HOURS",
  "age": 25,
  "weight_today": 70,
  "height": 190,
  "category": "intermediate"
}
Response:
{
  "success": false,
  "status": 500,
  "data": "Server Error",
  "timeTaken": 276.52500000000146
}
Status code: 500
-------------------------------

[test number] should successfully handle input
Request:
{
  "gender": "MALE",
  "total_activity_duration": "TWELVE_PLUS_HOURS",
  "age": 25,
  "weight_today": 150,
  "height": 173,
  "category": "advanced"
}
Response:
{
  "success": false,
  "status": 500,
  "data": "Server Error",
  "timeTaken": 291.52869999999893
}
Status code: 500
-------------------------------

[test number] should successfully handle input
Request:
{
  "gender": "MALE",
  "total_activity_duration": "THREE_TO_SIX_HOURS",
  "age": 50,
  "weight_today": 30,
  "height": 173,
  "category": "beginner"
}
Response:
{
  "success": false,
  "status": 500,
  "data": "Server Error",
  "timeTaken": 297.7955000000002
}
Status code: 500
-------------------------------

[test number] should successfully handle input
Request:
{
  "gender": "MALE",
  "total_activity_duration": "NINE_TO_TWELVE_HOURS",
  "age": 50,
  "weight_today": 113.9,
  "height": 173,
  "category": "advanced"
}
Response:
{
  "success": false,
  "status": 500,
  "data": "Server Error",
  "timeTaken": 279.08799999999974
}
Status code: 500
-------------------------------

[test number] should successfully handle input
Request:
{
  "gender": "FEMALE",
  "total_activity_duration": "TWELVE_PLUS_HOURS",
  "age": 75,
  "weight_today": 200,
  "height": 190,
  "category": "intermediate"
}
Response:
{
  "success": false,
  "status": 500,
  "data": "Server Error",
  "timeTaken": 276.46889999999985
}
Status code: 500
-------------------------------

[test number] should successfully handle input
Request:
{
  "gender": "FEMALE",
  "total_activity_duration": "SIX_TO_NINE_HOURS",
  "age": 75,
  "weight_today": 113.9,
  "height": 173,
  "category": "intermediate"
}
Response:
{
  "success": false,
  "status": 500,
  "data": "Server Error",
  "timeTaken": 425.17639999999665
}
Status code: 500
-------------------------------

[test number] should successfully handle input
Request:
{
  "gender": "MALE",
  "total_activity_duration": "ZERO_TO_THREE_HOURS",
  "age": 50,
  "weight_today": 200,
  "height": 190,
  "category": "beginner"
}
Response:
{
  "success": false,
  "status": 500,
  "data": "Server Error",
  "timeTaken": 273.8993999999984
}
Status code: 500
-------------------------------

[test number] should successfully handle input
Request:
{
  "gender": "FEMALE",
  "total_activity_duration": "TWELVE_PLUS_HOURS",
  "age": 25,
  "weight_today": 200,
  "height": 160,
  "category": "intermediate"
}
Response:
{
  "success": false,
  "status": 500,
  "data": "Server Error",
  "timeTaken": 291.5745999999999
}
Status code: 500
-------------------------------

[test number] should successfully handle input
Request:
{
  "gender": "MALE",
  "total_activity_duration": "THREE_TO_SIX_HOURS",
  "age": 100,
  "weight_today": 30,
  "height": 210,
  "category": "beginner"
}
Response:
{
  "success": false,
  "status": 500,
  "data": "Server Error",
  "timeTaken": 277.10689999999886
}
Status code: 500
-------------------------------

[test number] should successfully handle input
Request:
{
  "gender": "MALE",
  "total_activity_duration": "ZERO_TO_THREE_HOURS",
  "age": 100,
  "weight_today": 200,
  "height": 210,
  "category": "advanced"
}
Response:
{
  "success": false,
  "status": 500,
  "data": "Server Error",
  "timeTaken": 305.28059999999823
}
Status code: 500
-------------------------------

[test number] should successfully handle input
Request:
{
  "gender": "FEMALE",
  "total_activity_duration": "NINE_TO_TWELVE_HOURS",
  "age": 100,
  "weight_today": 150,
  "height": 210,
  "category": "beginner"
}
Response:
{
  "success": false,
  "status": 500,
  "data": "Server Error",
  "timeTaken": 277.83460000000196
}
Status code: 500
-------------------------------

[test number] should successfully handle input
Request:
{
  "gender": "FEMALE",
  "total_activity_duration": "ZERO_TO_THREE_HOURS",
  "age": 75,
  "weight_today": 30,
  "height": 140,
  "category": "intermediate"
}
Response:
{
  "success": false,
  "status": 500,
  "data": "Server Error",
  "timeTaken": 290.09539999999834
}
Status code: 500
-------------------------------

[test number] should successfully handle input
Request:
{
  "gender": "FEMALE",
  "total_activity_duration": "ZERO_TO_THREE_HOURS",
  "age": 0,
  "weight_today": 200,
  "height": 190,
  "category": "beginner"
}
Response:
{
  "success": false,
  "status": 500,
  "data": "Server Error",
  "timeTaken": 296.53299999999945
}
Status code: 500
-------------------------------

[test number] should successfully handle input
Request:
{
  "gender": "MALE",
  "total_activity_duration": "TWELVE_PLUS_HOURS",
  "age": 75,
  "weight_today": 200,
  "height": 160,
  "category": "beginner"
}
Response:
{
  "success": false,
  "status": 500,
  "data": "Server Error",
  "timeTaken": 296.73619999999937
}
Status code: 500
-------------------------------

[test number] should successfully handle input
Request:
{
  "gender": "MALE",
  "total_activity_duration": "SIX_TO_NINE_HOURS",
  "age": 75,
  "weight_today": 70,
  "height": 190,
  "category": "advanced"
}
Response:
{
  "success": false,
  "status": 500,
  "data": "Server Error",
  "timeTaken": 331.53540000000066
}
Status code: 500
-------------------------------

[test number] should successfully handle input
Request:
{
  "gender": "FEMALE",
  "total_activity_duration": "THREE_TO_SIX_HOURS",
  "age": 0,
  "weight_today": 30,
  "height": 173,
  "category": "advanced"
}
Response:
{
  "success": false,
  "status": 500,
  "data": "Server Error",
  "timeTaken": 337.90999999999985
}
Status code: 500
-------------------------------

[test number] should successfully handle input
Request:
{
  "gender": "FEMALE",
  "total_activity_duration": "NINE_TO_TWELVE_HOURS",
  "age": 0,
  "weight_today": 113.9,
  "height": 210,
  "category": "advanced"
}
Response:
{
  "success": false,
  "status": 500,
  "data": "Server Error",
  "timeTaken": 322.6544999999969
}
Status code: 500
-------------------------------

[test number] should successfully handle input
Request:
{
  "gender": "MALE",
  "total_activity_duration": "ZERO_TO_THREE_HOURS",
  "age": 0,
  "weight_today": 200,
  "height": 140,
  "category": "beginner"
}
Response:
{
  "success": false,
  "status": 500,
  "data": "Server Error",
  "timeTaken": 296.59799999999814
}
Status code: 500
-------------------------------

[test number] should successfully handle input
Request:
{
  "gender": "MALE",
  "total_activity_duration": "SIX_TO_NINE_HOURS",
  "age": 25,
  "weight_today": 70,
  "height": 173,
  "category": "intermediate"
}
Response:
{
  "success": false,
  "status": 500,
  "data": "Server Error",
  "timeTaken": 291.0868999999984
}
Status code: 500
-------------------------------

[test number] should successfully handle input
Request:
{
  "gender": "MALE",
  "total_activity_duration": "NINE_TO_TWELVE_HOURS",
  "age": 100,
  "weight_today": 150,
  "height": 160,
  "category": "intermediate"
}
Response:
{
  "success": false,
  "status": 500,
  "data": "Server Error",
  "timeTaken": 310.98389999999927
}
Status code: 500
-------------------------------

[test number] should successfully handle input
Request:
{
  "gender": "MALE",
  "total_activity_duration": "NINE_TO_TWELVE_HOURS",
  "age": 0,
  "weight_today": 113.9,
  "height": 160,
  "category": "intermediate"
}
Response:
{
  "success": false,
  "status": 500,
  "data": "Server Error",
  "timeTaken": 313.96080000000075
}
Status code: 500
-------------------------------

[test number] should successfully handle input
Request:
{
  "gender": "FEMALE",
  "total_activity_duration": "THREE_TO_SIX_HOURS",
  "age": 50,
  "weight_today": 70,
  "height": 140,
  "category": "intermediate"
}
Response:
{
  "success": false,
  "status": 500,
  "data": "Server Error",
  "timeTaken": 313.3021000000008
}
Status code: 500
-------------------------------

[test number] should successfully handle input
Request:
{
  "gender": "FEMALE",
  "total_activity_duration": "NINE_TO_TWELVE_HOURS",
  "age": 50,
  "weight_today": 150,
  "height": 160,
  "category": "intermediate"
}
Response:
{
  "success": false,
  "status": 500,
  "data": "Server Error",
  "timeTaken": 300.3044000000009
}
Status code: 500
-------------------------------

[test number] should successfully handle input
Request:
{
  "gender": "FEMALE",
  "total_activity_duration": "THREE_TO_SIX_HOURS",
  "age": 100,
  "weight_today": 70,
  "height": 173,
  "category": "beginner"
}
Response:
{
  "success": false,
  "status": 500,
  "data": "Server Error",
  "timeTaken": 349.41899999999805
}
Status code: 500
-------------------------------

[test number] should successfully handle input
Request:
{
  "gender": "FEMALE",
  "total_activity_duration": "SIX_TO_NINE_HOURS",
  "age": 25,
  "weight_today": 70,
  "height": 190,
  "category": "advanced"
}
Response:
{
  "success": false,
  "status": 500,
  "data": "Server Error",
  "timeTaken": 354.03229999999894
}
Status code: 500
-------------------------------

[test number] should successfully handle input
Request:
{
  "gender": "MALE",
  "total_activity_duration": "TWELVE_PLUS_HOURS",
  "age": 25,
  "weight_today": 150,
  "height": 190,
  "category": "beginner"
}
Response:
{
  "success": false,
  "status": 500,
  "data": "Server Error",
  "timeTaken": 307.8806000000004
}
Status code: 500
-------------------------------

[test number] should successfully handle input
Request:
{
  "gender": "MALE",
  "total_activity_duration": "NINE_TO_TWELVE_HOURS",
  "age": 50,
  "weight_today": 113.9,
  "height": 190,
  "category": "beginner"
}
Response:
{
  "success": false,
  "status": 500,
  "data": "Server Error",
  "timeTaken": 273.66489999999976
}
Status code: 500
-------------------------------

[test number] should successfully handle input
Request:
{
  "gender": "MALE",
  "total_activity_duration": "THREE_TO_SIX_HOURS",
  "age": 50,
  "weight_today": 30,
  "height": 173,
  "category": "intermediate"
}
Response:
{
  "success": false,
  "status": 500,
  "data": "Server Error",
  "timeTaken": 285.8899999999994
}
Status code: 500
-------------------------------

[test number] should successfully handle input
Request:
{
  "gender": "MALE",
  "total_activity_duration": "ZERO_TO_THREE_HOURS",
  "age": 50,
  "weight_today": 200,
  "height": 190,
  "category": "intermediate"
}
Response:
{
  "success": false,
  "status": 500,
  "data": "Server Error",
  "timeTaken": 278.7403000000013
}
Status code: 500
-------------------------------

[test number] should successfully handle input
Request:
{
  "gender": "FEMALE",
  "total_activity_duration": "TWELVE_PLUS_HOURS",
  "age": 25,
  "weight_today": 200,
  "height": 160,
  "category": "advanced"
}
Response:
{
  "success": false,
  "status": 500,
  "data": "Server Error",
  "timeTaken": 285.2927000000018
}
Status code: 500
-------------------------------

[test number] should successfully handle input
Request:
{
  "gender": "FEMALE",
  "total_activity_duration": "SIX_TO_NINE_HOURS",
  "age": 75,
  "weight_today": 113.9,
  "height": 173,
  "category": "advanced"
}
Response:
{
  "success": false,
  "status": 500,
  "data": "Server Error",
  "timeTaken": 294.5541999999987
}
Status code: 500
-------------------------------

[test number] should successfully handle input
Request:
{
  "gender": "FEMALE",
  "total_activity_duration": "TWELVE_PLUS_HOURS",
  "age": 75,
  "weight_today": 200,
  "height": 190,
  "category": "advanced"
}
Response:
{
  "success": false,
  "status": 500,
  "data": "Server Error",
  "timeTaken": 300.3964999999989
}
Status code: 500
-------------------------------

[test number] should successfully handle input
Request:
{
  "gender": "FEMALE",
  "total_activity_duration": "NINE_TO_TWELVE_HOURS",
  "age": 100,
  "weight_today": 150,
  "height": 210,
  "category": "intermediate"
}
Response:
{
  "success": false,
  "status": 500,
  "data": "Server Error",
  "timeTaken": 272.4847000000009
}
Status code: 500
-------------------------------

[test number] should successfully handle input
Request:
{
  "gender": "MALE",
  "total_activity_duration": "THREE_TO_SIX_HOURS",
  "age": 0,
  "weight_today": 30,
  "height": 140,
  "category": "beginner"
}
Response:
{
  "success": false,
  "status": 500,
  "data": "Server Error",
  "timeTaken": 280.6116000000002
}
Status code: 500
-------------------------------

[test number] should successfully handle input
Request:
{
  "gender": "MALE",
  "total_activity_duration": "THREE_TO_SIX_HOURS",
  "age": 100,
  "weight_today": 30,
  "height": 210,
  "category": "intermediate"
}
Response:
{
  "success": false,
  "status": 500,
  "data": "Server Error",
  "timeTaken": 284.8087000000014
}
Status code: 500
-------------------------------

[test number] should successfully handle input
Request:
{
  "gender": "MALE",
  "total_activity_duration": "TWELVE_PLUS_HOURS",
  "age": 75,
  "weight_today": 200,
  "height": 160,
  "category": "intermediate"
}
Response:
{
  "success": false,
  "status": 500,
  "data": "Server Error",
  "timeTaken": 273.4649000000027
}
Status code: 500
-------------------------------

[test number] should successfully handle input
Request:
{
  "gender": "FEMALE",
  "total_activity_duration": "ZERO_TO_THREE_HOURS",
  "age": 75,
  "weight_today": 30,
  "height": 140,
  "category": "advanced"
}
Response:
{
  "success": false,
  "status": 500,
  "data": "Server Error",
  "timeTaken": 277.28679999999804
}
Status code: 500
-------------------------------

[test number] should successfully handle input
Request:
{
  "gender": "FEMALE",
  "total_activity_duration": "ZERO_TO_THREE_HOURS",
  "age": 0,
  "weight_today": 200,
  "height": 190,
  "category": "intermediate"
}
Response:
{
  "success": false,
  "status": 500,
  "data": "Server Error",
  "timeTaken": 284.04769999999917
}
Status code: 500
-------------------------------

[test number] should successfully handle input
Request:
{
  "gender": "MALE",
  "total_activity_duration": "SIX_TO_NINE_HOURS",
  "age": 75,
  "weight_today": 70,
  "height": 210,
  "category": "beginner"
}
Response:
{
  "success": false,
  "status": 500,
  "data": "Server Error",
  "timeTaken": 269.9297000000006
}
Status code: 500
-------------------------------

[test number] should successfully handle input
Request:
{
  "gender": "FEMALE",
  "total_activity_duration": "THREE_TO_SIX_HOURS",
  "age": 0,
  "weight_today": 30,
  "height": 190,
  "category": "beginner"
}
Response:
{
  "success": false,
  "status": 500,
  "data": "Server Error",
  "timeTaken": 284.9759000000013
}
Status code: 500
-------------------------------

[test number] should successfully handle input
Request:
{
  "gender": "MALE",
  "total_activity_duration": "ZERO_TO_THREE_HOURS",
  "age": 0,
  "weight_today": 200,
  "height": 140,
  "category": "intermediate"
}
Response:
{
  "success": false,
  "status": 500,
  "data": "Server Error",
  "timeTaken": 276.5777999999991
}
Status code: 500
-------------------------------

[test number] should successfully handle input
Request:
{
  "gender": "MALE",
  "total_activity_duration": "SIX_TO_NINE_HOURS",
  "age": 25,
  "weight_today": 70,
  "height": 173,
  "category": "advanced"
}
Response:
{
  "success": false,
  "status": 500,
  "data": "Server Error",
  "timeTaken": 282.8925999999992
}
Status code: 500
-------------------------------

[test number] should successfully handle input
Request:
{
  "gender": "MALE",
  "total_activity_duration": "NINE_TO_TWELVE_HOURS",
  "age": 100,
  "weight_today": 150,
  "height": 160,
  "category": "advanced"
}
Response:
{
  "success": false,
  "status": 500,
  "data": "Server Error",
  "timeTaken": 270.15380000000005
}
Status code: 500
-------------------------------

[test number] should successfully handle input
Request:
{
  "gender": "FEMALE",
  "total_activity_duration": "NINE_TO_TWELVE_HOURS",
  "age": 0,
  "weight_today": 150,
  "height": 140,
  "category": "beginner"
}
Response:
{
  "success": false,
  "status": 500,
  "data": "Server Error",
  "timeTaken": 297.6875
}
Status code: 500
-------------------------------

[test number] should successfully handle input
Request:
{
  "gender": "MALE",
  "total_activity_duration": "NINE_TO_TWELVE_HOURS",
  "age": 0,
  "weight_today": 113.9,
  "height": 160,
  "category": "advanced"
}
Response:
{
  "success": false,
  "status": 500,
  "data": "Server Error",
  "timeTaken": 279.45140000000174
}
Status code: 500
-------------------------------

[test number] should successfully handle input
Request:
{
  "gender": "FEMALE",
  "total_activity_duration": "NINE_TO_TWELVE_HOURS",
  "age": 50,
  "weight_today": 150,
  "height": 160,
  "category": "advanced"
}
Response:
{
  "success": false,
  "status": 500,
  "data": "Server Error",
  "timeTaken": 280.43689999999697
}
Status code: 500
-------------------------------

[test number] should successfully handle input
Request:
{
  "gender": "FEMALE",
  "total_activity_duration": "THREE_TO_SIX_HOURS",
  "age": 50,
  "weight_today": 70,
  "height": 140,
  "category": "advanced"
}
Response:
{
  "success": false,
  "status": 500,
  "data": "Server Error",
  "timeTaken": 298.543700000002
}
Status code: 500
-------------------------------

[test number] should successfully handle input
Request:
{
  "gender": "FEMALE",
  "total_activity_duration": "THREE_TO_SIX_HOURS",
  "age": 100,
  "weight_today": 70,
  "height": 173,
  "category": "intermediate"
}
Response:
{
  "success": false,
  "status": 500,
  "data": "Server Error",
  "timeTaken": 279.28480000000127
}
Status code: 500
-------------------------------

[test number] should successfully handle input
Request:
{
  "gender": "FEMALE",
  "total_activity_duration": "SIX_TO_NINE_HOURS",
  "age": 25,
  "weight_today": 70,
  "height": 210,
  "category": "beginner"
}
Response:
{
  "success": false,
  "status": 500,
  "data": "Server Error",
  "timeTaken": 285.2690999999977
}
Status code: 500
-------------------------------

[test number] should successfully handle input
Request:
{
  "gender": "MALE",
  "total_activity_duration": "TWELVE_PLUS_HOURS",
  "age": 25,
  "weight_today": 150,
  "height": 190,
  "category": "intermediate"
}
Response:
{
  "success": false,
  "status": 500,
  "data": "Server Error",
  "timeTaken": 288.90620000000126
}
Status code: 500
-------------------------------

[test number] should successfully handle input
Request:
{
  "gender": "MALE",
  "total_activity_duration": "THREE_TO_SIX_HOURS",
  "age": 50,
  "weight_today": 30,
  "height": 173,
  "category": "advanced"
}
Response:
{
  "success": false,
  "status": 500,
  "data": "Server Error",
  "timeTaken": 274.27230000000054
}
Status code: 500
-------------------------------

[test number] should successfully handle input
Request:
{
  "gender": "MALE",
  "total_activity_duration": "NINE_TO_TWELVE_HOURS",
  "age": 50,
  "weight_today": 113.9,
  "height": 190,
  "category": "intermediate"
}
Response:
{
  "success": false,
  "status": 500,
  "data": "Server Error",
  "timeTaken": 285.2360000000008
}
Status code: 500
-------------------------------

[test number] should successfully handle input
Request:
{
  "gender": "MALE",
  "total_activity_duration": "ZERO_TO_THREE_HOURS",
  "age": 50,
  "weight_today": 200,
  "height": 190,
  "category": "advanced"
}
Response:
{
  "success": false,
  "status": 500,
  "data": "Server Error",
  "timeTaken": 273.895999999997
}
Status code: 500
-------------------------------

[test number] should successfully handle input
Request:
{
  "gender": "FEMALE",
  "total_activity_duration": "TWELVE_PLUS_HOURS",
  "age": 25,
  "weight_today": 200,
  "height": 173,
  "category": "beginner"
}
Response:
{
  "success": false,
  "status": 500,
  "data": "Server Error",
  "timeTaken": 276.079099999999
}
Status code: 500
-------------------------------

[test number] should successfully handle input
Request:
{
  "gender": "FEMALE",
  "total_activity_duration": "TWELVE_PLUS_HOURS",
  "age": 75,
  "weight_today": 200,
  "height": 210,
  "category": "beginner"
}
Response:
{
  "success": false,
  "status": 500,
  "data": "Server Error",
  "timeTaken": 274.5878999999986
}
Status code: 500
-------------------------------

[test number] should successfully handle input
Request:
{
  "gender": "FEMALE",
  "total_activity_duration": "SIX_TO_NINE_HOURS",
  "age": 75,
  "weight_today": 113.9,
  "height": 190,
  "category": "beginner"
}
Response:
{
  "success": false,
  "status": 500,
  "data": "Server Error",
  "timeTaken": 278.91589999999997
}
Status code: 500
-------------------------------

[test number] should successfully handle input
Request:
{
  "gender": "MALE",
  "total_activity_duration": "THREE_TO_SIX_HOURS",
  "age": 0,
  "weight_today": 30,
  "height": 140,
  "category": "intermediate"
}
Response:
{
  "success": false,
  "status": 500,
  "data": "Server Error",
  "timeTaken": 280.1211000000003
}
Status code: 500
-------------------------------

[test number] should successfully handle input
Request:
{
  "gender": "MALE",
  "total_activity_duration": "TWELVE_PLUS_HOURS",
  "age": 75,
  "weight_today": 200,
  "height": 160,
  "category": "advanced"
}
Response:
{
  "success": false,
  "status": 500,
  "data": "Server Error",
  "timeTaken": 279.9367999999995
}
Status code: 500
-------------------------------

[test number] should successfully handle input
Request:
{
  "gender": "FEMALE",
  "total_activity_duration": "ZERO_TO_THREE_HOURS",
  "age": 75,
  "weight_today": 30,
  "height": 160,
  "category": "beginner"
}
Response:
{
  "success": false,
  "status": 500,
  "data": "Server Error",
  "timeTaken": 276.0753999999979
}
Status code: 500
-------------------------------

[test number] should successfully handle input
Request:
{
  "gender": "FEMALE",
  "total_activity_duration": "NINE_TO_TWELVE_HOURS",
  "age": 100,
  "weight_today": 150,
  "height": 210,
  "category": "advanced"
}
Response:
{
  "success": false,
  "status": 500,
  "data": "Server Error",
  "timeTaken": 297.85879999999815
}
Status code: 500
-------------------------------

[test number] should successfully handle input
Request:
{
  "gender": "FEMALE",
  "total_activity_duration": "ZERO_TO_THREE_HOURS",
  "age": 0,
  "weight_today": 200,
  "height": 190,
  "category": "advanced"
}
Response:
{
  "success": false,
  "status": 500,
  "data": "Server Error",
  "timeTaken": 282.23349999999846
}
Status code: 500
-------------------------------

[test number] should successfully handle input
Request:
{
  "gender": "MALE",
  "total_activity_duration": "SIX_TO_NINE_HOURS",
  "age": 75,
  "weight_today": 70,
  "height": 210,
  "category": "intermediate"
}
Response:
{
  "success": false,
  "status": 500,
  "data": "Server Error",
  "timeTaken": 273.2286000000022
}
Status code: 500
-------------------------------

[test number] should successfully handle input
Request:
{
  "gender": "MALE",
  "total_activity_duration": "THREE_TO_SIX_HOURS",
  "age": 100,
  "weight_today": 30,
  "height": 210,
  "category": "advanced"
}
Response:
{
  "success": false,
  "status": 500,
  "data": "Server Error",
  "timeTaken": 332.8153999999995
}
Status code: 500
-------------------------------

[test number] should successfully handle input
Request:
{
  "gender": "FEMALE",
  "total_activity_duration": "THREE_TO_SIX_HOURS",
  "age": 0,
  "weight_today": 30,
  "height": 190,
  "category": "intermediate"
}
Response:
{
  "success": false,
  "status": 500,
  "data": "Server Error",
  "timeTaken": 296.98769999999786
}
Status code: 500
-------------------------------

[test number] should successfully handle input
Request:
{
  "gender": "MALE",
  "total_activity_duration": "NINE_TO_TWELVE_HOURS",
  "age": 100,
  "weight_today": 150,
  "height": 173,
  "category": "beginner"
}
Response:
{
  "success": false,
  "status": 500,
  "data": "Server Error",
  "timeTaken": 296.7407999999996
}
Status code: 500
-------------------------------

[test number] should successfully handle input
Request:
{
  "gender": "MALE",
  "total_activity_duration": "ZERO_TO_THREE_HOURS",
  "age": 0,
  "weight_today": 200,
  "height": 140,
  "category": "advanced"
}
Response:
{
  "success": false,
  "status": 500,
  "data": "Server Error",
  "timeTaken": 304.90859999999884
}
Status code: 500
-------------------------------

[test number] should successfully handle input
Request:
{
  "gender": "MALE",
  "total_activity_duration": "NINE_TO_TWELVE_HOURS",
  "age": 0,
  "weight_today": 113.9,
  "height": 173,
  "category": "beginner"
}
Response:
{
  "success": false,
  "status": 500,
  "data": "Server Error",
  "timeTaken": 294.32250000000204
}
Status code: 500
-------------------------------

[test number] should successfully handle input
Request:
{
  "gender": "MALE",
  "total_activity_duration": "SIX_TO_NINE_HOURS",
  "age": 25,
  "weight_today": 70,
  "height": 190,
  "category": "beginner"
}
Response:
{
  "success": false,
  "status": 500,
  "data": "Server Error",
  "timeTaken": 308.2518999999993
}
Status code: 500
-------------------------------

[test number] should successfully handle input
Request:
{
  "gender": "FEMALE",
  "total_activity_duration": "NINE_TO_TWELVE_HOURS",
  "age": 0,
  "weight_today": 150,
  "height": 140,
  "category": "intermediate"
}
Response:
{
  "success": false,
  "status": 500,
  "data": "Server Error",
  "timeTaken": 305.8493000000017
}
Status code: 500
-------------------------------

[test number] should successfully handle input
Request:
{
  "gender": "FEMALE",
  "total_activity_duration": "NINE_TO_TWELVE_HOURS",
  "age": 50,
  "weight_today": 150,
  "height": 173,
  "category": "beginner"
}
Response:
{
  "success": false,
  "status": 500,
  "data": "Server Error",
  "timeTaken": 293.99649999999747
}
Status code: 500
-------------------------------

[test number] should successfully handle input
Request:
{
  "gender": "FEMALE",
  "total_activity_duration": "THREE_TO_SIX_HOURS",
  "age": 50,
  "weight_today": 70,
  "height": 160,
  "category": "beginner"
}
Response:
{
  "success": false,
  "status": 500,
  "data": "Server Error",
  "timeTaken": 305.52990000000136
}
Status code: 500
-------------------------------

[test number] should successfully handle input
Request:
{
  "gender": "FEMALE",
  "total_activity_duration": "THREE_TO_SIX_HOURS",
  "age": 100,
  "weight_today": 70,
  "height": 173,
  "category": "advanced"
}
Response:
{
  "success": false,
  "status": 500,
  "data": "Server Error",
  "timeTaken": 273.2317000000003
}
Status code: 500
-------------------------------

[test number] should successfully handle input
Request:
{
  "gender": "MALE",
  "total_activity_duration": "NINE_TO_TWELVE_HOURS",
  "age": 50,
  "weight_today": 113.9,
  "height": 190,
  "category": "advanced"
}
Response:
{
  "success": false,
  "status": 500,
  "data": "Server Error",
  "timeTaken": 276.1890999999996
}
Status code: 500
-------------------------------

[test number] should successfully handle input
Request:
{
  "gender": "MALE",
  "total_activity_duration": "THREE_TO_SIX_HOURS",
  "age": 50,
  "weight_today": 30,
  "height": 190,
  "category": "beginner"
}
Response:
{
  "success": false,
  "status": 500,
  "data": "Server Error",
  "timeTaken": 299.0661999999975
}
Status code: 500
-------------------------------

[test number] should successfully handle input
Request:
{
  "gender": "FEMALE",
  "total_activity_duration": "SIX_TO_NINE_HOURS",
  "age": 25,
  "weight_today": 70,
  "height": 210,
  "category": "intermediate"
}
Response:
{
  "success": false,
  "status": 500,
  "data": "Server Error",
  "timeTaken": 304.5532999999996
}
Status code: 500
-------------------------------

[test number] should successfully handle input
Request:
{
  "gender": "MALE",
  "total_activity_duration": "TWELVE_PLUS_HOURS",
  "age": 25,
  "weight_today": 150,
  "height": 190,
  "category": "advanced"
}
Response:
{
  "success": false,
  "status": 500,
  "data": "Server Error",
  "timeTaken": 308.7548999999999
}
Status code: 500
-------------------------------

[test number] should successfully handle input
Request:
{
  "gender": "MALE",
  "total_activity_duration": "ZERO_TO_THREE_HOURS",
  "age": 50,
  "weight_today": 200,
  "height": 210,
  "category": "beginner"
}
Response:
{
  "success": false,
  "status": 500,
  "data": "Server Error",
  "timeTaken": 282.3244999999988
}
Status code: 500
-------------------------------

[test number] should successfully handle input
Request:
{
  "gender": "FEMALE",
  "total_activity_duration": "TWELVE_PLUS_HOURS",
  "age": 75,
  "weight_today": 200,
  "height": 210,
  "category": "intermediate"
}
Response:
{
  "success": false,
  "status": 500,
  "data": "Server Error",
  "timeTaken": 274.7940000000017
}
Status code: 500
-------------------------------

[test number] should successfully handle input
Request:
{
  "gender": "FEMALE",
  "total_activity_duration": "SIX_TO_NINE_HOURS",
  "age": 75,
  "weight_today": 113.9,
  "height": 190,
  "category": "intermediate"
}
Response:
{
  "success": false,
  "status": 500,
  "data": "Server Error",
  "timeTaken": 285.03649999999834
}
Status code: 500
-------------------------------

[test number] should successfully handle input
Request:
{
  "gender": "FEMALE",
  "total_activity_duration": "TWELVE_PLUS_HOURS",
  "age": 25,
  "weight_today": 200,
  "height": 173,
  "category": "intermediate"
}
Response:
{
  "success": false,
  "status": 500,
  "data": "Server Error",
  "timeTaken": 288.2859000000026
}
Status code: 500
-------------------------------

[test number] should successfully handle input
Request:
{
  "gender": "MALE",
  "total_activity_duration": "THREE_TO_SIX_HOURS",
  "age": 0,
  "weight_today": 30,
  "height": 140,
  "category": "advanced"
}
Response:
{
  "success": false,
  "status": 500,
  "data": "Server Error",
  "timeTaken": 273.41949999999997
}
Status code: 500
-------------------------------

[test number] should successfully handle input
Request:
{
  "gender": "FEMALE",
  "total_activity_duration": "ZERO_TO_THREE_HOURS",
  "age": 75,
  "weight_today": 30,
  "height": 160,
  "category": "intermediate"
}
Response:
{
  "success": false,
  "status": 500,
  "data": "Server Error",
  "timeTaken": 272.71510000000126
}
Status code: 500
-------------------------------

[test number] should successfully handle input
Request:
{
  "gender": "FEMALE",
  "total_activity_duration": "NINE_TO_TWELVE_HOURS",
  "age": 100,
  "weight_today": 200,
  "height": 140,
  "category": "beginner"
}
Response:
{
  "success": false,
  "status": 500,
  "data": "Server Error",
  "timeTaken": 270.17429999999877
}
Status code: 500
-------------------------------

[test number] should successfully handle input
Request:
{
  "gender": "MALE",
  "total_activity_duration": "TWELVE_PLUS_HOURS",
  "age": 75,
  "weight_today": 200,
  "height": 173,
  "category": "beginner"
}
Response:
{
  "success": false,
  "status": 500,
  "data": "Server Error",
  "timeTaken": 287.85679999999775
}
Status code: 500
-------------------------------

[test number] should successfully handle input
Request:
{
  "gender": "FEMALE",
  "total_activity_duration": "ZERO_TO_THREE_HOURS",
  "age": 0,
  "weight_today": 200,
  "height": 210,
  "category": "beginner"
}
Response:
{
  "success": false,
  "status": 500,
  "data": "Server Error",
  "timeTaken": 285.41319999999905
}
Status code: 500
-------------------------------

[test number] should successfully handle input
Request:
{
  "gender": "MALE",
  "total_activity_duration": "SIX_TO_NINE_HOURS",
  "age": 75,
  "weight_today": 70,
  "height": 210,
  "category": "advanced"
}
Response:
{
  "success": false,
  "status": 500,
  "data": "Server Error",
  "timeTaken": 271.66679999999906
}
Status code: 500
-------------------------------

[test number] should successfully handle input
Request:
{
  "gender": "MALE",
  "total_activity_duration": "THREE_TO_SIX_HOURS",
  "age": 100,
  "weight_today": 70,
  "height": 140,
  "category": "beginner"
}
Response:
{
  "success": false,
  "status": 500,
  "data": "Server Error",
  "timeTaken": 271.4753000000019
}
Status code: 500
-------------------------------

[test number] should successfully handle input
Request:
{
  "gender": "FEMALE",
  "total_activity_duration": "THREE_TO_SIX_HOURS",
  "age": 0,
  "weight_today": 30,
  "height": 190,
  "category": "advanced"
}
Response:
{
  "success": false,
  "status": 500,
  "data": "Server Error",
  "timeTaken": 270.70990000000165
}
Status code: 500
-------------------------------

[test number] should successfully handle input
Request:
{
  "gender": "MALE",
  "total_activity_duration": "ZERO_TO_THREE_HOURS",
  "age": 0,
  "weight_today": 200,
  "height": 160,
  "category": "beginner"
}
Response:
{
  "success": false,
  "status": 500,
  "data": "Server Error",
  "timeTaken": 274.51650000000154
}
Status code: 500
-------------------------------

[test number] should successfully handle input
Request:
{
  "gender": "MALE",
  "total_activity_duration": "NINE_TO_TWELVE_HOURS",
  "age": 100,
  "weight_today": 150,
  "height": 173,
  "category": "intermediate"
}
Response:
{
  "success": false,
  "status": 500,
  "data": "Server Error",
  "timeTaken": 277.122199999998
}
Status code: 500
-------------------------------

[test number] should successfully handle input
Request:
{
  "gender": "MALE",
  "total_activity_duration": "SIX_TO_NINE_HOURS",
  "age": 25,
  "weight_today": 70,
  "height": 190,
  "category": "intermediate"
}
Response:
{
  "success": false,
  "status": 500,
  "data": "Server Error",
  "timeTaken": 273.7808999999979
}
Status code: 500
-------------------------------

[test number] should successfully handle input
Request:
{
  "gender": "FEMALE",
  "total_activity_duration": "NINE_TO_TWELVE_HOURS",
  "age": 0,
  "weight_today": 150,
  "height": 140,
  "category": "advanced"
}
Response:
{
  "success": false,
  "status": 500,
  "data": "Server Error",
  "timeTaken": 286.84200000000055
}
Status code: 500
-------------------------------

[test number] should successfully handle input
Request:
{
  "gender": "FEMALE",
  "total_activity_duration": "NINE_TO_TWELVE_HOURS",
  "age": 50,
  "weight_today": 150,
  "height": 173,
  "category": "intermediate"
}
Response:
{
  "success": false,
  "status": 500,
  "data": "Server Error",
  "timeTaken": 288.22360000000117
}
Status code: 500
-------------------------------

[test number] should successfully handle input
Request:
{
  "gender": "MALE",
  "total_activity_duration": "NINE_TO_TWELVE_HOURS",
  "age": 0,
  "weight_today": 113.9,
  "height": 173,
  "category": "intermediate"
}
Response:
{
  "success": false,
  "status": 500,
  "data": "Server Error",
  "timeTaken": 316.28129999999874
}
Status code: 500
-------------------------------

[test number] should successfully handle input
Request:
{
  "gender": "FEMALE",
  "total_activity_duration": "THREE_TO_SIX_HOURS",
  "age": 100,
  "weight_today": 70,
  "height": 190,
  "category": "beginner"
}
Response:
{
  "success": false,
  "status": 500,
  "data": "Server Error",
  "timeTaken": 274.7233000000015
}
Status code: 500
-------------------------------

[test number] should successfully handle input
Request:
{
  "gender": "FEMALE",
  "total_activity_duration": "THREE_TO_SIX_HOURS",
  "age": 50,
  "weight_today": 70,
  "height": 160,
  "category": "intermediate"
}
Response:
{
  "success": false,
  "status": 500,
  "data": "Server Error",
  "timeTaken": 279.4503000000004
}
Status code: 500
-------------------------------

[test number] should successfully handle input
Request:
{
  "gender": "MALE",
  "total_activity_duration": "NINE_TO_TWELVE_HOURS",
  "age": 50,
  "weight_today": 113.9,
  "height": 210,
  "category": "beginner"
}
Response:
{
  "success": false,
  "status": 500,
  "data": "Server Error",
  "timeTaken": 275.38980000000083
}
Status code: 500
-------------------------------

[test number] should successfully handle input
Request:
{
  "gender": "MALE",
  "total_activity_duration": "THREE_TO_SIX_HOURS",
  "age": 50,
  "weight_today": 30,
  "height": 190,
  "category": "intermediate"
}
Response:
{
  "success": false,
  "status": 500,
  "data": "Server Error",
  "timeTaken": 270.2543000000005
}
Status code: 500
-------------------------------

[test number] should successfully handle input
Request:
{
  "gender": "MALE",
  "total_activity_duration": "TWELVE_PLUS_HOURS",
  "age": 25,
  "weight_today": 150,
  "height": 210,
  "category": "beginner"
}
Response:
{
  "success": false,
  "status": 500,
  "data": "Server Error",
  "timeTaken": 278.25670000000173
}
Status code: 500
-------------------------------

[test number] should successfully handle input
Request:
{
  "gender": "MALE",
  "total_activity_duration": "ZERO_TO_THREE_HOURS",
  "age": 50,
  "weight_today": 200,
  "height": 210,
  "category": "intermediate"
}
Response:
{
  "success": false,
  "status": 500,
  "data": "Server Error",
  "timeTaken": 270.9246999999996
}
Status code: 500
-------------------------------

[test number] should successfully handle input
Request:
{
  "gender": "FEMALE",
  "total_activity_duration": "TWELVE_PLUS_HOURS",
  "age": 75,
  "weight_today": 200,
  "height": 210,
  "category": "advanced"
}
Response:
{
  "success": false,
  "status": 500,
  "data": "Server Error",
  "timeTaken": 276.72719999999754
}
Status code: 500
-------------------------------

[test number] should successfully handle input
Request:
{
  "gender": "FEMALE",
  "total_activity_duration": "TWELVE_PLUS_HOURS",
  "age": 25,
  "weight_today": 200,
  "height": 173,
  "category": "advanced"
}
Response:
{
  "success": false,
  "status": 500,
  "data": "Server Error",
  "timeTaken": 267.6369999999988
}
Status code: 500
-------------------------------

[test number] should successfully handle input
Request:
{
  "gender": "FEMALE",
  "total_activity_duration": "ZERO_TO_THREE_HOURS",
  "age": 75,
  "weight_today": 30,
  "height": 160,
  "category": "advanced"
}
Response:
{
  "success": false,
  "status": 500,
  "data": "Server Error",
  "timeTaken": 268.809699999998
}
Status code: 500
-------------------------------

[test number] should successfully handle input
Request:
{
  "gender": "MALE",
  "total_activity_duration": "THREE_TO_SIX_HOURS",
  "age": 0,
  "weight_today": 30,
  "height": 160,
  "category": "beginner"
}
Response:
{
  "success": false,
  "status": 500,
  "data": "Server Error",
  "timeTaken": 277.9494999999988
}
Status code: 500
-------------------------------

[test number] should successfully handle input
Request:
{
  "gender": "FEMALE",
  "total_activity_duration": "SIX_TO_NINE_HOURS",
  "age": 75,
  "weight_today": 113.9,
  "height": 190,
  "category": "advanced"
}
Response:
{
  "success": false,
  "status": 500,
  "data": "Server Error",
  "timeTaken": 298.10699999999997
}
Status code: 500
-------------------------------

[test number] should successfully handle input
Request:
{
  "gender": "FEMALE",
  "total_activity_duration": "SIX_TO_NINE_HOURS",
  "age": 25,
  "weight_today": 70,
  "height": 210,
  "category": "advanced"
}
Response:
{
  "success": false,
  "status": 500,
  "data": "Server Error",
  "timeTaken": 374.6391000000003
}
Status code: 500
-------------------------------

[test number] should successfully handle input
Request:
{
  "gender": "FEMALE",
  "total_activity_duration": "NINE_TO_TWELVE_HOURS",
  "age": 100,
  "weight_today": 200,
  "height": 140,
  "category": "intermediate"
}
Response:
{
  "success": false,
  "status": 500,
  "data": "Server Error",
  "timeTaken": 279.29089999999997
}
Status code: 500
-------------------------------

[test number] should successfully handle input
Request:
{
  "gender": "MALE",
  "total_activity_duration": "TWELVE_PLUS_HOURS",
  "age": 75,
  "weight_today": 200,
  "height": 173,
  "category": "intermediate"
}
Response:
{
  "success": false,
  "status": 500,
  "data": "Server Error",
  "timeTaken": 291.9530999999988
}
Status code: 500
-------------------------------

[test number] should successfully handle input
Request:
{
  "gender": "FEMALE",
  "total_activity_duration": "ZERO_TO_THREE_HOURS",
  "age": 0,
  "weight_today": 200,
  "height": 210,
  "category": "intermediate"
}
Response:
{
  "success": false,
  "status": 500,
  "data": "Server Error",
  "timeTaken": 280.02509999999893
}
Status code: 500
-------------------------------

[test number] should successfully handle input
Request:
{
  "gender": "MALE",
  "total_activity_duration": "SIX_TO_NINE_HOURS",
  "age": 75,
  "weight_today": 113.9,
  "height": 140,
  "category": "beginner"
}
Response:
{
  "success": false,
  "status": 500,
  "data": "Server Error",
  "timeTaken": 278.2499000000025
}
Status code: 500
-------------------------------

[test number] should successfully handle input
Request:
{
  "gender": "MALE",
  "total_activity_duration": "THREE_TO_SIX_HOURS",
  "age": 100,
  "weight_today": 70,
  "height": 140,
  "category": "intermediate"
}
Response:
{
  "success": false,
  "status": 500,
  "data": "Server Error",
  "timeTaken": 282.69330000000264
}
Status code: 500
-------------------------------

[test number] should successfully handle input
Request:
{
  "gender": "FEMALE",
  "total_activity_duration": "THREE_TO_SIX_HOURS",
  "age": 0,
  "weight_today": 30,
  "height": 210,
  "category": "beginner"
}
Response:
{
  "success": false,
  "status": 500,
  "data": "Server Error",
  "timeTaken": 277.46960000000036
}
Status code: 500
-------------------------------

[test number] should successfully handle input
Request:
{
  "gender": "MALE",
  "total_activity_duration": "SIX_TO_NINE_HOURS",
  "age": 25,
  "weight_today": 70,
  "height": 190,
  "category": "advanced"
}
Response:
{
  "success": false,
  "status": 500,
  "data": "Server Error",
  "timeTaken": 271.0743000000002
}
Status code: 500
-------------------------------

[test number] should successfully handle input
Request:
{
  "gender": "MALE",
  "total_activity_duration": "ZERO_TO_THREE_HOURS",
  "age": 0,
  "weight_today": 200,
  "height": 160,
  "category": "intermediate"
}
Response:
{
  "success": false,
  "status": 500,
  "data": "Server Error",
  "timeTaken": 282.34799999999814
}
Status code: 500
-------------------------------

[test number] should successfully handle input
Request:
{
  "gender": "MALE",
  "total_activity_duration": "NINE_TO_TWELVE_HOURS",
  "age": 100,
  "weight_today": 150,
  "height": 173,
  "category": "advanced"
}
Response:
{
  "success": false,
  "status": 500,
  "data": "Server Error",
  "timeTaken": 287.4301999999989
}
Status code: 500
-------------------------------

[test number] should successfully handle input
Request:
{
  "gender": "FEMALE",
  "total_activity_duration": "NINE_TO_TWELVE_HOURS",
  "age": 50,
  "weight_today": 150,
  "height": 173,
  "category": "advanced"
}
Response:
{
  "success": false,
  "status": 500,
  "data": "Server Error",
  "timeTaken": 269.7698999999993
}
Status code: 500
-------------------------------

[test number] should successfully handle input
Request:
{
  "gender": "FEMALE",
  "total_activity_duration": "NINE_TO_TWELVE_HOURS",
  "age": 0,
  "weight_today": 150,
  "height": 160,
  "category": "beginner"
}
Response:
{
  "success": false,
  "status": 500,
  "data": "Server Error",
  "timeTaken": 284.29719999999725
}
Status code: 500
-------------------------------

[test number] should successfully handle input
Request:
{
  "gender": "FEMALE",
  "total_activity_duration": "THREE_TO_SIX_HOURS",
  "age": 100,
  "weight_today": 70,
  "height": 190,
  "category": "intermediate"
}
Response:
{
  "success": false,
  "status": 500,
  "data": "Server Error",
  "timeTaken": 275.26630000000296
}
Status code: 500
-------------------------------

[test number] should successfully handle input
Request:
{
  "gender": "MALE",
  "total_activity_duration": "NINE_TO_TWELVE_HOURS",
  "age": 0,
  "weight_today": 113.9,
  "height": 173,
  "category": "advanced"
}
Response:
{
  "success": false,
  "status": 500,
  "data": "Server Error",
  "timeTaken": 277.5493999999999
}
Status code: 500
-------------------------------

[test number] should successfully handle input
Request:
{
  "gender": "FEMALE",
  "total_activity_duration": "THREE_TO_SIX_HOURS",
  "age": 50,
  "weight_today": 70,
  "height": 160,
  "category": "advanced"
}
Response:
{
  "success": false,
  "status": 500,
  "data": "Server Error",
  "timeTaken": 285.9850000000006
}
Status code: 500
-------------------------------

[test number] should successfully handle input
Request:
{
  "gender": "MALE",
  "total_activity_duration": "NINE_TO_TWELVE_HOURS",
  "age": 50,
  "weight_today": 113.9,
  "height": 210,
  "category": "intermediate"
}
Response:
{
  "success": false,
  "status": 500,
  "data": "Server Error",
  "timeTaken": 288.3642
}
Status code: 500
-------------------------------

[test number] should successfully handle input
Request:
{
  "gender": "MALE",
  "total_activity_duration": "THREE_TO_SIX_HOURS",
  "age": 50,
  "weight_today": 30,
  "height": 190,
  "category": "advanced"
}
Response:
{
  "success": false,
  "status": 500,
  "data": "Server Error",
  "timeTaken": 276.03259999999864
}
Status code: 500
-------------------------------

[test number] should successfully handle input
Request:
{
  "gender": "MALE",
  "total_activity_duration": "TWELVE_PLUS_HOURS",
  "age": 25,
  "weight_today": 150,
  "height": 210,
  "category": "intermediate"
}
Response:
{
  "success": false,
  "status": 500,
  "data": "Server Error",
  "timeTaken": 283.66949999999997
}
Status code: 500
-------------------------------

[test number] should successfully handle input
Request:
{
  "gender": "MALE",
  "total_activity_duration": "ZERO_TO_THREE_HOURS",
  "age": 50,
  "weight_today": 200,
  "height": 210,
  "category": "advanced"
}
Response:
{
  "success": false,
  "status": 500,
  "data": "Server Error",
  "timeTaken": 276.2659999999996
}
Status code: 500
-------------------------------

[test number] should successfully handle input
Request:
{
  "gender": "FEMALE",
  "total_activity_duration": "TWELVE_PLUS_HOURS",
  "age": 100,
  "weight_today": 30,
  "height": 140,
  "category": "beginner"
}
Response:
{
  "success": false,
  "status": 500,
  "data": "Server Error",
  "timeTaken": 274.95630000000165
}
Status code: 500
-------------------------------

[test number] should successfully handle input
Request:
{
  "gender": "FEMALE",
  "total_activity_duration": "TWELVE_PLUS_HOURS",
  "age": 25,
  "weight_today": 200,
  "height": 190,
  "category": "beginner"
}
Response:
{
  "success": false,
  "status": 500,
  "data": "Server Error",
  "timeTaken": 277.27909999999974
}
Status code: 500
-------------------------------

[test number] should successfully handle input
Request:
{
  "gender": "MALE",
  "total_activity_duration": "THREE_TO_SIX_HOURS",
  "age": 0,
  "weight_today": 30,
  "height": 160,
  "category": "intermediate"
}
Response:
{
  "success": false,
  "status": 500,
  "data": "Server Error",
  "timeTaken": 273.54769999999917
}
Status code: 500
-------------------------------

[test number] should successfully handle input
Request:
{
  "gender": "FEMALE",
  "total_activity_duration": "ZERO_TO_THREE_HOURS",
  "age": 75,
  "weight_today": 30,
  "height": 173,
  "category": "beginner"
}
Response:
{
  "success": false,
  "status": 500,
  "data": "Server Error",
  "timeTaken": 284.76220000000103
}
Status code: 500
-------------------------------

[test number] should successfully handle input
Request:
{
  "gender": "FEMALE",
  "total_activity_duration": "SIX_TO_NINE_HOURS",
  "age": 25,
  "weight_today": 113.9,
  "height": 140,
  "category": "beginner"
}
Response:
{
  "success": false,
  "status": 500,
  "data": "Server Error",
  "timeTaken": 279.2667999999976
}
Status code: 500
-------------------------------

[test number] should successfully handle input
Request:
{
  "gender": "FEMALE",
  "total_activity_duration": "SIX_TO_NINE_HOURS",
  "age": 75,
  "weight_today": 113.9,
  "height": 210,
  "category": "beginner"
}
Response:
{
  "success": false,
  "status": 500,
  "data": "Server Error",
  "timeTaken": 281.3796000000002
}
Status code: 500
-------------------------------

[test number] should successfully handle input
Request:
{
  "gender": "MALE",
  "total_activity_duration": "TWELVE_PLUS_HOURS",
  "age": 75,
  "weight_today": 200,
  "height": 173,
  "category": "advanced"
}
Response:
{
  "success": false,
  "status": 500,
  "data": "Server Error",
  "timeTaken": 270.779599999998
}
Status code: 500
-------------------------------

[test number] should successfully handle input
Request:
{
  "gender": "FEMALE",
  "total_activity_duration": "NINE_TO_TWELVE_HOURS",
  "age": 100,
  "weight_today": 200,
  "height": 140,
  "category": "advanced"
}
Response:
{
  "success": false,
  "status": 500,
  "data": "Server Error",
  "timeTaken": 283.80669999999736
}
Status code: 500
-------------------------------

[test number] should successfully handle input
Request:
{
  "gender": "FEMALE",
  "total_activity_duration": "ZERO_TO_THREE_HOURS",
  "age": 0,
  "weight_today": 200,
  "height": 210,
  "category": "advanced"
}
Response:
{
  "success": false,
  "status": 500,
  "data": "Server Error",
  "timeTaken": 279.85919999999896
}
Status code: 500
-------------------------------

[test number] should successfully handle input
Request:
{
  "gender": "MALE",
  "total_activity_duration": "THREE_TO_SIX_HOURS",
  "age": 100,
  "weight_today": 70,
  "height": 140,
  "category": "advanced"
}
Response:
{
  "success": false,
  "status": 500,
  "data": "Server Error",
  "timeTaken": 279.95150000000285
}
Status code: 500
-------------------------------

[test number] should successfully handle input
Request:
{
  "gender": "MALE",
  "total_activity_duration": "SIX_TO_NINE_HOURS",
  "age": 75,
  "weight_today": 113.9,
  "height": 140,
  "category": "intermediate"
}
Response:
{
  "success": false,
  "status": 500,
  "data": "Server Error",
  "timeTaken": 292.64710000000196
}
Status code: 500
-------------------------------

[test number] should successfully handle input
Request:
{
  "gender": "FEMALE",
  "total_activity_duration": "THREE_TO_SIX_HOURS",
  "age": 0,
  "weight_today": 30,
  "height": 210,
  "category": "intermediate"
}
Response:
{
  "success": false,
  "status": 500,
  "data": "Server Error",
  "timeTaken": 278.28039999999964
}
Status code: 500
-------------------------------

[test number] should successfully handle input
Request:
{
  "gender": "MALE",
  "total_activity_duration": "ZERO_TO_THREE_HOURS",
  "age": 0,
  "weight_today": 200,
  "height": 160,
  "category": "advanced"
}
Response:
{
  "success": false,
  "status": 500,
  "data": "Server Error",
  "timeTaken": 277.5565999999999
}
Status code: 500
-------------------------------

[test number] should successfully handle input
Request:
{
  "gender": "MALE",
  "total_activity_duration": "NINE_TO_TWELVE_HOURS",
  "age": 100,
  "weight_today": 150,
  "height": 190,
  "category": "beginner"
}
Response:
{
  "success": false,
  "status": 500,
  "data": "Server Error",
  "timeTaken": 274.2939000000006
}
Status code: 500
-------------------------------

[test number] should successfully handle input
Request:
{
  "gender": "MALE",
  "total_activity_duration": "SIX_TO_NINE_HOURS",
  "age": 25,
  "weight_today": 70,
  "height": 210,
  "category": "beginner"
}
Response:
{
  "success": false,
  "status": 500,
  "data": "Server Error",
  "timeTaken": 287.1412999999993
}
Status code: 500
-------------------------------

[test number] should successfully handle input
Request:
{
  "gender": "FEMALE",
  "total_activity_duration": "NINE_TO_TWELVE_HOURS",
  "age": 0,
  "weight_today": 150,
  "height": 160,
  "category": "intermediate"
}
Response:
{
  "success": false,
  "status": 500,
  "data": "Server Error",
  "timeTaken": 296.1754000000001
}
Status code: 500
-------------------------------

[test number] should successfully handle input
Request:
{
  "gender": "FEMALE",
  "total_activity_duration": "NINE_TO_TWELVE_HOURS",
  "age": 50,
  "weight_today": 150,
  "height": 190,
  "category": "beginner"
}
Response:
{
  "success": false,
  "status": 500,
  "data": "Server Error",
  "timeTaken": 303.766599999999
}
Status code: 500
-------------------------------

[test number] should successfully handle input
Request:
{
  "gender": "MALE",
  "total_activity_duration": "NINE_TO_TWELVE_HOURS",
  "age": 0,
  "weight_today": 113.9,
  "height": 190,
  "category": "beginner"
}
Response:
{
  "success": false,
  "status": 500,
  "data": "Server Error",
  "timeTaken": 274.3297999999995
}
Status code: 500
-------------------------------

[test number] should successfully handle input
Request:
{
  "gender": "FEMALE",
  "total_activity_duration": "THREE_TO_SIX_HOURS",
  "age": 100,
  "weight_today": 70,
  "height": 190,
  "category": "advanced"
}
Response:
{
  "success": false,
  "status": 500,
  "data": "Server Error",
  "timeTaken": 283.5841999999975
}
Status code: 500
-------------------------------

[test number] should successfully handle input
Request:
{
  "gender": "FEMALE",
  "total_activity_duration": "THREE_TO_SIX_HOURS",
  "age": 50,
  "weight_today": 70,
  "height": 173,
  "category": "beginner"
}
Response:
{
  "success": false,
  "status": 500,
  "data": "Server Error",
  "timeTaken": 269.72959999999875
}
Status code: 500
-------------------------------

[test number] should successfully handle input
Request:
{
  "gender": "MALE",
  "total_activity_duration": "THREE_TO_SIX_HOURS",
  "age": 50,
  "weight_today": 30,
  "height": 210,
  "category": "beginner"
}
Response:
{
  "success": false,
  "status": 500,
  "data": "Server Error",
  "timeTaken": 277.90970000000016
}
Status code: 500
-------------------------------

[test number] should successfully handle input
Request:
{
  "gender": "MALE",
  "total_activity_duration": "NINE_TO_TWELVE_HOURS",
  "age": 50,
  "weight_today": 113.9,
  "height": 210,
  "category": "advanced"
}
Response:
{
  "success": false,
  "status": 500,
  "data": "Server Error",
  "timeTaken": 286.34140000000116
}
Status code: 500
-------------------------------

[test number] should successfully handle input
Request:
{
  "gender": "MALE",
  "total_activity_duration": "TWELVE_PLUS_HOURS",
  "age": 25,
  "weight_today": 150,
  "height": 210,
  "category": "advanced"
}
Response:
{
  "success": false,
  "status": 500,
  "data": "Server Error",
  "timeTaken": 273.9462999999996
}
Status code: 500
-------------------------------

[test number] should successfully handle input
Request:
{
  "gender": "MALE",
  "total_activity_duration": "ZERO_TO_THREE_HOURS",
  "age": 75,
  "weight_today": 30,
  "height": 140,
  "category": "beginner"
}
Response:
{
  "success": false,
  "status": 500,
  "data": "Server Error",
  "timeTaken": 297.3377999999975
}
Status code: 500
-------------------------------

[test number] should successfully handle input
Request:
{
  "gender": "MALE",
  "total_activity_duration": "THREE_TO_SIX_HOURS",
  "age": 0,
  "weight_today": 30,
  "height": 160,
  "category": "advanced"
}
Response:
{
  "success": false,
  "status": 500,
  "data": "Server Error",
  "timeTaken": 278.5505000000012
}
Status code: 500
-------------------------------

[test number] should successfully handle input
Request:
{
  "gender": "FEMALE",
  "total_activity_duration": "TWELVE_PLUS_HOURS",
  "age": 100,
  "weight_today": 30,
  "height": 140,
  "category": "intermediate"
}
Response:
{
  "success": false,
  "status": 500,
  "data": "Server Error",
  "timeTaken": 290.6124000000018
}
Status code: 500
-------------------------------

[test number] should successfully handle input
Request:
{
  "gender": "FEMALE",
  "total_activity_duration": "TWELVE_PLUS_HOURS",
  "age": 25,
  "weight_today": 200,
  "height": 190,
  "category": "intermediate"
}
Response:
{
  "success": false,
  "status": 500,
  "data": "Server Error",
  "timeTaken": 290.34210000000166
}
Status code: 500
-------------------------------

[test number] should successfully handle input
Request:
{
  "gender": "FEMALE",
  "total_activity_duration": "SIX_TO_NINE_HOURS",
  "age": 25,
  "weight_today": 113.9,
  "height": 140,
  "category": "intermediate"
}
Response:
{
  "success": false,
  "status": 500,
  "data": "Server Error",
  "timeTaken": 274.4357999999993
}
Status code: 500
-------------------------------

[test number] should successfully handle input
Request:
{
  "gender": "FEMALE",
  "total_activity_duration": "SIX_TO_NINE_HOURS",
  "age": 75,
  "weight_today": 113.9,
  "height": 210,
  "category": "intermediate"
}
Response:
{
  "success": false,
  "status": 500,
  "data": "Server Error",
  "timeTaken": 277.9503000000004
}
Status code: 500
-------------------------------

[test number] should successfully handle input
Request:
{
  "gender": "FEMALE",
  "total_activity_duration": "ZERO_TO_THREE_HOURS",
  "age": 75,
  "weight_today": 30,
  "height": 173,
  "category": "intermediate"
}
Response:
{
  "success": false,
  "status": 500,
  "data": "Server Error",
  "timeTaken": 289.35719999999856
}
Status code: 500
-------------------------------

[test number] should successfully handle input
Request:
{
  "gender": "FEMALE",
  "total_activity_duration": "NINE_TO_TWELVE_HOURS",
  "age": 100,
  "weight_today": 200,
  "height": 160,
  "category": "beginner"
}
Response:
{
  "success": false,
  "status": 500,
  "data": "Server Error",
  "timeTaken": 274.351200000001
}
Status code: 500
-------------------------------

[test number] should successfully handle input
Request:
{
  "gender": "MALE",
  "total_activity_duration": "TWELVE_PLUS_HOURS",
  "age": 75,
  "weight_today": 200,
  "height": 190,
  "category": "beginner"
}
Response:
{
  "success": false,
  "status": 500,
  "data": "Server Error",
  "timeTaken": 280.6936999999998
}
Status code: 500
-------------------------------

[test number] should successfully handle input
Request:
{
  "gender": "FEMALE",
  "total_activity_duration": "ZERO_TO_THREE_HOURS",
  "age": 25,
  "weight_today": 30,
  "height": 140,
  "category": "beginner"
}
Response:
{
  "success": false,
  "status": 500,
  "data": "Server Error",
  "timeTaken": 268.2897000000012
}
Status code: 500
-------------------------------

[test number] should successfully handle input
Request:
{
  "gender": "MALE",
  "total_activity_duration": "THREE_TO_SIX_HOURS",
  "age": 100,
  "weight_today": 70,
  "height": 160,
  "category": "beginner"
}
Response:
{
  "success": false,
  "status": 500,
  "data": "Server Error",
  "timeTaken": 274.27270000000135
}
Status code: 500
-------------------------------

[test number] should successfully handle input
Request:
{
  "gender": "MALE",
  "total_activity_duration": "SIX_TO_NINE_HOURS",
  "age": 75,
  "weight_today": 113.9,
  "height": 140,
  "category": "advanced"
}
Response:
{
  "success": false,
  "status": 500,
  "data": "Server Error",
  "timeTaken": 287.28319999999803
}
Status code: 500
-------------------------------

[test number] should successfully handle input
Request:
{
  "gender": "MALE",
  "total_activity_duration": "SIX_TO_NINE_HOURS",
  "age": 25,
  "weight_today": 70,
  "height": 210,
  "category": "intermediate"
}
Response:
{
  "success": false,
  "status": 500,
  "data": "Server Error",
  "timeTaken": 277.66240000000107
}
Status code: 500
-------------------------------

[test number] should successfully handle input
Request:
{
  "gender": "MALE",
  "total_activity_duration": "ZERO_TO_THREE_HOURS",
  "age": 0,
  "weight_today": 200,
  "height": 173,
  "category": "beginner"
}
Response:
{
  "success": false,
  "status": 500,
  "data": "Server Error",
  "timeTaken": 282.96970000000147
}
Status code: 500
-------------------------------

[test number] should successfully handle input
Request:
{
  "gender": "MALE",
  "total_activity_duration": "NINE_TO_TWELVE_HOURS",
  "age": 100,
  "weight_today": 150,
  "height": 190,
  "category": "intermediate"
}
Response:
{
  "success": false,
  "status": 500,
  "data": "Server Error",
  "timeTaken": 284.0682000000015
}
Status code: 500
-------------------------------

[test number] should successfully handle input
Request:
{
  "gender": "FEMALE",
  "total_activity_duration": "THREE_TO_SIX_HOURS",
  "age": 0,
  "weight_today": 30,
  "height": 210,
  "category": "advanced"
}
Response:
{
  "success": false,
  "status": 500,
  "data": "Server Error",
  "timeTaken": 287.84050000000207
}
Status code: 500
-------------------------------

[test number] should successfully handle input
Request:
{
  "gender": "FEMALE",
  "total_activity_duration": "NINE_TO_TWELVE_HOURS",
  "age": 50,
  "weight_today": 150,
  "height": 190,
  "category": "intermediate"
}
Response:
{
  "success": false,
  "status": 500,
  "data": "Server Error",
  "timeTaken": 283.7612999999983
}
Status code: 500
-------------------------------

[test number] should successfully handle input
Request:
{
  "gender": "FEMALE",
  "total_activity_duration": "NINE_TO_TWELVE_HOURS",
  "age": 0,
  "weight_today": 150,
  "height": 160,
  "category": "advanced"
}
Response:
{
  "success": false,
  "status": 500,
  "data": "Server Error",
  "timeTaken": 289.8839000000007
}
Status code: 500
-------------------------------

[test number] should successfully handle input
Request:
{
  "gender": "FEMALE",
  "total_activity_duration": "THREE_TO_SIX_HOURS",
  "age": 50,
  "weight_today": 70,
  "height": 173,
  "category": "intermediate"
}
Response:
{
  "success": false,
  "status": 500,
  "data": "Server Error",
  "timeTaken": 281.8122000000003
}
Status code: 500
-------------------------------

[test number] should successfully handle input
Request:
{
  "gender": "FEMALE",
  "total_activity_duration": "THREE_TO_SIX_HOURS",
  "age": 100,
  "weight_today": 70,
  "height": 210,
  "category": "beginner"
}
Response:
{
  "success": false,
  "status": 500,
  "data": "Server Error",
  "timeTaken": 286.03729999999996
}
Status code: 500
-------------------------------

[test number] should successfully handle input
Request:
{
  "gender": "MALE",
  "total_activity_duration": "NINE_TO_TWELVE_HOURS",
  "age": 0,
  "weight_today": 113.9,
  "height": 190,
  "category": "intermediate"
}
Response:
{
  "success": false,
  "status": 500,
  "data": "Server Error",
  "timeTaken": 296.28899999999703
}
Status code: 500
-------------------------------

[test number] should successfully handle input
Request:
{
  "gender": "MALE",
  "total_activity_duration": "THREE_TO_SIX_HOURS",
  "age": 50,
  "weight_today": 30,
  "height": 210,
  "category": "intermediate"
}
Response:
{
  "success": false,
  "status": 500,
  "data": "Server Error",
  "timeTaken": 277.6887999999999
}
Status code: 500
-------------------------------

[test number] should successfully handle input
Request:
{
  "gender": "MALE",
  "total_activity_duration": "NINE_TO_TWELVE_HOURS",
  "age": 50,
  "weight_today": 150,
  "height": 140,
  "category": "beginner"
}
Response:
{
  "success": false,
  "status": 500,
  "data": "Server Error",
  "timeTaken": 285.461299999999
}
Status code: 500
-------------------------------

[test number] should successfully handle input
Request:
{
  "gender": "MALE",
  "total_activity_duration": "TWELVE_PLUS_HOURS",
  "age": 25,
  "weight_today": 200,
  "height": 140,
  "category": "beginner"
}
Response:
{
  "success": false,
  "status": 500,
  "data": "Server Error",
  "timeTaken": 271.9285000000018
}
Status code: 500
-------------------------------

[test number] should successfully handle input
Request:
{
  "gender": "MALE",
  "total_activity_duration": "THREE_TO_SIX_HOURS",
  "age": 0,
  "weight_today": 30,
  "height": 173,
  "category": "beginner"
}
Response:
{
  "success": false,
  "status": 500,
  "data": "Server Error",
  "timeTaken": 273.4961000000003
}
Status code: 500
-------------------------------

[test number] should successfully handle input
Request:
{
  "gender": "MALE",
  "total_activity_duration": "ZERO_TO_THREE_HOURS",
  "age": 75,
  "weight_today": 30,
  "height": 140,
  "category": "intermediate"
}
Response:
{
  "success": false,
  "status": 500,
  "data": "Server Error",
  "timeTaken": 279.7212999999974
}
Status code: 500
-------------------------------

[test number] should successfully handle input
Request:
{
  "gender": "FEMALE",
  "total_activity_duration": "TWELVE_PLUS_HOURS",
  "age": 100,
  "weight_today": 30,
  "height": 140,
  "category": "advanced"
}
Response:
{
  "success": false,
  "status": 500,
  "data": "Server Error",
  "timeTaken": 268.17139999999927
}
Status code: 500
-------------------------------

[test number] should successfully handle input
Request:
{
  "gender": "FEMALE",
  "total_activity_duration": "SIX_TO_NINE_HOURS",
  "age": 25,
  "weight_today": 113.9,
  "height": 140,
  "category": "advanced"
}
Response:
{
  "success": false,
  "status": 500,
  "data": "Server Error",
  "timeTaken": 278.88900000000285
}
Status code: 500
-------------------------------

[test number] should successfully handle input
Request:
{
  "gender": "FEMALE",
  "total_activity_duration": "ZERO_TO_THREE_HOURS",
  "age": 75,
  "weight_today": 30,
  "height": 173,
  "category": "advanced"
}
Response:
{
  "success": false,
  "status": 500,
  "data": "Server Error",
  "timeTaken": 279.20340000000215
}
Status code: 500
-------------------------------

[test number] should successfully handle input
Request:
{
  "gender": "FEMALE",
  "total_activity_duration": "TWELVE_PLUS_HOURS",
  "age": 25,
  "weight_today": 200,
  "height": 190,
  "category": "advanced"
}
Response:
{
  "success": false,
  "status": 500,
  "data": "Server Error",
  "timeTaken": 297.84259999999995
}
Status code: 500
-------------------------------

[test number] should successfully handle input
Request:
{
  "gender": "FEMALE",
  "total_activity_duration": "SIX_TO_NINE_HOURS",
  "age": 75,
  "weight_today": 113.9,
  "height": 210,
  "category": "advanced"
}
Response:
{
  "success": false,
  "status": 500,
  "data": "Server Error",
  "timeTaken": 298.8629000000001
}
Status code: 500
-------------------------------

[test number] should successfully handle input
Request:
{
  "gender": "MALE",
  "total_activity_duration": "TWELVE_PLUS_HOURS",
  "age": 75,
  "weight_today": 200,
  "height": 190,
  "category": "intermediate"
}
Response:
{
  "success": false,
  "status": 500,
  "data": "Server Error",
  "timeTaken": 288.72450000000026
}
Status code: 500
-------------------------------

[test number] should successfully handle input
Request:
{
  "gender": "FEMALE",
  "total_activity_duration": "NINE_TO_TWELVE_HOURS",
  "age": 100,
  "weight_today": 200,
  "height": 160,
  "category": "intermediate"
}
Response:
{
  "success": false,
  "status": 500,
  "data": "Server Error",
  "timeTaken": 296.5349000000024
}
Status code: 500
-------------------------------

[test number] should successfully handle input
Request:
{
  "gender": "FEMALE",
  "total_activity_duration": "ZERO_TO_THREE_HOURS",
  "age": 25,
  "weight_today": 30,
  "height": 140,
  "category": "intermediate"
}
Response:
{
  "success": false,
  "status": 500,
  "data": "Server Error",
  "timeTaken": 295.95660000000134
}
Status code: 500
-------------------------------

[test number] should successfully handle input
Request:
{
  "gender": "MALE",
  "total_activity_duration": "NINE_TO_TWELVE_HOURS",
  "age": 100,
  "weight_today": 150,
  "height": 190,
  "category": "advanced"
}
Response:
{
  "success": false,
  "status": 500,
  "data": "Server Error",
  "timeTaken": 277.2456999999995
}
Status code: 500
-------------------------------

[test number] should successfully handle input
Request:
{
  "gender": "MALE",
  "total_activity_duration": "THREE_TO_SIX_HOURS",
  "age": 100,
  "weight_today": 70,
  "height": 160,
  "category": "intermediate"
}
Response:
{
  "success": false,
  "status": 500,
  "data": "Server Error",
  "timeTaken": 327.35509999999704
}
Status code: 500
-------------------------------

[test number] should successfully handle input
Request:
{
  "gender": "MALE",
  "total_activity_duration": "SIX_TO_NINE_HOURS",
  "age": 75,
  "weight_today": 113.9,
  "height": 160,
  "category": "beginner"
}
Response:
{
  "success": false,
  "status": 500,
  "data": "Server Error",
  "timeTaken": 316.64789999999994
}
Status code: 500
-------------------------------

[test number] should successfully handle input
Request:
{
  "gender": "FEMALE",
  "total_activity_duration": "THREE_TO_SIX_HOURS",
  "age": 0,
  "weight_today": 70,
  "height": 140,
  "category": "beginner"
}
Response:
{
  "success": false,
  "status": 500,
  "data": "Server Error",
  "timeTaken": 294.0705999999991
}
Status code: 500
-------------------------------

[test number] should successfully handle input
Request:
{
  "gender": "MALE",
  "total_activity_duration": "SIX_TO_NINE_HOURS",
  "age": 25,
  "weight_today": 70,
  "height": 210,
  "category": "advanced"
}
Response:
{
  "success": false,
  "status": 500,
  "data": "Server Error",
  "timeTaken": 304.45969999999943
}
Status code: 500
-------------------------------

[test number] should successfully handle input
Request:
{
  "gender": "FEMALE",
  "total_activity_duration": "NINE_TO_TWELVE_HOURS",
  "age": 50,
  "weight_today": 150,
  "height": 190,
  "category": "advanced"
}
Response:
{
  "success": false,
  "status": 500,
  "data": "Server Error",
  "timeTaken": 281.29689999999755
}
Status code: 500
-------------------------------

[test number] should successfully handle input
Request:
{
  "gender": "MALE",
  "total_activity_duration": "ZERO_TO_THREE_HOURS",
  "age": 0,
  "weight_today": 200,
  "height": 173,
  "category": "intermediate"
}
Response:
{
  "success": false,
  "status": 500,
  "data": "Server Error",
  "timeTaken": 325.66439999999784
}
Status code: 500
-------------------------------

[test number] should successfully handle input
Request:
{
  "gender": "FEMALE",
  "total_activity_duration": "NINE_TO_TWELVE_HOURS",
  "age": 0,
  "weight_today": 150,
  "height": 173,
  "category": "beginner"
}
Response:
{
  "success": false,
  "status": 500,
  "data": "Server Error",
  "timeTaken": 309.09829999999783
}
Status code: 500
-------------------------------

[test number] should successfully handle input
Request:
{
  "gender": "FEMALE",
  "total_activity_duration": "THREE_TO_SIX_HOURS",
  "age": 100,
  "weight_today": 70,
  "height": 210,
  "category": "intermediate"
}
Response:
{
  "success": false,
  "status": 500,
  "data": "Server Error",
  "timeTaken": 307.96039999999994
}
Status code: 500
-------------------------------

[test number] should successfully handle input
Request:
{
  "gender": "MALE",
  "total_activity_duration": "NINE_TO_TWELVE_HOURS",
  "age": 0,
  "weight_today": 113.9,
  "height": 190,
  "category": "advanced"
}
Response:
{
  "success": false,
  "status": 500,
  "data": "Server Error",
  "timeTaken": 313.5268999999971
}
Status code: 500
-------------------------------

[test number] should successfully handle input
Request:
{
  "gender": "MALE",
  "total_activity_duration": "THREE_TO_SIX_HOURS",
  "age": 50,
  "weight_today": 30,
  "height": 210,
  "category": "advanced"
}
Response:
{
  "success": false,
  "status": 500,
  "data": "Server Error",
  "timeTaken": 279.8744000000006
}
Status code: 500
-------------------------------

[test number] should successfully handle input
Request:
{
  "gender": "FEMALE",
  "total_activity_duration": "THREE_TO_SIX_HOURS",
  "age": 50,
  "weight_today": 70,
  "height": 173,
  "category": "advanced"
}
Response:
{
  "success": false,
  "status": 500,
  "data": "Server Error",
  "timeTaken": 321.3846000000012
}
Status code: 500
-------------------------------

[test number] should successfully handle input
Request:
{
  "gender": "MALE",
  "total_activity_duration": "NINE_TO_TWELVE_HOURS",
  "age": 50,
  "weight_today": 150,
  "height": 140,
  "category": "intermediate"
}
Response:
{
  "success": false,
  "status": 500,
  "data": "Server Error",
  "timeTaken": 282.46589999999924
}
Status code: 500
-------------------------------

[test number] should successfully handle input
Request:
{
  "gender": "MALE",
  "total_activity_duration": "TWELVE_PLUS_HOURS",
  "age": 25,
  "weight_today": 200,
  "height": 140,
  "category": "intermediate"
}
Response:
{
  "success": false,
  "status": 500,
  "data": "Server Error",
  "timeTaken": 275.0753999999979
}
Status code: 500
-------------------------------

[test number] should successfully handle input
Request:
{
  "gender": "MALE",
  "total_activity_duration": "THREE_TO_SIX_HOURS",
  "age": 0,
  "weight_today": 30,
  "height": 173,
  "category": "intermediate"
}
Response:
{
  "success": false,
  "status": 500,
  "data": "Server Error",
  "timeTaken": 268.28299999999945
}
Status code: 500
-------------------------------

[test number] should successfully handle input
Request:
{
  "gender": "FEMALE",
  "total_activity_duration": "TWELVE_PLUS_HOURS",
  "age": 100,
  "weight_today": 30,
  "height": 160,
  "category": "beginner"
}
Response:
{
  "success": false,
  "status": 500,
  "data": "Server Error",
  "timeTaken": 272.13170000000173
}
Status code: 500
-------------------------------

[test number] should successfully handle input
Request:
{
  "gender": "FEMALE",
  "total_activity_duration": "SIX_TO_NINE_HOURS",
  "age": 25,
  "weight_today": 113.9,
  "height": 160,
  "category": "beginner"
}
Response:
{
  "success": false,
  "status": 500,
  "data": "Server Error",
  "timeTaken": 275.5171999999984
}
Status code: 500
-------------------------------

[test number] should successfully handle input
Request:
{
  "gender": "MALE",
  "total_activity_duration": "ZERO_TO_THREE_HOURS",
  "age": 75,
  "weight_today": 30,
  "height": 140,
  "category": "advanced"
}
Response:
{
  "success": false,
  "status": 500,
  "data": "Server Error",
  "timeTaken": 287.0156999999999
}
Status code: 500
-------------------------------

[test number] should successfully handle input
Request:
{
  "gender": "FEMALE",
  "total_activity_duration": "ZERO_TO_THREE_HOURS",
  "age": 75,
  "weight_today": 30,
  "height": 190,
  "category": "beginner"
}
Response:
{
  "success": false,
  "status": 500,
  "data": "Server Error",
  "timeTaken": 275.52649999999994
}
Status code: 500
-------------------------------

[test number] should successfully handle input
Request:
{
  "gender": "FEMALE",
  "total_activity_duration": "TWELVE_PLUS_HOURS",
  "age": 25,
  "weight_today": 200,
  "height": 210,
  "category": "beginner"
}
Response:
{
  "success": false,
  "status": 500,
  "data": "Server Error",
  "timeTaken": 277.1718000000001
}
Status code: 500
-------------------------------

[test number] should successfully handle input
Request:
{
  "gender": "FEMALE",
  "total_activity_duration": "NINE_TO_TWELVE_HOURS",
  "age": 100,
  "weight_today": 200,
  "height": 160,
  "category": "advanced"
}
Response:
{
  "success": false,
  "status": 500,
  "data": "Server Error",
  "timeTaken": 276.95780000000013
}
Status code: 500
-------------------------------

[test number] should successfully handle input
Request:
{
  "gender": "FEMALE",
  "total_activity_duration": "SIX_TO_NINE_HOURS",
  "age": 75,
  "weight_today": 150,
  "height": 140,
  "category": "beginner"
}
Response:
{
  "success": false,
  "status": 500,
  "data": "Server Error",
  "timeTaken": 291.86889999999767
}
Status code: 500
-------------------------------

[test number] should successfully handle input
Request:
{
  "gender": "MALE",
  "total_activity_duration": "TWELVE_PLUS_HOURS",
  "age": 75,
  "weight_today": 200,
  "height": 190,
  "category": "advanced"
}
Response:
{
  "success": false,
  "status": 500,
  "data": "Server Error",
  "timeTaken": 300.6915999999983
}
Status code: 500
-------------------------------

[test number] should successfully handle input
Request:
{
  "gender": "FEMALE",
  "total_activity_duration": "ZERO_TO_THREE_HOURS",
  "age": 25,
  "weight_today": 30,
  "height": 140,
  "category": "advanced"
}
Response:
{
  "success": false,
  "status": 500,
  "data": "Server Error",
  "timeTaken": 284.942500000001
}
Status code: 500
-------------------------------

[test number] should successfully handle input
Request:
{
  "gender": "MALE",
  "total_activity_duration": "THREE_TO_SIX_HOURS",
  "age": 100,
  "weight_today": 70,
  "height": 160,
  "category": "advanced"
}
Response:
{
  "success": false,
  "status": 500,
  "data": "Server Error",
  "timeTaken": 279.5455000000002
}
Status code: 500
-------------------------------

[test number] should successfully handle input
Request:
{
  "gender": "MALE",
  "total_activity_duration": "SIX_TO_NINE_HOURS",
  "age": 75,
  "weight_today": 113.9,
  "height": 160,
  "category": "intermediate"
}
Response:
{
  "success": false,
  "status": 500,
  "data": "Server Error",
  "timeTaken": 283.4879000000001
}
Status code: 500
-------------------------------

[test number] should successfully handle input
Request:
{
  "gender": "MALE",
  "total_activity_duration": "NINE_TO_TWELVE_HOURS",
  "age": 100,
  "weight_today": 150,
  "height": 210,
  "category": "beginner"
}
Response:
{
  "success": false,
  "status": 500,
  "data": "Server Error",
  "timeTaken": 291.1388999999981
}
Status code: 500
-------------------------------

[test number] should successfully handle input
Request:
{
  "gender": "MALE",
  "total_activity_duration": "SIX_TO_NINE_HOURS",
  "age": 25,
  "weight_today": 113.9,
  "height": 140,
  "category": "beginner"
}
Response:
{
  "success": false,
  "status": 500,
  "data": "Server Error",
  "timeTaken": 284.16389999999956
}
Status code: 500
-------------------------------

[test number] should successfully handle input
Request:
{
  "gender": "FEMALE",
  "total_activity_duration": "THREE_TO_SIX_HOURS",
  "age": 0,
  "weight_today": 70,
  "height": 140,
  "category": "intermediate"
}
Response:
{
  "success": false,
  "status": 500,
  "data": "Server Error",
  "timeTaken": 307.45750000000044
}
Status code: 500
-------------------------------

[test number] should successfully handle input
Request:
{
  "gender": "FEMALE",
  "total_activity_duration": "NINE_TO_TWELVE_HOURS",
  "age": 50,
  "weight_today": 150,
  "height": 210,
  "category": "beginner"
}
Response:
{
  "success": false,
  "status": 500,
  "data": "Server Error",
  "timeTaken": 278.2970999999998
}
Status code: 500
-------------------------------

[test number] should successfully handle input
Request:
{
  "gender": "MALE",
  "total_activity_duration": "ZERO_TO_THREE_HOURS",
  "age": 0,
  "weight_today": 200,
  "height": 173,
  "category": "advanced"
}
Response:
{
  "success": false,
  "status": 500,
  "data": "Server Error",
  "timeTaken": 282.14350000000195
}
Status code: 500
-------------------------------

[test number] should successfully handle input
Request:
{
  "gender": "FEMALE",
  "total_activity_duration": "NINE_TO_TWELVE_HOURS",
  "age": 0,
  "weight_today": 150,
  "height": 173,
  "category": "intermediate"
}
Response:
{
  "success": false,
  "status": 500,
  "data": "Server Error",
  "timeTaken": 275.9565999999977
}
Status code: 500
-------------------------------

[test number] should successfully handle input
Request:
{
  "gender": "MALE",
  "total_activity_duration": "NINE_TO_TWELVE_HOURS",
  "age": 0,
  "weight_today": 113.9,
  "height": 210,
  "category": "beginner"
}
Response:
{
  "success": false,
  "status": 500,
  "data": "Server Error",
  "timeTaken": 286.4507999999987
}
Status code: 500
-------------------------------

[test number] should successfully handle input
Request:
{
  "gender": "FEMALE",
  "total_activity_duration": "THREE_TO_SIX_HOURS",
  "age": 100,
  "weight_today": 70,
  "height": 210,
  "category": "advanced"
}
Response:
{
  "success": false,
  "status": 500,
  "data": "Server Error",
  "timeTaken": 307.10109999999986
}
Status code: 500
-------------------------------

[test number] should successfully handle input
Request:
{
  "gender": "MALE",
  "total_activity_duration": "THREE_TO_SIX_HOURS",
  "age": 50,
  "weight_today": 70,
  "height": 140,
  "category": "beginner"
}
Response:
{
  "success": false,
  "status": 500,
  "data": "Server Error",
  "timeTaken": 291.08889999999883
}
Status code: 500
-------------------------------

[test number] should successfully handle input
Request:
{
  "gender": "MALE",
  "total_activity_duration": "NINE_TO_TWELVE_HOURS",
  "age": 50,
  "weight_today": 150,
  "height": 140,
  "category": "advanced"
}
Response:
{
  "success": false,
  "status": 500,
  "data": "Server Error",
  "timeTaken": 290.7014999999992
}
Status code: 500
-------------------------------

[test number] should successfully handle input
Request:
{
  "gender": "MALE",
  "total_activity_duration": "TWELVE_PLUS_HOURS",
  "age": 25,
  "weight_today": 200,
  "height": 140,
  "category": "advanced"
}
Response:
{
  "success": false,
  "status": 500,
  "data": "Server Error",
  "timeTaken": 283.34869999999864
}
Status code: 500
-------------------------------

[test number] should successfully handle input
Request:
{
  "gender": "MALE",
  "total_activity_duration": "THREE_TO_SIX_HOURS",
  "age": 0,
  "weight_today": 30,
  "height": 173,
  "category": "advanced"
}
Response:
{
  "success": false,
  "status": 500,
  "data": "Server Error",
  "timeTaken": 273.39400000000023
}
Status code: 500
-------------------------------

[test number] should successfully handle input
Request:
{
  "gender": "FEMALE",
  "total_activity_duration": "TWELVE_PLUS_HOURS",
  "age": 100,
  "weight_today": 30,
  "height": 160,
  "category": "intermediate"
}
Response:
{
  "success": false,
  "status": 500,
  "data": "Server Error",
  "timeTaken": 290.16379999999845
}
Status code: 500
-------------------------------

[test number] should successfully handle input
Request:
{
  "gender": "FEMALE",
  "total_activity_duration": "SIX_TO_NINE_HOURS",
  "age": 25,
  "weight_today": 113.9,
  "height": 160,
  "category": "intermediate"
}
Response:
{
  "success": false,
  "status": 500,
  "data": "Server Error",
  "timeTaken": 283.78240000000005
}
Status code: 500
-------------------------------

[test number] should successfully handle input
Request:
{
  "gender": "MALE",
  "total_activity_duration": "ZERO_TO_THREE_HOURS",
  "age": 75,
  "weight_today": 30,
  "height": 160,
  "category": "beginner"
}
Response:
{
  "success": false,
  "status": 500,
  "data": "Server Error",
  "timeTaken": 283.59180000000197
}
Status code: 500
-------------------------------

[test number] should successfully handle input
Request:
{
  "gender": "FEMALE",
  "total_activity_duration": "THREE_TO_SIX_HOURS",
  "age": 50,
  "weight_today": 70,
  "height": 190,
  "category": "beginner"
}
Response:
{
  "success": false,
  "status": 500,
  "data": "Server Error",
  "timeTaken": 382.65899999999965
}
Status code: 500
-------------------------------

[test number] should successfully handle input
Request:
{
  "gender": "FEMALE",
  "total_activity_duration": "ZERO_TO_THREE_HOURS",
  "age": 75,
  "weight_today": 30,
  "height": 190,
  "category": "intermediate"
}
Response:
{
  "success": false,
  "status": 500,
  "data": "Server Error",
  "timeTaken": 282.8998999999967
}
Status code: 500
-------------------------------

[test number] should successfully handle input
Request:
{
  "gender": "FEMALE",
  "total_activity_duration": "NINE_TO_TWELVE_HOURS",
  "age": 100,
  "weight_today": 200,
  "height": 173,
  "category": "beginner"
}
Response:
{
  "success": false,
  "status": 500,
  "data": "Server Error",
  "timeTaken": 273.52760000000126
}
Status code: 500
-------------------------------

[test number] should successfully handle input
Request:
{
  "gender": "FEMALE",
  "total_activity_duration": "TWELVE_PLUS_HOURS",
  "age": 25,
  "weight_today": 200,
  "height": 210,
  "category": "intermediate"
}
Response:
{
  "success": false,
  "status": 500,
  "data": "Server Error",
  "timeTaken": 280.98259999999937
}
Status code: 500
-------------------------------

[test number] should successfully handle input
Request:
{
  "gender": "FEMALE",
  "total_activity_duration": "SIX_TO_NINE_HOURS",
  "age": 75,
  "weight_today": 150,
  "height": 140,
  "category": "intermediate"
}
Response:
{
  "success": false,
  "status": 500,
  "data": "Server Error",
  "timeTaken": 274.76380000000063
}
Status code: 500
-------------------------------

[test number] should successfully handle input
Request:
{
  "gender": "MALE",
  "total_activity_duration": "TWELVE_PLUS_HOURS",
  "age": 75,
  "weight_today": 200,
  "height": 210,
  "category": "beginner"
}
Response:
{
  "success": false,
  "status": 500,
  "data": "Server Error",
  "timeTaken": 303.71580000000176
}
Status code: 500
-------------------------------

[test number] should successfully handle input
Request:
{
  "gender": "FEMALE",
  "total_activity_duration": "ZERO_TO_THREE_HOURS",
  "age": 25,
  "weight_today": 30,
  "height": 160,
  "category": "beginner"
}
Response:
{
  "success": false,
  "status": 500,
  "data": "Server Error",
  "timeTaken": 279.4572999999982
}
Status code: 500
-------------------------------

[test number] should successfully handle input
Request:
{
  "gender": "MALE",
  "total_activity_duration": "THREE_TO_SIX_HOURS",
  "age": 100,
  "weight_today": 70,
  "height": 173,
  "category": "beginner"
}
Response:
{
  "success": false,
  "status": 500,
  "data": "Server Error",
  "timeTaken": 275.75510000000213
}
Status code: 500
-------------------------------

[test number] should successfully handle input
Request:
{
  "gender": "MALE",
  "total_activity_duration": "SIX_TO_NINE_HOURS",
  "age": 75,
  "weight_today": 113.9,
  "height": 160,
  "category": "advanced"
}
Response:
{
  "success": false,
  "status": 500,
  "data": "Server Error",
  "timeTaken": 280.26620000000185
}
Status code: 500
-------------------------------

[test number] should successfully handle input
Request:
{
  "gender": "MALE",
  "total_activity_duration": "NINE_TO_TWELVE_HOURS",
  "age": 100,
  "weight_today": 150,
  "height": 210,
  "category": "intermediate"
}
Response:
{
  "success": false,
  "status": 500,
  "data": "Server Error",
  "timeTaken": 285.1139000000003
}
Status code: 500
-------------------------------

[test number] should successfully handle input
Request:
{
  "gender": "MALE",
  "total_activity_duration": "SIX_TO_NINE_HOURS",
  "age": 25,
  "weight_today": 113.9,
  "height": 140,
  "category": "intermediate"
}
Response:
{
  "success": false,
  "status": 500,
  "data": "Server Error",
  "timeTaken": 283.13720000000103
}
Status code: 500
-------------------------------

[test number] should successfully handle input
Request:
{
  "gender": "FEMALE",
  "total_activity_duration": "THREE_TO_SIX_HOURS",
  "age": 0,
  "weight_today": 70,
  "height": 140,
  "category": "advanced"
}
Response:
{
  "success": false,
  "status": 500,
  "data": "Server Error",
  "timeTaken": 283.15020000000004
}
Status code: 500
-------------------------------

[test number] should successfully handle input
Request:
{
  "gender": "MALE",
  "total_activity_duration": "ZERO_TO_THREE_HOURS",
  "age": 0,
  "weight_today": 200,
  "height": 190,
  "category": "beginner"
}
Response:
{
  "success": false,
  "status": 500,
  "data": "Server Error",
  "timeTaken": 285.7636999999995
}
Status code: 500
-------------------------------

[test number] should successfully handle input
Request:
{
  "gender": "FEMALE",
  "total_activity_duration": "NINE_TO_TWELVE_HOURS",
  "age": 0,
  "weight_today": 150,
  "height": 173,
  "category": "advanced"
}
Response:
{
  "success": false,
  "status": 500,
  "data": "Server Error",
  "timeTaken": 275.5514000000003
}
Status code: 500
-------------------------------

[test number] should successfully handle input
Request:
{
  "gender": "FEMALE",
  "total_activity_duration": "NINE_TO_TWELVE_HOURS",
  "age": 50,
  "weight_today": 150,
  "height": 210,
  "category": "intermediate"
}
Response:
{
  "success": false,
  "status": 500,
  "data": "Server Error",
  "timeTaken": 293.46679999999833
}
Status code: 500
-------------------------------

[test number] should successfully handle input
Request:
{
  "gender": "MALE",
  "total_activity_duration": "NINE_TO_TWELVE_HOURS",
  "age": 0,
  "weight_today": 113.9,
  "height": 210,
  "category": "intermediate"
}
Response:
{
  "success": false,
  "status": 500,
  "data": "Server Error",
  "timeTaken": 281.2256000000016
}
Status code: 500
-------------------------------

[test number] should successfully handle input
Request:
{
  "gender": "FEMALE",
  "total_activity_duration": "THREE_TO_SIX_HOURS",
  "age": 100,
  "weight_today": 113.9,
  "height": 140,
  "category": "beginner"
}
Response:
{
  "success": false,
  "status": 500,
  "data": "Server Error",
  "timeTaken": 287.0492000000013
}
Status code: 500
-------------------------------

[test number] should successfully handle input
Request:
{
  "gender": "MALE",
  "total_activity_duration": "NINE_TO_TWELVE_HOURS",
  "age": 50,
  "weight_today": 150,
  "height": 160,
  "category": "beginner"
}
Response:
{
  "success": false,
  "status": 500,
  "data": "Server Error",
  "timeTaken": 297.4873000000007
}
Status code: 500
-------------------------------

[test number] should successfully handle input
Request:
{
  "gender": "MALE",
  "total_activity_duration": "THREE_TO_SIX_HOURS",
  "age": 50,
  "weight_today": 70,
  "height": 140,
  "category": "intermediate"
}
Response:
{
  "success": false,
  "status": 500,
  "data": "Server Error",
  "timeTaken": 315.96060000000216
}
Status code: 500
-------------------------------

[test number] should successfully handle input
Request:
{
  "gender": "MALE",
  "total_activity_duration": "TWELVE_PLUS_HOURS",
  "age": 25,
  "weight_today": 200,
  "height": 160,
  "category": "beginner"
}
Response:
{
  "success": false,
  "status": 500,
  "data": "Server Error",
  "timeTaken": 291.3040000000001
}
Status code: 500
-------------------------------

[test number] should successfully handle input
Request:
{
  "gender": "MALE",
  "total_activity_duration": "THREE_TO_SIX_HOURS",
  "age": 0,
  "weight_today": 30,
  "height": 190,
  "category": "beginner"
}
Response:
{
  "success": false,
  "status": 500,
  "data": "Server Error",
  "timeTaken": 278.8198000000011
}
Status code: 500
-------------------------------

[test number] should successfully handle input
Request:
{
  "gender": "FEMALE",
  "total_activity_duration": "TWELVE_PLUS_HOURS",
  "age": 100,
  "weight_today": 30,
  "height": 160,
  "category": "advanced"
}
Response:
{
  "success": false,
  "status": 500,
  "data": "Server Error",
  "timeTaken": 273.4821000000011
}
Status code: 500
-------------------------------

[test number] should successfully handle input
Request:
{
  "gender": "FEMALE",
  "total_activity_duration": "SIX_TO_NINE_HOURS",
  "age": 25,
  "weight_today": 113.9,
  "height": 160,
  "category": "advanced"
}
Response:
{
  "success": false,
  "status": 500,
  "data": "Server Error",
  "timeTaken": 277.20809999999983
}
Status code: 500
-------------------------------

[test number] should successfully handle input
Request:
{
  "gender": "FEMALE",
  "total_activity_duration": "THREE_TO_SIX_HOURS",
  "age": 50,
  "weight_today": 70,
  "height": 190,
  "category": "intermediate"
}
Response:
{
  "success": false,
  "status": 500,
  "data": "Server Error",
  "timeTaken": 286.29859999999826
}
Status code: 500
-------------------------------

[test number] should successfully handle input
Request:
{
  "gender": "FEMALE",
  "total_activity_duration": "ZERO_TO_THREE_HOURS",
  "age": 75,
  "weight_today": 30,
  "height": 190,
  "category": "advanced"
}
Response:
{
  "success": false,
  "status": 500,
  "data": "Server Error",
  "timeTaken": 298.1178
}
Status code: 500
-------------------------------

[test number] should successfully handle input
Request:
{
  "gender": "FEMALE",
  "total_activity_duration": "NINE_TO_TWELVE_HOURS",
  "age": 100,
  "weight_today": 200,
  "height": 173,
  "category": "intermediate"
}
Response:
{
  "success": false,
  "status": 500,
  "data": "Server Error",
  "timeTaken": 304.89530000000013
}
Status code: 500
-------------------------------

[test number] should successfully handle input
Request:
{
  "gender": "MALE",
  "total_activity_duration": "ZERO_TO_THREE_HOURS",
  "age": 75,
  "weight_today": 30,
  "height": 160,
  "category": "intermediate"
}
Response:
{
  "success": false,
  "status": 500,
  "data": "Server Error",
  "timeTaken": 332.443299999999
}
Status code: 500
-------------------------------

[test number] should successfully handle input
Request:
{
  "gender": "FEMALE",
  "total_activity_duration": "SIX_TO_NINE_HOURS",
  "age": 75,
  "weight_today": 150,
  "height": 140,
  "category": "advanced"
}
Response:
{
  "success": false,
  "status": 500,
  "data": "Server Error",
  "timeTaken": 309.6778000000013
}
Status code: 500
-------------------------------

[test number] should successfully handle input
Request:
{
  "gender": "FEMALE",
  "total_activity_duration": "TWELVE_PLUS_HOURS",
  "age": 25,
  "weight_today": 200,
  "height": 210,
  "category": "advanced"
}
Response:
{
  "success": false,
  "status": 500,
  "data": "Server Error",
  "timeTaken": 328.17879999999786
}
Status code: 500
-------------------------------

[test number] should successfully handle input
Request:
{
  "gender": "MALE",
  "total_activity_duration": "TWELVE_PLUS_HOURS",
  "age": 75,
  "weight_today": 200,
  "height": 210,
  "category": "intermediate"
}
Response:
{
  "success": false,
  "status": 500,
  "data": "Server Error",
  "timeTaken": 282.9336000000003
}
Status code: 500
-------------------------------

[test number] should successfully handle input
Request:
{
  "gender": "FEMALE",
  "total_activity_duration": "ZERO_TO_THREE_HOURS",
  "age": 25,
  "weight_today": 30,
  "height": 160,
  "category": "intermediate"
}
Response:
{
  "success": false,
  "status": 500,
  "data": "Server Error",
  "timeTaken": 276.3626000000004
}
Status code: 500
-------------------------------

[test number] should successfully handle input
Request:
{
  "gender": "MALE",
  "total_activity_duration": "THREE_TO_SIX_HOURS",
  "age": 100,
  "weight_today": 70,
  "height": 173,
  "category": "intermediate"
}
Response:
{
  "success": false,
  "status": 500,
  "data": "Server Error",
  "timeTaken": 300.8693999999996
}
Status code: 500
-------------------------------

[test number] should successfully handle input
Request:
{
  "gender": "MALE",
  "total_activity_duration": "NINE_TO_TWELVE_HOURS",
  "age": 100,
  "weight_today": 150,
  "height": 210,
  "category": "advanced"
}
Response:
{
  "success": false,
  "status": 500,
  "data": "Server Error",
  "timeTaken": 294.59010000000126
}
Status code: 500
-------------------------------

[test number] should successfully handle input
Request:
{
  "gender": "MALE",
  "total_activity_duration": "SIX_TO_NINE_HOURS",
  "age": 25,
  "weight_today": 113.9,
  "height": 140,
  "category": "advanced"
}
Response:
{
  "success": false,
  "status": 500,
  "data": "Server Error",
  "timeTaken": 317.45460000000094
}
Status code: 500
-------------------------------

[test number] should successfully handle input
Request:
{
  "gender": "FEMALE",
  "total_activity_duration": "NINE_TO_TWELVE_HOURS",
  "age": 0,
  "weight_today": 150,
  "height": 190,
  "category": "beginner"
}
Response:
{
  "success": false,
  "status": 500,
  "data": "Server Error",
  "timeTaken": 282.07990000000063
}
Status code: 500
-------------------------------

[test number] should successfully handle input
Request:
{
  "gender": "MALE",
  "total_activity_duration": "SIX_TO_NINE_HOURS",
  "age": 75,
  "weight_today": 113.9,
  "height": 173,
  "category": "beginner"
}
Response:
{
  "success": false,
  "status": 500,
  "data": "Server Error",
  "timeTaken": 344.0090999999993
}
Status code: 500
-------------------------------

[test number] should successfully handle input
Request:
{
  "gender": "FEMALE",
  "total_activity_duration": "THREE_TO_SIX_HOURS",
  "age": 0,
  "weight_today": 70,
  "height": 160,
  "category": "beginner"
}
Response:
{
  "success": false,
  "status": 500,
  "data": "Server Error",
  "timeTaken": 298.6869999999981
}
Status code: 500
-------------------------------

[test number] should successfully handle input
Request:
{
  "gender": "MALE",
  "total_activity_duration": "ZERO_TO_THREE_HOURS",
  "age": 0,
  "weight_today": 200,
  "height": 190,
  "category": "intermediate"
}
Response:
{
  "success": false,
  "status": 500,
  "data": "Server Error",
  "timeTaken": 300.27839999999924
}
Status code: 500
-------------------------------

[test number] should successfully handle input
Request:
{
  "gender": "FEMALE",
  "total_activity_duration": "NINE_TO_TWELVE_HOURS",
  "age": 50,
  "weight_today": 150,
  "height": 210,
  "category": "advanced"
}
Response:
{
  "success": false,
  "status": 500,
  "data": "Server Error",
  "timeTaken": 309.2778999999973
}
Status code: 500
-------------------------------

[test number] should successfully handle input
Request:
{
  "gender": "FEMALE",
  "total_activity_duration": "THREE_TO_SIX_HOURS",
  "age": 100,
  "weight_today": 113.9,
  "height": 140,
  "category": "intermediate"
}
Response:
{
  "success": false,
  "status": 500,
  "data": "Server Error",
  "timeTaken": 276.14380000000165
}
Status code: 500
-------------------------------

[test number] should successfully handle input
Request:
{
  "gender": "MALE",
  "total_activity_duration": "THREE_TO_SIX_HOURS",
  "age": 50,
  "weight_today": 70,
  "height": 140,
  "category": "advanced"
}
Response:
{
  "success": false,
  "status": 500,
  "data": "Server Error",
  "timeTaken": 282.91079999999783
}
Status code: 500
-------------------------------

[test number] should successfully handle input
Request:
{
  "gender": "MALE",
  "total_activity_duration": "NINE_TO_TWELVE_HOURS",
  "age": 0,
  "weight_today": 113.9,
  "height": 210,
  "category": "advanced"
}
Response:
{
  "success": false,
  "status": 500,
  "data": "Server Error",
  "timeTaken": 329.5034999999989
}
Status code: 500
-------------------------------

[test number] should successfully handle input
Request:
{
  "gender": "MALE",
  "total_activity_duration": "NINE_TO_TWELVE_HOURS",
  "age": 50,
  "weight_today": 150,
  "height": 160,
  "category": "intermediate"
}
Response:
{
  "success": false,
  "status": 500,
  "data": "Server Error",
  "timeTaken": 300.78060000000187
}
Status code: 500
-------------------------------

[test number] should successfully handle input
Request:
{
  "gender": "MALE",
  "total_activity_duration": "TWELVE_PLUS_HOURS",
  "age": 25,
  "weight_today": 200,
  "height": 160,
  "category": "intermediate"
}
Response:
{
  "success": false,
  "status": 500,
  "data": "Server Error",
  "timeTaken": 324.78510000000097
}
Status code: 500
-------------------------------

[test number] should successfully handle input
Request:
{
  "gender": "MALE",
  "total_activity_duration": "THREE_TO_SIX_HOURS",
  "age": 0,
  "weight_today": 30,
  "height": 190,
  "category": "intermediate"
}
Response:
{
  "success": false,
  "status": 500,
  "data": "Server Error",
  "timeTaken": 280.193299999999
}
Status code: 500
-------------------------------

[test number] should successfully handle input
Request:
{
  "gender": "FEMALE",
  "total_activity_duration": "SIX_TO_NINE_HOURS",
  "age": 25,
  "weight_today": 113.9,
  "height": 173,
  "category": "beginner"
}
Response:
{
  "success": false,
  "status": 500,
  "data": "Server Error",
  "timeTaken": 284.71580000000176
}
Status code: 500
-------------------------------

[test number] should successfully handle input
Request:
{
  "gender": "FEMALE",
  "total_activity_duration": "TWELVE_PLUS_HOURS",
  "age": 100,
  "weight_today": 30,
  "height": 173,
  "category": "beginner"
}
Response:
{
  "success": false,
  "status": 500,
  "data": "Server Error",
  "timeTaken": 296.3603000000003
}
Status code: 500
-------------------------------

[test number] should successfully handle input
Request:
{
  "gender": "FEMALE",
  "total_activity_duration": "THREE_TO_SIX_HOURS",
  "age": 50,
  "weight_today": 70,
  "height": 190,
  "category": "advanced"
}
Response:
{
  "success": false,
  "status": 500,
  "data": "Server Error",
  "timeTaken": 303.32870000000185
}
Status code: 500
-------------------------------

[test number] should successfully handle input
Request:
{
  "gender": "FEMALE",
  "total_activity_duration": "ZERO_TO_THREE_HOURS",
  "age": 75,
  "weight_today": 30,
  "height": 210,
  "category": "beginner"
}
Response:
{
  "success": false,
  "status": 500,
  "data": "Server Error",
  "timeTaken": 302.40209999999934
}
Status code: 500
-------------------------------

[test number] should successfully handle input
Request:
{
  "gender": "FEMALE",
  "total_activity_duration": "NINE_TO_TWELVE_HOURS",
  "age": 100,
  "weight_today": 200,
  "height": 173,
  "category": "advanced"
}
Response:
{
  "success": false,
  "status": 500,
  "data": "Server Error",
  "timeTaken": 298.2259000000013
}
Status code: 500
-------------------------------

[test number] should successfully handle input
Request:
{
  "gender": "FEMALE",
  "total_activity_duration": "SIX_TO_NINE_HOURS",
  "age": 75,
  "weight_today": 150,
  "height": 160,
  "category": "beginner"
}
Response:
{
  "success": false,
  "status": 500,
  "data": "Server Error",
  "timeTaken": 291.0048999999999
}
Status code: 500
-------------------------------

[test number] should successfully handle input
Request:
{
  "gender": "FEMALE",
  "total_activity_duration": "TWELVE_PLUS_HOURS",
  "age": 50,
  "weight_today": 30,
  "height": 140,
  "category": "beginner"
}
Response:
{
  "success": false,
  "status": 500,
  "data": "Server Error",
  "timeTaken": 287.911500000002
}
Status code: 500
-------------------------------

[test number] should successfully handle input
Request:
{
  "gender": "MALE",
  "total_activity_duration": "ZERO_TO_THREE_HOURS",
  "age": 75,
  "weight_today": 30,
  "height": 160,
  "category": "advanced"
}
Response:
{
  "success": false,
  "status": 500,
  "data": "Server Error",
  "timeTaken": 300.1764000000003
}
Status code: 500
-------------------------------

[test number] should successfully handle input
Request:
{
  "gender": "FEMALE",
  "total_activity_duration": "ZERO_TO_THREE_HOURS",
  "age": 25,
  "weight_today": 30,
  "height": 160,
  "category": "advanced"
}
Response:
{
  "success": false,
  "status": 500,
  "data": "Server Error",
  "timeTaken": 287.4500000000007
}
Status code: 500
-------------------------------

[test number] should successfully handle input
Request:
{
  "gender": "MALE",
  "total_activity_duration": "TWELVE_PLUS_HOURS",
  "age": 75,
  "weight_today": 200,
  "height": 210,
  "category": "advanced"
}
Response:
{
  "success": false,
  "status": 500,
  "data": "Server Error",
  "timeTaken": 307.59490000000005
}
Status code: 500
-------------------------------

[test number] should successfully handle input
Request:
{
  "gender": "MALE",
  "total_activity_duration": "SIX_TO_NINE_HOURS",
  "age": 25,
  "weight_today": 113.9,
  "height": 160,
  "category": "beginner"
}
Response:
{
  "success": false,
  "status": 500,
  "data": "Server Error",
  "timeTaken": 288.4415000000008
}
Status code: 500
-------------------------------

[test number] should successfully handle input
Request:
{
  "gender": "MALE",
  "total_activity_duration": "THREE_TO_SIX_HOURS",
  "age": 100,
  "weight_today": 70,
  "height": 173,
  "category": "advanced"
}
Response:
{
  "success": false,
  "status": 500,
  "data": "Server Error",
  "timeTaken": 296.21310000000085
}
Status code: 500
-------------------------------

[test number] should successfully handle input
Request:
{
  "gender": "MALE",
  "total_activity_duration": "NINE_TO_TWELVE_HOURS",
  "age": 100,
  "weight_today": 200,
  "height": 140,
  "category": "beginner"
}
Response:
{
  "success": false,
  "status": 500,
  "data": "Server Error",
  "timeTaken": 300.96730000000025
}
Status code: 500
-------------------------------

[test number] should successfully handle input
Request:
{
  "gender": "MALE",
  "total_activity_duration": "ZERO_TO_THREE_HOURS",
  "age": 0,
  "weight_today": 200,
  "height": 190,
  "category": "advanced"
}
Response:
{
  "success": false,
  "status": 500,
  "data": "Server Error",
  "timeTaken": 280.17489999999816
}
Status code: 500
-------------------------------

[test number] should successfully handle input
Request:
{
  "gender": "FEMALE",
  "total_activity_duration": "NINE_TO_TWELVE_HOURS",
  "age": 50,
  "weight_today": 200,
  "height": 140,
  "category": "beginner"
}
Response:
{
  "success": false,
  "status": 500,
  "data": "Server Error",
  "timeTaken": 272.6202000000012
}
Status code: 500
-------------------------------

[test number] should successfully handle input
Request:
{
  "gender": "FEMALE",
  "total_activity_duration": "THREE_TO_SIX_HOURS",
  "age": 0,
  "weight_today": 70,
  "height": 160,
  "category": "intermediate"
}
Response:
{
  "success": false,
  "status": 500,
  "data": "Server Error",
  "timeTaken": 289.01690000000235
}
Status code: 500
-------------------------------

[test number] should successfully handle input
Request:
{
  "gender": "FEMALE",
  "total_activity_duration": "NINE_TO_TWELVE_HOURS",
  "age": 0,
  "weight_today": 150,
  "height": 190,
  "category": "intermediate"
}
Response:
{
  "success": false,
  "status": 500,
  "data": "Server Error",
  "timeTaken": 300.3866999999991
}
Status code: 500
-------------------------------

[test number] should successfully handle input
Request:
{
  "gender": "FEMALE",
  "total_activity_duration": "THREE_TO_SIX_HOURS",
  "age": 100,
  "weight_today": 113.9,
  "height": 140,
  "category": "advanced"
}
Response:
{
  "success": false,
  "status": 500,
  "data": "Server Error",
  "timeTaken": 276.0145999999986
}
Status code: 500
-------------------------------

[test number] should successfully handle input
Request:
{
  "gender": "MALE",
  "total_activity_duration": "SIX_TO_NINE_HOURS",
  "age": 75,
  "weight_today": 113.9,
  "height": 173,
  "category": "intermediate"
}
Response:
{
  "success": false,
  "status": 500,
  "data": "Server Error",
  "timeTaken": 333.29899999999907
}
Status code: 500
-------------------------------

[test number] should successfully handle input
Request:
{
  "gender": "MALE",
  "total_activity_duration": "THREE_TO_SIX_HOURS",
  "age": 50,
  "weight_today": 70,
  "height": 160,
  "category": "beginner"
}
Response:
{
  "success": false,
  "status": 500,
  "data": "Server Error",
  "timeTaken": 275.4876000000004
}
Status code: 500
-------------------------------

[test number] should successfully handle input
Request:
{
  "gender": "MALE",
  "total_activity_duration": "NINE_TO_TWELVE_HOURS",
  "age": 0,
  "weight_today": 150,
  "height": 140,
  "category": "beginner"
}
Response:
{
  "success": false,
  "status": 500,
  "data": "Server Error",
  "timeTaken": 282.0132999999987
}
Status code: 500
-------------------------------

[test number] should successfully handle input
Request:
{
  "gender": "MALE",
  "total_activity_duration": "THREE_TO_SIX_HOURS",
  "age": 0,
  "weight_today": 30,
  "height": 190,
  "category": "advanced"
}
Response:
{
  "success": false,
  "status": 500,
  "data": "Server Error",
  "timeTaken": 281.69130000000223
}
Status code: 500
-------------------------------

[test number] should successfully handle input
Request:
{
  "gender": "MALE",
  "total_activity_duration": "NINE_TO_TWELVE_HOURS",
  "age": 50,
  "weight_today": 150,
  "height": 160,
  "category": "advanced"
}
Response:
{
  "success": false,
  "status": 500,
  "data": "Server Error",
  "timeTaken": 331.233400000001
}
Status code: 500
-------------------------------

[test number] should successfully handle input
Request:
{
  "gender": "FEMALE",
  "total_activity_duration": "TWELVE_PLUS_HOURS",
  "age": 100,
  "weight_today": 30,
  "height": 173,
  "category": "intermediate"
}
Response:
{
  "success": false,
  "status": 500,
  "data": "Server Error",
  "timeTaken": 286.4076000000023
}
Status code: 500
-------------------------------

[test number] should successfully handle input
Request:
{
  "gender": "MALE",
  "total_activity_duration": "TWELVE_PLUS_HOURS",
  "age": 25,
  "weight_today": 200,
  "height": 160,
  "category": "advanced"
}
Response:
{
  "success": false,
  "status": 500,
  "data": "Server Error",
  "timeTaken": 294.65490000000136
}
Status code: 500
-------------------------------

[test number] should successfully handle input
Request:
{
  "gender": "FEMALE",
  "total_activity_duration": "SIX_TO_NINE_HOURS",
  "age": 25,
  "weight_today": 113.9,
  "height": 173,
  "category": "intermediate"
}
Response:
{
  "success": false,
  "status": 500,
  "data": "Server Error",
  "timeTaken": 297.83680000000095
}
Status code: 500
-------------------------------

[test number] should successfully handle input
Request:
{
  "gender": "FEMALE",
  "total_activity_duration": "ZERO_TO_THREE_HOURS",
  "age": 75,
  "weight_today": 30,
  "height": 210,
  "category": "intermediate"
}
Response:
{
  "success": false,
  "status": 500,
  "data": "Server Error",
  "timeTaken": 271.4860000000008
}
Status code: 500
-------------------------------

[test number] should successfully handle input
Request:
{
  "gender": "FEMALE",
  "total_activity_duration": "THREE_TO_SIX_HOURS",
  "age": 50,
  "weight_today": 70,
  "height": 210,
  "category": "beginner"
}
Response:
{
  "success": false,
  "status": 500,
  "data": "Server Error",
  "timeTaken": 276.08669999999984
}
Status code: 500
-------------------------------

[test number] should successfully handle input
Request:
{
  "gender": "FEMALE",
  "total_activity_duration": "SIX_TO_NINE_HOURS",
  "age": 75,
  "weight_today": 150,
  "height": 160,
  "category": "intermediate"
}
Response:
{
  "success": false,
  "status": 500,
  "data": "Server Error",
  "timeTaken": 268.9984999999979
}
Status code: 500
-------------------------------

[test number] should successfully handle input
Request:
{
  "gender": "FEMALE",
  "total_activity_duration": "NINE_TO_TWELVE_HOURS",
  "age": 100,
  "weight_today": 200,
  "height": 190,
  "category": "beginner"
}
Response:
{
  "success": false,
  "status": 500,
  "data": "Server Error",
  "timeTaken": 278.7596000000012
}
Status code: 500
-------------------------------

[test number] should successfully handle input
Request:
{
  "gender": "FEMALE",
  "total_activity_duration": "TWELVE_PLUS_HOURS",
  "age": 50,
  "weight_today": 30,
  "height": 140,
  "category": "intermediate"
}
Response:
{
  "success": false,
  "status": 500,
  "data": "Server Error",
  "timeTaken": 275.2528999999995
}
Status code: 500
-------------------------------

[test number] should successfully handle input
Request:
{
  "gender": "MALE",
  "total_activity_duration": "ZERO_TO_THREE_HOURS",
  "age": 75,
  "weight_today": 30,
  "height": 173,
  "category": "beginner"
}
Response:
{
  "success": false,
  "status": 500,
  "data": "Server Error",
  "timeTaken": 283.1297999999988
}
Status code: 500
-------------------------------

[test number] should successfully handle input
Request:
{
  "gender": "MALE",
  "total_activity_duration": "TWELVE_PLUS_HOURS",
  "age": 100,
  "weight_today": 30,
  "height": 140,
  "category": "beginner"
}
Response:
{
  "success": false,
  "status": 500,
  "data": "Server Error",
  "timeTaken": 278.3149000000012
}
Status code: 500
-------------------------------

[test number] should successfully handle input
Request:
{
  "gender": "FEMALE",
  "total_activity_duration": "ZERO_TO_THREE_HOURS",
  "age": 25,
  "weight_today": 30,
  "height": 173,
  "category": "beginner"
}
Response:
{
  "success": false,
  "status": 500,
  "data": "Server Error",
  "timeTaken": 287.2367000000013
}
Status code: 500
-------------------------------

[test number] should successfully handle input
Request:
{
  "gender": "MALE",
  "total_activity_duration": "THREE_TO_SIX_HOURS",
  "age": 100,
  "weight_today": 70,
  "height": 190,
  "category": "beginner"
}
Response:
{
  "success": false,
  "status": 500,
  "data": "Server Error",
  "timeTaken": 274.5099000000009
}
Status code: 500
-------------------------------

[test number] should successfully handle input
Request:
{
  "gender": "MALE",
  "total_activity_duration": "SIX_TO_NINE_HOURS",
  "age": 25,
  "weight_today": 113.9,
  "height": 160,
  "category": "intermediate"
}
Response:
{
  "success": false,
  "status": 500,
  "data": "Server Error",
  "timeTaken": 283.4724000000024
}
Status code: 500
-------------------------------

[test number] should successfully handle input
Request:
{
  "gender": "MALE",
  "total_activity_duration": "ZERO_TO_THREE_HOURS",
  "age": 0,
  "weight_today": 200,
  "height": 210,
  "category": "beginner"
}
Response:
{
  "success": false,
  "status": 500,
  "data": "Server Error",
  "timeTaken": 279.8250000000007
}
Status code: 500
-------------------------------

[test number] should successfully handle input
Request:
{
  "gender": "MALE",
  "total_activity_duration": "NINE_TO_TWELVE_HOURS",
  "age": 100,
  "weight_today": 200,
  "height": 140,
  "category": "intermediate"
}
Response:
{
  "success": false,
  "status": 500,
  "data": "Server Error",
  "timeTaken": 285.9962999999989
}
Status code: 500
-------------------------------

[test number] should successfully handle input
Request:
{
  "gender": "FEMALE",
  "total_activity_duration": "NINE_TO_TWELVE_HOURS",
  "age": 50,
  "weight_today": 200,
  "height": 140,
  "category": "intermediate"
}
Response:
{
  "success": false,
  "status": 500,
  "data": "Server Error",
  "timeTaken": 282.1631000000016
}
Status code: 500
-------------------------------

[test number] should successfully handle input
Request:
{
  "gender": "FEMALE",
  "total_activity_duration": "THREE_TO_SIX_HOURS",
  "age": 100,
  "weight_today": 113.9,
  "height": 160,
  "category": "beginner"
}
Response:
{
  "success": false,
  "status": 500,
  "data": "Server Error",
  "timeTaken": 274.0088999999971
}
Status code: 500
-------------------------------

[test number] should successfully handle input
Request:
{
  "gender": "FEMALE",
  "total_activity_duration": "NINE_TO_TWELVE_HOURS",
  "age": 0,
  "weight_today": 150,
  "height": 190,
  "category": "advanced"
}
Response:
{
  "success": false,
  "status": 500,
  "data": "Server Error",
  "timeTaken": 290.2595000000001
}
Status code: 500
-------------------------------

[test number] should successfully handle input
Request:
{
  "gender": "FEMALE",
  "total_activity_duration": "THREE_TO_SIX_HOURS",
  "age": 0,
  "weight_today": 70,
  "height": 160,
  "category": "advanced"
}
Response:
{
  "success": false,
  "status": 500,
  "data": "Server Error",
  "timeTaken": 312.3961999999992
}
Status code: 500
-------------------------------

[test number] should successfully handle input
Request:
{
  "gender": "MALE",
  "total_activity_duration": "SIX_TO_NINE_HOURS",
  "age": 75,
  "weight_today": 113.9,
  "height": 173,
  "category": "advanced"
}
Response:
{
  "success": false,
  "status": 500,
  "data": "Server Error",
  "timeTaken": 284.0311999999976
}
Status code: 500
-------------------------------

[test number] should successfully handle input
Request:
{
  "gender": "MALE",
  "total_activity_duration": "THREE_TO_SIX_HOURS",
  "age": 50,
  "weight_today": 70,
  "height": 160,
  "category": "intermediate"
}
Response:
{
  "success": false,
  "status": 500,
  "data": "Server Error",
  "timeTaken": 298.2662999999993
}
Status code: 500
-------------------------------

[test number] should successfully handle input
Request:
{
  "gender": "MALE",
  "total_activity_duration": "NINE_TO_TWELVE_HOURS",
  "age": 0,
  "weight_today": 150,
  "height": 140,
  "category": "intermediate"
}
Response:
{
  "success": false,
  "status": 500,
  "data": "Server Error",
  "timeTaken": 304.83510000000024
}
Status code: 500
-------------------------------

[test number] should successfully handle input
Request:
{
  "gender": "MALE",
  "total_activity_duration": "THREE_TO_SIX_HOURS",
  "age": 0,
  "weight_today": 30,
  "height": 210,
  "category": "beginner"
}
Response:
{
  "success": false,
  "status": 500,
  "data": "Server Error",
  "timeTaken": 280.72139999999854
}
Status code: 500
-------------------------------

[test number] should successfully handle input
Request:
{
  "gender": "MALE",
  "total_activity_duration": "NINE_TO_TWELVE_HOURS",
  "age": 50,
  "weight_today": 150,
  "height": 173,
  "category": "beginner"
}
Response:
{
  "success": false,
  "status": 500,
  "data": "Server Error",
  "timeTaken": 286.0725999999995
}
Status code: 500
-------------------------------

[test number] should successfully handle input
Request:
{
  "gender": "FEMALE",
  "total_activity_duration": "TWELVE_PLUS_HOURS",
  "age": 100,
  "weight_today": 30,
  "height": 173,
  "category": "advanced"
}
Response:
{
  "success": false,
  "status": 500,
  "data": "Server Error",
  "timeTaken": 286.4242000000013
}
Status code: 500
-------------------------------

[test number] should successfully handle input
Request:
{
  "gender": "FEMALE",
  "total_activity_duration": "SIX_TO_NINE_HOURS",
  "age": 25,
  "weight_today": 113.9,
  "height": 173,
  "category": "advanced"
}
Response:
{
  "success": false,
  "status": 500,
  "data": "Server Error",
  "timeTaken": 285.16460000000006
}
Status code: 500
-------------------------------

[test number] should successfully handle input
Request:
{
  "gender": "FEMALE",
  "total_activity_duration": "ZERO_TO_THREE_HOURS",
  "age": 75,
  "weight_today": 30,
  "height": 210,
  "category": "advanced"
}
Response:
{
  "success": false,
  "status": 500,
  "data": "Server Error",
  "timeTaken": 271.891599999999
}
Status code: 500
-------------------------------

[test number] should successfully handle input
Request:
{
  "gender": "MALE",
  "total_activity_duration": "TWELVE_PLUS_HOURS",
  "age": 25,
  "weight_today": 200,
  "height": 173,
  "category": "beginner"
}
Response:
{
  "success": false,
  "status": 500,
  "data": "Server Error",
  "timeTaken": 299.7091999999975
}
Status code: 500
-------------------------------

[test number] should successfully handle input
Request:
{
  "gender": "FEMALE",
  "total_activity_duration": "THREE_TO_SIX_HOURS",
  "age": 50,
  "weight_today": 70,
  "height": 210,
  "category": "intermediate"
}
Response:
{
  "success": false,
  "status": 500,
  "data": "Server Error",
  "timeTaken": 273.126400000001
}
Status code: 500
-------------------------------

[test number] should successfully handle input
Request:
{
  "gender": "FEMALE",
  "total_activity_duration": "SIX_TO_NINE_HOURS",
  "age": 75,
  "weight_today": 150,
  "height": 160,
  "category": "advanced"
}
Response:
{
  "success": false,
  "status": 500,
  "data": "Server Error",
  "timeTaken": 303.40940000000046
}
Status code: 500
-------------------------------

[test number] should successfully handle input
Request:
{
  "gender": "FEMALE",
  "total_activity_duration": "NINE_TO_TWELVE_HOURS",
  "age": 100,
  "weight_today": 200,
  "height": 190,
  "category": "intermediate"
}
Response:
{
  "success": false,
  "status": 500,
  "data": "Server Error",
  "timeTaken": 305.79160000000047
}
Status code: 500
-------------------------------

[test number] should successfully handle input
Request:
{
  "gender": "FEMALE",
  "total_activity_duration": "TWELVE_PLUS_HOURS",
  "age": 50,
  "weight_today": 30,
  "height": 140,
  "category": "advanced"
}
Response:
{
  "success": false,
  "status": 500,
  "data": "Server Error",
  "timeTaken": 304.6045000000013
}
Status code: 500
-------------------------------

[test number] should successfully handle input
Request:
{
  "gender": "MALE",
  "total_activity_duration": "ZERO_TO_THREE_HOURS",
  "age": 75,
  "weight_today": 30,
  "height": 173,
  "category": "intermediate"
}
Response:
{
  "success": false,
  "status": 500,
  "data": "Server Error",
  "timeTaken": 299.831299999998
}
Status code: 500
-------------------------------

[test number] should successfully handle input
Request:
{
  "gender": "MALE",
  "total_activity_duration": "TWELVE_PLUS_HOURS",
  "age": 100,
  "weight_today": 30,
  "height": 140,
  "category": "intermediate"
}
Response:
{
  "success": false,
  "status": 500,
  "data": "Server Error",
  "timeTaken": 277.9822000000022
}
Status code: 500
-------------------------------

[test number] should successfully handle input
Request:
{
  "gender": "FEMALE",
  "total_activity_duration": "ZERO_TO_THREE_HOURS",
  "age": 25,
  "weight_today": 30,
  "height": 173,
  "category": "intermediate"
}
Response:
{
  "success": false,
  "status": 500,
  "data": "Server Error",
  "timeTaken": 279.3136999999988
}
Status code: 500
-------------------------------

[test number] should successfully handle input
Request:
{
  "gender": "MALE",
  "total_activity_duration": "THREE_TO_SIX_HOURS",
  "age": 100,
  "weight_today": 70,
  "height": 190,
  "category": "intermediate"
}
Response:
{
  "success": false,
  "status": 500,
  "data": "Server Error",
  "timeTaken": 273.33020000000033
}
Status code: 500
-------------------------------

[test number] should successfully handle input
Request:
{
  "gender": "MALE",
  "total_activity_duration": "SIX_TO_NINE_HOURS",
  "age": 25,
  "weight_today": 113.9,
  "height": 160,
  "category": "advanced"
}
Response:
{
  "success": false,
  "status": 500,
  "data": "Server Error",
  "timeTaken": 276.88430000000153
}
Status code: 500
-------------------------------

[test number] should successfully handle input
Request:
{
  "gender": "FEMALE",
  "total_activity_duration": "THREE_TO_SIX_HOURS",
  "age": 100,
  "weight_today": 113.9,
  "height": 160,
  "category": "intermediate"
}
Response:
{
  "success": false,
  "status": 500,
  "data": "Server Error",
  "timeTaken": 279.6317999999992
}
Status code: 500
-------------------------------

[test number] should successfully handle input
Request:
{
  "gender": "MALE",
  "total_activity_duration": "ZERO_TO_THREE_HOURS",
  "age": 0,
  "weight_today": 200,
  "height": 210,
  "category": "intermediate"
}
Response:
{
  "success": false,
  "status": 500,
  "data": "Server Error",
  "timeTaken": 303.45040000000154
}
Status code: 500
-------------------------------

[test number] should successfully handle input
Request:
{
  "gender": "FEMALE",
  "total_activity_duration": "NINE_TO_TWELVE_HOURS",
  "age": 50,
  "weight_today": 200,
  "height": 140,
  "category": "advanced"
}
Response:
{
  "success": false,
  "status": 500,
  "data": "Server Error",
  "timeTaken": 300.226200000001
}
Status code: 500
-------------------------------

[test number] should successfully handle input
Request:
{
  "gender": "FEMALE",
  "total_activity_duration": "NINE_TO_TWELVE_HOURS",
  "age": 0,
  "weight_today": 150,
  "height": 210,
  "category": "beginner"
}
Response:
{
  "success": false,
  "status": 500,
  "data": "Server Error",
  "timeTaken": 295.98070000000007
}
Status code: 500
-------------------------------

[test number] should successfully handle input
Request:
{
  "gender": "MALE",
  "total_activity_duration": "SIX_TO_NINE_HOURS",
  "age": 75,
  "weight_today": 113.9,
  "height": 190,
  "category": "beginner"
}
Response:
{
  "success": false,
  "status": 500,
  "data": "Server Error",
  "timeTaken": 268.8826000000008
}
Status code: 500
-------------------------------

[test number] should successfully handle input
Request:
{
  "gender": "FEMALE",
  "total_activity_duration": "THREE_TO_SIX_HOURS",
  "age": 0,
  "weight_today": 70,
  "height": 173,
  "category": "beginner"
}
Response:
{
  "success": false,
  "status": 500,
  "data": "Server Error",
  "timeTaken": 279.47629999999845
}
Status code: 500
-------------------------------

[test number] should successfully handle input
Request:
{
  "gender": "MALE",
  "total_activity_duration": "NINE_TO_TWELVE_HOURS",
  "age": 100,
  "weight_today": 200,
  "height": 140,
  "category": "advanced"
}
Response:
{
  "success": false,
  "status": 500,
  "data": "Server Error",
  "timeTaken": 349.44750000000204
}
Status code: 500
-------------------------------

[test number] should successfully handle input
Request:
{
  "gender": "MALE",
  "total_activity_duration": "THREE_TO_SIX_HOURS",
  "age": 50,
  "weight_today": 70,
  "height": 160,
  "category": "advanced"
}
Response:
{
  "success": false,
  "status": 500,
  "data": "Server Error",
  "timeTaken": 280.60259999999835
}
Status code: 500
-------------------------------

[test number] should successfully handle input
Request:
{
  "gender": "MALE",
  "total_activity_duration": "THREE_TO_SIX_HOURS",
  "age": 0,
  "weight_today": 30,
  "height": 210,
  "category": "intermediate"
}
Response:
{
  "success": false,
  "status": 500,
  "data": "Server Error",
  "timeTaken": 277.28900000000067
}
Status code: 500
-------------------------------

[test number] should successfully handle input
Request:
{
  "gender": "MALE",
  "total_activity_duration": "NINE_TO_TWELVE_HOURS",
  "age": 0,
  "weight_today": 150,
  "height": 140,
  "category": "advanced"
}
Response:
{
  "success": false,
  "status": 500,
  "data": "Server Error",
  "timeTaken": 301.40710000000036
}
Status code: 500
-------------------------------

[test number] should successfully handle input
Request:
{
  "gender": "FEMALE",
  "total_activity_duration": "TWELVE_PLUS_HOURS",
  "age": 100,
  "weight_today": 30,
  "height": 190,
  "category": "beginner"
}
Response:
{
  "success": false,
  "status": 500,
  "data": "Server Error",
  "timeTaken": 277.4786000000022
}
Status code: 500
-------------------------------

[test number] should successfully handle input
Request:
{
  "gender": "FEMALE",
  "total_activity_duration": "ZERO_TO_THREE_HOURS",
  "age": 75,
  "weight_today": 70,
  "height": 140,
  "category": "beginner"
}
Response:
{
  "success": false,
  "status": 500,
  "data": "Server Error",
  "timeTaken": 278.5580999999984
}
Status code: 500
-------------------------------

[test number] should successfully handle input
Request:
{
  "gender": "FEMALE",
  "total_activity_duration": "SIX_TO_NINE_HOURS",
  "age": 25,
  "weight_today": 113.9,
  "height": 190,
  "category": "beginner"
}
Response:
{
  "success": false,
  "status": 500,
  "data": "Server Error",
  "timeTaken": 292.07150000000183
}
Status code: 500
-------------------------------

[test number] should successfully handle input
Request:
{
  "gender": "MALE",
  "total_activity_duration": "NINE_TO_TWELVE_HOURS",
  "age": 50,
  "weight_today": 150,
  "height": 173,
  "category": "intermediate"
}
Response:
{
  "success": false,
  "status": 500,
  "data": "Server Error",
  "timeTaken": 300.14340000000084
}
Status code: 500
-------------------------------

[test number] should successfully handle input
Request:
{
  "gender": "FEMALE",
  "total_activity_duration": "THREE_TO_SIX_HOURS",
  "age": 50,
  "weight_today": 70,
  "height": 210,
  "category": "advanced"
}
Response:
{
  "success": false,
  "status": 500,
  "data": "Server Error",
  "timeTaken": 293.01900000000023
}
Status code: 500
-------------------------------

[test number] should successfully handle input
Request:
{
  "gender": "MALE",
  "total_activity_duration": "TWELVE_PLUS_HOURS",
  "age": 25,
  "weight_today": 200,
  "height": 173,
  "category": "intermediate"
}
Response:
{
  "success": false,
  "status": 500,
  "data": "Server Error",
  "timeTaken": 339.1821999999993
}
Status code: 500
-------------------------------

[test number] should successfully handle input
Request:
{
  "gender": "FEMALE",
  "total_activity_duration": "SIX_TO_NINE_HOURS",
  "age": 75,
  "weight_today": 150,
  "height": 173,
  "category": "beginner"
}
Response:
{
  "success": false,
  "status": 500,
  "data": "Server Error",
  "timeTaken": 306.26420000000144
}
Status code: 500
-------------------------------

[test number] should successfully handle input
Request:
{
  "gender": "MALE",
  "total_activity_duration": "ZERO_TO_THREE_HOURS",
  "age": 75,
  "weight_today": 30,
  "height": 173,
  "category": "advanced"
}
Response:
{
  "success": false,
  "status": 500,
  "data": "Server Error",
  "timeTaken": 299.2572
}
Status code: 500
-------------------------------

[test number] should successfully handle input
Request:
{
  "gender": "FEMALE",
  "total_activity_duration": "NINE_TO_TWELVE_HOURS",
  "age": 100,
  "weight_today": 200,
  "height": 190,
  "category": "advanced"
}
Response:
{
  "success": false,
  "status": 500,
  "data": "Server Error",
  "timeTaken": 313.10749999999825
}
Status code: 500
-------------------------------

[test number] should successfully handle input
Request:
{
  "gender": "FEMALE",
  "total_activity_duration": "TWELVE_PLUS_HOURS",
  "age": 50,
  "weight_today": 30,
  "height": 160,
  "category": "beginner"
}
Response:
{
  "success": false,
  "status": 500,
  "data": "Server Error",
  "timeTaken": 311.65720000000147
}
Status code: 500
-------------------------------

[test number] should successfully handle input
Request:
{
  "gender": "FEMALE",
  "total_activity_duration": "ZERO_TO_THREE_HOURS",
  "age": 25,
  "weight_today": 30,
  "height": 173,
  "category": "advanced"
}
Response:
{
  "success": false,
  "status": 500,
  "data": "Server Error",
  "timeTaken": 305.3212999999996
}
Status code: 500
-------------------------------

[test number] should successfully handle input
Request:
{
  "gender": "MALE",
  "total_activity_duration": "TWELVE_PLUS_HOURS",
  "age": 100,
  "weight_today": 30,
  "height": 140,
  "category": "advanced"
}
Response:
{
  "success": false,
  "status": 500,
  "data": "Server Error",
  "timeTaken": 318.55249999999796
}
Status code: 500
-------------------------------

[test number] should successfully handle input
Request:
{
  "gender": "MALE",
  "total_activity_duration": "THREE_TO_SIX_HOURS",
  "age": 100,
  "weight_today": 70,
  "height": 190,
  "category": "advanced"
}
Response:
{
  "success": false,
  "status": 500,
  "data": "Server Error",
  "timeTaken": 286.8539000000019
}
Status code: 500
-------------------------------

[test number] should successfully handle input
Request:
{
  "gender": "MALE",
  "total_activity_duration": "SIX_TO_NINE_HOURS",
  "age": 25,
  "weight_today": 113.9,
  "height": 173,
  "category": "beginner"
}
Response:
{
  "success": false,
  "status": 500,
  "data": "Server Error",
  "timeTaken": 271.3156000000017
}
Status code: 500
-------------------------------

[test number] should successfully handle input
Request:
{
  "gender": "FEMALE",
  "total_activity_duration": "NINE_TO_TWELVE_HOURS",
  "age": 50,
  "weight_today": 200,
  "height": 160,
  "category": "beginner"
}
Response:
{
  "success": false,
  "status": 500,
  "data": "Server Error",
  "timeTaken": 283.1827999999987
}
Status code: 500
-------------------------------

[test number] should successfully handle input
Request:
{
  "gender": "FEMALE",
  "total_activity_duration": "THREE_TO_SIX_HOURS",
  "age": 100,
  "weight_today": 113.9,
  "height": 160,
  "category": "advanced"
}
Response:
{
  "success": false,
  "status": 500,
  "data": "Server Error",
  "timeTaken": 300.1110000000008
}
Status code: 500
-------------------------------

[test number] should successfully handle input
Request:
{
  "gender": "MALE",
  "total_activity_duration": "ZERO_TO_THREE_HOURS",
  "age": 0,
  "weight_today": 200,
  "height": 210,
  "category": "advanced"
}
Response:
{
  "success": false,
  "status": 500,
  "data": "Server Error",
  "timeTaken": 292.99900000000343
}
Status code: 500
-------------------------------

[test number] should successfully handle input
Request:
{
  "gender": "MALE",
  "total_activity_duration": "SIX_TO_NINE_HOURS",
  "age": 75,
  "weight_today": 113.9,
  "height": 190,
  "category": "intermediate"
}
Response:
{
  "success": false,
  "status": 500,
  "data": "Server Error",
  "timeTaken": 285.27219999999943
}
Status code: 500
-------------------------------

[test number] should successfully handle input
Request:
{
  "gender": "FEMALE",
  "total_activity_duration": "NINE_TO_TWELVE_HOURS",
  "age": 0,
  "weight_today": 150,
  "height": 210,
  "category": "intermediate"
}
Response:
{
  "success": false,
  "status": 500,
  "data": "Server Error",
  "timeTaken": 283.9867000000013
}
Status code: 500
-------------------------------

[test number] should successfully handle input
Request:
{
  "gender": "FEMALE",
  "total_activity_duration": "THREE_TO_SIX_HOURS",
  "age": 0,
  "weight_today": 70,
  "height": 173,
  "category": "intermediate"
}
Response:
{
  "success": false,
  "status": 500,
  "data": "Server Error",
  "timeTaken": 282.1085000000021
}
Status code: 500
-------------------------------

[test number] should successfully handle input
Request:
{
  "gender": "MALE",
  "total_activity_duration": "NINE_TO_TWELVE_HOURS",
  "age": 100,
  "weight_today": 200,
  "height": 160,
  "category": "beginner"
}
Response:
{
  "success": false,
  "status": 500,
  "data": "Server Error",
  "timeTaken": 280.85139999999956
}
Status code: 500
-------------------------------

[test number] should successfully handle input
Request:
{
  "gender": "MALE",
  "total_activity_duration": "THREE_TO_SIX_HOURS",
  "age": 50,
  "weight_today": 70,
  "height": 173,
  "category": "beginner"
}
Response:
{
  "success": false,
  "status": 500,
  "data": "Server Error",
  "timeTaken": 276.079099999999
}
Status code: 500
-------------------------------

[test number] should successfully handle input
Request:
{
  "gender": "MALE",
  "total_activity_duration": "THREE_TO_SIX_HOURS",
  "age": 0,
  "weight_today": 30,
  "height": 210,
  "category": "advanced"
}
Response:
{
  "success": false,
  "status": 500,
  "data": "Server Error",
  "timeTaken": 276.5704000000005
}
Status code: 500
-------------------------------

[test number] should successfully handle input
Request:
{
  "gender": "FEMALE",
  "total_activity_duration": "TWELVE_PLUS_HOURS",
  "age": 100,
  "weight_today": 30,
  "height": 190,
  "category": "intermediate"
}
Response:
{
  "success": false,
  "status": 500,
  "data": "Server Error",
  "timeTaken": 287.39540000000125
}
Status code: 500
-------------------------------

[test number] should successfully handle input
Request:
{
  "gender": "MALE",
  "total_activity_duration": "NINE_TO_TWELVE_HOURS",
  "age": 0,
  "weight_today": 150,
  "height": 160,
  "category": "beginner"
}
Response:
{
  "success": false,
  "status": 500,
  "data": "Server Error",
  "timeTaken": 292.20380000000296
}
Status code: 500
-------------------------------

[test number] should successfully handle input
Request:
{
  "gender": "FEMALE",
  "total_activity_duration": "ZERO_TO_THREE_HOURS",
  "age": 75,
  "weight_today": 70,
  "height": 140,
  "category": "intermediate"
}
Response:
{
  "success": false,
  "status": 500,
  "data": "Server Error",
  "timeTaken": 274.2475000000013
}
Status code: 500
-------------------------------

[test number] should successfully handle input
Request:
{
  "gender": "FEMALE",
  "total_activity_duration": "SIX_TO_NINE_HOURS",
  "age": 25,
  "weight_today": 113.9,
  "height": 190,
  "category": "intermediate"
}
Response:
{
  "success": false,
  "status": 500,
  "data": "Server Error",
  "timeTaken": 287.64700000000084
}
Status code: 500
-------------------------------

[test number] should successfully handle input
Request:
{
  "gender": "MALE",
  "total_activity_duration": "NINE_TO_TWELVE_HOURS",
  "age": 50,
  "weight_today": 150,
  "height": 173,
  "category": "advanced"
}
Response:
{
  "success": false,
  "status": 500,
  "data": "Server Error",
  "timeTaken": 290.98939999999857
}
Status code: 500
-------------------------------

[test number] should successfully handle input
Request:
{
  "gender": "FEMALE",
  "total_activity_duration": "THREE_TO_SIX_HOURS",
  "age": 50,
  "weight_today": 113.9,
  "height": 140,
  "category": "beginner"
}
Response:
{
  "success": false,
  "status": 500,
  "data": "Server Error",
  "timeTaken": 307.96440000000075
}
Status code: 500
-------------------------------

[test number] should successfully handle input
Request:
{
  "gender": "FEMALE",
  "total_activity_duration": "SIX_TO_NINE_HOURS",
  "age": 75,
  "weight_today": 150,
  "height": 173,
  "category": "intermediate"
}
Response:
{
  "success": false,
  "status": 500,
  "data": "Server Error",
  "timeTaken": 268.50900000000183
}
Status code: 500
-------------------------------

[test number] should successfully handle input
Request:
{
  "gender": "MALE",
  "total_activity_duration": "ZERO_TO_THREE_HOURS",
  "age": 75,
  "weight_today": 30,
  "height": 190,
  "category": "beginner"
}
Response:
{
  "success": false,
  "status": 500,
  "data": "Server Error",
  "timeTaken": 289.5262999999977
}
Status code: 500
-------------------------------

[test number] should successfully handle input
Request:
{
  "gender": "MALE",
  "total_activity_duration": "TWELVE_PLUS_HOURS",
  "age": 25,
  "weight_today": 200,
  "height": 173,
  "category": "advanced"
}
Response:
{
  "success": false,
  "status": 500,
  "data": "Server Error",
  "timeTaken": 310.95040000000154
}
Status code: 500
-------------------------------

[test number] should successfully handle input
Request:
{
  "gender": "FEMALE",
  "total_activity_duration": "TWELVE_PLUS_HOURS",
  "age": 50,
  "weight_today": 30,
  "height": 160,
  "category": "intermediate"
}
Response:
{
  "success": false,
  "status": 500,
  "data": "Server Error",
  "timeTaken": 289.8723000000027
}
Status code: 500
-------------------------------

[test number] should successfully handle input
Request:
{
  "gender": "FEMALE",
  "total_activity_duration": "ZERO_TO_THREE_HOURS",
  "age": 25,
  "weight_today": 30,
  "height": 190,
  "category": "beginner"
}
Response:
{
  "success": false,
  "status": 500,
  "data": "Server Error",
  "timeTaken": 293.9866000000002
}
Status code: 500
-------------------------------

[test number] should successfully handle input
Request:
{
  "gender": "FEMALE",
  "total_activity_duration": "NINE_TO_TWELVE_HOURS",
  "age": 100,
  "weight_today": 200,
  "height": 210,
  "category": "beginner"
}
Response:
{
  "success": false,
  "status": 500,
  "data": "Server Error",
  "timeTaken": 306.4989999999998
}
Status code: 500
-------------------------------

[test number] should successfully handle input
Request:
{
  "gender": "MALE",
  "total_activity_duration": "THREE_TO_SIX_HOURS",
  "age": 100,
  "weight_today": 70,
  "height": 210,
  "category": "beginner"
}
Response:
{
  "success": false,
  "status": 500,
  "data": "Server Error",
  "timeTaken": 285.77470000000176
}
Status code: 500
-------------------------------

[test number] should successfully handle input
Request:
{
  "gender": "MALE",
  "total_activity_duration": "TWELVE_PLUS_HOURS",
  "age": 100,
  "weight_today": 30,
  "height": 160,
  "category": "beginner"
}
Response:
{
  "success": false,
  "status": 500,
  "data": "Server Error",
  "timeTaken": 305.804500000002
}
Status code: 500
-------------------------------

[test number] should successfully handle input
Request:
{
  "gender": "MALE",
  "total_activity_duration": "SIX_TO_NINE_HOURS",
  "age": 25,
  "weight_today": 113.9,
  "height": 173,
  "category": "intermediate"
}
Response:
{
  "success": false,
  "status": 500,
  "data": "Server Error",
  "timeTaken": 342.8221999999987
}
Status code: 500
-------------------------------

[test number] should successfully handle input
Request:
{
  "gender": "FEMALE",
  "total_activity_duration": "NINE_TO_TWELVE_HOURS",
  "age": 50,
  "weight_today": 200,
  "height": 160,
  "category": "intermediate"
}
Response:
{
  "success": false,
  "status": 500,
  "data": "Server Error",
  "timeTaken": 303.2507000000005
}
Status code: 500
-------------------------------

[test number] should successfully handle input
Request:
{
  "gender": "FEMALE",
  "total_activity_duration": "THREE_TO_SIX_HOURS",
  "age": 100,
  "weight_today": 113.9,
  "height": 173,
  "category": "beginner"
}
Response:
{
  "success": false,
  "status": 500,
  "data": "Server Error",
  "timeTaken": 309.97000000000116
}
Status code: 500
-------------------------------

[test number] should successfully handle input
Request:
{
  "gender": "MALE",
  "total_activity_duration": "SIX_TO_NINE_HOURS",
  "age": 75,
  "weight_today": 113.9,
  "height": 190,
  "category": "advanced"
}
Response:
{
  "success": false,
  "status": 500,
  "data": "Server Error",
  "timeTaken": 295.21659999999974
}
Status code: 500
-------------------------------

[test number] should successfully handle input
Request:
{
  "gender": "FEMALE",
  "total_activity_duration": "NINE_TO_TWELVE_HOURS",
  "age": 0,
  "weight_today": 150,
  "height": 210,
  "category": "advanced"
}
Response:
{
  "success": false,
  "status": 500,
  "data": "Server Error",
  "timeTaken": 305.70730000000185
}
Status code: 500
-------------------------------

[test number] should successfully handle input
Request:
{
  "gender": "MALE",
  "total_activity_duration": "ZERO_TO_THREE_HOURS",
  "age": 25,
  "weight_today": 30,
  "height": 140,
  "category": "beginner"
}
Response:
{
  "success": false,
  "status": 500,
  "data": "Server Error",
  "timeTaken": 312.65880000000107
}
Status code: 500
-------------------------------

[test number] should successfully handle input
Request:
{
  "gender": "FEMALE",
  "total_activity_duration": "THREE_TO_SIX_HOURS",
  "age": 0,
  "weight_today": 70,
  "height": 173,
  "category": "advanced"
}
Response:
{
  "success": false,
  "status": 500,
  "data": "Server Error",
  "timeTaken": 302.0589
}
Status code: 500
-------------------------------

[test number] should successfully handle input
Request:
{
  "gender": "FEMALE",
  "total_activity_duration": "THREE_TO_SIX_HOURS",
  "age": 50,
  "weight_today": 113.9,
  "height": 140,
  "category": "intermediate"
}
Response:
{
  "success": false,
  "status": 500,
  "data": "Server Error",
  "timeTaken": 280.0486000000019
}
Status code: 500
-------------------------------

[test number] should successfully handle input
Request:
{
  "gender": "FEMALE",
  "total_activity_duration": "SIX_TO_NINE_HOURS",
  "age": 75,
  "weight_today": 150,
  "height": 173,
  "category": "advanced"
}
Response:
{
  "success": false,
  "status": 500,
  "data": "Server Error",
  "timeTaken": 277.1128000000026
}
Status code: 500
-------------------------------

[test number] should successfully handle input
Request:
{
  "gender": "MALE",
  "total_activity_duration": "NINE_TO_TWELVE_HOURS",
  "age": 50,
  "weight_today": 150,
  "height": 190,
  "category": "beginner"
}
Response:
{
  "success": false,
  "status": 500,
  "data": "Server Error",
  "timeTaken": 296.41349999999875
}
Status code: 500
-------------------------------

[test number] should successfully handle input
Request:
{
  "gender": "MALE",
  "total_activity_duration": "NINE_TO_TWELVE_HOURS",
  "age": 100,
  "weight_today": 200,
  "height": 160,
  "category": "intermediate"
}
Response:
{
  "success": false,
  "status": 500,
  "data": "Server Error",
  "timeTaken": 290.16979999999967
}
Status code: 500
-------------------------------

[test number] should successfully handle input
Request:
{
  "gender": "MALE",
  "total_activity_duration": "THREE_TO_SIX_HOURS",
  "age": 50,
  "weight_today": 70,
  "height": 173,
  "category": "intermediate"
}
Response:
{
  "success": false,
  "status": 500,
  "data": "Server Error",
  "timeTaken": 358.502199999999
}
Status code: 500
-------------------------------

[test number] should successfully handle input
Request:
{
  "gender": "FEMALE",
  "total_activity_duration": "SIX_TO_NINE_HOURS",
  "age": 25,
  "weight_today": 113.9,
  "height": 190,
  "category": "advanced"
}
Response:
{
  "success": false,
  "status": 500,
  "data": "Server Error",
  "timeTaken": 289.60429999999906
}
Status code: 500
-------------------------------

[test number] should successfully handle input
Request:
{
  "gender": "MALE",
  "total_activity_duration": "NINE_TO_TWELVE_HOURS",
  "age": 0,
  "weight_today": 150,
  "height": 160,
  "category": "intermediate"
}
Response:
{
  "success": false,
  "status": 500,
  "data": "Server Error",
  "timeTaken": 297.01950000000215
}
Status code: 500
-------------------------------

[test number] should successfully handle input
Request:
{
  "gender": "MALE",
  "total_activity_duration": "THREE_TO_SIX_HOURS",
  "age": 0,
  "weight_today": 70,
  "height": 140,
  "category": "beginner"
}
Response:
{
  "success": false,
  "status": 500,
  "data": "Server Error",
  "timeTaken": 310.3626000000004
}
Status code: 500
-------------------------------

[test number] should successfully handle input
Request:
{
  "gender": "FEMALE",
  "total_activity_duration": "TWELVE_PLUS_HOURS",
  "age": 100,
  "weight_today": 30,
  "height": 190,
  "category": "advanced"
}
Response:
{
  "success": false,
  "status": 500,
  "data": "Server Error",
  "timeTaken": 299.6327999999994
}
Status code: 500
-------------------------------

[test number] should successfully handle input
Request:
{
  "gender": "FEMALE",
  "total_activity_duration": "ZERO_TO_THREE_HOURS",
  "age": 75,
  "weight_today": 70,
  "height": 140,
  "category": "advanced"
}
Response:
{
  "success": false,
  "status": 500,
  "data": "Server Error",
  "timeTaken": 301.1430999999975
}
Status code: 500
-------------------------------

[test number] should successfully handle input
Request:
{
  "gender": "FEMALE",
  "total_activity_duration": "ZERO_TO_THREE_HOURS",
  "age": 25,
  "weight_today": 30,
  "height": 190,
  "category": "intermediate"
}
Response:
{
  "success": false,
  "status": 500,
  "data": "Server Error",
  "timeTaken": 272.6635000000024
}
Status code: 500
-------------------------------

[test number] should successfully handle input
Request:
{
  "gender": "FEMALE",
  "total_activity_duration": "NINE_TO_TWELVE_HOURS",
  "age": 100,
  "weight_today": 200,
  "height": 210,
  "category": "intermediate"
}
Response:
{
  "success": false,
  "status": 500,
  "data": "Server Error",
  "timeTaken": 273.24389999999767
}
Status code: 500
-------------------------------

[test number] should successfully handle input
Request:
{
  "gender": "MALE",
  "total_activity_duration": "TWELVE_PLUS_HOURS",
  "age": 25,
  "weight_today": 200,
  "height": 190,
  "category": "beginner"
}
Response:
{
  "success": false,
  "status": 500,
  "data": "Server Error",
  "timeTaken": 288.3800999999985
}
Status code: 500
-------------------------------

[test number] should successfully handle input
Request:
{
  "gender": "MALE",
  "total_activity_duration": "ZERO_TO_THREE_HOURS",
  "age": 75,
  "weight_today": 30,
  "height": 190,
  "category": "intermediate"
}
Response:
{
  "success": false,
  "status": 500,
  "data": "Server Error",
  "timeTaken": 299.8725000000013
}
Status code: 500
-------------------------------

[test number] should successfully handle input
Request:
{
  "gender": "FEMALE",
  "total_activity_duration": "TWELVE_PLUS_HOURS",
  "age": 50,
  "weight_today": 30,
  "height": 160,
  "category": "advanced"
}
Response:
{
  "success": false,
  "status": 500,
  "data": "Server Error",
  "timeTaken": 303.29599999999846
}
Status code: 500
-------------------------------

[test number] should successfully handle input
Request:
{
  "gender": "MALE",
  "total_activity_duration": "THREE_TO_SIX_HOURS",
  "age": 100,
  "weight_today": 70,
  "height": 210,
  "category": "intermediate"
}
Response:
{
  "success": false,
  "status": 500,
  "data": "Server Error",
  "timeTaken": 282.83899999999994
}
Status code: 500
-------------------------------

[test number] should successfully handle input
Request:
{
  "gender": "MALE",
  "total_activity_duration": "TWELVE_PLUS_HOURS",
  "age": 100,
  "weight_today": 30,
  "height": 160,
  "category": "intermediate"
}
Response:
{
  "success": false,
  "status": 500,
  "data": "Server Error",
  "timeTaken": 281.7332999999999
}
Status code: 500
-------------------------------

[test number] should successfully handle input
Request:
{
  "gender": "MALE",
  "total_activity_duration": "SIX_TO_NINE_HOURS",
  "age": 25,
  "weight_today": 113.9,
  "height": 173,
  "category": "advanced"
}
Response:
{
  "success": false,
  "status": 500,
  "data": "Server Error",
  "timeTaken": 274.27410000000236
}
Status code: 500
-------------------------------

[test number] should successfully handle input
Request:
{
  "gender": "FEMALE",
  "total_activity_duration": "THREE_TO_SIX_HOURS",
  "age": 100,
  "weight_today": 113.9,
  "height": 173,
  "category": "intermediate"
}
Response:
{
  "success": false,
  "status": 500,
  "data": "Server Error",
  "timeTaken": 274.05699999999706
}
Status code: 500
-------------------------------

[test number] should successfully handle input
Request:
{
  "gender": "MALE",
  "total_activity_duration": "SIX_TO_NINE_HOURS",
  "age": 75,
  "weight_today": 113.9,
  "height": 210,
  "category": "beginner"
}
Response:
{
  "success": false,
  "status": 500,
  "data": "Server Error",
  "timeTaken": 271.98609999999826
}
Status code: 500
-------------------------------

[test number] should successfully handle input
Request:
{
  "gender": "FEMALE",
  "total_activity_duration": "NINE_TO_TWELVE_HOURS",
  "age": 0,
  "weight_today": 200,
  "height": 140,
  "category": "beginner"
}
Response:
{
  "success": false,
  "status": 500,
  "data": "Server Error",
  "timeTaken": 275.0501000000004
}
Status code: 500
-------------------------------

[test number] should successfully handle input
Request:
{
  "gender": "FEMALE",
  "total_activity_duration": "NINE_TO_TWELVE_HOURS",
  "age": 50,
  "weight_today": 200,
  "height": 160,
  "category": "advanced"
}
Response:
{
  "success": false,
  "status": 500,
  "data": "Server Error",
  "timeTaken": 326.036500000002
}
Status code: 500
-------------------------------

[test number] should successfully handle input
Request:
{
  "gender": "MALE",
  "total_activity_duration": "THREE_TO_SIX_HOURS",
  "age": 0,
  "weight_today": 70,
  "height": 140,
  "category": "intermediate"
}
Response:
{
  "success": false,
  "status": 500,
  "data": "Server Error",
  "timeTaken": 281.0540000000001
}
Status code: 500
-------------------------------

[test number] should successfully handle input
Request:
{
  "gender": "MALE",
  "total_activity_duration": "NINE_TO_TWELVE_HOURS",
  "age": 100,
  "weight_today": 200,
  "height": 160,
  "category": "advanced"
}
Response:
{
  "success": false,
  "status": 500,
  "data": "Server Error",
  "timeTaken": 282.9972000000016
}
Status code: 500
-------------------------------

[test number] should successfully handle input
Request:
{
  "gender": "FEMALE",
  "total_activity_duration": "SIX_TO_NINE_HOURS",
  "age": 25,
  "weight_today": 113.9,
  "height": 210,
  "category": "beginner"
}
Response:
{
  "success": false,
  "status": 500,
  "data": "Server Error",
  "timeTaken": 285.3580000000002
}
Status code: 500
-------------------------------

[test number] should successfully handle input
Request:
{
  "gender": "MALE",
  "total_activity_duration": "NINE_TO_TWELVE_HOURS",
  "age": 50,
  "weight_today": 150,
  "height": 190,
  "category": "intermediate"
}
Response:
{
  "success": false,
  "status": 500,
  "data": "Server Error",
  "timeTaken": 292.52730000000156
}
Status code: 500
-------------------------------

[test number] should successfully handle input
Request:
{
  "gender": "FEMALE",
  "total_activity_duration": "THREE_TO_SIX_HOURS",
  "age": 0,
  "weight_today": 70,
  "height": 190,
  "category": "beginner"
}
Response:
{
  "success": false,
  "status": 500,
  "data": "Server Error",
  "timeTaken": 296.5635000000002
}
Status code: 500
-------------------------------

[test number] should successfully handle input
Request:
{
  "gender": "FEMALE",
  "total_activity_duration": "NINE_TO_TWELVE_HOURS",
  "age": 100,
  "weight_today": 200,
  "height": 210,
  "category": "advanced"
}
Response:
{
  "success": false,
  "status": 500,
  "data": "Server Error",
  "timeTaken": 287.11049999999886
}
Status code: 500
-------------------------------

[test number] should successfully handle input
Request:
{
  "gender": "FEMALE",
  "total_activity_duration": "TWELVE_PLUS_HOURS",
  "age": 100,
  "weight_today": 30,
  "height": 210,
  "category": "beginner"
}
Response:
{
  "success": false,
  "status": 500,
  "data": "Server Error",
  "timeTaken": 303.2384999999995
}
Status code: 500
-------------------------------

[test number] should successfully handle input
Request:
{
  "gender": "FEMALE",
  "total_activity_duration": "SIX_TO_NINE_HOURS",
  "age": 75,
  "weight_today": 150,
  "height": 190,
  "category": "beginner"
}
Response:
{
  "success": false,
  "status": 500,
  "data": "Server Error",
  "timeTaken": 308.5028999999995
}
Status code: 500
-------------------------------

[test number] should successfully handle input
Request:
{
  "gender": "FEMALE",
  "total_activity_duration": "THREE_TO_SIX_HOURS",
  "age": 50,
  "weight_today": 113.9,
  "height": 140,
  "category": "advanced"
}
Response:
{
  "success": false,
  "status": 500,
  "data": "Server Error",
  "timeTaken": 315.9292000000023
}
Status code: 500
-------------------------------

[test number] should successfully handle input
Request:
{
  "gender": "FEMALE",
  "total_activity_duration": "ZERO_TO_THREE_HOURS",
  "age": 75,
  "weight_today": 70,
  "height": 160,
  "category": "beginner"
}
Response:
{
  "success": false,
  "status": 500,
  "data": "Server Error",
  "timeTaken": 318.5051999999996
}
Status code: 500
-------------------------------

[test number] should successfully handle input
Request:
{
  "gender": "MALE",
  "total_activity_duration": "NINE_TO_TWELVE_HOURS",
  "age": 0,
  "weight_today": 150,
  "height": 160,
  "category": "advanced"
}
Response:
{
  "success": false,
  "status": 500,
  "data": "Server Error",
  "timeTaken": 326.71220000000176
}
Status code: 500
-------------------------------

[test number] should successfully handle input
Request:
{
  "gender": "MALE",
  "total_activity_duration": "ZERO_TO_THREE_HOURS",
  "age": 25,
  "weight_today": 30,
  "height": 140,
  "category": "intermediate"
}
Response:
{
  "success": false,
  "status": 500,
  "data": "Server Error",
  "timeTaken": 344.8891999999978
}
Status code: 500
-------------------------------

[test number] should successfully handle input
Request:
{
  "gender": "MALE",
  "total_activity_duration": "TWELVE_PLUS_HOURS",
  "age": 25,
  "weight_today": 200,
  "height": 190,
  "category": "intermediate"
}
Response:
{
  "success": false,
  "status": 500,
  "data": "Server Error",
  "timeTaken": 328.27330000000075
}
Status code: 500
-------------------------------

[test number] should successfully handle input
Request:
{
  "gender": "MALE",
  "total_activity_duration": "THREE_TO_SIX_HOURS",
  "age": 50,
  "weight_today": 70,
  "height": 173,
  "category": "advanced"
}
Response:
{
  "success": false,
  "status": 500,
  "data": "Server Error",
  "timeTaken": 346.0069000000003
}
Status code: 500
-------------------------------

[test number] should successfully handle input
Request:
{
  "gender": "FEMALE",
  "total_activity_duration": "ZERO_TO_THREE_HOURS",
  "age": 25,
  "weight_today": 30,
  "height": 190,
  "category": "advanced"
}
Response:
{
  "success": false,
  "status": 500,
  "data": "Server Error",
  "timeTaken": 344.8784000000014
}
Status code: 500
-------------------------------

[test number] should successfully handle input
Request:
{
  "gender": "MALE",
  "total_activity_duration": "ZERO_TO_THREE_HOURS",
  "age": 75,
  "weight_today": 30,
  "height": 190,
  "category": "advanced"
}
Response:
{
  "success": false,
  "status": 500,
  "data": "Server Error",
  "timeTaken": 375.9550999999992
}
Status code: 500
-------------------------------

[test number] should successfully handle input
Request:
{
  "gender": "MALE",
  "total_activity_duration": "TWELVE_PLUS_HOURS",
  "age": 100,
  "weight_today": 30,
  "height": 160,
  "category": "advanced"
}
Response:
{
  "success": false,
  "status": 500,
  "data": "Server Error",
  "timeTaken": 379.40509999999995
}
Status code: 500
-------------------------------

[test number] should successfully handle input
Request:
{
  "gender": "FEMALE",
  "total_activity_duration": "TWELVE_PLUS_HOURS",
  "age": 50,
  "weight_today": 30,
  "height": 173,
  "category": "beginner"
}
Response:
{
  "success": false,
  "status": 500,
  "data": "Server Error",
  "timeTaken": 390.4254000000001
}
Status code: 500
-------------------------------

[test number] should successfully handle input
Request:
{
  "gender": "MALE",
  "total_activity_duration": "THREE_TO_SIX_HOURS",
  "age": 100,
  "weight_today": 70,
  "height": 210,
  "category": "advanced"
}
Response:
{
  "success": false,
  "status": 500,
  "data": "Server Error",
  "timeTaken": 391.90060000000085
}
Status code: 500
-------------------------------

[test number] should successfully handle input
Request:
{
  "gender": "MALE",
  "total_activity_duration": "SIX_TO_NINE_HOURS",
  "age": 25,
  "weight_today": 113.9,
  "height": 190,
  "category": "beginner"
}
Response:
{
  "success": false,
  "status": 500,
  "data": "Server Error",
  "timeTaken": 354.34400000000096
}
Status code: 500
-------------------------------

[test number] should successfully handle input
Request:
{
  "gender": "MALE",
  "total_activity_duration": "SIX_TO_NINE_HOURS",
  "age": 75,
  "weight_today": 113.9,
  "height": 210,
  "category": "intermediate"
}
Response:
{
  "success": false,
  "status": 500,
  "data": "Server Error",
  "timeTaken": 336.6186000000016
}
Status code: 500
-------------------------------

[test number] should successfully handle input
Request:
{
  "gender": "FEMALE",
  "total_activity_duration": "THREE_TO_SIX_HOURS",
  "age": 100,
  "weight_today": 113.9,
  "height": 173,
  "category": "advanced"
}
Response:
{
  "success": false,
  "status": 500,
  "data": "Server Error",
  "timeTaken": 343.9474000000009
}
Status code: 500
-------------------------------

[test number] should successfully handle input
Request:
{
  "gender": "FEMALE",
  "total_activity_duration": "NINE_TO_TWELVE_HOURS",
  "age": 0,
  "weight_today": 200,
  "height": 140,
  "category": "intermediate"
}
Response:
{
  "success": false,
  "status": 500,
  "data": "Server Error",
  "timeTaken": 338.0281000000032
}
Status code: 500
-------------------------------

[test number] should successfully handle input
Request:
{
  "gender": "FEMALE",
  "total_activity_duration": "NINE_TO_TWELVE_HOURS",
  "age": 50,
  "weight_today": 200,
  "height": 173,
  "category": "beginner"
}
Response:
{
  "success": false,
  "status": 500,
  "data": "Server Error",
  "timeTaken": 356.3610000000008
}
Status code: 500
-------------------------------

[test number] should successfully handle input
Request:
{
  "gender": "MALE",
  "total_activity_duration": "NINE_TO_TWELVE_HOURS",
  "age": 100,
  "weight_today": 200,
  "height": 173,
  "category": "beginner"
}
Response:
{
  "success": false,
  "status": 500,
  "data": "Server Error",
  "timeTaken": 273.1738000000005
}
Status code: 500
-------------------------------

[test number] should successfully handle input
Request:
{
  "gender": "MALE",
  "total_activity_duration": "THREE_TO_SIX_HOURS",
  "age": 0,
  "weight_today": 70,
  "height": 140,
  "category": "advanced"
}
Response:
{
  "success": false,
  "status": 500,
  "data": "Server Error",
  "timeTaken": 281.2733999999982
}
Status code: 500
-------------------------------

[test number] should successfully handle input
Request:
{
  "gender": "FEMALE",
  "total_activity_duration": "THREE_TO_SIX_HOURS",
  "age": 0,
  "weight_today": 70,
  "height": 190,
  "category": "intermediate"
}
Response:
{
  "success": false,
  "status": 500,
  "data": "Server Error",
  "timeTaken": 271.59579999999914
}
Status code: 500
-------------------------------

[test number] should successfully handle input
Request:
{
  "gender": "FEMALE",
  "total_activity_duration": "TWELVE_PLUS_HOURS",
  "age": 100,
  "weight_today": 30,
  "height": 210,
  "category": "intermediate"
}
Response:
{
  "success": false,
  "status": 500,
  "data": "Server Error",
  "timeTaken": 268.73859999999695
}
Status code: 500
-------------------------------

[test number] should successfully handle input
Request:
{
  "gender": "FEMALE",
  "total_activity_duration": "TWELVE_PLUS_HOURS",
  "age": 0,
  "weight_today": 30,
  "height": 140,
  "category": "beginner"
}
Response:
{
  "success": false,
  "status": 500,
  "data": "Server Error",
  "timeTaken": 283.1233000000029
}
Status code: 500
-------------------------------

[test number] should successfully handle input
Request:
{
  "gender": "MALE",
  "total_activity_duration": "NINE_TO_TWELVE_HOURS",
  "age": 50,
  "weight_today": 150,
  "height": 190,
  "category": "advanced"
}
Response:
{
  "success": false,
  "status": 500,
  "data": "Server Error",
  "timeTaken": 296.6293000000005
}
Status code: 500
-------------------------------

[test number] should successfully handle input
Request:
{
  "gender": "FEMALE",
  "total_activity_duration": "SIX_TO_NINE_HOURS",
  "age": 25,
  "weight_today": 113.9,
  "height": 210,
  "category": "intermediate"
}
Response:
{
  "success": false,
  "status": 500,
  "data": "Server Error",
  "timeTaken": 314.2115999999987
}
Status code: 500
-------------------------------

[test number] should successfully handle input
Request:
{
  "gender": "FEMALE",
  "total_activity_duration": "ZERO_TO_THREE_HOURS",
  "age": 75,
  "weight_today": 70,
  "height": 160,
  "category": "intermediate"
}
Response:
{
  "success": false,
  "status": 500,
  "data": "Server Error",
  "timeTaken": 296.2159999999967
}
Status code: 500
-------------------------------

[test number] should successfully handle input
Request:
{
  "gender": "FEMALE",
  "total_activity_duration": "SIX_TO_NINE_HOURS",
  "age": 75,
  "weight_today": 150,
  "height": 190,
  "category": "intermediate"
}
Response:
{
  "success": false,
  "status": 500,
  "data": "Server Error",
  "timeTaken": 298.0563000000002
}
Status code: 500
-------------------------------

[test number] should successfully handle input
Request:
{
  "gender": "MALE",
  "total_activity_duration": "NINE_TO_TWELVE_HOURS",
  "age": 0,
  "weight_today": 150,
  "height": 173,
  "category": "beginner"
}
Response:
{
  "success": false,
  "status": 500,
  "data": "Server Error",
  "timeTaken": 289.77319999999963
}
Status code: 500
-------------------------------

[test number] should successfully handle input
Request:
{
  "gender": "FEMALE",
  "total_activity_duration": "THREE_TO_SIX_HOURS",
  "age": 50,
  "weight_today": 113.9,
  "height": 160,
  "category": "beginner"
}
Response:
{
  "success": false,
  "status": 500,
  "data": "Server Error",
  "timeTaken": 306.08480000000054
}
Status code: 500
-------------------------------

[test number] should successfully handle input
Request:
{
  "gender": "FEMALE",
  "total_activity_duration": "ZERO_TO_THREE_HOURS",
  "age": 25,
  "weight_today": 30,
  "height": 210,
  "category": "beginner"
}
Response:
{
  "success": false,
  "status": 500,
  "data": "Server Error",
  "timeTaken": 282.0878999999986
}
Status code: 500
-------------------------------

[test number] should successfully handle input
Request:
{
  "gender": "MALE",
  "total_activity_duration": "TWELVE_PLUS_HOURS",
  "age": 25,
  "weight_today": 200,
  "height": 190,
  "category": "advanced"
}
Response:
{
  "success": false,
  "status": 500,
  "data": "Server Error",
  "timeTaken": 297.47769999999946
}
Status code: 500
-------------------------------

[test number] should successfully handle input
Request:
{
  "gender": "MALE",
  "total_activity_duration": "ZERO_TO_THREE_HOURS",
  "age": 25,
  "weight_today": 30,
  "height": 140,
  "category": "advanced"
}
Response:
{
  "success": false,
  "status": 500,
  "data": "Server Error",
  "timeTaken": 301.28559999999925
}
Status code: 500
-------------------------------

[test number] should successfully handle input
Request:
{
  "gender": "MALE",
  "total_activity_duration": "ZERO_TO_THREE_HOURS",
  "age": 75,
  "weight_today": 30,
  "height": 210,
  "category": "beginner"
}
Response:
{
  "success": false,
  "status": 500,
  "data": "Server Error",
  "timeTaken": 293.76810000000114
}
Status code: 500
-------------------------------

[test number] should successfully handle input
Request:
{
  "gender": "MALE",
  "total_activity_duration": "TWELVE_PLUS_HOURS",
  "age": 100,
  "weight_today": 30,
  "height": 173,
  "category": "beginner"
}
Response:
{
  "success": false,
  "status": 500,
  "data": "Server Error",
  "timeTaken": 282.91249999999854
}
Status code: 500
-------------------------------

[test number] should successfully handle input
Request:
{
  "gender": "MALE",
  "total_activity_duration": "THREE_TO_SIX_HOURS",
  "age": 100,
  "weight_today": 113.9,
  "height": 140,
  "category": "beginner"
}
Response:
{
  "success": false,
  "status": 500,
  "data": "Server Error",
  "timeTaken": 280.50800000000163
}
Status code: 500
-------------------------------

[test number] should successfully handle input
Request:
{
  "gender": "FEMALE",
  "total_activity_duration": "TWELVE_PLUS_HOURS",
  "age": 50,
  "weight_today": 30,
  "height": 173,
  "category": "intermediate"
}
Response:
{
  "success": false,
  "status": 500,
  "data": "Server Error",
  "timeTaken": 285.73989999999685
}
Status code: 500
-------------------------------

[test number] should successfully handle input
Request:
{
  "gender": "MALE",
  "total_activity_duration": "SIX_TO_NINE_HOURS",
  "age": 75,
  "weight_today": 113.9,
  "height": 210,
  "category": "advanced"
}
Response:
{
  "success": false,
  "status": 500,
  "data": "Server Error",
  "timeTaken": 268.90980000000127
}
Status code: 500
-------------------------------

[test number] should successfully handle input
Request:
{
  "gender": "MALE",
  "total_activity_duration": "SIX_TO_NINE_HOURS",
  "age": 25,
  "weight_today": 113.9,
  "height": 190,
  "category": "intermediate"
}
Response:
{
  "success": false,
  "status": 500,
  "data": "Server Error",
  "timeTaken": 275.27410000000236
}
Status code: 500
-------------------------------

[test number] should successfully handle input
Request:
{
  "gender": "FEMALE",
  "total_activity_duration": "NINE_TO_TWELVE_HOURS",
  "age": 0,
  "weight_today": 200,
  "height": 140,
  "category": "advanced"
}
Response:
{
  "success": false,
  "status": 500,
  "data": "Server Error",
  "timeTaken": 278.8582999999999
}
Status code: 500
-------------------------------

[test number] should successfully handle input
Request:
{
  "gender": "FEMALE",
  "total_activity_duration": "THREE_TO_SIX_HOURS",
  "age": 100,
  "weight_today": 113.9,
  "height": 190,
  "category": "beginner"
}
Response:
{
  "success": false,
  "status": 500,
  "data": "Server Error",
  "timeTaken": 290.78909999999814
}
Status code: 500
-------------------------------

[test number] should successfully handle input
Request:
{
  "gender": "MALE",
  "total_activity_duration": "THREE_TO_SIX_HOURS",
  "age": 50,
  "weight_today": 70,
  "height": 190,
  "category": "beginner"
}
Response:
{
  "success": false,
  "status": 500,
  "data": "Server Error",
  "timeTaken": 428.3793000000005
}
Status code: 500
-------------------------------

[test number] should successfully handle input
Request:
{
  "gender": "FEMALE",
  "total_activity_duration": "NINE_TO_TWELVE_HOURS",
  "age": 50,
  "weight_today": 200,
  "height": 173,
  "category": "intermediate"
}
Response:
{
  "success": false,
  "status": 500,
  "data": "Server Error",
  "timeTaken": 279.2471000000005
}
Status code: 500
-------------------------------

[test number] should successfully handle input
Request:
{
  "gender": "MALE",
  "total_activity_duration": "NINE_TO_TWELVE_HOURS",
  "age": 100,
  "weight_today": 200,
  "height": 173,
  "category": "intermediate"
}
Response:
{
  "success": false,
  "status": 500,
  "data": "Server Error",
  "timeTaken": 264.41719999999987
}
Status code: 500
-------------------------------

[test number] should successfully handle input
Request:
{
  "gender": "FEMALE",
  "total_activity_duration": "THREE_TO_SIX_HOURS",
  "age": 0,
  "weight_today": 70,
  "height": 190,
  "category": "advanced"
}
Response:
{
  "success": false,
  "status": 500,
  "data": "Server Error",
  "timeTaken": 270.3302999999978
}
Status code: 500
-------------------------------

[test number] should successfully handle input
Request:
{
  "gender": "MALE",
  "total_activity_duration": "THREE_TO_SIX_HOURS",
  "age": 0,
  "weight_today": 70,
  "height": 160,
  "category": "beginner"
}
Response:
{
  "success": false,
  "status": 500,
  "data": "Server Error",
  "timeTaken": 289.7154999999984
}
Status code: 500
-------------------------------

[test number] should successfully handle input
Request:
{
  "gender": "FEMALE",
  "total_activity_duration": "TWELVE_PLUS_HOURS",
  "age": 0,
  "weight_today": 30,
  "height": 140,
  "category": "intermediate"
}
Response:
{
  "success": false,
  "status": 500,
  "data": "Server Error",
  "timeTaken": 273.1368000000002
}
Status code: 500
-------------------------------

[test number] should successfully handle input
Request:
{
  "gender": "FEMALE",
  "total_activity_duration": "TWELVE_PLUS_HOURS",
  "age": 100,
  "weight_today": 30,
  "height": 210,
  "category": "advanced"
}
Response:
{
  "success": false,
  "status": 500,
  "data": "Server Error",
  "timeTaken": 291.67649999999776
}
Status code: 500
-------------------------------

[test number] should successfully handle input
Request:
{
  "gender": "MALE",
  "total_activity_duration": "NINE_TO_TWELVE_HOURS",
  "age": 50,
  "weight_today": 150,
  "height": 210,
  "category": "beginner"
}
Response:
{
  "success": false,
  "status": 500,
  "data": "Server Error",
  "timeTaken": 276.1391999999978
}
Status code: 500
-------------------------------

[test number] should successfully handle input
Request:
{
  "gender": "FEMALE",
  "total_activity_duration": "ZERO_TO_THREE_HOURS",
  "age": 75,
  "weight_today": 70,
  "height": 160,
  "category": "advanced"
}
Response:
{
  "success": false,
  "status": 500,
  "data": "Server Error",
  "timeTaken": 268.47629999999845
}
Status code: 500
-------------------------------

[test number] should successfully handle input
Request:
{
  "gender": "FEMALE",
  "total_activity_duration": "THREE_TO_SIX_HOURS",
  "age": 50,
  "weight_today": 113.9,
  "height": 160,
  "category": "intermediate"
}
Response:
{
  "success": false,
  "status": 500,
  "data": "Server Error",
  "timeTaken": 282.16869999999835
}
Status code: 500
-------------------------------

[test number] should successfully handle input
Request:
{
  "gender": "FEMALE",
  "total_activity_duration": "SIX_TO_NINE_HOURS",
  "age": 25,
  "weight_today": 113.9,
  "height": 210,
  "category": "advanced"
}
Response:
{
  "success": false,
  "status": 500,
  "data": "Server Error",
  "timeTaken": 293.3148000000001
}
Status code: 500
-------------------------------

[test number] should successfully handle input
Request:
{
  "gender": "MALE",
  "total_activity_duration": "NINE_TO_TWELVE_HOURS",
  "age": 0,
  "weight_today": 150,
  "height": 173,
  "category": "intermediate"
}
Response:
{
  "success": false,
  "status": 500,
  "data": "Server Error",
  "timeTaken": 294.190499999997
}
Status code: 500
-------------------------------

[test number] should successfully handle input
Request:
{
  "gender": "FEMALE",
  "total_activity_duration": "SIX_TO_NINE_HOURS",
  "age": 75,
  "weight_today": 150,
  "height": 190,
  "category": "advanced"
}
Response:
{
  "success": false,
  "status": 500,
  "data": "Server Error",
  "timeTaken": 296.8248999999996
}
Status code: 500
-------------------------------

[test number] should successfully handle input
Request:
{
  "gender": "MALE",
  "total_activity_duration": "ZERO_TO_THREE_HOURS",
  "age": 25,
  "weight_today": 30,
  "height": 160,
  "category": "beginner"
}
Response:
{
  "success": false,
  "status": 500,
  "data": "Server Error",
  "timeTaken": 265.15279999999984
}
Status code: 500
-------------------------------

[test number] should successfully handle input
Request:
{
  "gender": "MALE",
  "total_activity_duration": "TWELVE_PLUS_HOURS",
  "age": 25,
  "weight_today": 200,
  "height": 210,
  "category": "beginner"
}
Response:
{
  "success": false,
  "status": 500,
  "data": "Server Error",
  "timeTaken": 287.21600000000035
}
Status code: 500
-------------------------------

[test number] should successfully handle input
Request:
{
  "gender": "FEMALE",
  "total_activity_duration": "ZERO_TO_THREE_HOURS",
  "age": 25,
  "weight_today": 30,
  "height": 210,
  "category": "intermediate"
}
Response:
{
  "success": false,
  "status": 500,
  "data": "Server Error",
  "timeTaken": 311.91029999999955
}
Status code: 500
-------------------------------

[test number] should successfully handle input
Request:
{
  "gender": "MALE",
  "total_activity_duration": "TWELVE_PLUS_HOURS",
  "age": 100,
  "weight_today": 30,
  "height": 173,
  "category": "intermediate"
}
Response:
{
  "success": false,
  "status": 500,
  "data": "Server Error",
  "timeTaken": 276.5865999999987
}
Status code: 500
-------------------------------

[test number] should successfully handle input
Request:
{
  "gender": "MALE",
  "total_activity_duration": "THREE_TO_SIX_HOURS",
  "age": 100,
  "weight_today": 113.9,
  "height": 140,
  "category": "intermediate"
}
Response:
{
  "success": false,
  "status": 500,
  "data": "Server Error",
  "timeTaken": 277.58539999999994
}
Status code: 500
-------------------------------

[test number] should successfully handle input
Request:
{
  "gender": "FEMALE",
  "total_activity_duration": "TWELVE_PLUS_HOURS",
  "age": 50,
  "weight_today": 30,
  "height": 173,
  "category": "advanced"
}
Response:
{
  "success": false,
  "status": 500,
  "data": "Server Error",
  "timeTaken": 279.7063999999991
}
Status code: 500
-------------------------------

[test number] should successfully handle input
Request:
{
  "gender": "MALE",
  "total_activity_duration": "ZERO_TO_THREE_HOURS",
  "age": 75,
  "weight_today": 30,
  "height": 210,
  "category": "intermediate"
}
Response:
{
  "success": false,
  "status": 500,
  "data": "Server Error",
  "timeTaken": 290.69810000000143
}
Status code: 500
-------------------------------

[test number] should successfully handle input
Request:
{
  "gender": "MALE",
  "total_activity_duration": "SIX_TO_NINE_HOURS",
  "age": 25,
  "weight_today": 113.9,
  "height": 190,
  "category": "advanced"
}
Response:
{
  "success": false,
  "status": 500,
  "data": "Server Error",
  "timeTaken": 278.5051999999996
}
Status code: 500
-------------------------------

[test number] should successfully handle input
Request:
{
  "gender": "MALE",
  "total_activity_duration": "SIX_TO_NINE_HOURS",
  "age": 75,
  "weight_today": 150,
  "height": 140,
  "category": "beginner"
}
Response:
{
  "success": false,
  "status": 500,
  "data": "Server Error",
  "timeTaken": 289.46299999999974
}
Status code: 500
-------------------------------

[test number] should successfully handle input
Request:
{
  "gender": "FEMALE",
  "total_activity_duration": "THREE_TO_SIX_HOURS",
  "age": 100,
  "weight_today": 113.9,
  "height": 190,
  "category": "intermediate"
}
Response:
{
  "success": false,
  "status": 500,
  "data": "Server Error",
  "timeTaken": 273.1187000000027
}
Status code: 500
-------------------------------

[test number] should successfully handle input
Request:
{
  "gender": "FEMALE",
  "total_activity_duration": "NINE_TO_TWELVE_HOURS",
  "age": 0,
  "weight_today": 200,
  "height": 160,
  "category": "beginner"
}
Response:
{
  "success": false,
  "status": 500,
  "data": "Server Error",
  "timeTaken": 297.72739999999976
}
Status code: 500
-------------------------------

[test number] should successfully handle input
Request:
{
  "gender": "MALE",
  "total_activity_duration": "THREE_TO_SIX_HOURS",
  "age": 50,
  "weight_today": 70,
  "height": 190,
  "category": "intermediate"
}
Response:
{
  "success": false,
  "status": 500,
  "data": "Server Error",
  "timeTaken": 284.369200000001
}
Status code: 500
-------------------------------

[test number] should successfully handle input
Request:
{
  "gender": "FEMALE",
  "total_activity_duration": "NINE_TO_TWELVE_HOURS",
  "age": 50,
  "weight_today": 200,
  "height": 173,
  "category": "advanced"
}
Response:
{
  "success": false,
  "status": 500,
  "data": "Server Error",
  "timeTaken": 284.16419999999925
}
Status code: 500
-------------------------------

[test number] should successfully handle input
Request:
{
  "gender": "FEMALE",
  "total_activity_duration": "THREE_TO_SIX_HOURS",
  "age": 0,
  "weight_today": 70,
  "height": 210,
  "category": "beginner"
}
Response:
{
  "success": false,
  "status": 500,
  "data": "Server Error",
  "timeTaken": 275.4808000000012
}
Status code: 500
-------------------------------

[test number] should successfully handle input
Request:
{
  "gender": "MALE",
  "total_activity_duration": "NINE_TO_TWELVE_HOURS",
  "age": 100,
  "weight_today": 200,
  "height": 173,
  "category": "advanced"
}
Response:
{
  "success": false,
  "status": 500,
  "data": "Server Error",
  "timeTaken": 289.0025000000023
}
Status code: 500
-------------------------------

[test number] should successfully handle input
Request:
{
  "gender": "MALE",
  "total_activity_duration": "THREE_TO_SIX_HOURS",
  "age": 0,
  "weight_today": 70,
  "height": 160,
  "category": "intermediate"
}
Response:
{
  "success": false,
  "status": 500,
  "data": "Server Error",
  "timeTaken": 269.87439999999697
}
Status code: 500
-------------------------------

[test number] should successfully handle input
Request:
{
  "gender": "FEMALE",
  "total_activity_duration": "TWELVE_PLUS_HOURS",
  "age": 0,
  "weight_today": 30,
  "height": 140,
  "category": "advanced"
}
Response:
{
  "success": false,
  "status": 500,
  "data": "Server Error",
  "timeTaken": 283.1719000000012
}
Status code: 500
-------------------------------

[test number] should successfully handle input
Request:
{
  "gender": "MALE",
  "total_activity_duration": "NINE_TO_TWELVE_HOURS",
  "age": 50,
  "weight_today": 150,
  "height": 210,
  "category": "intermediate"
}
Response:
{
  "success": false,
  "status": 500,
  "data": "Server Error",
  "timeTaken": 289.03899999999703
}
Status code: 500
-------------------------------

[test number] should successfully handle input
Request:
{
  "gender": "FEMALE",
  "total_activity_duration": "TWELVE_PLUS_HOURS",
  "age": 100,
  "weight_today": 70,
  "height": 140,
  "category": "beginner"
}
Response:
{
  "success": false,
  "status": 500,
  "data": "Server Error",
  "timeTaken": 286.7432000000008
}
Status code: 500
-------------------------------

[test number] should successfully handle input
Request:
{
  "gender": "FEMALE",
  "total_activity_duration": "ZERO_TO_THREE_HOURS",
  "age": 75,
  "weight_today": 70,
  "height": 173,
  "category": "beginner"
}
Response:
{
  "success": false,
  "status": 500,
  "data": "Server Error",
  "timeTaken": 279.36129999999685
}
Status code: 500
-------------------------------

[test number] should successfully handle input
Request:
{
  "gender": "FEMALE",
  "total_activity_duration": "THREE_TO_SIX_HOURS",
  "age": 50,
  "weight_today": 113.9,
  "height": 160,
  "category": "advanced"
}
Response:
{
  "success": false,
  "status": 500,
  "data": "Server Error",
  "timeTaken": 273.6183999999994
}
Status code: 500
-------------------------------

[test number] should successfully handle input
Request:
{
  "gender": "MALE",
  "total_activity_duration": "NINE_TO_TWELVE_HOURS",
  "age": 0,
  "weight_today": 150,
  "height": 173,
  "category": "advanced"
}
Response:
{
  "success": false,
  "status": 500,
  "data": "Server Error",
  "timeTaken": 272.8028000000013
}
Status code: 500
-------------------------------

[test number] should successfully handle input
Request:
{
  "gender": "FEMALE",
  "total_activity_duration": "SIX_TO_NINE_HOURS",
  "age": 75,
  "weight_today": 150,
  "height": 210,
  "category": "beginner"
}
Response:
{
  "success": false,
  "status": 500,
  "data": "Server Error",
  "timeTaken": 286.4643999999971
}
Status code: 500
-------------------------------

[test number] should successfully handle input
Request:
{
  "gender": "MALE",
  "total_activity_duration": "ZERO_TO_THREE_HOURS",
  "age": 25,
  "weight_today": 30,
  "height": 160,
  "category": "intermediate"
}
Response:
{
  "success": false,
  "status": 500,
  "data": "Server Error",
  "timeTaken": 278.0064999999995
}
Status code: 500
-------------------------------

[test number] should successfully handle input
Request:
{
  "gender": "FEMALE",
  "total_activity_duration": "SIX_TO_NINE_HOURS",
  "age": 25,
  "weight_today": 150,
  "height": 140,
  "category": "beginner"
}
Response:
{
  "success": false,
  "status": 500,
  "data": "Server Error",
  "timeTaken": 313.14080000000104
}
Status code: 500
-------------------------------

[test number] should successfully handle input
Request:
{
  "gender": "FEMALE",
  "total_activity_duration": "ZERO_TO_THREE_HOURS",
  "age": 25,
  "weight_today": 30,
  "height": 210,
  "category": "advanced"
}
Response:
{
  "success": false,
  "status": 500,
  "data": "Server Error",
  "timeTaken": 290.65590000000157
}
Status code: 500
-------------------------------

[test number] should successfully handle input
Request:
{
  "gender": "MALE",
  "total_activity_duration": "TWELVE_PLUS_HOURS",
  "age": 25,
  "weight_today": 200,
  "height": 210,
  "category": "intermediate"
}
Response:
{
  "success": false,
  "status": 500,
  "data": "Server Error",
  "timeTaken": 292.46550000000207
}
Status code: 500
-------------------------------

[test number] should successfully handle input
Request:
{
  "gender": "MALE",
  "total_activity_duration": "TWELVE_PLUS_HOURS",
  "age": 100,
  "weight_today": 30,
  "height": 173,
  "category": "advanced"
}
Response:
{
  "success": false,
  "status": 500,
  "data": "Server Error",
  "timeTaken": 277.3597000000009
}
Status code: 500
-------------------------------

[test number] should successfully handle input
Request:
{
  "gender": "FEMALE",
  "total_activity_duration": "TWELVE_PLUS_HOURS",
  "age": 50,
  "weight_today": 30,
  "height": 190,
  "category": "beginner"
}
Response:
{
  "success": false,
  "status": 500,
  "data": "Server Error",
  "timeTaken": 273.64819999999963
}
Status code: 500
-------------------------------

[test number] should successfully handle input
Request:
{
  "gender": "MALE",
  "total_activity_duration": "THREE_TO_SIX_HOURS",
  "age": 100,
  "weight_today": 113.9,
  "height": 140,
  "category": "advanced"
}
Response:
{
  "success": false,
  "status": 500,
  "data": "Server Error",
  "timeTaken": 282.8076000000001
}
Status code: 500
-------------------------------

[test number] should successfully handle input
Request:
{
  "gender": "MALE",
  "total_activity_duration": "ZERO_TO_THREE_HOURS",
  "age": 75,
  "weight_today": 30,
  "height": 210,
  "category": "advanced"
}
Response:
{
  "success": false,
  "status": 500,
  "data": "Server Error",
  "timeTaken": 279.01380000000063
}
Status code: 500
-------------------------------

[test number] should successfully handle input
Request:
{
  "gender": "MALE",
  "total_activity_duration": "SIX_TO_NINE_HOURS",
  "age": 75,
  "weight_today": 150,
  "height": 140,
  "category": "intermediate"
}
Response:
{
  "success": false,
  "status": 500,
  "data": "Server Error",
  "timeTaken": 269.97199999999793
}
Status code: 500
-------------------------------

[test number] should successfully handle input
Request:
{
  "gender": "MALE",
  "total_activity_duration": "SIX_TO_NINE_HOURS",
  "age": 25,
  "weight_today": 113.9,
  "height": 210,
  "category": "beginner"
}
Response:
{
  "success": false,
  "status": 500,
  "data": "Server Error",
  "timeTaken": 285.3182000000015
}
Status code: 500
-------------------------------

[test number] should successfully handle input
Request:
{
  "gender": "FEMALE",
  "total_activity_duration": "THREE_TO_SIX_HOURS",
  "age": 100,
  "weight_today": 113.9,
  "height": 190,
  "category": "advanced"
}
Response:
{
  "success": false,
  "status": 500,
  "data": "Server Error",
  "timeTaken": 275.48139999999694
}
Status code: 500
-------------------------------

[test number] should successfully handle input
Request:
{
  "gender": "FEMALE",
  "total_activity_duration": "NINE_TO_TWELVE_HOURS",
  "age": 0,
  "weight_today": 200,
  "height": 160,
  "category": "intermediate"
}
Response:
{
  "success": false,
  "status": 500,
  "data": "Server Error",
  "timeTaken": 293.97539999999935
}
Status code: 500
-------------------------------

[test number] should successfully handle input
Request:
{
  "gender": "MALE",
  "total_activity_duration": "THREE_TO_SIX_HOURS",
  "age": 50,
  "weight_today": 70,
  "height": 190,
  "category": "advanced"
}
Response:
{
  "success": false,
  "status": 500,
  "data": "Server Error",
  "timeTaken": 270.3142000000007
}
Status code: 500
-------------------------------

[test number] should successfully handle input
Request:
{
  "gender": "FEMALE",
  "total_activity_duration": "NINE_TO_TWELVE_HOURS",
  "age": 50,
  "weight_today": 200,
  "height": 190,
  "category": "beginner"
}
Response:
{
  "success": false,
  "status": 500,
  "data": "Server Error",
  "timeTaken": 290.3801999999996
}
Status code: 500
-------------------------------

[test number] should successfully handle input
Request:
{
  "gender": "FEMALE",
  "total_activity_duration": "THREE_TO_SIX_HOURS",
  "age": 0,
  "weight_today": 70,
  "height": 210,
  "category": "intermediate"
}
Response:
{
  "success": false,
  "status": 500,
  "data": "Server Error",
  "timeTaken": 267.8894
}
Status code: 500
-------------------------------

[test number] should successfully handle input
Request:
{
  "gender": "MALE",
  "total_activity_duration": "THREE_TO_SIX_HOURS",
  "age": 0,
  "weight_today": 70,
  "height": 160,
  "category": "advanced"
}
Response:
{
  "success": false,
  "status": 500,
  "data": "Server Error",
  "timeTaken": 282.7570999999989
}
Status code: 500
-------------------------------

[test number] should successfully handle input
Request:
{
  "gender": "MALE",
  "total_activity_duration": "NINE_TO_TWELVE_HOURS",
  "age": 100,
  "weight_today": 200,
  "height": 190,
  "category": "beginner"
}
Response:
{
  "success": false,
  "status": 500,
  "data": "Server Error",
  "timeTaken": 291.15469999999914
}
Status code: 500
-------------------------------

[test number] should successfully handle input
Request:
{
  "gender": "FEMALE",
  "total_activity_duration": "TWELVE_PLUS_HOURS",
  "age": 0,
  "weight_today": 30,
  "height": 160,
  "category": "beginner"
}
Response:
{
  "success": false,
  "status": 500,
  "data": "Server Error",
  "timeTaken": 268.8721000000005
}
Status code: 500
-------------------------------

[test number] should successfully handle input
Request:
{
  "gender": "FEMALE",
  "total_activity_duration": "TWELVE_PLUS_HOURS",
  "age": 100,
  "weight_today": 70,
  "height": 140,
  "category": "intermediate"
}
Response:
{
  "success": false,
  "status": 500,
  "data": "Server Error",
  "timeTaken": 273.22599999999875
}
Status code: 500
-------------------------------

[test number] should successfully handle input
Request:
{
  "gender": "MALE",
  "total_activity_duration": "NINE_TO_TWELVE_HOURS",
  "age": 50,
  "weight_today": 150,
  "height": 210,
  "category": "advanced"
}
Response:
{
  "success": false,
  "status": 500,
  "data": "Server Error",
  "timeTaken": 282.1877999999997
}
Status code: 500
-------------------------------

[test number] should successfully handle input
Request:
{
  "gender": "FEMALE",
  "total_activity_duration": "THREE_TO_SIX_HOURS",
  "age": 50,
  "weight_today": 113.9,
  "height": 173,
  "category": "beginner"
}
Response:
{
  "success": false,
  "status": 500,
  "data": "Server Error",
  "timeTaken": 274.3283999999985
}
Status code: 500
-------------------------------

[test number] should successfully handle input
Request:
{
  "gender": "FEMALE",
  "total_activity_duration": "ZERO_TO_THREE_HOURS",
  "age": 75,
  "weight_today": 70,
  "height": 173,
  "category": "intermediate"
}
Response:
{
  "success": false,
  "status": 500,
  "data": "Server Error",
  "timeTaken": 285.38710000000356
}
Status code: 500
-------------------------------

[test number] should successfully handle input
Request:
{
  "gender": "MALE",
  "total_activity_duration": "NINE_TO_TWELVE_HOURS",
  "age": 0,
  "weight_today": 150,
  "height": 190,
  "category": "beginner"
}
Response:
{
  "success": false,
  "status": 500,
  "data": "Server Error",
  "timeTaken": 289.99219999999696
}
Status code: 500
-------------------------------

[test number] should successfully handle input
Request:
{
  "gender": "MALE",
  "total_activity_duration": "ZERO_TO_THREE_HOURS",
  "age": 25,
  "weight_today": 30,
  "height": 160,
  "category": "advanced"
}
Response:
{
  "success": false,
  "status": 500,
  "data": "Server Error",
  "timeTaken": 275.8136000000013
}
Status code: 500
-------------------------------

[test number] should successfully handle input
Request:
{
  "gender": "FEMALE",
  "total_activity_duration": "SIX_TO_NINE_HOURS",
  "age": 75,
  "weight_today": 150,
  "height": 210,
  "category": "intermediate"
}
Response:
{
  "success": false,
  "status": 500,
  "data": "Server Error",
  "timeTaken": 291.59790000000066
}
Status code: 500
-------------------------------

[test number] should successfully handle input
Request:
{
  "gender": "FEMALE",
  "total_activity_duration": "SIX_TO_NINE_HOURS",
  "age": 25,
  "weight_today": 150,
  "height": 140,
  "category": "intermediate"
}
Response:
{
  "success": false,
  "status": 500,
  "data": "Server Error",
  "timeTaken": 295.84679999999935
}
Status code: 500
-------------------------------

[test number] should successfully handle input
Request:
{
  "gender": "MALE",
  "total_activity_duration": "TWELVE_PLUS_HOURS",
  "age": 100,
  "weight_today": 30,
  "height": 190,
  "category": "beginner"
}
Response:
{
  "success": false,
  "status": 500,
  "data": "Server Error",
  "timeTaken": 273.2711999999992
}
Status code: 500
-------------------------------

[test number] should successfully handle input
Request:
{
  "gender": "MALE",
  "total_activity_duration": "TWELVE_PLUS_HOURS",
  "age": 25,
  "weight_today": 200,
  "height": 210,
  "category": "advanced"
}
Response:
{
  "success": false,
  "status": 500,
  "data": "Server Error",
  "timeTaken": 280.332699999999
}
Status code: 500
-------------------------------

[test number] should successfully handle input
Request:
{
  "gender": "MALE",
  "total_activity_duration": "SIX_TO_NINE_HOURS",
  "age": 75,
  "weight_today": 150,
  "height": 140,
  "category": "advanced"
}
Response:
{
  "success": false,
  "status": 500,
  "data": "Server Error",
  "timeTaken": 273.8525000000009
}
Status code: 500
-------------------------------

[test number] should successfully handle input
Request:
{
  "gender": "MALE",
  "total_activity_duration": "THREE_TO_SIX_HOURS",
  "age": 100,
  "weight_today": 113.9,
  "height": 160,
  "category": "beginner"
}
Response:
{
  "success": false,
  "status": 500,
  "data": "Server Error",
  "timeTaken": 285.6304000000018
}
Status code: 500
-------------------------------

[test number] should successfully handle input
Request:
{
  "gender": "FEMALE",
  "total_activity_duration": "THREE_TO_SIX_HOURS",
  "age": 100,
  "weight_today": 113.9,
  "height": 210,
  "category": "beginner"
}
Response:
{
  "success": false,
  "status": 500,
  "data": "Server Error",
  "timeTaken": 269.8042999999998
}
Status code: 500
-------------------------------

[test number] should successfully handle input
Request:
{
  "gender": "MALE",
  "total_activity_duration": "ZERO_TO_THREE_HOURS",
  "age": 75,
  "weight_today": 70,
  "height": 140,
  "category": "beginner"
}
Response:
{
  "success": false,
  "status": 500,
  "data": "Server Error",
  "timeTaken": 292.66289999999935
}
Status code: 500
-------------------------------

[test number] should successfully handle input
Request:
{
  "gender": "MALE",
  "total_activity_duration": "SIX_TO_NINE_HOURS",
  "age": 25,
  "weight_today": 113.9,
  "height": 210,
  "category": "intermediate"
}
Response:
{
  "success": false,
  "status": 500,
  "data": "Server Error",
  "timeTaken": 280.4573999999993
}
Status code: 500
-------------------------------

[test number] should successfully handle input
Request:
{
  "gender": "FEMALE",
  "total_activity_duration": "ZERO_TO_THREE_HOURS",
  "age": 25,
  "weight_today": 70,
  "height": 140,
  "category": "beginner"
}
Response:
{
  "success": false,
  "status": 500,
  "data": "Server Error",
  "timeTaken": 338.33740000000034
}
Status code: 500
-------------------------------

[test number] should successfully handle input
Request:
{
  "gender": "FEMALE",
  "total_activity_duration": "TWELVE_PLUS_HOURS",
  "age": 50,
  "weight_today": 30,
  "height": 190,
  "category": "intermediate"
}
Response:
{
  "success": false,
  "status": 500,
  "data": "Server Error",
  "timeTaken": 338.5711999999985
}
Status code: 500
-------------------------------

[test number] should successfully handle input
Request:
{
  "gender": "FEMALE",
  "total_activity_duration": "NINE_TO_TWELVE_HOURS",
  "age": 0,
  "weight_today": 200,
  "height": 160,
  "category": "advanced"
}
Response:
{
  "success": false,
  "status": 500,
  "data": "Server Error",
  "timeTaken": 275.824099999998
}
Status code: 500
-------------------------------

[test number] should successfully handle input
Request:
{
  "gender": "MALE",
  "total_activity_duration": "THREE_TO_SIX_HOURS",
  "age": 50,
  "weight_today": 70,
  "height": 210,
  "category": "beginner"
}
Response:
{
  "success": false,
  "status": 500,
  "data": "Server Error",
  "timeTaken": 273.28540000000066
}
Status code: 500
-------------------------------

[test number] should successfully handle input
Request:
{
  "gender": "FEMALE",
  "total_activity_duration": "NINE_TO_TWELVE_HOURS",
  "age": 50,
  "weight_today": 200,
  "height": 190,
  "category": "intermediate"
}
Response:
{
  "success": false,
  "status": 500,
  "data": "Server Error",
  "timeTaken": 279.1895000000004
}
Status code: 500
-------------------------------

[test number] should successfully handle input
Request:
{
  "gender": "FEMALE",
  "total_activity_duration": "THREE_TO_SIX_HOURS",
  "age": 0,
  "weight_today": 70,
  "height": 210,
  "category": "advanced"
}
Response:
{
  "success": false,
  "status": 500,
  "data": "Server Error",
  "timeTaken": 278.8380999999972
}
Status code: 500
-------------------------------

[test number] should successfully handle input
Request:
{
  "gender": "MALE",
  "total_activity_duration": "THREE_TO_SIX_HOURS",
  "age": 0,
  "weight_today": 70,
  "height": 173,
  "category": "beginner"
}
Response:
{
  "success": false,
  "status": 500,
  "data": "Server Error",
  "timeTaken": 279.59660000000076
}
Status code: 500
-------------------------------

[test number] should successfully handle input
Request:
{
  "gender": "FEMALE",
  "total_activity_duration": "TWELVE_PLUS_HOURS",
  "age": 0,
  "weight_today": 30,
  "height": 160,
  "category": "intermediate"
}
Response:
{
  "success": false,
  "status": 500,
  "data": "Server Error",
  "timeTaken": 271.8045999999995
}
Status code: 500
-------------------------------

[test number] should successfully handle input
Request:
{
  "gender": "MALE",
  "total_activity_duration": "NINE_TO_TWELVE_HOURS",
  "age": 100,
  "weight_today": 200,
  "height": 190,
  "category": "intermediate"
}
Response:
{
  "success": false,
  "status": 500,
  "data": "Server Error",
  "timeTaken": 279.09569999999803
}
Status code: 500
-------------------------------

[test number] should successfully handle input
Request:
{
  "gender": "FEMALE",
  "total_activity_duration": "TWELVE_PLUS_HOURS",
  "age": 100,
  "weight_today": 70,
  "height": 140,
  "category": "advanced"
}
Response:
{
  "success": false,
  "status": 500,
  "data": "Server Error",
  "timeTaken": 279.1906999999992
}
Status code: 500
-------------------------------

[test number] should successfully handle input
Request:
{
  "gender": "MALE",
  "total_activity_duration": "NINE_TO_TWELVE_HOURS",
  "age": 50,
  "weight_today": 200,
  "height": 140,
  "category": "beginner"
}
Response:
{
  "success": false,
  "status": 500,
  "data": "Server Error",
  "timeTaken": 290.0708999999988
}
Status code: 500
-------------------------------

[test number] should successfully handle input
Request:
{
  "gender": "FEMALE",
  "total_activity_duration": "THREE_TO_SIX_HOURS",
  "age": 50,
  "weight_today": 113.9,
  "height": 173,
  "category": "intermediate"
}
Response:
{
  "success": false,
  "status": 500,
  "data": "Server Error",
  "timeTaken": 273.9377000000022
}
Status code: 500
-------------------------------

[test number] should successfully handle input
Request:
{
  "gender": "FEMALE",
  "total_activity_duration": "ZERO_TO_THREE_HOURS",
  "age": 75,
  "weight_today": 70,
  "height": 173,
  "category": "advanced"
}
Response:
{
  "success": false,
  "status": 500,
  "data": "Server Error",
  "timeTaken": 285.09549999999945
}
Status code: 500
-------------------------------

[test number] should successfully handle input
Request:
{
  "gender": "MALE",
  "total_activity_duration": "NINE_TO_TWELVE_HOURS",
  "age": 0,
  "weight_today": 150,
  "height": 190,
  "category": "intermediate"
}
Response:
{
  "success": false,
  "status": 500,
  "data": "Server Error",
  "timeTaken": 280.34300000000076
}
Status code: 500
-------------------------------

[test number] should successfully handle input
Request:
{
  "gender": "MALE",
  "total_activity_duration": "ZERO_TO_THREE_HOURS",
  "age": 25,
  "weight_today": 30,
  "height": 173,
  "category": "beginner"
}
Response:
{
  "success": false,
  "status": 500,
  "data": "Server Error",
  "timeTaken": 266.3183999999965
}
Status code: 500
-------------------------------

[test number] should successfully handle input
Request:
{
  "gender": "FEMALE",
  "total_activity_duration": "SIX_TO_NINE_HOURS",
  "age": 75,
  "weight_today": 150,
  "height": 210,
  "category": "advanced"
}
Response:
{
  "success": false,
  "status": 500,
  "data": "Server Error",
  "timeTaken": 272.53689999999915
}
Status code: 500
-------------------------------

[test number] should successfully handle input
Request:
{
  "gender": "MALE",
  "total_activity_duration": "TWELVE_PLUS_HOURS",
  "age": 100,
  "weight_today": 30,
  "height": 190,
  "category": "intermediate"
}
Response:
{
  "success": false,
  "status": 500,
  "data": "Server Error",
  "timeTaken": 278.20020000000295
}
Status code: 500
-------------------------------

[test number] should successfully handle input
Request:
{
  "gender": "FEMALE",
  "total_activity_duration": "THREE_TO_SIX_HOURS",
  "age": 100,
  "weight_today": 113.9,
  "height": 210,
  "category": "intermediate"
}
Response:
{
  "success": false,
  "status": 500,
  "data": "Server Error",
  "timeTaken": 271.4373999999989
}
Status code: 500
-------------------------------

[test number] should successfully handle input
Request:
{
  "gender": "MALE",
  "total_activity_duration": "TWELVE_PLUS_HOURS",
  "age": 50,
  "weight_today": 30,
  "height": 140,
  "category": "beginner"
}
Response:
{
  "success": false,
  "status": 500,
  "data": "Server Error",
  "timeTaken": 284.52390000000014
}
Status code: 500
-------------------------------

[test number] should successfully handle input
Request:
{
  "gender": "MALE",
  "total_activity_duration": "SIX_TO_NINE_HOURS",
  "age": 25,
  "weight_today": 113.9,
  "height": 210,
  "category": "advanced"
}
Response:
{
  "success": false,
  "status": 500,
  "data": "Server Error",
  "timeTaken": 278.11659999999756
}
Status code: 500
-------------------------------

[test number] should successfully handle input
Request:
{
  "gender": "MALE",
  "total_activity_duration": "THREE_TO_SIX_HOURS",
  "age": 100,
  "weight_today": 113.9,
  "height": 160,
  "category": "intermediate"
}
Response:
{
  "success": false,
  "status": 500,
  "data": "Server Error",
  "timeTaken": 289.59909999999945
}
Status code: 500
-------------------------------

[test number] should successfully handle input
Request:
{
  "gender": "MALE",
  "total_activity_duration": "ZERO_TO_THREE_HOURS",
  "age": 75,
  "weight_today": 70,
  "height": 140,
  "category": "intermediate"
}
Response:
{
  "success": false,
  "status": 500,
  "data": "Server Error",
  "timeTaken": 280.2533000000003
}
Status code: 500
-------------------------------

[test number] should successfully handle input
Request:
{
  "gender": "FEMALE",
  "total_activity_duration": "SIX_TO_NINE_HOURS",
  "age": 25,
  "weight_today": 150,
  "height": 140,
  "category": "advanced"
}
Response:
{
  "success": false,
  "status": 500,
  "data": "Server Error",
  "timeTaken": 347.7092999999986
}
Status code: 500
-------------------------------

[test number] should successfully handle input
Request:
{
  "gender": "MALE",
  "total_activity_duration": "SIX_TO_NINE_HOURS",
  "age": 75,
  "weight_today": 150,
  "height": 160,
  "category": "beginner"
}
Response:
{
  "success": false,
  "status": 500,
  "data": "Server Error",
  "timeTaken": 318.89600000000064
}
Status code: 500
-------------------------------

[test number] should successfully handle input
Request:
{
  "gender": "FEMALE",
  "total_activity_duration": "ZERO_TO_THREE_HOURS",
  "age": 25,
  "weight_today": 70,
  "height": 140,
  "category": "intermediate"
}
Response:
{
  "success": false,
  "status": 500,
  "data": "Server Error",
  "timeTaken": 278.7826000000023
}
Status code: 500
-------------------------------

[test number] should successfully handle input
Request:
{
  "gender": "FEMALE",
  "total_activity_duration": "NINE_TO_TWELVE_HOURS",
  "age": 0,
  "weight_today": 200,
  "height": 173,
  "category": "beginner"
}
Response:
{
  "success": false,
  "status": 500,
  "data": "Server Error",
  "timeTaken": 283.4061999999976
}
Status code: 500
-------------------------------

[test number] should successfully handle input
Request:
{
  "gender": "MALE",
  "total_activity_duration": "THREE_TO_SIX_HOURS",
  "age": 50,
  "weight_today": 70,
  "height": 210,
  "category": "intermediate"
}
Response:
{
  "success": false,
  "status": 500,
  "data": "Server Error",
  "timeTaken": 269.2478999999985
}
Status code: 500
-------------------------------

[test number] should successfully handle input
Request:
{
  "gender": "FEMALE",
  "total_activity_duration": "TWELVE_PLUS_HOURS",
  "age": 50,
  "weight_today": 30,
  "height": 190,
  "category": "advanced"
}
Response:
{
  "success": false,
  "status": 500,
  "data": "Server Error",
  "timeTaken": 307.89990000000034
}
Status code: 500
-------------------------------

[test number] should successfully handle input
Request:
{
  "gender": "FEMALE",
  "total_activity_duration": "THREE_TO_SIX_HOURS",
  "age": 0,
  "weight_today": 113.9,
  "height": 140,
  "category": "beginner"
}
Response:
{
  "success": false,
  "status": 500,
  "data": "Server Error",
  "timeTaken": 273.15999999999985
}
Status code: 500
-------------------------------

[test number] should successfully handle input
Request:
{
  "gender": "FEMALE",
  "total_activity_duration": "NINE_TO_TWELVE_HOURS",
  "age": 50,
  "weight_today": 200,
  "height": 190,
  "category": "advanced"
}
Response:
{
  "success": false,
  "status": 500,
  "data": "Server Error",
  "timeTaken": 294.8127999999997
}
Status code: 500
-------------------------------

[test number] should successfully handle input
Request:
{
  "gender": "MALE",
  "total_activity_duration": "THREE_TO_SIX_HOURS",
  "age": 0,
  "weight_today": 70,
  "height": 173,
  "category": "intermediate"
}
Response:
{
  "success": false,
  "status": 500,
  "data": "Server Error",
  "timeTaken": 271.3970999999983
}
Status code: 500
-------------------------------

[test number] should successfully handle input
Request:
{
  "gender": "FEMALE",
  "total_activity_duration": "TWELVE_PLUS_HOURS",
  "age": 100,
  "weight_today": 70,
  "height": 160,
  "category": "beginner"
}
Response:
{
  "success": false,
  "status": 500,
  "data": "Server Error",
  "timeTaken": 267.3076000000001
}
Status code: 500
-------------------------------

[test number] should successfully handle input
Request:
{
  "gender": "MALE",
  "total_activity_duration": "NINE_TO_TWELVE_HOURS",
  "age": 100,
  "weight_today": 200,
  "height": 190,
  "category": "advanced"
}
Response:
{
  "success": false,
  "status": 500,
  "data": "Server Error",
  "timeTaken": 279.8977999999988
}
Status code: 500
-------------------------------

[test number] should successfully handle input
Request:
{
  "gender": "FEMALE",
  "total_activity_duration": "TWELVE_PLUS_HOURS",
  "age": 0,
  "weight_today": 30,
  "height": 160,
  "category": "advanced"
}
Response:
{
  "success": false,
  "status": 500,
  "data": "Server Error",
  "timeTaken": 281.1347999999998
}
Status code: 500
-------------------------------

[test number] should successfully handle input
Request:
{
  "gender": "MALE",
  "total_activity_duration": "NINE_TO_TWELVE_HOURS",
  "age": 50,
  "weight_today": 200,
  "height": 140,
  "category": "intermediate"
}
Response:
{
  "success": false,
  "status": 500,
  "data": "Server Error",
  "timeTaken": 274.2275000000009
}
Status code: 500
-------------------------------

[test number] should successfully handle input
Request:
{
  "gender": "FEMALE",
  "total_activity_duration": "THREE_TO_SIX_HOURS",
  "age": 50,
  "weight_today": 113.9,
  "height": 173,
  "category": "advanced"
}
Response:
{
  "success": false,
  "status": 500,
  "data": "Server Error",
  "timeTaken": 283.6957999999977
}
Status code: 500
-------------------------------

[test number] should successfully handle input
Request:
{
  "gender": "FEMALE",
  "total_activity_duration": "ZERO_TO_THREE_HOURS",
  "age": 75,
  "weight_today": 70,
  "height": 190,
  "category": "beginner"
}
Response:
{
  "success": false,
  "status": 500,
  "data": "Server Error",
  "timeTaken": 298.03629999999976
}
Status code: 500
-------------------------------

[test number] should successfully handle input
Request:
{
  "gender": "MALE",
  "total_activity_duration": "ZERO_TO_THREE_HOURS",
  "age": 25,
  "weight_today": 30,
  "height": 173,
  "category": "intermediate"
}
Response:
{
  "success": false,
  "status": 500,
  "data": "Server Error",
  "timeTaken": 291.6785999999993
}
Status code: 500
-------------------------------

[test number] should successfully handle input
Request:
{
  "gender": "FEMALE",
  "total_activity_duration": "SIX_TO_NINE_HOURS",
  "age": 75,
  "weight_today": 200,
  "height": 140,
  "category": "beginner"
}
Response:
{
  "success": false,
  "status": 500,
  "data": "Server Error",
  "timeTaken": 267.2462000000014
}
Status code: 500
-------------------------------

[test number] should successfully handle input
Request:
{
  "gender": "FEMALE",
  "total_activity_duration": "THREE_TO_SIX_HOURS",
  "age": 100,
  "weight_today": 113.9,
  "height": 210,
  "category": "advanced"
}
Response:
{
  "success": false,
  "status": 500,
  "data": "Server Error",
  "timeTaken": 271.2641000000003
}
Status code: 500
-------------------------------

[test number] should successfully handle input
Request:
{
  "gender": "MALE",
  "total_activity_duration": "TWELVE_PLUS_HOURS",
  "age": 50,
  "weight_today": 30,
  "height": 140,
  "category": "intermediate"
}
Response:
{
  "success": false,
  "status": 500,
  "data": "Server Error",
  "timeTaken": 278.02110000000175
}
Status code: 500
-------------------------------

[test number] should successfully handle input
Request:
{
  "gender": "MALE",
  "total_activity_duration": "TWELVE_PLUS_HOURS",
  "age": 100,
  "weight_today": 30,
  "height": 190,
  "category": "advanced"
}
Response:
{
  "success": false,
  "status": 500,
  "data": "Server Error",
  "timeTaken": 283.8834999999999
}
Status code: 500
-------------------------------

[test number] should successfully handle input
Request:
{
  "gender": "MALE",
  "total_activity_duration": "SIX_TO_NINE_HOURS",
  "age": 25,
  "weight_today": 150,
  "height": 140,
  "category": "beginner"
}
Response:
{
  "success": false,
  "status": 500,
  "data": "Server Error",
  "timeTaken": 279.22230000000127
}
Status code: 500
-------------------------------

[test number] should successfully handle input
Request:
{
  "gender": "MALE",
  "total_activity_duration": "THREE_TO_SIX_HOURS",
  "age": 100,
  "weight_today": 113.9,
  "height": 160,
  "category": "advanced"
}
Response:
{
  "success": false,
  "status": 500,
  "data": "Server Error",
  "timeTaken": 284.5891999999985
}
Status code: 500
-------------------------------

[test number] should successfully handle input
Request:
{
  "gender": "MALE",
  "total_activity_duration": "ZERO_TO_THREE_HOURS",
  "age": 75,
  "weight_today": 70,
  "height": 140,
  "category": "advanced"
}
Response:
{
  "success": false,
  "status": 500,
  "data": "Server Error",
  "timeTaken": 287.1849999999977
}
Status code: 500
-------------------------------

[test number] should successfully handle input
Request:
{
  "gender": "FEMALE",
  "total_activity_duration": "SIX_TO_NINE_HOURS",
  "age": 25,
  "weight_today": 150,
  "height": 160,
  "category": "beginner"
}
Response:
{
  "success": false,
  "status": 500,
  "data": "Server Error",
  "timeTaken": 274.1775999999991
}
Status code: 500
-------------------------------

[test number] should successfully handle input
Request:
{
  "gender": "MALE",
  "total_activity_duration": "SIX_TO_NINE_HOURS",
  "age": 75,
  "weight_today": 150,
  "height": 160,
  "category": "intermediate"
}
Response:
{
  "success": false,
  "status": 500,
  "data": "Server Error",
  "timeTaken": 281.1850000000013
}
Status code: 500
-------------------------------

[test number] should successfully handle input
Request:
{
  "gender": "MALE",
  "total_activity_duration": "NINE_TO_TWELVE_HOURS",
  "age": 0,
  "weight_today": 150,
  "height": 190,
  "category": "advanced"
}
Response:
{
  "success": false,
  "status": 500,
  "data": "Server Error",
  "timeTaken": 401.85699999999997
}
Status code: 500
-------------------------------

[test number] should successfully handle input
Request:
{
  "gender": "FEMALE",
  "total_activity_duration": "ZERO_TO_THREE_HOURS",
  "age": 25,
  "weight_today": 70,
  "height": 140,
  "category": "advanced"
}
Response:
{
  "success": false,
  "status": 500,
  "data": "Server Error",
  "timeTaken": 287.5044000000016
}
Status code: 500
-------------------------------

[test number] should successfully handle input
Request:
{
  "gender": "FEMALE",
  "total_activity_duration": "NINE_TO_TWELVE_HOURS",
  "age": 0,
  "weight_today": 200,
  "height": 173,
  "category": "intermediate"
}
Response:
{
  "success": false,
  "status": 500,
  "data": "Server Error",
  "timeTaken": 282.1329000000005
}
Status code: 500
-------------------------------

[test number] should successfully handle input
Request:
{
  "gender": "MALE",
  "total_activity_duration": "THREE_TO_SIX_HOURS",
  "age": 50,
  "weight_today": 70,
  "height": 210,
  "category": "advanced"
}
Response:
{
  "success": false,
  "status": 500,
  "data": "Server Error",
  "timeTaken": 274.47780000000057
}
Status code: 500
-------------------------------

[test number] should successfully handle input
Request:
{
  "gender": "FEMALE",
  "total_activity_duration": "THREE_TO_SIX_HOURS",
  "age": 0,
  "weight_today": 113.9,
  "height": 140,
  "category": "intermediate"
}
Response:
{
  "success": false,
  "status": 500,
  "data": "Server Error",
  "timeTaken": 272.9989999999998
}
Status code: 500
-------------------------------

[test number] should successfully handle input
Request:
{
  "gender": "FEMALE",
  "total_activity_duration": "TWELVE_PLUS_HOURS",
  "age": 50,
  "weight_today": 30,
  "height": 210,
  "category": "beginner"
}
Response:
{
  "success": false,
  "status": 500,
  "data": "Server Error",
  "timeTaken": 308.95620000000054
}
Status code: 500
-------------------------------

[test number] should successfully handle input
Request:
{
  "gender": "FEMALE",
  "total_activity_duration": "TWELVE_PLUS_HOURS",
  "age": 100,
  "weight_today": 70,
  "height": 160,
  "category": "intermediate"
}
Response:
{
  "success": false,
  "status": 500,
  "data": "Server Error",
  "timeTaken": 268.5056000000004
}
Status code: 500
-------------------------------

[test number] should successfully handle input
Request:
{
  "gender": "MALE",
  "total_activity_duration": "THREE_TO_SIX_HOURS",
  "age": 0,
  "weight_today": 70,
  "height": 173,
  "category": "advanced"
}
Response:
{
  "success": false,
  "status": 500,
  "data": "Server Error",
  "timeTaken": 300.4971000000005
}
Status code: 500
-------------------------------

[test number] should successfully handle input
Request:
{
  "gender": "FEMALE",
  "total_activity_duration": "TWELVE_PLUS_HOURS",
  "age": 0,
  "weight_today": 30,
  "height": 173,
  "category": "beginner"
}
Response:
{
  "success": false,
  "status": 500,
  "data": "Server Error",
  "timeTaken": 285.09630000000107
}
Status code: 500
-------------------------------

[test number] should successfully handle input
Request:
{
  "gender": "MALE",
  "total_activity_duration": "NINE_TO_TWELVE_HOURS",
  "age": 100,
  "weight_today": 200,
  "height": 210,
  "category": "beginner"
}
Response:
{
  "success": false,
  "status": 500,
  "data": "Server Error",
  "timeTaken": 275.258600000001
}
Status code: 500
-------------------------------

[test number] should successfully handle input
Request:
{
  "gender": "FEMALE",
  "total_activity_duration": "THREE_TO_SIX_HOURS",
  "age": 50,
  "weight_today": 113.9,
  "height": 190,
  "category": "beginner"
}
Response:
{
  "success": false,
  "status": 500,
  "data": "Server Error",
  "timeTaken": 277.73709999999846
}
Status code: 500
-------------------------------

[test number] should successfully handle input
Request:
{
  "gender": "MALE",
  "total_activity_duration": "NINE_TO_TWELVE_HOURS",
  "age": 50,
  "weight_today": 200,
  "height": 140,
  "category": "advanced"
}
Response:
{
  "success": false,
  "status": 500,
  "data": "Server Error",
  "timeTaken": 287.3442000000032
}
Status code: 500
-------------------------------

[test number] should successfully handle input
Request:
{
  "gender": "FEMALE",
  "total_activity_duration": "NINE_TO_TWELVE_HOURS",
  "age": 50,
  "weight_today": 200,
  "height": 210,
  "category": "beginner"
}
Response:
{
  "success": false,
  "status": 500,
  "data": "Server Error",
  "timeTaken": 375.51550000000134
}
Status code: 500
-------------------------------

[test number] should successfully handle input
Request:
{
  "gender": "FEMALE",
  "total_activity_duration": "ZERO_TO_THREE_HOURS",
  "age": 75,
  "weight_today": 70,
  "height": 190,
  "category": "intermediate"
}
Response:
{
  "success": false,
  "status": 500,
  "data": "Server Error",
  "timeTaken": 282.6882000000005
}
Status code: 500
-------------------------------

[test number] should successfully handle input
Request:
{
  "gender": "MALE",
  "total_activity_duration": "ZERO_TO_THREE_HOURS",
  "age": 25,
  "weight_today": 30,
  "height": 173,
  "category": "advanced"
}
Response:
{
  "success": false,
  "status": 500,
  "data": "Server Error",
  "timeTaken": 288.95010000000184
}
Status code: 500
-------------------------------

[test number] should successfully handle input
Request:
{
  "gender": "FEMALE",
  "total_activity_duration": "SIX_TO_NINE_HOURS",
  "age": 75,
  "weight_today": 200,
  "height": 140,
  "category": "intermediate"
}
Response:
{
  "success": false,
  "status": 500,
  "data": "Server Error",
  "timeTaken": 278.6229999999996
}
Status code: 500
-------------------------------

[test number] should successfully handle input
Request:
{
  "gender": "FEMALE",
  "total_activity_duration": "THREE_TO_SIX_HOURS",
  "age": 100,
  "weight_today": 150,
  "height": 140,
  "category": "beginner"
}
Response:
{
  "success": false,
  "status": 500,
  "data": "Server Error",
  "timeTaken": 275.2275000000009
}
Status code: 500
-------------------------------

[test number] should successfully handle input
Request:
{
  "gender": "MALE",
  "total_activity_duration": "TWELVE_PLUS_HOURS",
  "age": 50,
  "weight_today": 30,
  "height": 140,
  "category": "advanced"
}
Response:
{
  "success": false,
  "status": 500,
  "data": "Server Error",
  "timeTaken": 287.5682000000015
}
Status code: 500
-------------------------------

[test number] should successfully handle input
Request:
{
  "gender": "MALE",
  "total_activity_duration": "SIX_TO_NINE_HOURS",
  "age": 25,
  "weight_today": 150,
  "height": 140,
  "category": "intermediate"
}
Response:
{
  "success": false,
  "status": 500,
  "data": "Server Error",
  "timeTaken": 289.172300000002
}
Status code: 500
-------------------------------

[test number] should successfully handle input
Request:
{
  "gender": "MALE",
  "total_activity_duration": "TWELVE_PLUS_HOURS",
  "age": 100,
  "weight_today": 30,
  "height": 210,
  "category": "beginner"
}
Response:
{
  "success": false,
  "status": 500,
  "data": "Server Error",
  "timeTaken": 291.5113999999994
}
Status code: 500
-------------------------------

[test number] should successfully handle input
Request:
{
  "gender": "FEMALE",
  "total_activity_duration": "SIX_TO_NINE_HOURS",
  "age": 25,
  "weight_today": 150,
  "height": 160,
  "category": "intermediate"
}
Response:
{
  "success": false,
  "status": 500,
  "data": "Server Error",
  "timeTaken": 281.04190000000017
}
Status code: 500
-------------------------------

[test number] should successfully handle input
Request:
{
  "gender": "MALE",
  "total_activity_duration": "THREE_TO_SIX_HOURS",
  "age": 100,
  "weight_today": 113.9,
  "height": 173,
  "category": "beginner"
}
Response:
{
  "success": false,
  "status": 500,
  "data": "Server Error",
  "timeTaken": 309.60699999999997
}
Status code: 500
-------------------------------

[test number] should successfully handle input
Request:
{
  "gender": "MALE",
  "total_activity_duration": "NINE_TO_TWELVE_HOURS",
  "age": 0,
  "weight_today": 150,
  "height": 210,
  "category": "beginner"
}
Response:
{
  "success": false,
  "status": 500,
  "data": "Server Error",
  "timeTaken": 279.6815000000024
}
Status code: 500
-------------------------------

[test number] should successfully handle input
Request:
{
  "gender": "MALE",
  "total_activity_duration": "SIX_TO_NINE_HOURS",
  "age": 75,
  "weight_today": 150,
  "height": 160,
  "category": "advanced"
}
Response:
{
  "success": false,
  "status": 500,
  "data": "Server Error",
  "timeTaken": 282.03359999999884
}
Status code: 500
-------------------------------

[test number] should successfully handle input
Request:
{
  "gender": "MALE",
  "total_activity_duration": "ZERO_TO_THREE_HOURS",
  "age": 75,
  "weight_today": 70,
  "height": 160,
  "category": "beginner"
}
Response:
{
  "success": false,
  "status": 500,
  "data": "Server Error",
  "timeTaken": 321.5551999999989
}
Status code: 500
-------------------------------

[test number] should successfully handle input
Request:
{
  "gender": "MALE",
  "total_activity_duration": "THREE_TO_SIX_HOURS",
  "age": 50,
  "weight_today": 113.9,
  "height": 140,
  "category": "beginner"
}
Response:
{
  "success": false,
  "status": 500,
  "data": "Server Error",
  "timeTaken": 310.82680000000255
}
Status code: 500
-------------------------------

[test number] should successfully handle input
Request:
{
  "gender": "FEMALE",
  "total_activity_duration": "THREE_TO_SIX_HOURS",
  "age": 0,
  "weight_today": 113.9,
  "height": 140,
  "category": "advanced"
}
Response:
{
  "success": false,
  "status": 500,
  "data": "Server Error",
  "timeTaken": 294.28429999999935
}
Status code: 500
-------------------------------

[test number] should successfully handle input
Request:
{
  "gender": "FEMALE",
  "total_activity_duration": "ZERO_TO_THREE_HOURS",
  "age": 25,
  "weight_today": 70,
  "height": 160,
  "category": "beginner"
}
Response:
{
  "success": false,
  "status": 500,
  "data": "Server Error",
  "timeTaken": 347.91979999999967
}
Status code: 500
-------------------------------

[test number] should successfully handle input
Request:
{
  "gender": "FEMALE",
  "total_activity_duration": "TWELVE_PLUS_HOURS",
  "age": 50,
  "weight_today": 30,
  "height": 210,
  "category": "intermediate"
}
Response:
{
  "success": false,
  "status": 500,
  "data": "Server Error",
  "timeTaken": 298.0002999999997
}
Status code: 500
-------------------------------

[test number] should successfully handle input
Request:
{
  "gender": "FEMALE",
  "total_activity_duration": "TWELVE_PLUS_HOURS",
  "age": 100,
  "weight_today": 70,
  "height": 160,
  "category": "advanced"
}
Response:
{
  "success": false,
  "status": 500,
  "data": "Server Error",
  "timeTaken": 275.14270000000033
}
Status code: 500
-------------------------------

[test number] should successfully handle input
Request:
{
  "gender": "MALE",
  "total_activity_duration": "THREE_TO_SIX_HOURS",
  "age": 0,
  "weight_today": 70,
  "height": 190,
  "category": "beginner"
}
Response:
{
  "success": false,
  "status": 500,
  "data": "Server Error",
  "timeTaken": 280.9864000000016
}
Status code: 500
-------------------------------

[test number] should successfully handle input
Request:
{
  "gender": "MALE",
  "total_activity_duration": "NINE_TO_TWELVE_HOURS",
  "age": 100,
  "weight_today": 200,
  "height": 210,
  "category": "intermediate"
}
Response:
{
  "success": false,
  "status": 500,
  "data": "Server Error",
  "timeTaken": 284.59029999999984
}
Status code: 500
-------------------------------

[test number] should successfully handle input
Request:
{
  "gender": "FEMALE",
  "total_activity_duration": "NINE_TO_TWELVE_HOURS",
  "age": 0,
  "weight_today": 200,
  "height": 173,
  "category": "advanced"
}
Response:
{
  "success": false,
  "status": 500,
  "data": "Server Error",
  "timeTaken": 408.66330000000016
}
Status code: 500
-------------------------------

[test number] should successfully handle input
Request:
{
  "gender": "FEMALE",
  "total_activity_duration": "TWELVE_PLUS_HOURS",
  "age": 0,
  "weight_today": 30,
  "height": 173,
  "category": "intermediate"
}
Response:
{
  "success": false,
  "status": 500,
  "data": "Server Error",
  "timeTaken": 292.4282999999996
}
Status code: 500
-------------------------------

[test number] should successfully handle input
Request:
{
  "gender": "FEMALE",
  "total_activity_duration": "THREE_TO_SIX_HOURS",
  "age": 50,
  "weight_today": 113.9,
  "height": 190,
  "category": "intermediate"
}
Response:
{
  "success": false,
  "status": 500,
  "data": "Server Error",
  "timeTaken": 273.17229999999836
}
Status code: 500
-------------------------------

[test number] should successfully handle input
Request:
{
  "gender": "FEMALE",
  "total_activity_duration": "NINE_TO_TWELVE_HOURS",
  "age": 50,
  "weight_today": 200,
  "height": 210,
  "category": "intermediate"
}
Response:
{
  "success": false,
  "status": 500,
  "data": "Server Error",
  "timeTaken": 281.70650000000023
}
Status code: 500
-------------------------------

[test number] should successfully handle input
Request:
{
  "gender": "MALE",
  "total_activity_duration": "NINE_TO_TWELVE_HOURS",
  "age": 50,
  "weight_today": 200,
  "height": 160,
  "category": "beginner"
}
Response:
{
  "success": false,
  "status": 500,
  "data": "Server Error",
  "timeTaken": 297.1237999999976
}
Status code: 500
-------------------------------

[test number] should successfully handle input
Request:
{
  "gender": "MALE",
  "total_activity_duration": "ZERO_TO_THREE_HOURS",
  "age": 25,
  "weight_today": 30,
  "height": 190,
  "category": "beginner"
}
Response:
{
  "success": false,
  "status": 500,
  "data": "Server Error",
  "timeTaken": 275.52880000000005
}
Status code: 500
-------------------------------

[test number] should successfully handle input
Request:
{
  "gender": "FEMALE",
  "total_activity_duration": "ZERO_TO_THREE_HOURS",
  "age": 75,
  "weight_today": 70,
  "height": 190,
  "category": "advanced"
}
Response:
{
  "success": false,
  "status": 500,
  "data": "Server Error",
  "timeTaken": 285.03350000000137
}
Status code: 500
-------------------------------

[test number] should successfully handle input
Request:
{
  "gender": "FEMALE",
  "total_activity_duration": "SIX_TO_NINE_HOURS",
  "age": 75,
  "weight_today": 200,
  "height": 140,
  "category": "advanced"
}
Response:
{
  "success": false,
  "status": 500,
  "data": "Server Error",
  "timeTaken": 289.435300000001
}
Status code: 500
-------------------------------

[test number] should successfully handle input
Request:
{
  "gender": "FEMALE",
  "total_activity_duration": "THREE_TO_SIX_HOURS",
  "age": 100,
  "weight_today": 150,
  "height": 140,
  "category": "intermediate"
}
Response:
{
  "success": false,
  "status": 500,
  "data": "Server Error",
  "timeTaken": 272.27679999999964
}
Status code: 500
-------------------------------

[test number] should successfully handle input
Request:
{
  "gender": "MALE",
  "total_activity_duration": "SIX_TO_NINE_HOURS",
  "age": 25,
  "weight_today": 150,
  "height": 140,
  "category": "advanced"
}
Response:
{
  "success": false,
  "status": 500,
  "data": "Server Error",
  "timeTaken": 273.1804999999986
}
Status code: 500
-------------------------------

[test number] should successfully handle input
Request:
{
  "gender": "MALE",
  "total_activity_duration": "TWELVE_PLUS_HOURS",
  "age": 50,
  "weight_today": 30,
  "height": 160,
  "category": "beginner"
}
Response:
{
  "success": false,
  "status": 500,
  "data": "Server Error",
  "timeTaken": 279.0240999999987
}
Status code: 500
-------------------------------

[test number] should successfully handle input
Request:
{
  "gender": "MALE",
  "total_activity_duration": "TWELVE_PLUS_HOURS",
  "age": 100,
  "weight_today": 30,
  "height": 210,
  "category": "intermediate"
}
Response:
{
  "success": false,
  "status": 500,
  "data": "Server Error",
  "timeTaken": 287.29609999999957
}
Status code: 500
-------------------------------

[test number] should successfully handle input
Request:
{
  "gender": "FEMALE",
  "total_activity_duration": "SIX_TO_NINE_HOURS",
  "age": 25,
  "weight_today": 150,
  "height": 160,
  "category": "advanced"
}
Response:
{
  "success": false,
  "status": 500,
  "data": "Server Error",
  "timeTaken": 284.5525999999991
}
Status code: 500
-------------------------------

[test number] should successfully handle input
Request:
{
  "gender": "MALE",
  "total_activity_duration": "SIX_TO_NINE_HOURS",
  "age": 75,
  "weight_today": 150,
  "height": 173,
  "category": "beginner"
}
Response:
{
  "success": false,
  "status": 500,
  "data": "Server Error",
  "timeTaken": 274.90810000000056
}
Status code: 500
-------------------------------

[test number] should successfully handle input
Request:
{
  "gender": "MALE",
  "total_activity_duration": "THREE_TO_SIX_HOURS",
  "age": 100,
  "weight_today": 113.9,
  "height": 173,
  "category": "intermediate"
}
Response:
{
  "success": false,
  "status": 500,
  "data": "Server Error",
  "timeTaken": 292.09490000000005
}
Status code: 500
-------------------------------

[test number] should successfully handle input
Request:
{
  "gender": "MALE",
  "total_activity_duration": "NINE_TO_TWELVE_HOURS",
  "age": 0,
  "weight_today": 150,
  "height": 210,
  "category": "intermediate"
}
Response:
{
  "success": false,
  "status": 500,
  "data": "Server Error",
  "timeTaken": 292.09639999999854
}
Status code: 500
-------------------------------

[test number] should successfully handle input
Request:
{
  "gender": "MALE",
  "total_activity_duration": "ZERO_TO_THREE_HOURS",
  "age": 75,
  "weight_today": 70,
  "height": 160,
  "category": "intermediate"
}
Response:
{
  "success": false,
  "status": 500,
  "data": "Server Error",
  "timeTaken": 304.8161
}
Status code: 500
-------------------------------

[test number] should successfully handle input
Request:
{
  "gender": "MALE",
  "total_activity_duration": "THREE_TO_SIX_HOURS",
  "age": 50,
  "weight_today": 113.9,
  "height": 140,
  "category": "intermediate"
}
Response:
{
  "success": false,
  "status": 500,
  "data": "Server Error",
  "timeTaken": 274.65160000000105
}
Status code: 500
-------------------------------

[test number] should successfully handle input
Request:
{
  "gender": "FEMALE",
  "total_activity_duration": "TWELVE_PLUS_HOURS",
  "age": 50,
  "weight_today": 30,
  "height": 210,
  "category": "advanced"
}
Response:
{
  "success": false,
  "status": 500,
  "data": "Server Error",
  "timeTaken": 270.0761999999995
}
Status code: 500
-------------------------------

[test number] should successfully handle input
Request:
{
  "gender": "FEMALE",
  "total_activity_duration": "ZERO_TO_THREE_HOURS",
  "age": 25,
  "weight_today": 70,
  "height": 160,
  "category": "intermediate"
}
Response:
{
  "success": false,
  "status": 500,
  "data": "Server Error",
  "timeTaken": 283.7445000000007
}
Status code: 500
-------------------------------

[test number] should successfully handle input
Request:
{
  "gender": "FEMALE",
  "total_activity_duration": "THREE_TO_SIX_HOURS",
  "age": 0,
  "weight_today": 113.9,
  "height": 160,
  "category": "beginner"
}
Response:
{
  "success": false,
  "status": 500,
  "data": "Server Error",
  "timeTaken": 290.72580000000016
}
Status code: 500
-------------------------------

[test number] should successfully handle input
Request:
{
  "gender": "MALE",
  "total_activity_duration": "THREE_TO_SIX_HOURS",
  "age": 0,
  "weight_today": 70,
  "height": 190,
  "category": "intermediate"
}
Response:
{
  "success": false,
  "status": 500,
  "data": "Server Error",
  "timeTaken": 271.21420000000217
}
Status code: 500
-------------------------------

[test number] should successfully handle input
Request:
{
  "gender": "FEMALE",
  "total_activity_duration": "TWELVE_PLUS_HOURS",
  "age": 100,
  "weight_today": 70,
  "height": 173,
  "category": "beginner"
}
Response:
{
  "success": false,
  "status": 500,
  "data": "Server Error",
  "timeTaken": 278.5131000000001
}
Status code: 500
-------------------------------

[test number] should successfully handle input
Request:
{
  "gender": "FEMALE",
  "total_activity_duration": "NINE_TO_TWELVE_HOURS",
  "age": 0,
  "weight_today": 200,
  "height": 190,
  "category": "beginner"
}
Response:
{
  "success": false,
  "status": 500,
  "data": "Server Error",
  "timeTaken": 268.1566000000021
}
Status code: 500
-------------------------------

[test number] should successfully handle input
Request:
{
  "gender": "FEMALE",
  "total_activity_duration": "TWELVE_PLUS_HOURS",
  "age": 0,
  "weight_today": 30,
  "height": 173,
  "category": "advanced"
}
Response:
{
  "success": false,
  "status": 500,
  "data": "Server Error",
  "timeTaken": 273.959899999998
}
Status code: 500
-------------------------------

[test number] should successfully handle input
Request:
{
  "gender": "MALE",
  "total_activity_duration": "NINE_TO_TWELVE_HOURS",
  "age": 100,
  "weight_today": 200,
  "height": 210,
  "category": "advanced"
}
Response:
{
  "success": false,
  "status": 500,
  "data": "Server Error",
  "timeTaken": 294.3891000000003
}
Status code: 500
-------------------------------

[test number] should successfully handle input
Request:
{
  "gender": "FEMALE",
  "total_activity_duration": "THREE_TO_SIX_HOURS",
  "age": 50,
  "weight_today": 113.9,
  "height": 190,
  "category": "advanced"
}
Response:
{
  "success": false,
  "status": 500,
  "data": "Server Error",
  "timeTaken": 280.3829000000005
}
Status code: 500
-------------------------------

[test number] should successfully handle input
Request:
{
  "gender": "MALE",
  "total_activity_duration": "NINE_TO_TWELVE_HOURS",
  "age": 50,
  "weight_today": 200,
  "height": 160,
  "category": "intermediate"
}
Response:
{
  "success": false,
  "status": 500,
  "data": "Server Error",
  "timeTaken": 275.5079000000005
}
Status code: 500
-------------------------------

[test number] should successfully handle input
Request:
{
  "gender": "MALE",
  "total_activity_duration": "ZERO_TO_THREE_HOURS",
  "age": 25,
  "weight_today": 30,
  "height": 190,
  "category": "intermediate"
}
Response:
{
  "success": false,
  "status": 500,
  "data": "Server Error",
  "timeTaken": 275.0041999999994
}
Status code: 500
-------------------------------

[test number] should successfully handle input
Request:
{
  "gender": "FEMALE",
  "total_activity_duration": "NINE_TO_TWELVE_HOURS",
  "age": 50,
  "weight_today": 200,
  "height": 210,
  "category": "advanced"
}
Response:
{
  "success": false,
  "status": 500,
  "data": "Server Error",
  "timeTaken": 282.5560000000005
}
Status code: 500
-------------------------------

[test number] should successfully handle input
Request:
{
  "gender": "FEMALE",
  "total_activity_duration": "ZERO_TO_THREE_HOURS",
  "age": 75,
  "weight_today": 70,
  "height": 210,
  "category": "beginner"
}
Response:
{
  "success": false,
  "status": 500,
  "data": "Server Error",
  "timeTaken": 276.1160000000018
}
Status code: 500
-------------------------------

[test number] should successfully handle input
Request:
{
  "gender": "FEMALE",
  "total_activity_duration": "THREE_TO_SIX_HOURS",
  "age": 100,
  "weight_today": 150,
  "height": 140,
  "category": "advanced"
}
Response:
{
  "success": false,
  "status": 500,
  "data": "Server Error",
  "timeTaken": 270.9347000000016
}
Status code: 500
-------------------------------

[test number] should successfully handle input
Request:
{
  "gender": "FEMALE",
  "total_activity_duration": "SIX_TO_NINE_HOURS",
  "age": 75,
  "weight_today": 200,
  "height": 160,
  "category": "beginner"
}
Response:
{
  "success": false,
  "status": 500,
  "data": "Server Error",
  "timeTaken": 305.68009999999776
}
Status code: 500
-------------------------------

[test number] should successfully handle input
Request:
{
  "gender": "MALE",
  "total_activity_duration": "SIX_TO_NINE_HOURS",
  "age": 25,
  "weight_today": 150,
  "height": 160,
  "category": "beginner"
}
Response:
{
  "success": false,
  "status": 500,
  "data": "Server Error",
  "timeTaken": 269.42239999999947
}
Status code: 500
-------------------------------

[test number] should successfully handle input
Request:
{
  "gender": "MALE",
  "total_activity_duration": "TWELVE_PLUS_HOURS",
  "age": 50,
  "weight_today": 30,
  "height": 160,
  "category": "intermediate"
}
Response:
{
  "success": false,
  "status": 500,
  "data": "Server Error",
  "timeTaken": 278.1311999999998
}
Status code: 500
-------------------------------

[test number] should successfully handle input
Request:
{
  "gender": "MALE",
  "total_activity_duration": "TWELVE_PLUS_HOURS",
  "age": 100,
  "weight_today": 30,
  "height": 210,
  "category": "advanced"
}
Response:
{
  "success": false,
  "status": 500,
  "data": "Server Error",
  "timeTaken": 279.7394999999997
}
Status code: 500
-------------------------------

[test number] should successfully handle input
Request:
{
  "gender": "FEMALE",
  "total_activity_duration": "SIX_TO_NINE_HOURS",
  "age": 25,
  "weight_today": 150,
  "height": 173,
  "category": "beginner"
}
Response:
{
  "success": false,
  "status": 500,
  "data": "Server Error",
  "timeTaken": 282.4835000000021
}
Status code: 500
-------------------------------

[test number] should successfully handle input
Request:
{
  "gender": "MALE",
  "total_activity_duration": "SIX_TO_NINE_HOURS",
  "age": 75,
  "weight_today": 150,
  "height": 173,
  "category": "intermediate"
}
Response:
{
  "success": false,
  "status": 500,
  "data": "Server Error",
  "timeTaken": 287.4460999999974
}
Status code: 500
-------------------------------

[test number] should successfully handle input
Request:
{
  "gender": "MALE",
  "total_activity_duration": "NINE_TO_TWELVE_HOURS",
  "age": 0,
  "weight_today": 150,
  "height": 210,
  "category": "advanced"
}
Response:
{
  "success": false,
  "status": 500,
  "data": "Server Error",
  "timeTaken": 272.78900000000067
}
Status code: 500
-------------------------------

[test number] should successfully handle input
Request:
{
  "gender": "MALE",
  "total_activity_duration": "ZERO_TO_THREE_HOURS",
  "age": 75,
  "weight_today": 70,
  "height": 160,
  "category": "advanced"
}
Response:
{
  "success": false,
  "status": 500,
  "data": "Server Error",
  "timeTaken": 265.196899999999
}
Status code: 500
-------------------------------

[test number] should successfully handle input
Request:
{
  "gender": "MALE",
  "total_activity_duration": "THREE_TO_SIX_HOURS",
  "age": 50,
  "weight_today": 113.9,
  "height": 140,
  "category": "advanced"
}
Response:
{
  "success": false,
  "status": 500,
  "data": "Server Error",
  "timeTaken": 277.5815999999977
}
Status code: 500
-------------------------------

[test number] should successfully handle input
Request:
{
  "gender": "FEMALE",
  "total_activity_duration": "ZERO_TO_THREE_HOURS",
  "age": 25,
  "weight_today": 70,
  "height": 160,
  "category": "advanced"
}
Response:
{
  "success": false,
  "status": 500,
  "data": "Server Error",
  "timeTaken": 282.1631000000016
}
Status code: 500
-------------------------------

[test number] should successfully handle input
Request:
{
  "gender": "FEMALE",
  "total_activity_duration": "TWELVE_PLUS_HOURS",
  "age": 50,
  "weight_today": 70,
  "height": 140,
  "category": "beginner"
}
Response:
{
  "success": false,
  "status": 500,
  "data": "Server Error",
  "timeTaken": 283.0520000000033
}
Status code: 500
-------------------------------

[test number] should successfully handle input
Request:
{
  "gender": "FEMALE",
  "total_activity_duration": "THREE_TO_SIX_HOURS",
  "age": 0,
  "weight_today": 113.9,
  "height": 160,
  "category": "intermediate"
}
Response:
{
  "success": false,
  "status": 500,
  "data": "Server Error",
  "timeTaken": 295.21370000000024
}
Status code: 500
-------------------------------

[test number] should successfully handle input
Request:
{
  "gender": "MALE",
  "total_activity_duration": "THREE_TO_SIX_HOURS",
  "age": 0,
  "weight_today": 70,
  "height": 190,
  "category": "advanced"
}
Response:
{
  "success": false,
  "status": 500,
  "data": "Server Error",
  "timeTaken": 267.4193000000014
}
Status code: 500
-------------------------------

[test number] should successfully handle input
Request:
{
  "gender": "FEMALE",
  "total_activity_duration": "NINE_TO_TWELVE_HOURS",
  "age": 0,
  "weight_today": 200,
  "height": 190,
  "category": "intermediate"
}
Response:
{
  "success": false,
  "status": 500,
  "data": "Server Error",
  "timeTaken": 276.15149999999994
}
Status code: 500
-------------------------------

[test number] should successfully handle input
Request:
{
  "gender": "FEMALE",
  "total_activity_duration": "TWELVE_PLUS_HOURS",
  "age": 100,
  "weight_today": 70,
  "height": 173,
  "category": "intermediate"
}
Response:
{
  "success": false,
  "status": 500,
  "data": "Server Error",
  "timeTaken": 283.66560000000027
}
Status code: 500
-------------------------------

[test number] should successfully handle input
Request:
{
  "gender": "MALE",
  "total_activity_duration": "THREE_TO_SIX_HOURS",
  "age": 100,
  "weight_today": 113.9,
  "height": 173,
  "category": "advanced"
}
Response:
{
  "success": false,
  "status": 500,
  "data": "Server Error",
  "timeTaken": 407.9698000000026
}
Status code: 500
-------------------------------

[test number] should successfully handle input
Request:
{
  "gender": "MALE",
  "total_activity_duration": "TWELVE_PLUS_HOURS",
  "age": 0,
  "weight_today": 30,
  "height": 140,
  "category": "beginner"
}
Response:
{
  "success": false,
  "status": 500,
  "data": "Server Error",
  "timeTaken": 287.3906999999999
}
Status code: 500
-------------------------------

[test number] should successfully handle input
Request:
{
  "gender": "MALE",
  "total_activity_duration": "ZERO_TO_THREE_HOURS",
  "age": 25,
  "weight_today": 30,
  "height": 190,
  "category": "advanced"
}
Response:
{
  "success": false,
  "status": 500,
  "data": "Server Error",
  "timeTaken": 272.2641000000003
}
Status code: 500
-------------------------------

[test number] should successfully handle input
Request:
{
  "gender": "FEMALE",
  "total_activity_duration": "THREE_TO_SIX_HOURS",
  "age": 50,
  "weight_today": 113.9,
  "height": 210,
  "category": "beginner"
}
Response:
{
  "success": false,
  "status": 500,
  "data": "Server Error",
  "timeTaken": 277.24839999999676
}
Status code: 500
-------------------------------

[test number] should successfully handle input
Request:
{
  "gender": "FEMALE",
  "total_activity_duration": "ZERO_TO_THREE_HOURS",
  "age": 75,
  "weight_today": 70,
  "height": 210,
  "category": "intermediate"
}
Response:
{
  "success": false,
  "status": 500,
  "data": "Server Error",
  "timeTaken": 268.6247999999978
}
Status code: 500
-------------------------------

[test number] should successfully handle input
Request:
{
  "gender": "FEMALE",
  "total_activity_duration": "NINE_TO_TWELVE_HOURS",
  "age": 75,
  "weight_today": 30,
  "height": 140,
  "category": "beginner"
}
Response:
{
  "success": false,
  "status": 500,
  "data": "Server Error",
  "timeTaken": 302.811099999999
}
Status code: 500
-------------------------------

[test number] should successfully handle input
Request:
{
  "gender": "MALE",
  "total_activity_duration": "NINE_TO_TWELVE_HOURS",
  "age": 50,
  "weight_today": 200,
  "height": 160,
  "category": "advanced"
}
Response:
{
  "success": false,
  "status": 500,
  "data": "Server Error",
  "timeTaken": 306.87850000000253
}
Status code: 500
-------------------------------

[test number] should successfully handle input
Request:
{
  "gender": "FEMALE",
  "total_activity_duration": "THREE_TO_SIX_HOURS",
  "age": 100,
  "weight_today": 150,
  "height": 160,
  "category": "beginner"
}
Response:
{
  "success": false,
  "status": 500,
  "data": "Server Error",
  "timeTaken": 274.8042000000023
}
Status code: 500
-------------------------------

[test number] should successfully handle input
Request:
{
  "gender": "FEMALE",
  "total_activity_duration": "SIX_TO_NINE_HOURS",
  "age": 75,
  "weight_today": 200,
  "height": 160,
  "category": "intermediate"
}
Response:
{
  "success": false,
  "status": 500,
  "data": "Server Error",
  "timeTaken": 280.4789000000019
}
Status code: 500
-------------------------------

[test number] should successfully handle input
Request:
{
  "gender": "FEMALE",
  "total_activity_duration": "TWELVE_PLUS_HOURS",
  "age": 0,
  "weight_today": 30,
  "height": 190,
  "category": "beginner"
}
Response:
{
  "success": false,
  "status": 500,
  "data": "Server Error",
  "timeTaken": 370.39760000000024
}
Status code: 500
-------------------------------

[test number] should successfully handle input
Request:
{
  "gender": "MALE",
  "total_activity_duration": "SIX_TO_NINE_HOURS",
  "age": 25,
  "weight_today": 150,
  "height": 160,
  "category": "intermediate"
}
Response:
{
  "success": false,
  "status": 500,
  "data": "Server Error",
  "timeTaken": 268.6814000000013
}
Status code: 500
-------------------------------

[test number] should successfully handle input
Request:
{
  "gender": "MALE",
  "total_activity_duration": "TWELVE_PLUS_HOURS",
  "age": 100,
  "weight_today": 70,
  "height": 140,
  "category": "beginner"
}
Response:
{
  "success": false,
  "status": 500,
  "data": "Server Error",
  "timeTaken": 290.2794000000031
}
Status code: 500
-------------------------------

[test number] should successfully handle input
Request:
{
  "gender": "MALE",
  "total_activity_duration": "TWELVE_PLUS_HOURS",
  "age": 50,
  "weight_today": 30,
  "height": 160,
  "category": "advanced"
}
Response:
{
  "success": false,
  "status": 500,
  "data": "Server Error",
  "timeTaken": 290.81860000000233
}
Status code: 500
-------------------------------

[test number] should successfully handle input
Request:
{
  "gender": "FEMALE",
  "total_activity_duration": "SIX_TO_NINE_HOURS",
  "age": 25,
  "weight_today": 150,
  "height": 173,
  "category": "intermediate"
}
Response:
{
  "success": false,
  "status": 500,
  "data": "Server Error",
  "timeTaken": 280.574099999998
}
Status code: 500
-------------------------------

[test number] should successfully handle input
Request:
{
  "gender": "MALE",
  "total_activity_duration": "NINE_TO_TWELVE_HOURS",
  "age": 0,
  "weight_today": 200,
  "height": 140,
  "category": "beginner"
}
Response:
{
  "success": false,
  "status": 500,
  "data": "Server Error",
  "timeTaken": 274.70540000000256
}
Status code: 500
-------------------------------

[test number] should successfully handle input
Request:
{
  "gender": "MALE",
  "total_activity_duration": "SIX_TO_NINE_HOURS",
  "age": 75,
  "weight_today": 150,
  "height": 173,
  "category": "advanced"
}
Response:
{
  "success": false,
  "status": 500,
  "data": "Server Error",
  "timeTaken": 278.941899999998
}
Status code: 500
-------------------------------

[test number] should successfully handle input
Request:
{
  "gender": "MALE",
  "total_activity_duration": "ZERO_TO_THREE_HOURS",
  "age": 75,
  "weight_today": 70,
  "height": 173,
  "category": "beginner"
}
Response:
{
  "success": false,
  "status": 500,
  "data": "Server Error",
  "timeTaken": 282.0581999999995
}
Status code: 500
-------------------------------

[test number] should successfully handle input
Request:
{
  "gender": "MALE",
  "total_activity_duration": "THREE_TO_SIX_HOURS",
  "age": 50,
  "weight_today": 113.9,
  "height": 160,
  "category": "beginner"
}
Response:
{
  "success": false,
  "status": 500,
  "data": "Server Error",
  "timeTaken": 269.28570000000036
}
Status code: 500
-------------------------------

[test number] should successfully handle input
Request:
{
  "gender": "FEMALE",
  "total_activity_duration": "ZERO_TO_THREE_HOURS",
  "age": 25,
  "weight_today": 70,
  "height": 173,
  "category": "beginner"
}
Response:
{
  "success": false,
  "status": 500,
  "data": "Server Error",
  "timeTaken": 270.52939999999944
}
Status code: 500
-------------------------------

[test number] should successfully handle input
Request:
{
  "gender": "FEMALE",
  "total_activity_duration": "TWELVE_PLUS_HOURS",
  "age": 50,
  "weight_today": 70,
  "height": 140,
  "category": "intermediate"
}
Response:
{
  "success": false,
  "status": 500,
  "data": "Server Error",
  "timeTaken": 277.7966000000015
}
Status code: 500
-------------------------------

[test number] should successfully handle input
Request:
{
  "gender": "MALE",
  "total_activity_duration": "THREE_TO_SIX_HOURS",
  "age": 0,
  "weight_today": 70,
  "height": 210,
  "category": "beginner"
}
Response:
{
  "success": false,
  "status": 500,
  "data": "Server Error",
  "timeTaken": 272.2179999999971
}
Status code: 500
-------------------------------

[test number] should successfully handle input
Request:
{
  "gender": "FEMALE",
  "total_activity_duration": "THREE_TO_SIX_HOURS",
  "age": 0,
  "weight_today": 113.9,
  "height": 160,
  "category": "advanced"
}
Response:
{
  "success": false,
  "status": 500,
  "data": "Server Error",
  "timeTaken": 284.5102000000006
}
Status code: 500
-------------------------------

[test number] should successfully handle input
Request:
{
  "gender": "FEMALE",
  "total_activity_duration": "TWELVE_PLUS_HOURS",
  "age": 100,
  "weight_today": 70,
  "height": 173,
  "category": "advanced"
}
Response:
{
  "success": false,
  "status": 500,
  "data": "Server Error",
  "timeTaken": 278.4501999999993
}
Status code: 500
-------------------------------

[test number] should successfully handle input
Request:
{
  "gender": "MALE",
  "total_activity_duration": "THREE_TO_SIX_HOURS",
  "age": 100,
  "weight_today": 113.9,
  "height": 190,
  "category": "beginner"
}
Response:
{
  "success": false,
  "status": 500,
  "data": "Server Error",
  "timeTaken": 277.60469999999987
}
Status code: 500
-------------------------------

[test number] should successfully handle input
Request:
{
  "gender": "FEMALE",
  "total_activity_duration": "NINE_TO_TWELVE_HOURS",
  "age": 0,
  "weight_today": 200,
  "height": 190,
  "category": "advanced"
}
Response:
{
  "success": false,
  "status": 500,
  "data": "Server Error",
  "timeTaken": 282.2128999999986
}
Status code: 500
-------------------------------

[test number] should successfully handle input
Request:
{
  "gender": "MALE",
  "total_activity_duration": "TWELVE_PLUS_HOURS",
  "age": 0,
  "weight_today": 30,
  "height": 140,
  "category": "intermediate"
}
Response:
{
  "success": false,
  "status": 500,
  "data": "Server Error",
  "timeTaken": 288.3739000000023
}
Status code: 500
-------------------------------

[test number] should successfully handle input
Request:
{
  "gender": "FEMALE",
  "total_activity_duration": "THREE_TO_SIX_HOURS",
  "age": 50,
  "weight_today": 113.9,
  "height": 210,
  "category": "intermediate"
}
Response:
{
  "success": false,
  "status": 500,
  "data": "Server Error",
  "timeTaken": 275.9943000000021
}
Status code: 500
-------------------------------

[test number] should successfully handle input
Request:
{
  "gender": "FEMALE",
  "total_activity_duration": "ZERO_TO_THREE_HOURS",
  "age": 75,
  "weight_today": 70,
  "height": 210,
  "category": "advanced"
}
Response:
{
  "success": false,
  "status": 500,
  "data": "Server Error",
  "timeTaken": 286.97490000000107
}
Status code: 500
-------------------------------

[test number] should successfully handle input
Request:
{
  "gender": "FEMALE",
  "total_activity_duration": "NINE_TO_TWELVE_HOURS",
  "age": 75,
  "weight_today": 30,
  "height": 140,
  "category": "intermediate"
}
Response:
{
  "success": false,
  "status": 500,
  "data": "Server Error",
  "timeTaken": 280.54099999999744
}
Status code: 500
-------------------------------

[test number] should successfully handle input
Request:
{
  "gender": "MALE",
  "total_activity_duration": "NINE_TO_TWELVE_HOURS",
  "age": 50,
  "weight_today": 200,
  "height": 173,
  "category": "beginner"
}
Response:
{
  "success": false,
  "status": 500,
  "data": "Server Error",
  "timeTaken": 281.1178
}
Status code: 500
-------------------------------

[test number] should successfully handle input
Request:
{
  "gender": "MALE",
  "total_activity_duration": "ZERO_TO_THREE_HOURS",
  "age": 25,
  "weight_today": 30,
  "height": 210,
  "category": "beginner"
}
Response:
{
  "success": false,
  "status": 500,
  "data": "Server Error",
  "timeTaken": 308.7227000000021
}
Status code: 500
-------------------------------

[test number] should successfully handle input
Request:
{
  "gender": "FEMALE",
  "total_activity_duration": "THREE_TO_SIX_HOURS",
  "age": 100,
  "weight_today": 150,
  "height": 160,
  "category": "intermediate"
}
Response:
{
  "success": false,
  "status": 500,
  "data": "Server Error",
  "timeTaken": 286.71600000000035
}
Status code: 500
-------------------------------

[test number] should successfully handle input
Request:
{
  "gender": "FEMALE",
  "total_activity_duration": "SIX_TO_NINE_HOURS",
  "age": 75,
  "weight_today": 200,
  "height": 160,
  "category": "advanced"
}
Response:
{
  "success": false,
  "status": 500,
  "data": "Server Error",
  "timeTaken": 286.376400000001
}
Status code: 500
-------------------------------

[test number] should successfully handle input
Request:
{
  "gender": "FEMALE",
  "total_activity_duration": "TWELVE_PLUS_HOURS",
  "age": 0,
  "weight_today": 30,
  "height": 190,
  "category": "intermediate"
}
Response:
{
  "success": false,
  "status": 500,
  "data": "Server Error",
  "timeTaken": 292.33680000000095
}
Status code: 500
-------------------------------

[test number] should successfully handle input
Request:
{
  "gender": "MALE",
  "total_activity_duration": "SIX_TO_NINE_HOURS",
  "age": 25,
  "weight_today": 150,
  "height": 160,
  "category": "advanced"
}
Response:
{
  "success": false,
  "status": 500,
  "data": "Server Error",
  "timeTaken": 275.89240000000063
}
Status code: 500
-------------------------------

[test number] should successfully handle input
Request:
{
  "gender": "MALE",
  "total_activity_duration": "TWELVE_PLUS_HOURS",
  "age": 50,
  "weight_today": 30,
  "height": 173,
  "category": "beginner"
}
Response:
{
  "success": false,
  "status": 500,
  "data": "Server Error",
  "timeTaken": 274.7610999999997
}
Status code: 500
-------------------------------

[test number] should successfully handle input
Request:
{
  "gender": "MALE",
  "total_activity_duration": "NINE_TO_TWELVE_HOURS",
  "age": 0,
  "weight_today": 200,
  "height": 140,
  "category": "intermediate"
}
Response:
{
  "success": false,
  "status": 500,
  "data": "Server Error",
  "timeTaken": 279.97420000000056
}
Status code: 500
-------------------------------

[test number] should successfully handle input
Request:
{
  "gender": "MALE",
  "total_activity_duration": "TWELVE_PLUS_HOURS",
  "age": 100,
  "weight_today": 70,
  "height": 140,
  "category": "intermediate"
}
Response:
{
  "success": false,
  "status": 500,
  "data": "Server Error",
  "timeTaken": 289.3532000000014
}
Status code: 500
-------------------------------

[test number] should successfully handle input
Request:
{
  "gender": "FEMALE",
  "total_activity_duration": "SIX_TO_NINE_HOURS",
  "age": 25,
  "weight_today": 150,
  "height": 173,
  "category": "advanced"
}
Response:
{
  "success": false,
  "status": 500,
  "data": "Server Error",
  "timeTaken": 296.9520999999986
}
Status code: 500
-------------------------------

[test number] should successfully handle input
Request:
{
  "gender": "MALE",
  "total_activity_duration": "SIX_TO_NINE_HOURS",
  "age": 75,
  "weight_today": 150,
  "height": 190,
  "category": "beginner"
}
Response:
{
  "success": false,
  "status": 500,
  "data": "Server Error",
  "timeTaken": 288.17259999999806
}
Status code: 500
-------------------------------

[test number] should successfully handle input
Request:
{
  "gender": "MALE",
  "total_activity_duration": "ZERO_TO_THREE_HOURS",
  "age": 75,
  "weight_today": 70,
  "height": 173,
  "category": "intermediate"
}
Response:
{
  "success": false,
  "status": 500,
  "data": "Server Error",
  "timeTaken": 274.4048999999977
}
Status code: 500
-------------------------------

[test number] should successfully handle input
Request:
{
  "gender": "MALE",
  "total_activity_duration": "THREE_TO_SIX_HOURS",
  "age": 50,
  "weight_today": 113.9,
  "height": 160,
  "category": "intermediate"
}
Response:
{
  "success": false,
  "status": 500,
  "data": "Server Error",
  "timeTaken": 276.4915000000001
}
Status code: 500
-------------------------------

[test number] should successfully handle input
Request:
{
  "gender": "FEMALE",
  "total_activity_duration": "ZERO_TO_THREE_HOURS",
  "age": 25,
  "weight_today": 70,
  "height": 173,
  "category": "intermediate"
}
Response:
{
  "success": false,
  "status": 500,
  "data": "Server Error",
  "timeTaken": 269.33160000000134
}
Status code: 500
-------------------------------

[test number] should successfully handle input
Request:
{
  "gender": "FEMALE",
  "total_activity_duration": "TWELVE_PLUS_HOURS",
  "age": 50,
  "weight_today": 70,
  "height": 140,
  "category": "advanced"
}
Response:
{
  "success": false,
  "status": 500,
  "data": "Server Error",
  "timeTaken": 282.1803
}
Status code: 500
-------------------------------

[test number] should successfully handle input
Request:
{
  "gender": "MALE",
  "total_activity_duration": "THREE_TO_SIX_HOURS",
  "age": 0,
  "weight_today": 70,
  "height": 210,
  "category": "intermediate"
}
Response:
{
  "success": false,
  "status": 500,
  "data": "Server Error",
  "timeTaken": 280.86369999999806
}
Status code: 500
-------------------------------

[test number] should successfully handle input
Request:
{
  "gender": "FEMALE",
  "total_activity_duration": "THREE_TO_SIX_HOURS",
  "age": 0,
  "weight_today": 113.9,
  "height": 173,
  "category": "beginner"
}
Response:
{
  "success": false,
  "status": 500,
  "data": "Server Error",
  "timeTaken": 280.7619999999988
}
Status code: 500
-------------------------------

[test number] should successfully handle input
Request:
{
  "gender": "FEMALE",
  "total_activity_duration": "TWELVE_PLUS_HOURS",
  "age": 100,
  "weight_today": 70,
  "height": 190,
  "category": "beginner"
}
Response:
{
  "success": false,
  "status": 500,
  "data": "Server Error",
  "timeTaken": 275.8757000000005
}
Status code: 500
-------------------------------

[test number] should successfully handle input
Request:
{
  "gender": "MALE",
  "total_activity_duration": "THREE_TO_SIX_HOURS",
  "age": 100,
  "weight_today": 113.9,
  "height": 190,
  "category": "intermediate"
}
Response:
{
  "success": false,
  "status": 500,
  "data": "Server Error",
  "timeTaken": 276.6853999999985
}
Status code: 500
-------------------------------

[test number] should successfully handle input
Request:
{
  "gender": "FEMALE",
  "total_activity_duration": "NINE_TO_TWELVE_HOURS",
  "age": 0,
  "weight_today": 200,
  "height": 210,
  "category": "beginner"
}
Response:
{
  "success": false,
  "status": 500,
  "data": "Server Error",
  "timeTaken": 293.8761999999988
}
Status code: 500
-------------------------------

[test number] should successfully handle input
Request:
{
  "gender": "MALE",
  "total_activity_duration": "TWELVE_PLUS_HOURS",
  "age": 0,
  "weight_today": 30,
  "height": 140,
  "category": "advanced"
}
Response:
{
  "success": false,
  "status": 500,
  "data": "Server Error",
  "timeTaken": 275.0707000000002
}
Status code: 500
-------------------------------

[test number] should successfully handle input
Request:
{
  "gender": "FEMALE",
  "total_activity_duration": "THREE_TO_SIX_HOURS",
  "age": 50,
  "weight_today": 113.9,
  "height": 210,
  "category": "advanced"
}
Response:
{
  "success": false,
  "status": 500,
  "data": "Server Error",
  "timeTaken": 276.78159999999843
}
Status code: 500
-------------------------------

[test number] should successfully handle input
Request:
{
  "gender": "FEMALE",
  "total_activity_duration": "NINE_TO_TWELVE_HOURS",
  "age": 75,
  "weight_today": 30,
  "height": 140,
  "category": "advanced"
}
Response:
{
  "success": false,
  "status": 500,
  "data": "Server Error",
  "timeTaken": 272.73669999999765
}
Status code: 500
-------------------------------

[test number] should successfully handle input
Request:
{
  "gender": "FEMALE",
  "total_activity_duration": "ZERO_TO_THREE_HOURS",
  "age": 75,
  "weight_today": 113.9,
  "height": 140,
  "category": "beginner"
}
Response:
{
  "success": false,
  "status": 500,
  "data": "Server Error",
  "timeTaken": 295.5599000000002
}
Status code: 500
-------------------------------

[test number] should successfully handle input
Request:
{
  "gender": "MALE",
  "total_activity_duration": "NINE_TO_TWELVE_HOURS",
  "age": 50,
  "weight_today": 200,
  "height": 173,
  "category": "intermediate"
}
Response:
{
  "success": false,
  "status": 500,
  "data": "Server Error",
  "timeTaken": 276.6857999999993
}
Status code: 500
-------------------------------

[test number] should successfully handle input
Request:
{
  "gender": "MALE",
  "total_activity_duration": "ZERO_TO_THREE_HOURS",
  "age": 25,
  "weight_today": 30,
  "height": 210,
  "category": "intermediate"
}
Response:
{
  "success": false,
  "status": 500,
  "data": "Server Error",
  "timeTaken": 279.5551999999989
}
Status code: 500
-------------------------------

[test number] should successfully handle input
Request:
{
  "gender": "FEMALE",
  "total_activity_duration": "THREE_TO_SIX_HOURS",
  "age": 100,
  "weight_today": 150,
  "height": 160,
  "category": "advanced"
}
Response:
{
  "success": false,
  "status": 500,
  "data": "Server Error",
  "timeTaken": 284.4960000000028
}
Status code: 500
-------------------------------

[test number] should successfully handle input
Request:
{
  "gender": "FEMALE",
  "total_activity_duration": "TWELVE_PLUS_HOURS",
  "age": 0,
  "weight_today": 30,
  "height": 190,
  "category": "advanced"
}
Response:
{
  "success": false,
  "status": 500,
  "data": "Server Error",
  "timeTaken": 271.2639999999992
}
Status code: 500
-------------------------------

[test number] should successfully handle input
Request:
{
  "gender": "FEMALE",
  "total_activity_duration": "SIX_TO_NINE_HOURS",
  "age": 75,
  "weight_today": 200,
  "height": 173,
  "category": "beginner"
}
Response:
{
  "success": false,
  "status": 500,
  "data": "Server Error",
  "timeTaken": 281.29629999999815
}
Status code: 500
-------------------------------

[test number] should successfully handle input
Request:
{
  "gender": "MALE",
  "total_activity_duration": "SIX_TO_NINE_HOURS",
  "age": 25,
  "weight_today": 150,
  "height": 173,
  "category": "beginner"
}
Response:
{
  "success": false,
  "status": 500,
  "data": "Server Error",
  "timeTaken": 281.66140000000087
}
Status code: 500
-------------------------------

[test number] should successfully handle input
Request:
{
  "gender": "MALE",
  "total_activity_duration": "TWELVE_PLUS_HOURS",
  "age": 50,
  "weight_today": 30,
  "height": 173,
  "category": "intermediate"
}
Response:
{
  "success": false,
  "status": 500,
  "data": "Server Error",
  "timeTaken": 273.64890000000014
}
Status code: 500
-------------------------------

[test number] should successfully handle input
Request:
{
  "gender": "MALE",
  "total_activity_duration": "TWELVE_PLUS_HOURS",
  "age": 100,
  "weight_today": 70,
  "height": 140,
  "category": "advanced"
}
Response:
{
  "success": false,
  "status": 500,
  "data": "Server Error",
  "timeTaken": 280.10699999999997
}
Status code: 500
-------------------------------

[test number] should successfully handle input
Request:
{
  "gender": "MALE",
  "total_activity_duration": "SIX_TO_NINE_HOURS",
  "age": 75,
  "weight_today": 150,
  "height": 190,
  "category": "intermediate"
}
Response:
{
  "success": false,
  "status": 500,
  "data": "Server Error",
  "timeTaken": 273.29249999999956
}
Status code: 500
-------------------------------

[test number] should successfully handle input
Request:
{
  "gender": "FEMALE",
  "total_activity_duration": "SIX_TO_NINE_HOURS",
  "age": 25,
  "weight_today": 150,
  "height": 190,
  "category": "beginner"
}
Response:
{
  "success": false,
  "status": 500,
  "data": "Server Error",
  "timeTaken": 279.4328000000023
}
Status code: 500
-------------------------------

[test number] should successfully handle input
Request:
{
  "gender": "MALE",
  "total_activity_duration": "NINE_TO_TWELVE_HOURS",
  "age": 0,
  "weight_today": 200,
  "height": 140,
  "category": "advanced"
}
Response:
{
  "success": false,
  "status": 500,
  "data": "Server Error",
  "timeTaken": 314.0082999999977
}
Status code: 500
-------------------------------

[test number] should successfully handle input
Request:
{
  "gender": "FEMALE",
  "total_activity_duration": "TWELVE_PLUS_HOURS",
  "age": 50,
  "weight_today": 70,
  "height": 160,
  "category": "beginner"
}
Response:
{
  "success": false,
  "status": 500,
  "data": "Server Error",
  "timeTaken": 280.79019999999946
}
Status code: 500
-------------------------------

[test number] should successfully handle input
Request:
{
  "gender": "FEMALE",
  "total_activity_duration": "ZERO_TO_THREE_HOURS",
  "age": 25,
  "weight_today": 70,
  "height": 173,
  "category": "advanced"
}
Response:
{
  "success": false,
  "status": 500,
  "data": "Server Error",
  "timeTaken": 283.95790000000125
}
Status code: 500
-------------------------------

[test number] should successfully handle input
Request:
{
  "gender": "MALE",
  "total_activity_duration": "THREE_TO_SIX_HOURS",
  "age": 0,
  "weight_today": 70,
  "height": 210,
  "category": "advanced"
}
Response:
{
  "success": false,
  "status": 500,
  "data": "Server Error",
  "timeTaken": 282.1267000000007
}
Status code: 500
-------------------------------

[test number] should successfully handle input
Request:
{
  "gender": "MALE",
  "total_activity_duration": "THREE_TO_SIX_HOURS",
  "age": 50,
  "weight_today": 113.9,
  "height": 160,
  "category": "advanced"
}
Response:
{
  "success": false,
  "status": 500,
  "data": "Server Error",
  "timeTaken": 344.41070000000036
}
Status code: 500
-------------------------------

[test number] should successfully handle input
Request:
{
  "gender": "FEMALE",
  "total_activity_duration": "THREE_TO_SIX_HOURS",
  "age": 0,
  "weight_today": 113.9,
  "height": 173,
  "category": "intermediate"
}
Response:
{
  "success": false,
  "status": 500,
  "data": "Server Error",
  "timeTaken": 314.98619999999937
}
Status code: 500
-------------------------------

[test number] should successfully handle input
Request:
{
  "gender": "MALE",
  "total_activity_duration": "THREE_TO_SIX_HOURS",
  "age": 100,
  "weight_today": 113.9,
  "height": 190,
  "category": "advanced"
}
Response:
{
  "success": false,
  "status": 500,
  "data": "Server Error",
  "timeTaken": 283.8175999999985
}
Status code: 500
-------------------------------

[test number] should successfully handle input
Request:
{
  "gender": "FEMALE",
  "total_activity_duration": "TWELVE_PLUS_HOURS",
  "age": 100,
  "weight_today": 70,
  "height": 190,
  "category": "intermediate"
}
Response:
{
  "success": false,
  "status": 500,
  "data": "Server Error",
  "timeTaken": 286.90300000000207
}
Status code: 500
-------------------------------

[test number] should successfully handle input
Request:
{
  "gender": "FEMALE",
  "total_activity_duration": "NINE_TO_TWELVE_HOURS",
  "age": 0,
  "weight_today": 200,
  "height": 210,
  "category": "intermediate"
}
Response:
{
  "success": false,
  "status": 500,
  "data": "Server Error",
  "timeTaken": 287.28299999999945
}
Status code: 500
-------------------------------

[test number] should successfully handle input
Request:
{
  "gender": "MALE",
  "total_activity_duration": "ZERO_TO_THREE_HOURS",
  "age": 75,
  "weight_today": 70,
  "height": 173,
  "category": "advanced"
}
Response:
{
  "success": false,
  "status": 500,
  "data": "Server Error",
  "timeTaken": 410.3233
}
Status code: 500
-------------------------------

[test number] should successfully handle input
Request:
{
  "gender": "FEMALE",
  "total_activity_duration": "THREE_TO_SIX_HOURS",
  "age": 50,
  "weight_today": 150,
  "height": 140,
  "category": "beginner"
}
Response:
{
  "success": false,
  "status": 500,
  "data": "Server Error",
  "timeTaken": 276.17139999999927
}
Status code: 500
-------------------------------

[test number] should successfully handle input
Request:
{
  "gender": "MALE",
  "total_activity_duration": "TWELVE_PLUS_HOURS",
  "age": 0,
  "weight_today": 30,
  "height": 160,
  "category": "beginner"
}
Response:
{
  "success": false,
  "status": 500,
  "data": "Server Error",
  "timeTaken": 322.247800000001
}
Status code: 500
-------------------------------

[test number] should successfully handle input
Request:
{
  "gender": "MALE",
  "total_activity_duration": "NINE_TO_TWELVE_HOURS",
  "age": 50,
  "weight_today": 200,
  "height": 173,
  "category": "advanced"
}
Response:
{
  "success": false,
  "status": 500,
  "data": "Server Error",
  "timeTaken": 278.82340000000113
}
Status code: 500
-------------------------------

[test number] should successfully handle input
Request:
{
  "gender": "FEMALE",
  "total_activity_duration": "ZERO_TO_THREE_HOURS",
  "age": 75,
  "weight_today": 113.9,
  "height": 140,
  "category": "intermediate"
}
Response:
{
  "success": false,
  "status": 500,
  "data": "Server Error",
  "timeTaken": 286.15290000000095
}
Status code: 500
-------------------------------

[test number] should successfully handle input
Request:
{
  "gender": "FEMALE",
  "total_activity_duration": "THREE_TO_SIX_HOURS",
  "age": 100,
  "weight_today": 150,
  "height": 173,
  "category": "beginner"
}
Response:
{
  "success": false,
  "status": 500,
  "data": "Server Error",
  "timeTaken": 279.7528999999995
}
Status code: 500
-------------------------------

[test number] should successfully handle input
Request:
{
  "gender": "FEMALE",
  "total_activity_duration": "NINE_TO_TWELVE_HOURS",
  "age": 75,
  "weight_today": 30,
  "height": 160,
  "category": "beginner"
}
Response:
{
  "success": false,
  "status": 500,
  "data": "Server Error",
  "timeTaken": 301.1828999999998
}
Status code: 500
-------------------------------

[test number] should successfully handle input
Request:
{
  "gender": "FEMALE",
  "total_activity_duration": "SIX_TO_NINE_HOURS",
  "age": 75,
  "weight_today": 200,
  "height": 173,
  "category": "intermediate"
}
Response:
{
  "success": false,
  "status": 500,
  "data": "Server Error",
  "timeTaken": 285.6849000000002
}
Status code: 500
-------------------------------

[test number] should successfully handle input
Request:
{
  "gender": "MALE",
  "total_activity_duration": "ZERO_TO_THREE_HOURS",
  "age": 25,
  "weight_today": 30,
  "height": 210,
  "category": "advanced"
}
Response:
{
  "success": false,
  "status": 500,
  "data": "Server Error",
  "timeTaken": 300.47869999999966
}
Status code: 500
-------------------------------

[test number] should successfully handle input
Request:
{
  "gender": "MALE",
  "total_activity_duration": "SIX_TO_NINE_HOURS",
  "age": 25,
  "weight_today": 150,
  "height": 173,
  "category": "intermediate"
}
Response:
{
  "success": false,
  "status": 500,
  "data": "Server Error",
  "timeTaken": 280.41690000000017
}
Status code: 500
-------------------------------

[test number] should successfully handle input
Request:
{
  "gender": "FEMALE",
  "total_activity_duration": "TWELVE_PLUS_HOURS",
  "age": 0,
  "weight_today": 30,
  "height": 210,
  "category": "beginner"
}
Response:
{
  "success": false,
  "status": 500,
  "data": "Server Error",
  "timeTaken": 322.4029999999984
}
Status code: 500
-------------------------------

[test number] should successfully handle input
Request:
{
  "gender": "MALE",
  "total_activity_duration": "TWELVE_PLUS_HOURS",
  "age": 50,
  "weight_today": 30,
  "height": 173,
  "category": "advanced"
}
Response:
{
  "success": false,
  "status": 500,
  "data": "Server Error",
  "timeTaken": 281.0649000000012
}
Status code: 500
-------------------------------

[test number] should successfully handle input
Request:
{
  "gender": "MALE",
  "total_activity_duration": "TWELVE_PLUS_HOURS",
  "age": 100,
  "weight_today": 70,
  "height": 160,
  "category": "beginner"
}
Response:
{
  "success": false,
  "status": 500,
  "data": "Server Error",
  "timeTaken": 273.5609000000004
}
Status code: 500
-------------------------------

[test number] should successfully handle input
Request:
{
  "gender": "FEMALE",
  "total_activity_duration": "SIX_TO_NINE_HOURS",
  "age": 25,
  "weight_today": 150,
  "height": 190,
  "category": "intermediate"
}
Response:
{
  "success": false,
  "status": 500,
  "data": "Server Error",
  "timeTaken": 275.1955999999991
}
Status code: 500
-------------------------------

[test number] should successfully handle input
Request:
{
  "gender": "MALE",
  "total_activity_duration": "SIX_TO_NINE_HOURS",
  "age": 75,
  "weight_today": 150,
  "height": 190,
  "category": "advanced"
}
Response:
{
  "success": false,
  "status": 500,
  "data": "Server Error",
  "timeTaken": 283.34119999999893
}
Status code: 500
-------------------------------

[test number] should successfully handle input
Request:
{
  "gender": "MALE",
  "total_activity_duration": "NINE_TO_TWELVE_HOURS",
  "age": 0,
  "weight_today": 200,
  "height": 160,
  "category": "beginner"
}
Response:
{
  "success": false,
  "status": 500,
  "data": "Server Error",
  "timeTaken": 277.5405000000028
}
Status code: 500
-------------------------------

[test number] should successfully handle input
Request:
{
  "gender": "FEMALE",
  "total_activity_duration": "ZERO_TO_THREE_HOURS",
  "age": 25,
  "weight_today": 70,
  "height": 190,
  "category": "beginner"
}
Response:
{
  "success": false,
  "status": 500,
  "data": "Server Error",
  "timeTaken": 273.9962000000014
}
Status code: 500
-------------------------------

[test number] should successfully handle input
Request:
{
  "gender": "MALE",
  "total_activity_duration": "THREE_TO_SIX_HOURS",
  "age": 0,
  "weight_today": 113.9,
  "height": 140,
  "category": "beginner"
}
Response:
{
  "success": false,
  "status": 500,
  "data": "Server Error",
  "timeTaken": 279.1814999999988
}
Status code: 500
-------------------------------

[test number] should successfully handle input
Request:
{
  "gender": "FEMALE",
  "total_activity_duration": "TWELVE_PLUS_HOURS",
  "age": 50,
  "weight_today": 70,
  "height": 160,
  "category": "intermediate"
}
Response:
{
  "success": false,
  "status": 500,
  "data": "Server Error",
  "timeTaken": 292.65899999999965
}
Status code: 500
-------------------------------

[test number] should successfully handle input
Request:
{
  "gender": "FEMALE",
  "total_activity_duration": "THREE_TO_SIX_HOURS",
  "age": 0,
  "weight_today": 113.9,
  "height": 173,
  "category": "advanced"
}
Response:
{
  "success": false,
  "status": 500,
  "data": "Server Error",
  "timeTaken": 276.4423999999999
}
Status code: 500
-------------------------------

[test number] should successfully handle input
Request:
{
  "gender": "MALE",
  "total_activity_duration": "THREE_TO_SIX_HOURS",
  "age": 50,
  "weight_today": 113.9,
  "height": 173,
  "category": "beginner"
}
Response:
{
  "success": false,
  "status": 500,
  "data": "Server Error",
  "timeTaken": 293.0993000000017
}
Status code: 500
-------------------------------

[test number] should successfully handle input
Request:
{
  "gender": "FEMALE",
  "total_activity_duration": "TWELVE_PLUS_HOURS",
  "age": 100,
  "weight_today": 70,
  "height": 190,
  "category": "advanced"
}
Response:
{
  "success": false,
  "status": 500,
  "data": "Server Error",
  "timeTaken": 279.4850000000006
}
Status code: 500
-------------------------------

[test number] should successfully handle input
Request:
{
  "gender": "MALE",
  "total_activity_duration": "THREE_TO_SIX_HOURS",
  "age": 100,
  "weight_today": 113.9,
  "height": 210,
  "category": "beginner"
}
Response:
{
  "success": false,
  "status": 500,
  "data": "Server Error",
  "timeTaken": 287.47249999999985
}
Status code: 500
-------------------------------

[test number] should successfully handle input
Request:
{
  "gender": "FEMALE",
  "total_activity_duration": "NINE_TO_TWELVE_HOURS",
  "age": 0,
  "weight_today": 200,
  "height": 210,
  "category": "advanced"
}
Response:
{
  "success": false,
  "status": 500,
  "data": "Server Error",
  "timeTaken": 284.70380000000296
}
Status code: 500
-------------------------------

[test number] should successfully handle input
Request:
{
  "gender": "MALE",
  "total_activity_duration": "ZERO_TO_THREE_HOURS",
  "age": 75,
  "weight_today": 70,
  "height": 190,
  "category": "beginner"
}
Response:
{
  "success": false,
  "status": 500,
  "data": "Server Error",
  "timeTaken": 277.2374999999993
}
Status code: 500
-------------------------------

[test number] should successfully handle input
Request:
{
  "gender": "FEMALE",
  "total_activity_duration": "ZERO_TO_THREE_HOURS",
  "age": 75,
  "weight_today": 113.9,
  "height": 140,
  "category": "advanced"
}
Response:
{
  "success": false,
  "status": 500,
  "data": "Server Error",
  "timeTaken": 271.9254000000001
}
Status code: 500
-------------------------------

[test number] should successfully handle input
Request:
{
  "gender": "FEMALE",
  "total_activity_duration": "THREE_TO_SIX_HOURS",
  "age": 50,
  "weight_today": 150,
  "height": 140,
  "category": "intermediate"
}
Response:
{
  "success": false,
  "status": 500,
  "data": "Server Error",
  "timeTaken": 282.15409999999974
}
Status code: 500
-------------------------------

[test number] should successfully handle input
Request:
{
  "gender": "FEMALE",
  "total_activity_duration": "THREE_TO_SIX_HOURS",
  "age": 100,
  "weight_today": 150,
  "height": 173,
  "category": "intermediate"
}
Response:
{
  "success": false,
  "status": 500,
  "data": "Server Error",
  "timeTaken": 276.65840000000026
}
Status code: 500
-------------------------------

[test number] should successfully handle input
Request:
{
  "gender": "MALE",
  "total_activity_duration": "NINE_TO_TWELVE_HOURS",
  "age": 50,
  "weight_today": 200,
  "height": 190,
  "category": "beginner"
}
Response:
{
  "success": false,
  "status": 500,
  "data": "Server Error",
  "timeTaken": 291.5773999999983
}
Status code: 500
-------------------------------

[test number] should successfully handle input
Request:
{
  "gender": "MALE",
  "total_activity_duration": "TWELVE_PLUS_HOURS",
  "age": 0,
  "weight_today": 30,
  "height": 160,
  "category": "intermediate"
}
Response:
{
  "success": false,
  "status": 500,
  "data": "Server Error",
  "timeTaken": 301.03389999999854
}
Status code: 500
-------------------------------

[test number] should successfully handle input
Request:
{
  "gender": "MALE",
  "total_activity_duration": "ZERO_TO_THREE_HOURS",
  "age": 25,
  "weight_today": 70,
  "height": 140,
  "category": "beginner"
}
Response:
{
  "success": false,
  "status": 500,
  "data": "Server Error",
  "timeTaken": 276.4380999999994
}
Status code: 500
-------------------------------

[test number] should successfully handle input
Request:
{
  "gender": "FEMALE",
  "total_activity_duration": "SIX_TO_NINE_HOURS",
  "age": 75,
  "weight_today": 200,
  "height": 173,
  "category": "advanced"
}
Response:
{
  "success": false,
  "status": 500,
  "data": "Server Error",
  "timeTaken": 282.8615000000027
}
Status code: 500
-------------------------------

[test number] should successfully handle input
Request:
{
  "gender": "FEMALE",
  "total_activity_duration": "NINE_TO_TWELVE_HOURS",
  "age": 75,
  "weight_today": 30,
  "height": 160,
  "category": "intermediate"
}
Response:
{
  "success": false,
  "status": 500,
  "data": "Server Error",
  "timeTaken": 294.3695000000007
}
Status code: 500
-------------------------------

[test number] should successfully handle input
Request:
{
  "gender": "MALE",
  "total_activity_duration": "SIX_TO_NINE_HOURS",
  "age": 25,
  "weight_today": 150,
  "height": 173,
  "category": "advanced"
}
Response:
{
  "success": false,
  "status": 500,
  "data": "Server Error",
  "timeTaken": 286.40750000000116
}
Status code: 500
-------------------------------

[test number] should successfully handle input
Request:
{
  "gender": "MALE",
  "total_activity_duration": "TWELVE_PLUS_HOURS",
  "age": 50,
  "weight_today": 30,
  "height": 190,
  "category": "beginner"
}
Response:
{
  "success": false,
  "status": 500,
  "data": "Server Error",
  "timeTaken": 287.7566000000006
}
Status code: 500
-------------------------------

[test number] should successfully handle input
Request:
{
  "gender": "FEMALE",
  "total_activity_duration": "TWELVE_PLUS_HOURS",
  "age": 0,
  "weight_today": 30,
  "height": 210,
  "category": "intermediate"
}
Response:
{
  "success": false,
  "status": 500,
  "data": "Server Error",
  "timeTaken": 293.83829999999944
}
Status code: 500
-------------------------------

[test number] should successfully handle input
Request:
{
  "gender": "MALE",
  "total_activity_duration": "TWELVE_PLUS_HOURS",
  "age": 100,
  "weight_today": 70,
  "height": 160,
  "category": "intermediate"
}
Response:
{
  "success": false,
  "status": 500,
  "data": "Server Error",
  "timeTaken": 271.2970999999998
}
Status code: 500
-------------------------------

[test number] should successfully handle input
Request:
{
  "gender": "FEMALE",
  "total_activity_duration": "SIX_TO_NINE_HOURS",
  "age": 25,
  "weight_today": 150,
  "height": 190,
  "category": "advanced"
}
Response:
{
  "success": false,
  "status": 500,
  "data": "Server Error",
  "timeTaken": 278.73939999999857
}
Status code: 500
-------------------------------

[test number] should successfully handle input
Request:
{
  "gender": "MALE",
  "total_activity_duration": "SIX_TO_NINE_HOURS",
  "age": 75,
  "weight_today": 150,
  "height": 210,
  "category": "beginner"
}
Response:
{
  "success": false,
  "status": 500,
  "data": "Server Error",
  "timeTaken": 284.84389999999985
}
Status code: 500
-------------------------------

[test number] should successfully handle input
Request:
{
  "gender": "MALE",
  "total_activity_duration": "NINE_TO_TWELVE_HOURS",
  "age": 0,
  "weight_today": 200,
  "height": 160,
  "category": "intermediate"
}
Response:
{
  "success": false,
  "status": 500,
  "data": "Server Error",
  "timeTaken": 278.1196000000018
}
Status code: 500
-------------------------------

[test number] should successfully handle input
Request:
{
  "gender": "FEMALE",
  "total_activity_duration": "ZERO_TO_THREE_HOURS",
  "age": 25,
  "weight_today": 70,
  "height": 190,
  "category": "intermediate"
}
Response:
{
  "success": false,
  "status": 500,
  "data": "Server Error",
  "timeTaken": 271.7680999999975
}
Status code: 500
-------------------------------

[test number] should successfully handle input
Request:
{
  "gender": "MALE",
  "total_activity_duration": "THREE_TO_SIX_HOURS",
  "age": 0,
  "weight_today": 113.9,
  "height": 140,
  "category": "intermediate"
}
Response:
{
  "success": false,
  "status": 500,
  "data": "Server Error",
  "timeTaken": 272.47109999999884
}
Status code: 500
-------------------------------

[test number] should successfully handle input
Request:
{
  "gender": "FEMALE",
  "total_activity_duration": "TWELVE_PLUS_HOURS",
  "age": 50,
  "weight_today": 70,
  "height": 160,
  "category": "advanced"
}
Response:
{
  "success": false,
  "status": 500,
  "data": "Server Error",
  "timeTaken": 285.41089999999895
}
Status code: 500
-------------------------------

[test number] should successfully handle input
Request:
{
  "gender": "FEMALE",
  "total_activity_duration": "TWELVE_PLUS_HOURS",
  "age": 100,
  "weight_today": 70,
  "height": 210,
  "category": "beginner"
}
Response:
{
  "success": false,
  "status": 500,
  "data": "Server Error",
  "timeTaken": 265.46259999999893
}
Status code: 500
-------------------------------

[test number] should successfully handle input
Request:
{
  "gender": "FEMALE",
  "total_activity_duration": "THREE_TO_SIX_HOURS",
  "age": 0,
  "weight_today": 113.9,
  "height": 190,
  "category": "beginner"
}
Response:
{
  "success": false,
  "status": 500,
  "data": "Server Error",
  "timeTaken": 288.6422999999995
}
Status code: 500
-------------------------------

[test number] should successfully handle input
Request:
{
  "gender": "MALE",
  "total_activity_duration": "THREE_TO_SIX_HOURS",
  "age": 100,
  "weight_today": 113.9,
  "height": 210,
  "category": "intermediate"
}
Response:
{
  "success": false,
  "status": 500,
  "data": "Server Error",
  "timeTaken": 274.34130000000005
}
Status code: 500
-------------------------------

[test number] should successfully handle input
Request:
{
  "gender": "MALE",
  "total_activity_duration": "THREE_TO_SIX_HOURS",
  "age": 50,
  "weight_today": 113.9,
  "height": 173,
  "category": "intermediate"
}
Response:
{
  "success": false,
  "status": 500,
  "data": "Server Error",
  "timeTaken": 294.3797000000013
}
Status code: 500
-------------------------------

[test number] should successfully handle input
Request:
{
  "gender": "FEMALE",
  "total_activity_duration": "NINE_TO_TWELVE_HOURS",
  "age": 25,
  "weight_today": 30,
  "height": 140,
  "category": "beginner"
}
Response:
{
  "success": false,
  "status": 500,
  "data": "Server Error",
  "timeTaken": 275.7520000000004
}
Status code: 500
-------------------------------

[test number] should successfully handle input
Request:
{
  "gender": "MALE",
  "total_activity_duration": "ZERO_TO_THREE_HOURS",
  "age": 75,
  "weight_today": 70,
  "height": 190,
  "category": "intermediate"
}
Response:
{
  "success": false,
  "status": 500,
  "data": "Server Error",
  "timeTaken": 292.15429999999833
}
Status code: 500
-------------------------------

[test number] should successfully handle input
Request:
{
  "gender": "FEMALE",
  "total_activity_duration": "ZERO_TO_THREE_HOURS",
  "age": 75,
  "weight_today": 113.9,
  "height": 160,
  "category": "beginner"
}
Response:
{
  "success": false,
  "status": 500,
  "data": "Server Error",
  "timeTaken": 277.91569999999774
}
Status code: 500
-------------------------------

[test number] should successfully handle input
Request:
{
  "gender": "FEMALE",
  "total_activity_duration": "THREE_TO_SIX_HOURS",
  "age": 100,
  "weight_today": 150,
  "height": 173,
  "category": "advanced"
}
Response:
{
  "success": false,
  "status": 500,
  "data": "Server Error",
  "timeTaken": 285.33940000000075
}
Status code: 500
-------------------------------

[test number] should successfully handle input
Request:
{
  "gender": "MALE",
  "total_activity_duration": "TWELVE_PLUS_HOURS",
  "age": 0,
  "weight_today": 30,
  "height": 160,
  "category": "advanced"
}
Response:
{
  "success": false,
  "status": 500,
  "data": "Server Error",
  "timeTaken": 276.8626000000004
}
Status code: 500
-------------------------------

[test number] should successfully handle input
Request:
{
  "gender": "MALE",
  "total_activity_duration": "ZERO_TO_THREE_HOURS",
  "age": 25,
  "weight_today": 70,
  "height": 140,
  "category": "intermediate"
}
Response:
{
  "success": false,
  "status": 500,
  "data": "Server Error",
  "timeTaken": 276.73070000000007
}
Status code: 500
-------------------------------

[test number] should successfully handle input
Request:
{
  "gender": "MALE",
  "total_activity_duration": "NINE_TO_TWELVE_HOURS",
  "age": 50,
  "weight_today": 200,
  "height": 190,
  "category": "intermediate"
}
Response:
{
  "success": false,
  "status": 500,
  "data": "Server Error",
  "timeTaken": 279.32160000000295
}
Status code: 500
-------------------------------

[test number] should successfully handle input
Request:
{
  "gender": "FEMALE",
  "total_activity_duration": "THREE_TO_SIX_HOURS",
  "age": 50,
  "weight_today": 150,
  "height": 140,
  "category": "advanced"
}
Response:
{
  "success": false,
  "status": 500,
  "data": "Server Error",
  "timeTaken": 301.66619999999966
}
Status code: 500
-------------------------------

[test number] should successfully handle input
Request:
{
  "gender": "FEMALE",
  "total_activity_duration": "SIX_TO_NINE_HOURS",
  "age": 75,
  "weight_today": 200,
  "height": 190,
  "category": "beginner"
}
Response:
{
  "success": false,
  "status": 500,
  "data": "Server Error",
  "timeTaken": 288.7530000000006
}
Status code: 500
-------------------------------

[test number] should successfully handle input
Request:
{
  "gender": "FEMALE",
  "total_activity_duration": "NINE_TO_TWELVE_HOURS",
  "age": 75,
  "weight_today": 30,
  "height": 160,
  "category": "advanced"
}
Response:
{
  "success": false,
  "status": 500,
  "data": "Server Error",
  "timeTaken": 290.9875000000029
}
Status code: 500
-------------------------------

[test number] should successfully handle input
Request:
{
  "gender": "MALE",
  "total_activity_duration": "SIX_TO_NINE_HOURS",
  "age": 25,
  "weight_today": 150,
  "height": 190,
  "category": "beginner"
}
Response:
{
  "success": false,
  "status": 500,
  "data": "Server Error",
  "timeTaken": 285.2183999999979
}
Status code: 500
-------------------------------

[test number] should successfully handle input
Request:
{
  "gender": "FEMALE",
  "total_activity_duration": "TWELVE_PLUS_HOURS",
  "age": 0,
  "weight_today": 30,
  "height": 210,
  "category": "advanced"
}
Response:
{
  "success": false,
  "status": 500,
  "data": "Server Error",
  "timeTaken": 280.22689999999784
}
Status code: 500
-------------------------------

[test number] should successfully handle input
Request:
{
  "gender": "MALE",
  "total_activity_duration": "TWELVE_PLUS_HOURS",
  "age": 50,
  "weight_today": 30,
  "height": 190,
  "category": "intermediate"
}
Response:
{
  "success": false,
  "status": 500,
  "data": "Server Error",
  "timeTaken": 290.91979999999967
}
Status code: 500
-------------------------------

[test number] should successfully handle input
Request:
{
  "gender": "MALE",
  "total_activity_duration": "TWELVE_PLUS_HOURS",
  "age": 100,
  "weight_today": 70,
  "height": 160,
  "category": "advanced"
}
Response:
{
  "success": false,
  "status": 500,
  "data": "Server Error",
  "timeTaken": 283.9461999999985
}
Status code: 500
-------------------------------

[test number] should successfully handle input
Request:
{
  "gender": "MALE",
  "total_activity_duration": "SIX_TO_NINE_HOURS",
  "age": 75,
  "weight_today": 150,
  "height": 210,
  "category": "intermediate"
}
Response:
{
  "success": false,
  "status": 500,
  "data": "Server Error",
  "timeTaken": 271.52010000000155
}
Status code: 500
-------------------------------

[test number] should successfully handle input
Request:
{
  "gender": "FEMALE",
  "total_activity_duration": "SIX_TO_NINE_HOURS",
  "age": 25,
  "weight_today": 150,
  "height": 210,
  "category": "beginner"
}
Response:
{
  "success": false,
  "status": 500,
  "data": "Server Error",
  "timeTaken": 275.2999000000018
}
Status code: 500
-------------------------------

[test number] should successfully handle input
Request:
{
  "gender": "FEMALE",
  "total_activity_duration": "ZERO_TO_THREE_HOURS",
  "age": 25,
  "weight_today": 70,
  "height": 190,
  "category": "advanced"
}
Response:
{
  "success": false,
  "status": 500,
  "data": "Server Error",
  "timeTaken": 279.83550000000105
}
Status code: 500
-------------------------------

[test number] should successfully handle input
Request:
{
  "gender": "MALE",
  "total_activity_duration": "NINE_TO_TWELVE_HOURS",
  "age": 0,
  "weight_today": 200,
  "height": 160,
  "category": "advanced"
}
Response:
{
  "success": false,
  "status": 500,
  "data": "Server Error",
  "timeTaken": 306.05639999999767
}
Status code: 500
-------------------------------

[test number] should successfully handle input
Request:
{
  "gender": "MALE",
  "total_activity_duration": "THREE_TO_SIX_HOURS",
  "age": 0,
  "weight_today": 113.9,
  "height": 140,
  "category": "advanced"
}
Response:
{
  "success": false,
  "status": 500,
  "data": "Server Error",
  "timeTaken": 287.4889000000003
}
Status code: 500
-------------------------------

[test number] should successfully handle input
Request:
{
  "gender": "FEMALE",
  "total_activity_duration": "TWELVE_PLUS_HOURS",
  "age": 100,
  "weight_today": 70,
  "height": 210,
  "category": "intermediate"
}
Response:
{
  "success": false,
  "status": 500,
  "data": "Server Error",
  "timeTaken": 281.1763000000028
}
Status code: 500
-------------------------------

[test number] should successfully handle input
Request:
{
  "gender": "MALE",
  "total_activity_duration": "THREE_TO_SIX_HOURS",
  "age": 50,
  "weight_today": 113.9,
  "height": 173,
  "category": "advanced"
}
Response:
{
  "success": false,
  "status": 500,
  "data": "Server Error",
  "timeTaken": 273.53830000000016
}
Status code: 500
-------------------------------

[test number] should successfully handle input
Request:
{
  "gender": "FEMALE",
  "total_activity_duration": "TWELVE_PLUS_HOURS",
  "age": 50,
  "weight_today": 70,
  "height": 173,
  "category": "beginner"
}
Response:
{
  "success": false,
  "status": 500,
  "data": "Server Error",
  "timeTaken": 310.46650000000227
}
Status code: 500
-------------------------------

[test number] should successfully handle input
Request:
{
  "gender": "FEMALE",
  "total_activity_duration": "NINE_TO_TWELVE_HOURS",
  "age": 25,
  "weight_today": 30,
  "height": 140,
  "category": "intermediate"
}
Response:
{
  "success": false,
  "status": 500,
  "data": "Server Error",
  "timeTaken": 266.3322999999982
}
Status code: 500
-------------------------------

[test number] should successfully handle input
Request:
{
  "gender": "FEMALE",
  "total_activity_duration": "THREE_TO_SIX_HOURS",
  "age": 0,
  "weight_today": 113.9,
  "height": 190,
  "category": "intermediate"
}
Response:
{
  "success": false,
  "status": 500,
  "data": "Server Error",
  "timeTaken": 303.65769999999975
}
Status code: 500
-------------------------------

[test number] should successfully handle input
Request:
{
  "gender": "MALE",
  "total_activity_duration": "THREE_TO_SIX_HOURS",
  "age": 100,
  "weight_today": 113.9,
  "height": 210,
  "category": "advanced"
}
Response:
{
  "success": false,
  "status": 500,
  "data": "Server Error",
  "timeTaken": 333.217099999998
}
Status code: 500
-------------------------------

[test number] should successfully handle input
Request:
{
  "gender": "MALE",
  "total_activity_duration": "ZERO_TO_THREE_HOURS",
  "age": 75,
  "weight_today": 70,
  "height": 190,
  "category": "advanced"
}
Response:
{
  "success": false,
  "status": 500,
  "data": "Server Error",
  "timeTaken": 293.02670000000217
}
Status code: 500
-------------------------------

[test number] should successfully handle input
Request:
{
  "gender": "FEMALE",
  "total_activity_duration": "ZERO_TO_THREE_HOURS",
  "age": 75,
  "weight_today": 113.9,
  "height": 160,
  "category": "intermediate"
}
Response:
{
  "success": false,
  "status": 500,
  "data": "Server Error",
  "timeTaken": 287.57930000000124
}
Status code: 500
-------------------------------

[test number] should successfully handle input
Request:
{
  "gender": "FEMALE",
  "total_activity_duration": "THREE_TO_SIX_HOURS",
  "age": 100,
  "weight_today": 150,
  "height": 190,
  "category": "beginner"
}
Response:
{
  "success": false,
  "status": 500,
  "data": "Server Error",
  "timeTaken": 280.6238000000012
}
Status code: 500
-------------------------------

[test number] should successfully handle input
Request:
{
  "gender": "MALE",
  "total_activity_duration": "ZERO_TO_THREE_HOURS",
  "age": 25,
  "weight_today": 70,
  "height": 140,
  "category": "advanced"
}
Response:
{
  "success": false,
  "status": 500,
  "data": "Server Error",
  "timeTaken": 285.0008999999991
}
Status code: 500
-------------------------------

[test number] should successfully handle input
Request:
{
  "gender": "FEMALE",
  "total_activity_duration": "SIX_TO_NINE_HOURS",
  "age": 75,
  "weight_today": 200,
  "height": 190,
  "category": "intermediate"
}
Response:
{
  "success": false,
  "status": 500,
  "data": "Server Error",
  "timeTaken": 284.96809999999823
}
Status code: 500
-------------------------------

[test number] should successfully handle input
Request:
{
  "gender": "MALE",
  "total_activity_duration": "NINE_TO_TWELVE_HOURS",
  "age": 50,
  "weight_today": 200,
  "height": 190,
  "category": "advanced"
}
Response:
{
  "success": false,
  "status": 500,
  "data": "Server Error",
  "timeTaken": 292.7941000000028
}
Status code: 500
-------------------------------

[test number] should successfully handle input
Request:
{
  "gender": "MALE",
  "total_activity_duration": "TWELVE_PLUS_HOURS",
  "age": 0,
  "weight_today": 30,
  "height": 173,
  "category": "beginner"
}
Response:
{
  "success": false,
  "status": 500,
  "data": "Server Error",
  "timeTaken": 295.9310000000005
}
Status code: 500
-------------------------------

[test number] should successfully handle input
Request:
{
  "gender": "FEMALE",
  "total_activity_duration": "NINE_TO_TWELVE_HOURS",
  "age": 75,
  "weight_today": 30,
  "height": 173,
  "category": "beginner"
}
Response:
{
  "success": false,
  "status": 500,
  "data": "Server Error",
  "timeTaken": 279.4532999999974
}
Status code: 500
-------------------------------

[test number] should successfully handle input
Request:
{
  "gender": "MALE",
  "total_activity_duration": "TWELVE_PLUS_HOURS",
  "age": 50,
  "weight_today": 30,
  "height": 190,
  "category": "advanced"
}
Response:
{
  "success": false,
  "status": 500,
  "data": "Server Error",
  "timeTaken": 274.02030000000013
}
Status code: 500
-------------------------------

[test number] should successfully handle input
Request:
{
  "gender": "MALE",
  "total_activity_duration": "SIX_TO_NINE_HOURS",
  "age": 25,
  "weight_today": 150,
  "height": 190,
  "category": "intermediate"
}
Response:
{
  "success": false,
  "status": 500,
  "data": "Server Error",
  "timeTaken": 284.42429999999877
}
Status code: 500
-------------------------------

[test number] should successfully handle input
Request:
{
  "gender": "MALE",
  "total_activity_duration": "SIX_TO_NINE_HOURS",
  "age": 75,
  "weight_today": 150,
  "height": 210,
  "category": "advanced"
}
Response:
{
  "success": false,
  "status": 500,
  "data": "Server Error",
  "timeTaken": 275.09820000000036
}
Status code: 500
-------------------------------

[test number] should successfully handle input
Request:
{
  "gender": "MALE",
  "total_activity_duration": "TWELVE_PLUS_HOURS",
  "age": 100,
  "weight_today": 70,
  "height": 173,
  "category": "beginner"
}
Response:
{
  "success": false,
  "status": 500,
  "data": "Server Error",
  "timeTaken": 277.1059000000023
}
Status code: 500
-------------------------------

[test number] should successfully handle input
Request:
{
  "gender": "FEMALE",
  "total_activity_duration": "SIX_TO_NINE_HOURS",
  "age": 25,
  "weight_today": 150,
  "height": 210,
  "category": "intermediate"
}
Response:
{
  "success": false,
  "status": 500,
  "data": "Server Error",
  "timeTaken": 294.5493999999999
}
Status code: 500
-------------------------------

[test number] should successfully handle input
Request:
{
  "gender": "FEMALE",
  "total_activity_duration": "ZERO_TO_THREE_HOURS",
  "age": 25,
  "weight_today": 70,
  "height": 210,
  "category": "beginner"
}
Response:
{
  "success": false,
  "status": 500,
  "data": "Server Error",
  "timeTaken": 268.89949999999953
}
Status code: 500
-------------------------------

[test number] should successfully handle input
Request:
{
  "gender": "FEMALE",
  "total_activity_duration": "THREE_TO_SIX_HOURS",
  "age": 50,
  "weight_today": 150,
  "height": 160,
  "category": "beginner"
}
Response:
{
  "success": false,
  "status": 500,
  "data": "Server Error",
  "timeTaken": 401.15910000000076
}
Status code: 500
-------------------------------

[test number] should successfully handle input
Request:
{
  "gender": "MALE",
  "total_activity_duration": "NINE_TO_TWELVE_HOURS",
  "age": 0,
  "weight_today": 200,
  "height": 173,
  "category": "beginner"
}
Response:
{
  "success": false,
  "status": 500,
  "data": "Server Error",
  "timeTaken": 271.384399999999
}
Status code: 500
-------------------------------

[test number] should successfully handle input
Request:
{
  "gender": "FEMALE",
  "total_activity_duration": "TWELVE_PLUS_HOURS",
  "age": 0,
  "weight_today": 70,
  "height": 140,
  "category": "beginner"
}
Response:
{
  "success": false,
  "status": 500,
  "data": "Server Error",
  "timeTaken": 352.70580000000336
}
Status code: 500
-------------------------------

[test number] should successfully handle input
Request:
{
  "gender": "MALE",
  "total_activity_duration": "THREE_TO_SIX_HOURS",
  "age": 0,
  "weight_today": 113.9,
  "height": 160,
  "category": "beginner"
}
Response:
{
  "success": false,
  "status": 500,
  "data": "Server Error",
  "timeTaken": 281.77890000000116
}
Status code: 500
-------------------------------

[test number] should successfully handle input
Request:
{
  "gender": "FEMALE",
  "total_activity_duration": "TWELVE_PLUS_HOURS",
  "age": 100,
  "weight_today": 70,
  "height": 210,
  "category": "advanced"
}
Response:
{
  "success": false,
  "status": 500,
  "data": "Server Error",
  "timeTaken": 281.77289999999994
}
Status code: 500
-------------------------------

[test number] should successfully handle input
Request:
{
  "gender": "FEMALE",
  "total_activity_duration": "TWELVE_PLUS_HOURS",
  "age": 50,
  "weight_today": 70,
  "height": 173,
  "category": "intermediate"
}
Response:
{
  "success": false,
  "status": 500,
  "data": "Server Error",
  "timeTaken": 286.7494000000006
}
Status code: 500
-------------------------------

[test number] should successfully handle input
Request:
{
  "gender": "FEMALE",
  "total_activity_duration": "NINE_TO_TWELVE_HOURS",
  "age": 25,
  "weight_today": 30,
  "height": 140,
  "category": "advanced"
}
Response:
{
  "success": false,
  "status": 500,
  "data": "Server Error",
  "timeTaken": 270.7784000000029
}
Status code: 500
-------------------------------

[test number] should successfully handle input
Request:
{
  "gender": "MALE",
  "total_activity_duration": "THREE_TO_SIX_HOURS",
  "age": 50,
  "weight_today": 113.9,
  "height": 190,
  "category": "beginner"
}
Response:
{
  "success": false,
  "status": 500,
  "data": "Server Error",
  "timeTaken": 291.2442999999985
}
Status code: 500
-------------------------------

[test number] should successfully handle input
Request:
{
  "gender": "FEMALE",
  "total_activity_duration": "THREE_TO_SIX_HOURS",
  "age": 0,
  "weight_today": 113.9,
  "height": 190,
  "category": "advanced"
}
Response:
{
  "success": false,
  "status": 500,
  "data": "Server Error",
  "timeTaken": 272.65940000000046
}
Status code: 500
-------------------------------

[test number] should successfully handle input
Request:
{
  "gender": "MALE",
  "total_activity_duration": "ZERO_TO_THREE_HOURS",
  "age": 75,
  "weight_today": 70,
  "height": 210,
  "category": "beginner"
}
Response:
{
  "success": false,
  "status": 500,
  "data": "Server Error",
  "timeTaken": 280.84519999999975
}
Status code: 500
-------------------------------

[test number] should successfully handle input
Request:
{
  "gender": "FEMALE",
  "total_activity_duration": "ZERO_TO_THREE_HOURS",
  "age": 75,
  "weight_today": 113.9,
  "height": 160,
  "category": "advanced"
}
Response:
{
  "success": false,
  "status": 500,
  "data": "Server Error",
  "timeTaken": 277.3617000000013
}
Status code: 500
-------------------------------

[test number] should successfully handle input
Request:
{
  "gender": "MALE",
  "total_activity_duration": "THREE_TO_SIX_HOURS",
  "age": 100,
  "weight_today": 150,
  "height": 140,
  "category": "beginner"
}
Response:
{
  "success": false,
  "status": 500,
  "data": "Server Error",
  "timeTaken": 291.5642000000007
}
Status code: 500
-------------------------------

[test number] should successfully handle input
Request:
{
  "gender": "MALE",
  "total_activity_duration": "ZERO_TO_THREE_HOURS",
  "age": 25,
  "weight_today": 70,
  "height": 160,
  "category": "beginner"
}
Response:
{
  "success": false,
  "status": 500,
  "data": "Server Error",
  "timeTaken": 279.9953000000023
}
Status code: 500
-------------------------------

[test number] should successfully handle input
Request:
{
  "gender": "MALE",
  "total_activity_duration": "NINE_TO_TWELVE_HOURS",
  "age": 50,
  "weight_today": 200,
  "height": 210,
  "category": "beginner"
}
Response:
{
  "success": false,
  "status": 500,
  "data": "Server Error",
  "timeTaken": 281.4321999999993
}
Status code: 500
-------------------------------

[test number] should successfully handle input
Request:
{
  "gender": "FEMALE",
  "total_activity_duration": "NINE_TO_TWELVE_HOURS",
  "age": 75,
  "weight_today": 30,
  "height": 173,
  "category": "intermediate"
}
Response:
{
  "success": false,
  "status": 500,
  "data": "Server Error",
  "timeTaken": 276.5608000000029
}
Status code: 500
-------------------------------

[test number] should successfully handle input
Request:
{
  "gender": "FEMALE",
  "total_activity_duration": "SIX_TO_NINE_HOURS",
  "age": 75,
  "weight_today": 200,
  "height": 190,
  "category": "advanced"
}
Response:
{
  "success": false,
  "status": 500,
  "data": "Server Error",
  "timeTaken": 291.7309000000023
}
Status code: 500
-------------------------------

[test number] should successfully handle input
Request:
{
  "gender": "FEMALE",
  "total_activity_duration": "THREE_TO_SIX_HOURS",
  "age": 100,
  "weight_today": 150,
  "height": 190,
  "category": "intermediate"
}
Response:
{
  "success": false,
  "status": 500,
  "data": "Server Error",
  "timeTaken": 306.99329999999827
}
Status code: 500
-------------------------------

[test number] should successfully handle input
Request:
{
  "gender": "MALE",
  "total_activity_duration": "TWELVE_PLUS_HOURS",
  "age": 0,
  "weight_today": 30,
  "height": 173,
  "category": "intermediate"
}
Response:
{
  "success": false,
  "status": 500,
  "data": "Server Error",
  "timeTaken": 295.51680000000124
}
Status code: 500
-------------------------------

[test number] should successfully handle input
Request:
{
  "gender": "MALE",
  "total_activity_duration": "SIX_TO_NINE_HOURS",
  "age": 25,
  "weight_today": 150,
  "height": 190,
  "category": "advanced"
}
Response:
{
  "success": false,
  "status": 500,
  "data": "Server Error",
  "timeTaken": 274.52319999999963
}
Status code: 500
-------------------------------

[test number] should successfully handle input
Request:
{
  "gender": "MALE",
  "total_activity_duration": "SIX_TO_NINE_HOURS",
  "age": 75,
  "weight_today": 200,
  "height": 140,
  "category": "beginner"
}
Response:
{
  "success": false,
  "status": 500,
  "data": "Server Error",
  "timeTaken": 279.1522999999979
}
Status code: 500
-------------------------------

[test number] should successfully handle input
Request:
{
  "gender": "MALE",
  "total_activity_duration": "TWELVE_PLUS_HOURS",
  "age": 50,
  "weight_today": 30,
  "height": 210,
  "category": "beginner"
}
Response:
{
  "success": false,
  "status": 500,
  "data": "Server Error",
  "timeTaken": 285.19820000000254
}
Status code: 500
-------------------------------

[test number] should successfully handle input
Request:
{
  "gender": "MALE",
  "total_activity_duration": "TWELVE_PLUS_HOURS",
  "age": 100,
  "weight_today": 70,
  "height": 173,
  "category": "intermediate"
}
Response:
{
  "success": false,
  "status": 500,
  "data": "Server Error",
  "timeTaken": 291.6251999999986
}
Status code: 500
-------------------------------

[test number] should successfully handle input
Request:
{
  "gender": "FEMALE",
  "total_activity_duration": "SIX_TO_NINE_HOURS",
  "age": 25,
  "weight_today": 150,
  "height": 210,
  "category": "advanced"
}
Response:
{
  "success": false,
  "status": 500,
  "data": "Server Error",
  "timeTaken": 297.23519999999917
}
Status code: 500
-------------------------------

[test number] should successfully handle input
Request:
{
  "gender": "FEMALE",
  "total_activity_duration": "TWELVE_PLUS_HOURS",
  "age": 0,
  "weight_today": 70,
  "height": 140,
  "category": "intermediate"
}
Response:
{
  "success": false,
  "status": 500,
  "data": "Server Error",
  "timeTaken": 278.2858000000015
}
Status code: 500
-------------------------------

[test number] should successfully handle input
Request:
{
  "gender": "FEMALE",
  "total_activity_duration": "ZERO_TO_THREE_HOURS",
  "age": 25,
  "weight_today": 70,
  "height": 210,
  "category": "intermediate"
}
Response:
{
  "success": false,
  "status": 500,
  "data": "Server Error",
  "timeTaken": 290.13270000000193
}
Status code: 500
-------------------------------

[test number] should successfully handle input
Request:
{
  "gender": "MALE",
  "total_activity_duration": "NINE_TO_TWELVE_HOURS",
  "age": 0,
  "weight_today": 200,
  "height": 173,
  "category": "intermediate"
}
Response:
{
  "success": false,
  "status": 500,
  "data": "Server Error",
  "timeTaken": 288.9412999999986
}
Status code: 500
-------------------------------

[test number] should successfully handle input
Request:
{
  "gender": "FEMALE",
  "total_activity_duration": "THREE_TO_SIX_HOURS",
  "age": 50,
  "weight_today": 150,
  "height": 160,
  "category": "intermediate"
}
Response:
{
  "success": false,
  "status": 500,
  "data": "Server Error",
  "timeTaken": 294.0551000000014
}
Status code: 500
-------------------------------

[test number] should successfully handle input
Request:
{
  "gender": "MALE",
  "total_activity_duration": "THREE_TO_SIX_HOURS",
  "age": 0,
  "weight_today": 113.9,
  "height": 160,
  "category": "intermediate"
}
Response:
{
  "success": false,
  "status": 500,
  "data": "Server Error",
  "timeTaken": 279.3352999999988
}
Status code: 500
-------------------------------

[test number] should successfully handle input
Request:
{
  "gender": "FEMALE",
  "total_activity_duration": "TWELVE_PLUS_HOURS",
  "age": 100,
  "weight_today": 113.9,
  "height": 140,
  "category": "beginner"
}
Response:
{
  "success": false,
  "status": 500,
  "data": "Server Error",
  "timeTaken": 269.77040000000125
}
Status code: 500
-------------------------------

[test number] should successfully handle input
Request:
{
  "gender": "FEMALE",
  "total_activity_duration": "THREE_TO_SIX_HOURS",
  "age": 0,
  "weight_today": 113.9,
  "height": 210,
  "category": "beginner"
}
Response:
{
  "success": false,
  "status": 500,
  "data": "Server Error",
  "timeTaken": 271.7442999999985
}
Status code: 500
-------------------------------

[test number] should successfully handle input
Request:
{
  "gender": "MALE",
  "total_activity_duration": "THREE_TO_SIX_HOURS",
  "age": 50,
  "weight_today": 113.9,
  "height": 190,
  "category": "intermediate"
}
Response:
{
  "success": false,
  "status": 500,
  "data": "Server Error",
  "timeTaken": 280.4911000000029
}
Status code: 500
-------------------------------

[test number] should successfully handle input
Request:
{
  "gender": "FEMALE",
  "total_activity_duration": "TWELVE_PLUS_HOURS",
  "age": 50,
  "weight_today": 70,
  "height": 173,
  "category": "advanced"
}
Response:
{
  "success": false,
  "status": 500,
  "data": "Server Error",
  "timeTaken": 297.70720000000074
}
Status code: 500
-------------------------------

[test number] should successfully handle input
Request:
{
  "gender": "FEMALE",
  "total_activity_duration": "NINE_TO_TWELVE_HOURS",
  "age": 25,
  "weight_today": 30,
  "height": 160,
  "category": "beginner"
}
Response:
{
  "success": false,
  "status": 500,
  "data": "Server Error",
  "timeTaken": 323.7573000000011
}
Status code: 500
-------------------------------

[test number] should successfully handle input
Request:
{
  "gender": "MALE",
  "total_activity_duration": "ZERO_TO_THREE_HOURS",
  "age": 75,
  "weight_today": 70,
  "height": 210,
  "category": "intermediate"
}
Response:
{
  "success": false,
  "status": 500,
  "data": "Server Error",
  "timeTaken": 278.2962000000007
}
Status code: 500
-------------------------------

[test number] should successfully handle input
Request:
{
  "gender": "FEMALE",
  "total_activity_duration": "ZERO_TO_THREE_HOURS",
  "age": 75,
  "weight_today": 113.9,
  "height": 173,
  "category": "beginner"
}
Response:
{
  "success": false,
  "status": 500,
  "data": "Server Error",
  "timeTaken": 280.15170000000217
}
Status code: 500
-------------------------------

[test number] should successfully handle input
Request:
{
  "gender": "MALE",
  "total_activity_duration": "THREE_TO_SIX_HOURS",
  "age": 100,
  "weight_today": 150,
  "height": 140,
  "category": "intermediate"
}
Response:
{
  "success": false,
  "status": 500,
  "data": "Server Error",
  "timeTaken": 294.0535000000018
}
Status code: 500
-------------------------------

[test number] should successfully handle input
Request:
{
  "gender": "FEMALE",
  "total_activity_duration": "NINE_TO_TWELVE_HOURS",
  "age": 75,
  "weight_today": 30,
  "height": 173,
  "category": "advanced"
}
Response:
{
  "success": false,
  "status": 500,
  "data": "Server Error",
  "timeTaken": 274.6019000000015
}
Status code: 500
-------------------------------

[test number] should successfully handle input
Request:
{
  "gender": "MALE",
  "total_activity_duration": "ZERO_TO_THREE_HOURS",
  "age": 25,
  "weight_today": 70,
  "height": 160,
  "category": "intermediate"
}
Response:
{
  "success": false,
  "status": 500,
  "data": "Server Error",
  "timeTaken": 292.2389000000003
}
Status code: 500
-------------------------------

[test number] should successfully handle input
Request:
{
  "gender": "MALE",
  "total_activity_duration": "NINE_TO_TWELVE_HOURS",
  "age": 50,
  "weight_today": 200,
  "height": 210,
  "category": "intermediate"
}
Response:
{
  "success": false,
  "status": 500,
  "data": "Server Error",
  "timeTaken": 295.65460000000166
}
Status code: 500
-------------------------------

[test number] should successfully handle input
Request:
{
  "gender": "FEMALE",
  "total_activity_duration": "THREE_TO_SIX_HOURS",
  "age": 100,
  "weight_today": 150,
  "height": 190,
  "category": "advanced"
}
Response:
{
  "success": false,
  "status": 500,
  "data": "Server Error",
  "timeTaken": 291.27080000000205
}
Status code: 500
-------------------------------

[test number] should successfully handle input
Request:
{
  "gender": "MALE",
  "total_activity_duration": "TWELVE_PLUS_HOURS",
  "age": 0,
  "weight_today": 30,
  "height": 173,
  "category": "advanced"
}
Response:
{
  "success": false,
  "status": 500,
  "data": "Server Error",
  "timeTaken": 287.71199999999953
}
Status code: 500
-------------------------------

[test number] should successfully handle input
Request:
{
  "gender": "FEMALE",
  "total_activity_duration": "SIX_TO_NINE_HOURS",
  "age": 75,
  "weight_today": 200,
  "height": 210,
  "category": "beginner"
}
Response:
{
  "success": false,
  "status": 500,
  "data": "Server Error",
  "timeTaken": 302.3715000000011
}
Status code: 500
-------------------------------

[test number] should successfully handle input
Request:
{
  "gender": "MALE",
  "total_activity_duration": "TWELVE_PLUS_HOURS",
  "age": 50,
  "weight_today": 30,
  "height": 210,
  "category": "intermediate"
}
Response:
{
  "success": false,
  "status": 500,
  "data": "Server Error",
  "timeTaken": 274.4984000000004
}
Status code: 500
-------------------------------

[test number] should successfully handle input
Request:
{
  "gender": "MALE",
  "total_activity_duration": "SIX_TO_NINE_HOURS",
  "age": 25,
  "weight_today": 150,
  "height": 210,
  "category": "beginner"
}
Response:
{
  "success": false,
  "status": 500,
  "data": "Server Error",
  "timeTaken": 275.1925999999985
}
Status code: 500
-------------------------------

[test number] should successfully handle input
Request:
{
  "gender": "MALE",
  "total_activity_duration": "SIX_TO_NINE_HOURS",
  "age": 75,
  "weight_today": 200,
  "height": 140,
  "category": "intermediate"
}
Response:
{
  "success": false,
  "status": 500,
  "data": "Server Error",
  "timeTaken": 309.14589999999953
}
Status code: 500
-------------------------------

[test number] should successfully handle input
Request:
{
  "gender": "FEMALE",
  "total_activity_duration": "SIX_TO_NINE_HOURS",
  "age": 25,
  "weight_today": 200,
  "height": 140,
  "category": "beginner"
}
Response:
{
  "success": false,
  "status": 500,
  "data": "Server Error",
  "timeTaken": 271.92009999999937
}
Status code: 500
-------------------------------

[test number] should successfully handle input
Request:
{
  "gender": "MALE",
  "total_activity_duration": "TWELVE_PLUS_HOURS",
  "age": 100,
  "weight_today": 70,
  "height": 173,
  "category": "advanced"
}
Response:
{
  "success": false,
  "status": 500,
  "data": "Server Error",
  "timeTaken": 311.5629000000008
}
Status code: 500
-------------------------------

[test number] should successfully handle input
Request:
{
  "gender": "FEMALE",
  "total_activity_duration": "THREE_TO_SIX_HOURS",
  "age": 50,
  "weight_today": 150,
  "height": 160,
  "category": "advanced"
}
Response:
{
  "success": false,
  "status": 500,
  "data": "Server Error",
  "timeTaken": 269.8293999999987
}
Status code: 500
-------------------------------

[test number] should successfully handle input
Request:
{
  "gender": "MALE",
  "total_activity_duration": "THREE_TO_SIX_HOURS",
  "age": 0,
  "weight_today": 113.9,
  "height": 160,
  "category": "advanced"
}
Response:
{
  "success": false,
  "status": 500,
  "data": "Server Error",
  "timeTaken": 267.63080000000264
}
Status code: 500
-------------------------------

[test number] should successfully handle input
Request:
{
  "gender": "MALE",
  "total_activity_duration": "NINE_TO_TWELVE_HOURS",
  "age": 0,
  "weight_today": 200,
  "height": 173,
  "category": "advanced"
}
Response:
{
  "success": false,
  "status": 500,
  "data": "Server Error",
  "timeTaken": 281.08200000000215
}
Status code: 500
-------------------------------

[test number] should successfully handle input
Request:
{
  "gender": "FEMALE",
  "total_activity_duration": "TWELVE_PLUS_HOURS",
  "age": 0,
  "weight_today": 70,
  "height": 140,
  "category": "advanced"
}
Response:
{
  "success": false,
  "status": 500,
  "data": "Server Error",
  "timeTaken": 290.40970000000016
}
Status code: 500
-------------------------------

[test number] should successfully handle input
Request:
{
  "gender": "FEMALE",
  "total_activity_duration": "ZERO_TO_THREE_HOURS",
  "age": 25,
  "weight_today": 70,
  "height": 210,
  "category": "advanced"
}
Response:
{
  "success": false,
  "status": 500,
  "data": "Server Error",
  "timeTaken": 299.39100000000326
}
Status code: 500
-------------------------------

[test number] should successfully handle input
Request:
{
  "gender": "FEMALE",
  "total_activity_duration": "TWELVE_PLUS_HOURS",
  "age": 100,
  "weight_today": 113.9,
  "height": 140,
  "category": "intermediate"
}
Response:
{
  "success": false,
  "status": 500,
  "data": "Server Error",
  "timeTaken": 278.16140000000087
}
Status code: 500
-------------------------------

[test number] should successfully handle input
Request:
{
  "gender": "MALE",
  "total_activity_duration": "THREE_TO_SIX_HOURS",
  "age": 50,
  "weight_today": 113.9,
  "height": 190,
  "category": "advanced"
}
Response:
{
  "success": false,
  "status": 500,
  "data": "Server Error",
  "timeTaken": 275.33240000000296
}
Status code: 500
-------------------------------

[test number] should successfully handle input
Request:
{
  "gender": "FEMALE",
  "total_activity_duration": "THREE_TO_SIX_HOURS",
  "age": 0,
  "weight_today": 113.9,
  "height": 210,
  "category": "intermediate"
}
Response:
{
  "success": false,
  "status": 500,
  "data": "Server Error",
  "timeTaken": 291.2840999999971
}
Status code: 500
-------------------------------

[test number] should successfully handle input
Request:
{
  "gender": "FEMALE",
  "total_activity_duration": "TWELVE_PLUS_HOURS",
  "age": 50,
  "weight_today": 70,
  "height": 190,
  "category": "beginner"
}
Response:
{
  "success": false,
  "status": 500,
  "data": "Server Error",
  "timeTaken": 276.372800000001
}
Status code: 500
-------------------------------

[test number] should successfully handle input
Request:
{
  "gender": "MALE",
  "total_activity_duration": "ZERO_TO_THREE_HOURS",
  "age": 75,
  "weight_today": 70,
  "height": 210,
  "category": "advanced"
}
Response:
{
  "success": false,
  "status": 500,
  "data": "Server Error",
  "timeTaken": 268.8762999999999
}
Status code: 500
-------------------------------

[test number] should successfully handle input
Request:
{
  "gender": "FEMALE",
  "total_activity_duration": "ZERO_TO_THREE_HOURS",
  "age": 75,
  "weight_today": 113.9,
  "height": 173,
  "category": "intermediate"
}
Response:
{
  "success": false,
  "status": 500,
  "data": "Server Error",
  "timeTaken": 276.46610000000146
}
Status code: 500
-------------------------------

[test number] should successfully handle input
Request:
{
  "gender": "FEMALE",
  "total_activity_duration": "NINE_TO_TWELVE_HOURS",
  "age": 25,
  "weight_today": 30,
  "height": 160,
  "category": "intermediate"
}
Response:
{
  "success": false,
  "status": 500,
  "data": "Server Error",
  "timeTaken": 288.20330000000104
}
Status code: 500
-------------------------------

[test number] should successfully handle input
Request:
{
  "gender": "MALE",
  "total_activity_duration": "THREE_TO_SIX_HOURS",
  "age": 100,
  "weight_today": 150,
  "height": 140,
  "category": "advanced"
}
Response:
{
  "success": false,
  "status": 500,
  "data": "Server Error",
  "timeTaken": 289.77820000000065
}
Status code: 500
-------------------------------

[test number] should successfully handle input
Request:
{
  "gender": "MALE",
  "total_activity_duration": "NINE_TO_TWELVE_HOURS",
  "age": 50,
  "weight_today": 200,
  "height": 210,
  "category": "advanced"
}
Response:
{
  "success": false,
  "status": 500,
  "data": "Server Error",
  "timeTaken": 276.78060000000187
}
Status code: 500
-------------------------------

[test number] should successfully handle input
Request:
{
  "gender": "MALE",
  "total_activity_duration": "TWELVE_PLUS_HOURS",
  "age": 0,
  "weight_today": 30,
  "height": 190,
  "category": "beginner"
}
Response:
{
  "success": false,
  "status": 500,
  "data": "Server Error",
  "timeTaken": 275.98059999999896
}
Status code: 500
-------------------------------

[test number] should successfully handle input
Request:
{
  "gender": "FEMALE",
  "total_activity_duration": "NINE_TO_TWELVE_HOURS",
  "age": 75,
  "weight_today": 30,
  "height": 190,
  "category": "beginner"
}
Response:
{
  "success": false,
  "status": 500,
  "data": "Server Error",
  "timeTaken": 300.0400000000009
}
Status code: 500
-------------------------------

[test number] should successfully handle input
Request:
{
  "gender": "FEMALE",
  "total_activity_duration": "THREE_TO_SIX_HOURS",
  "age": 100,
  "weight_today": 150,
  "height": 210,
  "category": "beginner"
}
Response:
{
  "success": false,
  "status": 500,
  "data": "Server Error",
  "timeTaken": 279.3191999999981
}
Status code: 500
-------------------------------

[test number] should successfully handle input
Request:
{
  "gender": "FEMALE",
  "total_activity_duration": "SIX_TO_NINE_HOURS",
  "age": 75,
  "weight_today": 200,
  "height": 210,
  "category": "intermediate"
}
Response:
{
  "success": false,
  "status": 500,
  "data": "Server Error",
  "timeTaken": 285.5177999999978
}
Status code: 500
-------------------------------

[test number] should successfully handle input
Request:
{
  "gender": "MALE",
  "total_activity_duration": "ZERO_TO_THREE_HOURS",
  "age": 25,
  "weight_today": 70,
  "height": 160,
  "category": "advanced"
}
Response:
{
  "success": false,
  "status": 500,
  "data": "Server Error",
  "timeTaken": 312.8846000000012
}
Status code: 500
-------------------------------

[test number] should successfully handle input
Request:
{
  "gender": "MALE",
  "total_activity_duration": "SIX_TO_NINE_HOURS",
  "age": 25,
  "weight_today": 150,
  "height": 210,
  "category": "intermediate"
}
Response:
{
  "success": false,
  "status": 500,
  "data": "Server Error",
  "timeTaken": 269.2765999999974
}
Status code: 500
-------------------------------

[test number] should successfully handle input
Request:
{
  "gender": "MALE",
  "total_activity_duration": "TWELVE_PLUS_HOURS",
  "age": 50,
  "weight_today": 30,
  "height": 210,
  "category": "advanced"
}
Response:
{
  "success": false,
  "status": 500,
  "data": "Server Error",
  "timeTaken": 285.39520000000266
}
Status code: 500
-------------------------------

[test number] should successfully handle input
Request:
{
  "gender": "MALE",
  "total_activity_duration": "TWELVE_PLUS_HOURS",
  "age": 100,
  "weight_today": 70,
  "height": 190,
  "category": "beginner"
}
Response:
{
  "success": false,
  "status": 500,
  "data": "Server Error",
  "timeTaken": 275.1311999999998
}
Status code: 500
-------------------------------

[test number] should successfully handle input
Request:
{
  "gender": "MALE",
  "total_activity_duration": "SIX_TO_NINE_HOURS",
  "age": 75,
  "weight_today": 200,
  "height": 140,
  "category": "advanced"
}
Response:
{
  "success": false,
  "status": 500,
  "data": "Server Error",
  "timeTaken": 285.46589999999924
}
Status code: 500
-------------------------------

[test number] should successfully handle input
Request:
{
  "gender": "FEMALE",
  "total_activity_duration": "SIX_TO_NINE_HOURS",
  "age": 25,
  "weight_today": 200,
  "height": 140,
  "category": "intermediate"
}
Response:
{
  "success": false,
  "status": 500,
  "data": "Server Error",
  "timeTaken": 288.35879999999815
}
Status code: 500
-------------------------------

[test number] should successfully handle input
Request:
{
  "gender": "MALE",
  "total_activity_duration": "NINE_TO_TWELVE_HOURS",
  "age": 0,
  "weight_today": 200,
  "height": 190,
  "category": "beginner"
}
Response:
{
  "success": false,
  "status": 500,
  "data": "Server Error",
  "timeTaken": 267.20520000000033
}
Status code: 500
-------------------------------

[test number] should successfully handle input
Request:
{
  "gender": "FEMALE",
  "total_activity_duration": "TWELVE_PLUS_HOURS",
  "age": 0,
  "weight_today": 70,
  "height": 160,
  "category": "beginner"
}
Response:
{
  "success": false,
  "status": 500,
  "data": "Server Error",
  "timeTaken": 279.9413999999997
}
Status code: 500
-------------------------------

[test number] should successfully handle input
Request:
{
  "gender": "FEMALE",
  "total_activity_duration": "ZERO_TO_THREE_HOURS",
  "age": 25,
  "weight_today": 113.9,
  "height": 140,
  "category": "beginner"
}
Response:
{
  "success": false,
  "status": 500,
  "data": "Server Error",
  "timeTaken": 271.62079999999696
}
Status code: 500
-------------------------------

[test number] should successfully handle input
Request:
{
  "gender": "FEMALE",
  "total_activity_duration": "THREE_TO_SIX_HOURS",
  "age": 50,
  "weight_today": 150,
  "height": 173,
  "category": "beginner"
}
Response:
{
  "success": false,
  "status": 500,
  "data": "Server Error",
  "timeTaken": 317.10729999999967
}
Status code: 500
-------------------------------

[test number] should successfully handle input
Request:
{
  "gender": "FEMALE",
  "total_activity_duration": "TWELVE_PLUS_HOURS",
  "age": 100,
  "weight_today": 113.9,
  "height": 140,
  "category": "advanced"
}
Response:
{
  "success": false,
  "status": 500,
  "data": "Server Error",
  "timeTaken": 267.3280999999988
}
Status code: 500
-------------------------------

[test number] should successfully handle input
Request:
{
  "gender": "MALE",
  "total_activity_duration": "THREE_TO_SIX_HOURS",
  "age": 0,
  "weight_today": 113.9,
  "height": 173,
  "category": "beginner"
}
Response:
{
  "success": false,
  "status": 500,
  "data": "Server Error",
  "timeTaken": 351.1738000000005
}
Status code: 500
-------------------------------

[test number] should successfully handle input
Request:
{
  "gender": "MALE",
  "total_activity_duration": "THREE_TO_SIX_HOURS",
  "age": 50,
  "weight_today": 113.9,
  "height": 210,
  "category": "beginner"
}
Response:
{
  "success": false,
  "status": 500,
  "data": "Server Error",
  "timeTaken": 285.0138999999981
}
Status code: 500
-------------------------------

[test number] should successfully handle input
Request:
{
  "gender": "FEMALE",
  "total_activity_duration": "THREE_TO_SIX_HOURS",
  "age": 0,
  "weight_today": 113.9,
  "height": 210,
  "category": "advanced"
}
Response:
{
  "success": false,
  "status": 500,
  "data": "Server Error",
  "timeTaken": 269.97299999999814
}
Status code: 500
-------------------------------

[test number] should successfully handle input
Request:
{
  "gender": "FEMALE",
  "total_activity_duration": "TWELVE_PLUS_HOURS",
  "age": 50,
  "weight_today": 70,
  "height": 190,
  "category": "intermediate"
}
Response:
{
  "success": false,
  "status": 500,
  "data": "Server Error",
  "timeTaken": 272.875
}
Status code: 500
-------------------------------

[test number] should successfully handle input
Request:
{
  "gender": "MALE",
  "total_activity_duration": "ZERO_TO_THREE_HOURS",
  "age": 75,
  "weight_today": 113.9,
  "height": 140,
  "category": "beginner"
}
Response:
{
  "success": false,
  "status": 500,
  "data": "Server Error",
  "timeTaken": 281.2677999999978
}
Status code: 500
-------------------------------

[test number] should successfully handle input
Request:
{
  "gender": "FEMALE",
  "total_activity_duration": "NINE_TO_TWELVE_HOURS",
  "age": 25,
  "weight_today": 30,
  "height": 160,
  "category": "advanced"
}
Response:
{
  "success": false,
  "status": 500,
  "data": "Server Error",
  "timeTaken": 288.11039999999775
}
Status code: 500
-------------------------------

[test number] should successfully handle input
Request:
{
  "gender": "FEMALE",
  "total_activity_duration": "ZERO_TO_THREE_HOURS",
  "age": 75,
  "weight_today": 113.9,
  "height": 173,
  "category": "advanced"
}
Response:
{
  "success": false,
  "status": 500,
  "data": "Server Error",
  "timeTaken": 302.8616000000002
}
Status code: 500
-------------------------------

[test number] should successfully handle input
Request:
{
  "gender": "MALE",
  "total_activity_duration": "TWELVE_PLUS_HOURS",
  "age": 0,
  "weight_today": 30,
  "height": 190,
  "category": "intermediate"
}
Response:
{
  "success": false,
  "status": 500,
  "data": "Server Error",
  "timeTaken": 272.32480000000214
}
Status code: 500
-------------------------------

[test number] should successfully handle input
Request:
{
  "gender": "MALE",
  "total_activity_duration": "THREE_TO_SIX_HOURS",
  "age": 100,
  "weight_today": 150,
  "height": 160,
  "category": "beginner"
}
Response:
{
  "success": false,
  "status": 500,
  "data": "Server Error",
  "timeTaken": 305.1274000000012
}
Status code: 500
-------------------------------

[test number] should successfully handle input
Request:
{
  "gender": "MALE",
  "total_activity_duration": "NINE_TO_TWELVE_HOURS",
  "age": 75,
  "weight_today": 30,
  "height": 140,
  "category": "beginner"
}
Response:
{
  "success": false,
  "status": 500,
  "data": "Server Error",
  "timeTaken": 284.3243000000002
}
Status code: 500
-------------------------------

[test number] should successfully handle input
Request:
{
  "gender": "FEMALE",
  "total_activity_duration": "SIX_TO_NINE_HOURS",
  "age": 75,
  "weight_today": 200,
  "height": 210,
  "category": "advanced"
}
Response:
{
  "success": false,
  "status": 500,
  "data": "Server Error",
  "timeTaken": 273.9883000000009
}
Status code: 500
-------------------------------

[test number] should successfully handle input
Request:
{
  "gender": "FEMALE",
  "total_activity_duration": "THREE_TO_SIX_HOURS",
  "age": 100,
  "weight_today": 150,
  "height": 210,
  "category": "intermediate"
}
Response:
{
  "success": false,
  "status": 500,
  "data": "Server Error",
  "timeTaken": 292.15139999999883
}
Status code: 500
-------------------------------

[test number] should successfully handle input
Request:
{
  "gender": "FEMALE",
  "total_activity_duration": "NINE_TO_TWELVE_HOURS",
  "age": 75,
  "weight_today": 30,
  "height": 190,
  "category": "intermediate"
}
Response:
{
  "success": false,
  "status": 500,
  "data": "Server Error",
  "timeTaken": 294.58829999999944
}
Status code: 500
-------------------------------

[test number] should successfully handle input
Request:
{
  "gender": "MALE",
  "total_activity_duration": "ZERO_TO_THREE_HOURS",
  "age": 25,
  "weight_today": 70,
  "height": 173,
  "category": "beginner"
}
Response:
{
  "success": false,
  "status": 500,
  "data": "Server Error",
  "timeTaken": 291.45790000000125
}
Status code: 500
-------------------------------

[test number] should successfully handle input
Request:
{
  "gender": "MALE",
  "total_activity_duration": "TWELVE_PLUS_HOURS",
  "age": 50,
  "weight_today": 70,
  "height": 140,
  "category": "beginner"
}
Response:
{
  "success": false,
  "status": 500,
  "data": "Server Error",
  "timeTaken": 276.90109999999913
}
Status code: 500
-------------------------------

[test number] should successfully handle input
Request:
{
  "gender": "MALE",
  "total_activity_duration": "SIX_TO_NINE_HOURS",
  "age": 25,
  "weight_today": 150,
  "height": 210,
  "category": "advanced"
}
Response:
{
  "success": false,
  "status": 500,
  "data": "Server Error",
  "timeTaken": 282.79009999999835
}
Status code: 500
-------------------------------

[test number] should successfully handle input
Request:
{
  "gender": "MALE",
  "total_activity_duration": "TWELVE_PLUS_HOURS",
  "age": 100,
  "weight_today": 70,
  "height": 190,
  "category": "intermediate"
}
Response:
{
  "success": false,
  "status": 500,
  "data": "Server Error",
  "timeTaken": 286.83220000000074
}
Status code: 500
-------------------------------

[test number] should successfully handle input
Request:
{
  "gender": "MALE",
  "total_activity_duration": "SIX_TO_NINE_HOURS",
  "age": 75,
  "weight_today": 200,
  "height": 160,
  "category": "beginner"
}
Response:
{
  "success": false,
  "status": 500,
  "data": "Server Error",
  "timeTaken": 284.766599999999
}
Status code: 500
-------------------------------

[test number] should successfully handle input
Request:
{
  "gender": "FEMALE",
  "total_activity_duration": "SIX_TO_NINE_HOURS",
  "age": 25,
  "weight_today": 200,
  "height": 140,
  "category": "advanced"
}
Response:
{
  "success": false,
  "status": 500,
  "data": "Server Error",
  "timeTaken": 288.2563000000009
}
Status code: 500
-------------------------------

[test number] should successfully handle input
Request:
{
  "gender": "FEMALE",
  "total_activity_duration": "TWELVE_PLUS_HOURS",
  "age": 0,
  "weight_today": 70,
  "height": 160,
  "category": "intermediate"
}
Response:
{
  "success": false,
  "status": 500,
  "data": "Server Error",
  "timeTaken": 276.6939999999995
}
Status code: 500
-------------------------------

[test number] should successfully handle input
Request:
{
  "gender": "MALE",
  "total_activity_duration": "NINE_TO_TWELVE_HOURS",
  "age": 0,
  "weight_today": 200,
  "height": 190,
  "category": "intermediate"
}
Response:
{
  "success": false,
  "status": 500,
  "data": "Server Error",
  "timeTaken": 295.04109999999855
}
Status code: 500
-------------------------------

[test number] should successfully handle input
Request:
{
  "gender": "FEMALE",
  "total_activity_duration": "ZERO_TO_THREE_HOURS",
  "age": 25,
  "weight_today": 113.9,
  "height": 140,
  "category": "intermediate"
}
Response:
{
  "success": false,
  "status": 500,
  "data": "Server Error",
  "timeTaken": 288.6916000000019
}
Status code: 500
-------------------------------

[test number] should successfully handle input
Request:
{
  "gender": "FEMALE",
  "total_activity_duration": "THREE_TO_SIX_HOURS",
  "age": 50,
  "weight_today": 150,
  "height": 173,
  "category": "intermediate"
}
Response:
{
  "success": false,
  "status": 500,
  "data": "Server Error",
  "timeTaken": 278.0652000000009
}
Status code: 500
-------------------------------

[test number] should successfully handle input
Request:
{
  "gender": "FEMALE",
  "total_activity_duration": "TWELVE_PLUS_HOURS",
  "age": 100,
  "weight_today": 113.9,
  "height": 160,
  "category": "beginner"
}
Response:
{
  "success": false,
  "status": 500,
  "data": "Server Error",
  "timeTaken": 289.7007999999987
}
Status code: 500
-------------------------------

[test number] should successfully handle input
Request:
{
  "gender": "MALE",
  "total_activity_duration": "THREE_TO_SIX_HOURS",
  "age": 0,
  "weight_today": 113.9,
  "height": 173,
  "category": "intermediate"
}
Response:
{
  "success": false,
  "status": 500,
  "data": "Server Error",
  "timeTaken": 279.84490000000005
}
Status code: 500
-------------------------------

[test number] should successfully handle input
Request:
{
  "gender": "FEMALE",
  "total_activity_duration": "THREE_TO_SIX_HOURS",
  "age": 0,
  "weight_today": 150,
  "height": 140,
  "category": "beginner"
}
Response:
{
  "success": false,
  "status": 500,
  "data": "Server Error",
  "timeTaken": 285.35589999999866
}
Status code: 500
-------------------------------

[test number] should successfully handle input
Request:
{
  "gender": "MALE",
  "total_activity_duration": "THREE_TO_SIX_HOURS",
  "age": 50,
  "weight_today": 113.9,
  "height": 210,
  "category": "intermediate"
}
Response:
{
  "success": false,
  "status": 500,
  "data": "Server Error",
  "timeTaken": 291.66649999999936
}
Status code: 500
-------------------------------

[test number] should successfully handle input
Request:
{
  "gender": "FEMALE",
  "total_activity_duration": "TWELVE_PLUS_HOURS",
  "age": 50,
  "weight_today": 70,
  "height": 190,
  "category": "advanced"
}
Response:
{
  "success": false,
  "status": 500,
  "data": "Server Error",
  "timeTaken": 290.1840999999986
}
Status code: 500
-------------------------------

[test number] should successfully handle input
Request:
{
  "gender": "MALE",
  "total_activity_duration": "ZERO_TO_THREE_HOURS",
  "age": 75,
  "weight_today": 113.9,
  "height": 140,
  "category": "intermediate"
}
Response:
{
  "success": false,
  "status": 500,
  "data": "Server Error",
  "timeTaken": 290.40699999999924
}
Status code: 500
-------------------------------

[test number] should successfully handle input
Request:
{
  "gender": "FEMALE",
  "total_activity_duration": "NINE_TO_TWELVE_HOURS",
  "age": 25,
  "weight_today": 30,
  "height": 173,
  "category": "beginner"
}
Response:
{
  "success": false,
  "status": 500,
  "data": "Server Error",
  "timeTaken": 283.377800000002
}
Status code: 500
-------------------------------

[test number] should successfully handle input
Request:
{
  "gender": "FEMALE",
  "total_activity_duration": "ZERO_TO_THREE_HOURS",
  "age": 75,
  "weight_today": 113.9,
  "height": 190,
  "category": "beginner"
}
Response:
{
  "success": false,
  "status": 500,
  "data": "Server Error",
  "timeTaken": 276.29259999999704
}
Status code: 500
-------------------------------

[test number] should successfully handle input
Request:
{
  "gender": "MALE",
  "total_activity_duration": "TWELVE_PLUS_HOURS",
  "age": 0,
  "weight_today": 30,
  "height": 190,
  "category": "advanced"
}
Response:
{
  "success": false,
  "status": 500,
  "data": "Server Error",
  "timeTaken": 278.07280000000173
}
Status code: 500
-------------------------------

[test number] should successfully handle input
Request:
{
  "gender": "MALE",
  "total_activity_duration": "NINE_TO_TWELVE_HOURS",
  "age": 75,
  "weight_today": 30,
  "height": 140,
  "category": "intermediate"
}
Response:
{
  "success": false,
  "status": 500,
  "data": "Server Error",
  "timeTaken": 282.84240000000136
}
Status code: 500
-------------------------------

[test number] should successfully handle input
Request:
{
  "gender": "MALE",
  "total_activity_duration": "THREE_TO_SIX_HOURS",
  "age": 100,
  "weight_today": 150,
  "height": 160,
  "category": "intermediate"
}
Response:
{
  "success": false,
  "status": 500,
  "data": "Server Error",
  "timeTaken": 285.9421000000002
}
Status code: 500
-------------------------------

[test number] should successfully handle input
Request:
{
  "gender": "FEMALE",
  "total_activity_duration": "SIX_TO_NINE_HOURS",
  "age": 100,
  "weight_today": 30,
  "height": 140,
  "category": "beginner"
}
Response:
{
  "success": false,
  "status": 500,
  "data": "Server Error",
  "timeTaken": 278.35280000000057
}
Status code: 500
-------------------------------

[test number] should successfully handle input
Request:
{
  "gender": "FEMALE",
  "total_activity_duration": "THREE_TO_SIX_HOURS",
  "age": 100,
  "weight_today": 150,
  "height": 210,
  "category": "advanced"
}
Response:
{
  "success": false,
  "status": 500,
  "data": "Server Error",
  "timeTaken": 274.02960000000166
}
Status code: 500
-------------------------------

[test number] should successfully handle input
Request:
{
  "gender": "MALE",
  "total_activity_duration": "ZERO_TO_THREE_HOURS",
  "age": 25,
  "weight_today": 70,
  "height": 173,
  "category": "intermediate"
}
Response:
{
  "success": false,
  "status": 500,
  "data": "Server Error",
  "timeTaken": 269.33640000000014
}
Status code: 500
-------------------------------

[test number] should successfully handle input
Request:
{
  "gender": "FEMALE",
  "total_activity_duration": "NINE_TO_TWELVE_HOURS",
  "age": 75,
  "weight_today": 30,
  "height": 190,
  "category": "advanced"
}
Response:
{
  "success": false,
  "status": 500,
  "data": "Server Error",
  "timeTaken": 285.46039999999994
}
Status code: 500
-------------------------------

[test number] should successfully handle input
Request:
{
  "gender": "MALE",
  "total_activity_duration": "SIX_TO_NINE_HOURS",
  "age": 25,
  "weight_today": 200,
  "height": 140,
  "category": "beginner"
}
Response:
{
  "success": false,
  "status": 500,
  "data": "Server Error",
  "timeTaken": 276.8883999999998
}
Status code: 500
-------------------------------

[test number] should successfully handle input
Request:
{
  "gender": "MALE",
  "total_activity_duration": "TWELVE_PLUS_HOURS",
  "age": 50,
  "weight_today": 70,
  "height": 140,
  "category": "intermediate"
}
Response:
{
  "success": false,
  "status": 500,
  "data": "Server Error",
  "timeTaken": 278.41059999999925
}
Status code: 500
-------------------------------

[test number] should successfully handle input
Request:
{
  "gender": "MALE",
  "total_activity_duration": "SIX_TO_NINE_HOURS",
  "age": 75,
  "weight_today": 200,
  "height": 160,
  "category": "intermediate"
}
Response:
{
  "success": false,
  "status": 500,
  "data": "Server Error",
  "timeTaken": 268.38980000000083
}
Status code: 500
-------------------------------

[test number] should successfully handle input
Request:
{
  "gender": "MALE",
  "total_activity_duration": "TWELVE_PLUS_HOURS",
  "age": 100,
  "weight_today": 70,
  "height": 190,
  "category": "advanced"
}
Response:
{
  "success": false,
  "status": 500,
  "data": "Server Error",
  "timeTaken": 272.14010000000053
}
Status code: 500
-------------------------------

[test number] should successfully handle input
Request:
{
  "gender": "FEMALE",
  "total_activity_duration": "SIX_TO_NINE_HOURS",
  "age": 25,
  "weight_today": 200,
  "height": 160,
  "category": "beginner"
}
Response:
{
  "success": false,
  "status": 500,
  "data": "Server Error",
  "timeTaken": 273.29929999999877
}
Status code: 500
-------------------------------

[test number] should successfully handle input
Request:
{
  "gender": "FEMALE",
  "total_activity_duration": "TWELVE_PLUS_HOURS",
  "age": 0,
  "weight_today": 70,
  "height": 160,
  "category": "advanced"
}
Response:
{
  "success": false,
  "status": 500,
  "data": "Server Error",
  "timeTaken": 281.97090000000026
}
Status code: 500
-------------------------------

[test number] should successfully handle input
Request:
{
  "gender": "FEMALE",
  "total_activity_duration": "ZERO_TO_THREE_HOURS",
  "age": 25,
  "weight_today": 113.9,
  "height": 140,
  "category": "advanced"
}
Response:
{
  "success": false,
  "status": 500,
  "data": "Server Error",
  "timeTaken": 279.1208000000006
}
Status code: 500
-------------------------------

[test number] should successfully handle input
Request:
{
  "gender": "MALE",
  "total_activity_duration": "NINE_TO_TWELVE_HOURS",
  "age": 0,
  "weight_today": 200,
  "height": 190,
  "category": "advanced"
}
Response:
{
  "success": false,
  "status": 500,
  "data": "Server Error",
  "timeTaken": 297.23409999999785
}
Status code: 500
-------------------------------

[test number] should successfully handle input
Request:
{
  "gender": "FEMALE",
  "total_activity_duration": "THREE_TO_SIX_HOURS",
  "age": 50,
  "weight_today": 150,
  "height": 173,
  "category": "advanced"
}
Response:
{
  "success": false,
  "status": 500,
  "data": "Server Error",
  "timeTaken": 276.0626000000011
}
Status code: 500
-------------------------------

[test number] should successfully handle input
Request:
{
  "gender": "MALE",
  "total_activity_duration": "THREE_TO_SIX_HOURS",
  "age": 0,
  "weight_today": 113.9,
  "height": 173,
  "category": "advanced"
}
Response:
{
  "success": false,
  "status": 500,
  "data": "Server Error",
  "timeTaken": 284.03389999999854
}
Status code: 500
-------------------------------

[test number] should successfully handle input
Request:
{
  "gender": "FEMALE",
  "total_activity_duration": "TWELVE_PLUS_HOURS",
  "age": 100,
  "weight_today": 113.9,
  "height": 160,
  "category": "intermediate"
}
Response:
{
  "success": false,
  "status": 500,
  "data": "Server Error",
  "timeTaken": 292.72550000000047
}
Status code: 500
-------------------------------

[test number] should successfully handle input
Request:
{
  "gender": "MALE",
  "total_activity_duration": "THREE_TO_SIX_HOURS",
  "age": 50,
  "weight_today": 113.9,
  "height": 210,
  "category": "advanced"
}
Response:
{
  "success": false,
  "status": 500,
  "data": "Server Error",
  "timeTaken": 271.5079000000005
}
Status code: 500
-------------------------------

[test number] should successfully handle input
Request:
{
  "gender": "FEMALE",
  "total_activity_duration": "THREE_TO_SIX_HOURS",
  "age": 0,
  "weight_today": 150,
  "height": 140,
  "category": "intermediate"
}
Response:
{
  "success": false,
  "status": 500,
  "data": "Server Error",
  "timeTaken": 273.9179000000004
}
Status code: 500
-------------------------------

[test number] should successfully handle input
Request:
{
  "gender": "FEMALE",
  "total_activity_duration": "TWELVE_PLUS_HOURS",
  "age": 50,
  "weight_today": 70,
  "height": 210,
  "category": "beginner"
}
Response:
{
  "success": false,
  "status": 500,
  "data": "Server Error",
  "timeTaken": 285.3814999999995
}
Status code: 500
-------------------------------

[test number] should successfully handle input
Request:
{
  "gender": "FEMALE",
  "total_activity_duration": "NINE_TO_TWELVE_HOURS",
  "age": 25,
  "weight_today": 30,
  "height": 173,
  "category": "intermediate"
}
Response:
{
  "success": false,
  "status": 500,
  "data": "Server Error",
  "timeTaken": 272.1893999999993
}
Status code: 500
-------------------------------

[test number] should successfully handle input
Request:
{
  "gender": "FEMALE",
  "total_activity_duration": "ZERO_TO_THREE_HOURS",
  "age": 75,
  "weight_today": 113.9,
  "height": 190,
  "category": "intermediate"
}
Response:
{
  "success": false,
  "status": 500,
  "data": "Server Error",
  "timeTaken": 274.15049999999974
}
Status code: 500
-------------------------------

[test number] should successfully handle input
Request:
{
  "gender": "MALE",
  "total_activity_duration": "ZERO_TO_THREE_HOURS",
  "age": 75,
  "weight_today": 113.9,
  "height": 140,
  "category": "advanced"
}
Response:
{
  "success": false,
  "status": 500,
  "data": "Server Error",
  "timeTaken": 285.53259999999864
}
Status code: 500
-------------------------------

[test number] should successfully handle input
Request:
{
  "gender": "FEMALE",
  "total_activity_duration": "THREE_TO_SIX_HOURS",
  "age": 100,
  "weight_today": 200,
  "height": 140,
  "category": "beginner"
}
Response:
{
  "success": false,
  "status": 500,
  "data": "Server Error",
  "timeTaken": 272.58000000000175
}
Status code: 500
-------------------------------

[test number] should successfully handle input
Request:
{
  "gender": "MALE",
  "total_activity_duration": "TWELVE_PLUS_HOURS",
  "age": 0,
  "weight_today": 30,
  "height": 210,
  "category": "beginner"
}
Response:
{
  "success": false,
  "status": 500,
  "data": "Server Error",
  "timeTaken": 280.79409999999916
}
Status code: 500
-------------------------------

[test number] should successfully handle input
Request:
{
  "gender": "FEMALE",
  "total_activity_duration": "SIX_TO_NINE_HOURS",
  "age": 100,
  "weight_today": 30,
  "height": 140,
  "category": "intermediate"
}
Response:
{
  "success": false,
  "status": 500,
  "data": "Server Error",
  "timeTaken": 284.9874999999993
}
Status code: 500
-------------------------------

[test number] should successfully handle input
Request:
{
  "gender": "MALE",
  "total_activity_duration": "NINE_TO_TWELVE_HOURS",
  "age": 75,
  "weight_today": 30,
  "height": 140,
  "category": "advanced"
}
Response:
{
  "success": false,
  "status": 500,
  "data": "Server Error",
  "timeTaken": 292.40499999999884
}
Status code: 500
-------------------------------

[test number] should successfully handle input
Request:
{
  "gender": "MALE",
  "total_activity_duration": "ZERO_TO_THREE_HOURS",
  "age": 25,
  "weight_today": 70,
  "height": 173,
  "category": "advanced"
}
Response:
{
  "success": false,
  "status": 500,
  "data": "Server Error",
  "timeTaken": 271.8084999999992
}
Status code: 500
-------------------------------

[test number] should successfully handle input
Request:
{
  "gender": "MALE",
  "total_activity_duration": "THREE_TO_SIX_HOURS",
  "age": 100,
  "weight_today": 150,
  "height": 160,
  "category": "advanced"
}
Response:
{
  "success": false,
  "status": 500,
  "data": "Server Error",
  "timeTaken": 294.7217000000019
}
Status code: 500
-------------------------------

[test number] should successfully handle input
Request:
{
  "gender": "FEMALE",
  "total_activity_duration": "NINE_TO_TWELVE_HOURS",
  "age": 75,
  "weight_today": 30,
  "height": 210,
  "category": "beginner"
}
Response:
{
  "success": false,
  "status": 500,
  "data": "Server Error",
  "timeTaken": 279.6335999999974
}
Status code: 500
-------------------------------

[test number] should successfully handle input
Request:
{
  "gender": "MALE",
  "total_activity_duration": "SIX_TO_NINE_HOURS",
  "age": 25,
  "weight_today": 200,
  "height": 140,
  "category": "intermediate"
}
Response:
{
  "success": false,
  "status": 500,
  "data": "Server Error",
  "timeTaken": 272.33180000000357
}
Status code: 500
-------------------------------

[test number] should successfully handle input
Request:
{
  "gender": "MALE",
  "total_activity_duration": "TWELVE_PLUS_HOURS",
  "age": 50,
  "weight_today": 70,
  "height": 140,
  "category": "advanced"
}
Response:
{
  "success": false,
  "status": 500,
  "data": "Server Error",
  "timeTaken": 275.669300000005
}
Status code: 500
-------------------------------

[test number] should successfully handle input
Request:
{
  "gender": "MALE",
  "total_activity_duration": "SIX_TO_NINE_HOURS",
  "age": 75,
  "weight_today": 200,
  "height": 160,
  "category": "advanced"
}
Response:
{
  "success": false,
  "status": 500,
  "data": "Server Error",
  "timeTaken": 276.244999999999
}
Status code: 500
-------------------------------

[test number] should successfully handle input
Request:
{
  "gender": "MALE",
  "total_activity_duration": "TWELVE_PLUS_HOURS",
  "age": 100,
  "weight_today": 70,
  "height": 210,
  "category": "beginner"
}
Response:
{
  "success": false,
  "status": 500,
  "data": "Server Error",
  "timeTaken": 285.70350000000326
}
Status code: 500
-------------------------------

[test number] should successfully handle input
Request:
{
  "gender": "FEMALE",
  "total_activity_duration": "SIX_TO_NINE_HOURS",
  "age": 25,
  "weight_today": 200,
  "height": 160,
  "category": "intermediate"
}
Response:
{
  "success": false,
  "status": 500,
  "data": "Server Error",
  "timeTaken": 295.9152000000031
}
Status code: 500
-------------------------------

[test number] should successfully handle input
Request:
{
  "gender": "FEMALE",
  "total_activity_duration": "TWELVE_PLUS_HOURS",
  "age": 0,
  "weight_today": 70,
  "height": 173,
  "category": "beginner"
}
Response:
{
  "success": false,
  "status": 500,
  "data": "Server Error",
  "timeTaken": 272.3886999999995
}
Status code: 500
-------------------------------

[test number] should successfully handle input
Request:
{
  "gender": "FEMALE",
  "total_activity_duration": "ZERO_TO_THREE_HOURS",
  "age": 25,
  "weight_today": 113.9,
  "height": 160,
  "category": "beginner"
}
Response:
{
  "success": false,
  "status": 500,
  "data": "Server Error",
  "timeTaken": 273.04989999999816
}
Status code: 500
-------------------------------

[test number] should successfully handle input
Request:
{
  "gender": "MALE",
  "total_activity_duration": "NINE_TO_TWELVE_HOURS",
  "age": 0,
  "weight_today": 200,
  "height": 210,
  "category": "beginner"
}
Response:
{
  "success": false,
  "status": 500,
  "data": "Server Error",
  "timeTaken": 273.148199999996
}
Status code: 500
-------------------------------

[test number] should successfully handle input
Request:
{
  "gender": "FEMALE",
  "total_activity_duration": "THREE_TO_SIX_HOURS",
  "age": 50,
  "weight_today": 150,
  "height": 190,
  "category": "beginner"
}
Response:
{
  "success": false,
  "status": 500,
  "data": "Server Error",
  "timeTaken": 280.9126000000033
}
Status code: 500
-------------------------------

[test number] should successfully handle input
Request:
{
  "gender": "MALE",
  "total_activity_duration": "THREE_TO_SIX_HOURS",
  "age": 0,
  "weight_today": 113.9,
  "height": 190,
  "category": "beginner"
}
Response:
{
  "success": false,
  "status": 500,
  "data": "Server Error",
  "timeTaken": 273.1544999999969
}
Status code: 500
-------------------------------

[test number] should successfully handle input
Request:
{
  "gender": "FEMALE",
  "total_activity_duration": "TWELVE_PLUS_HOURS",
  "age": 100,
  "weight_today": 113.9,
  "height": 160,
  "category": "advanced"
}
Response:
{
  "success": false,
  "status": 500,
  "data": "Server Error",
  "timeTaken": 277.2341000000051
}
Status code: 500
-------------------------------

[test number] should successfully handle input
Request:
{
  "gender": "MALE",
  "total_activity_duration": "THREE_TO_SIX_HOURS",
  "age": 50,
  "weight_today": 150,
  "height": 140,
  "category": "beginner"
}
Response:
{
  "success": false,
  "status": 500,
  "data": "Server Error",
  "timeTaken": 277.3755000000019
}
Status code: 500
-------------------------------

[test number] should successfully handle input
Request:
{
  "gender": "FEMALE",
  "total_activity_duration": "THREE_TO_SIX_HOURS",
  "age": 0,
  "weight_today": 150,
  "height": 140,
  "category": "advanced"
}
Response:
{
  "success": false,
  "status": 500,
  "data": "Server Error",
  "timeTaken": 286.08630000000267
}
Status code: 500
-------------------------------

[test number] should successfully handle input
Request:
{
  "gender": "FEMALE",
  "total_activity_duration": "TWELVE_PLUS_HOURS",
  "age": 50,
  "weight_today": 70,
  "height": 210,
  "category": "intermediate"
}
Response:
{
  "success": false,
  "status": 500,
  "data": "Server Error",
  "timeTaken": 276.5141000000003
}
Status code: 500
-------------------------------

[test number] should successfully handle input
Request:
{
  "gender": "FEMALE",
  "total_activity_duration": "NINE_TO_TWELVE_HOURS",
  "age": 25,
  "weight_today": 30,
  "height": 173,
  "category": "advanced"
}
Response:
{
  "success": false,
  "status": 500,
  "data": "Server Error",
  "timeTaken": 269.1050000000032
}
Status code: 500
-------------------------------

[test number] should successfully handle input
Request:
{
  "gender": "FEMALE",
  "total_activity_duration": "ZERO_TO_THREE_HOURS",
  "age": 75,
  "weight_today": 113.9,
  "height": 190,
  "category": "advanced"
}
Response:
{
  "success": false,
  "status": 500,
  "data": "Server Error",
  "timeTaken": 269.9285000000018
}
Status code: 500
-------------------------------

[test number] should successfully handle input
Request:
{
  "gender": "MALE",
  "total_activity_duration": "ZERO_TO_THREE_HOURS",
  "age": 75,
  "weight_today": 113.9,
  "height": 160,
  "category": "beginner"
}
Response:
{
  "success": false,
  "status": 500,
  "data": "Server Error",
  "timeTaken": 282.4089000000022
}
Status code: 500
-------------------------------

[test number] should successfully handle input
Request:
{
  "gender": "FEMALE",
  "total_activity_duration": "THREE_TO_SIX_HOURS",
  "age": 100,
  "weight_today": 200,
  "height": 140,
  "category": "intermediate"
}
Response:
{
  "success": false,
  "status": 500,
  "data": "Server Error",
  "timeTaken": 267.43769999999495
}
Status code: 500
-------------------------------

[test number] should successfully handle input
Request:
{
  "gender": "MALE",
  "total_activity_duration": "TWELVE_PLUS_HOURS",
  "age": 0,
  "weight_today": 30,
  "height": 210,
  "category": "intermediate"
}
Response:
{
  "success": false,
  "status": 500,
  "data": "Server Error",
  "timeTaken": 280.059500000003
}
Status code: 500
-------------------------------

[test number] should successfully handle input
Request:
{
  "gender": "MALE",
  "total_activity_duration": "ZERO_TO_THREE_HOURS",
  "age": 25,
  "weight_today": 70,
  "height": 190,
  "category": "beginner"
}
Response:
{
  "success": false,
  "status": 500,
  "data": "Server Error",
  "timeTaken": 280.27930000000197
}
Status code: 500
-------------------------------

[test number] should successfully handle input
Request:
{
  "gender": "FEMALE",
  "total_activity_duration": "SIX_TO_NINE_HOURS",
  "age": 100,
  "weight_today": 30,
  "height": 140,
  "category": "advanced"
}
Response:
{
  "success": false,
  "status": 500,
  "data": "Server Error",
  "timeTaken": 285.98539999999775
}
Status code: 500
-------------------------------

[test number] should successfully handle input
Request:
{
  "gender": "FEMALE",
  "total_activity_duration": "NINE_TO_TWELVE_HOURS",
  "age": 75,
  "weight_today": 30,
  "height": 210,
  "category": "intermediate"
}
Response:
{
  "success": false,
  "status": 500,
  "data": "Server Error",
  "timeTaken": 277.01779999999417
}
Status code: 500
-------------------------------

[test number] should successfully handle input
Request:
{
  "gender": "MALE",
  "total_activity_duration": "NINE_TO_TWELVE_HOURS",
  "age": 75,
  "weight_today": 30,
  "height": 160,
  "category": "beginner"
}
Response:
{
  "success": false,
  "status": 500,
  "data": "Server Error",
  "timeTaken": 290.52470000000176
}
Status code: 500
-------------------------------

[test number] should successfully handle input
Request:
{
  "gender": "MALE",
  "total_activity_duration": "THREE_TO_SIX_HOURS",
  "age": 100,
  "weight_today": 150,
  "height": 173,
  "category": "beginner"
}
Response:
{
  "success": false,
  "status": 500,
  "data": "Server Error",
  "timeTaken": 298.5077999999994
}
Status code: 500
-------------------------------

[test number] should successfully handle input
Request:
{
  "gender": "MALE",
  "total_activity_duration": "SIX_TO_NINE_HOURS",
  "age": 75,
  "weight_today": 200,
  "height": 173,
  "category": "beginner"
}
Response:
{
  "success": false,
  "status": 500,
  "data": "Server Error",
  "timeTaken": 274.64850000000297
}
Status code: 500
-------------------------------

[test number] should successfully handle input
Request:
{
  "gender": "MALE",
  "total_activity_duration": "TWELVE_PLUS_HOURS",
  "age": 50,
  "weight_today": 70,
  "height": 160,
  "category": "beginner"
}
Response:
{
  "success": false,
  "status": 500,
  "data": "Server Error",
  "timeTaken": 295
}
Status code: 500
-------------------------------

[test number] should successfully handle input
Request:
{
  "gender": "MALE",
  "total_activity_duration": "TWELVE_PLUS_HOURS",
  "age": 100,
  "weight_today": 70,
  "height": 210,
  "category": "intermediate"
}
Response:
{
  "success": false,
  "status": 500,
  "data": "Server Error",
  "timeTaken": 280.161199999995
}
Status code: 500
-------------------------------

[test number] should successfully handle input
Request:
{
  "gender": "FEMALE",
  "total_activity_duration": "TWELVE_PLUS_HOURS",
  "age": 0,
  "weight_today": 70,
  "height": 173,
  "category": "intermediate"
}
Response:
{
  "success": false,
  "status": 500,
  "data": "Server Error",
  "timeTaken": 280.85399999999936
}
Status code: 500
-------------------------------

[test number] should successfully handle input
Request:
{
  "gender": "FEMALE",
  "total_activity_duration": "SIX_TO_NINE_HOURS",
  "age": 25,
  "weight_today": 200,
  "height": 160,
  "category": "advanced"
}
Response:
{
  "success": false,
  "status": 500,
  "data": "Server Error",
  "timeTaken": 297.5394000000015
}
Status code: 500
-------------------------------

[test number] should successfully handle input
Request:
{
  "gender": "FEMALE",
  "total_activity_duration": "ZERO_TO_THREE_HOURS",
  "age": 25,
  "weight_today": 113.9,
  "height": 160,
  "category": "intermediate"
}
Response:
{
  "success": false,
  "status": 500,
  "data": "Server Error",
  "timeTaken": 293.68279999999504
}
Status code: 500
-------------------------------

[test number] should successfully handle input
Request:
{
  "gender": "MALE",
  "total_activity_duration": "NINE_TO_TWELVE_HOURS",
  "age": 0,
  "weight_today": 200,
  "height": 210,
  "category": "intermediate"
}
Response:
{
  "success": false,
  "status": 500,
  "data": "Server Error",
  "timeTaken": 277.7017999999953
}
Status code: 500
-------------------------------

[test number] should successfully handle input
Request:
{
  "gender": "FEMALE",
  "total_activity_duration": "THREE_TO_SIX_HOURS",
  "age": 50,
  "weight_today": 150,
  "height": 190,
  "category": "intermediate"
}
Response:
{
  "success": false,
  "status": 500,
  "data": "Server Error",
  "timeTaken": 284.8159999999989
}
Status code: 500
-------------------------------

[test number] should successfully handle input
Request:
{
  "gender": "FEMALE",
  "total_activity_duration": "TWELVE_PLUS_HOURS",
  "age": 100,
  "weight_today": 113.9,
  "height": 173,
  "category": "beginner"
}
Response:
{
  "success": false,
  "status": 500,
  "data": "Server Error",
  "timeTaken": 284.55279999999766
}
Status code: 500
-------------------------------

[test number] should successfully handle input
Request:
{
  "gender": "MALE",
  "total_activity_duration": "THREE_TO_SIX_HOURS",
  "age": 0,
  "weight_today": 113.9,
  "height": 190,
  "category": "intermediate"
}
Response:
{
  "success": false,
  "status": 500,
  "data": "Server Error",
  "timeTaken": 300.84530000000086
}
Status code: 500
-------------------------------

[test number] should successfully handle input
Request:
{
  "gender": "MALE",
  "total_activity_duration": "THREE_TO_SIX_HOURS",
  "age": 50,
  "weight_today": 150,
  "height": 140,
  "category": "intermediate"
}
Response:
{
  "success": false,
  "status": 500,
  "data": "Server Error",
  "timeTaken": 299.8484000000026
}
Status code: 500
-------------------------------

[test number] should successfully handle input
Request:
{
  "gender": "FEMALE",
  "total_activity_duration": "THREE_TO_SIX_HOURS",
  "age": 0,
  "weight_today": 150,
  "height": 160,
  "category": "beginner"
}
Response:
{
  "success": false,
  "status": 500,
  "data": "Server Error",
  "timeTaken": 289.3437000000049
}
Status code: 500
-------------------------------

[test number] should successfully handle input
Request:
{
  "gender": "FEMALE",
  "total_activity_duration": "TWELVE_PLUS_HOURS",
  "age": 50,
  "weight_today": 70,
  "height": 210,
  "category": "advanced"
}
Response:
{
  "success": false,
  "status": 500,
  "data": "Server Error",
  "timeTaken": 302.4360000000015
}
Status code: 500
-------------------------------

[test number] should successfully handle input
Request:
{
  "gender": "FEMALE",
  "total_activity_duration": "NINE_TO_TWELVE_HOURS",
  "age": 25,
  "weight_today": 30,
  "height": 190,
  "category": "beginner"
}
Response:
{
  "success": false,
  "status": 500,
  "data": "Server Error",
  "timeTaken": 282.76170000000275
}
Status code: 500
-------------------------------

[test number] should successfully handle input
Request:
{
  "gender": "MALE",
  "total_activity_duration": "ZERO_TO_THREE_HOURS",
  "age": 75,
  "weight_today": 113.9,
  "height": 160,
  "category": "intermediate"
}
Response:
{
  "success": false,
  "status": 500,
  "data": "Server Error",
  "timeTaken": 278.33050000000367
}
Status code: 500
-------------------------------

[test number] should successfully handle input
Request:
{
  "gender": "FEMALE",
  "total_activity_duration": "ZERO_TO_THREE_HOURS",
  "age": 75,
  "weight_today": 113.9,
  "height": 210,
  "category": "beginner"
}
Response:
{
  "success": false,
  "status": 500,
  "data": "Server Error",
  "timeTaken": 283.26750000000175
}
Status code: 500
-------------------------------

[test number] should successfully handle input
Request:
{
  "gender": "FEMALE",
  "total_activity_duration": "THREE_TO_SIX_HOURS",
  "age": 100,
  "weight_today": 200,
  "height": 140,
  "category": "advanced"
}
Response:
{
  "success": false,
  "status": 500,
  "data": "Server Error",
  "timeTaken": 280.0048999999999
}
Status code: 500
-------------------------------

[test number] should successfully handle input
Request:
{
  "gender": "FEMALE",
  "total_activity_duration": "SIX_TO_NINE_HOURS",
  "age": 100,
  "weight_today": 30,
  "height": 160,
  "category": "beginner"
}
Response:
{
  "success": false,
  "status": 500,
  "data": "Server Error",
  "timeTaken": 280.4470000000001
}
Status code: 500
-------------------------------

[test number] should successfully handle input
Request:
{
  "gender": "MALE",
  "total_activity_duration": "ZERO_TO_THREE_HOURS",
  "age": 25,
  "weight_today": 70,
  "height": 190,
  "category": "intermediate"
}
Response:
{
  "success": false,
  "status": 500,
  "data": "Server Error",
  "timeTaken": 279.16479999999865
}
Status code: 500
-------------------------------

[test number] should successfully handle input
Request:
{
  "gender": "MALE",
  "total_activity_duration": "TWELVE_PLUS_HOURS",
  "age": 0,
  "weight_today": 30,
  "height": 210,
  "category": "advanced"
}
Response:
{
  "success": false,
  "status": 500,
  "data": "Server Error",
  "timeTaken": 286.4976000000024
}
Status code: 500
-------------------------------

[test number] should successfully handle input
Request:
{
  "gender": "MALE",
  "total_activity_duration": "NINE_TO_TWELVE_HOURS",
  "age": 75,
  "weight_today": 30,
  "height": 160,
  "category": "intermediate"
}
Response:
{
  "success": false,
  "status": 500,
  "data": "Server Error",
  "timeTaken": 285.3110000000015
}
Status code: 500
-------------------------------

[test number] should successfully handle input
Request:
{
  "gender": "FEMALE",
  "total_activity_duration": "NINE_TO_TWELVE_HOURS",
  "age": 75,
  "weight_today": 30,
  "height": 210,
  "category": "advanced"
}
Response:
{
  "success": false,
  "status": 500,
  "data": "Server Error",
  "timeTaken": 296.74090000000433
}
Status code: 500
-------------------------------

[test number] should successfully handle input
Request:
{
  "gender": "MALE",
  "total_activity_duration": "THREE_TO_SIX_HOURS",
  "age": 100,
  "weight_today": 150,
  "height": 173,
  "category": "intermediate"
}
Response:
{
  "success": false,
  "status": 500,
  "data": "Server Error",
  "timeTaken": 290.42469999999594
}
Status code: 500
-------------------------------

[test number] should successfully handle input
Request:
{
  "gender": "MALE",
  "total_activity_duration": "SIX_TO_NINE_HOURS",
  "age": 75,
  "weight_today": 200,
  "height": 173,
  "category": "intermediate"
}
Response:
{
  "success": false,
  "status": 500,
  "data": "Server Error",
  "timeTaken": 276.2402000000002
}
Status code: 500
-------------------------------

[test number] should successfully handle input
Request:
{
  "gender": "MALE",
  "total_activity_duration": "TWELVE_PLUS_HOURS",
  "age": 50,
  "weight_today": 70,
  "height": 160,
  "category": "intermediate"
}
Response:
{
  "success": false,
  "status": 500,
  "data": "Server Error",
  "timeTaken": 275.2474999999977
}
Status code: 500
-------------------------------

[test number] should successfully handle input
Request:
{
  "gender": "MALE",
  "total_activity_duration": "TWELVE_PLUS_HOURS",
  "age": 100,
  "weight_today": 70,
  "height": 210,
  "category": "advanced"
}
Response:
{
  "success": false,
  "status": 500,
  "data": "Server Error",
  "timeTaken": 280.2694000000047
}
Status code: 500
-------------------------------

[test number] should successfully handle input
Request:
{
  "gender": "FEMALE",
  "total_activity_duration": "TWELVE_PLUS_HOURS",
  "age": 0,
  "weight_today": 70,
  "height": 173,
  "category": "advanced"
}
Response:
{
  "success": false,
  "status": 500,
  "data": "Server Error",
  "timeTaken": 288.02939999999944
}
Status code: 500
-------------------------------

[test number] should successfully handle input
Request:
{
  "gender": "FEMALE",
  "total_activity_duration": "ZERO_TO_THREE_HOURS",
  "age": 25,
  "weight_today": 113.9,
  "height": 160,
  "category": "advanced"
}
Response:
{
  "success": false,
  "status": 500,
  "data": "Server Error",
  "timeTaken": 278.29299999999785
}
Status code: 500
-------------------------------

[test number] should successfully handle input
Request:
{
  "gender": "MALE",
  "total_activity_duration": "NINE_TO_TWELVE_HOURS",
  "age": 0,
  "weight_today": 200,
  "height": 210,
  "category": "advanced"
}
Response:
{
  "success": false,
  "status": 500,
  "data": "Server Error",
  "timeTaken": 291.3712999999989
}
Status code: 500
-------------------------------

[test number] should successfully handle input
Request:
{
  "gender": "FEMALE",
  "total_activity_duration": "THREE_TO_SIX_HOURS",
  "age": 50,
  "weight_today": 150,
  "height": 190,
  "category": "advanced"
}
Response:
{
  "success": false,
  "status": 500,
  "data": "Server Error",
  "timeTaken": 282.979800000001
}
Status code: 500
-------------------------------

[test number] should successfully handle input
Request:
{
  "gender": "FEMALE",
  "total_activity_duration": "TWELVE_PLUS_HOURS",
  "age": 100,
  "weight_today": 113.9,
  "height": 173,
  "category": "intermediate"
}
Response:
{
  "success": false,
  "status": 500,
  "data": "Server Error",
  "timeTaken": 276.1756999999998
}
Status code: 500
-------------------------------

[test number] should successfully handle input
Request:
{
  "gender": "FEMALE",
  "total_activity_duration": "SIX_TO_NINE_HOURS",
  "age": 25,
  "weight_today": 200,
  "height": 173,
  "category": "beginner"
}
Response:
{
  "success": false,
  "status": 500,
  "data": "Server Error",
  "timeTaken": 345.2816000000021
}
Status code: 500
-------------------------------

[test number] should successfully handle input
Request:
{
  "gender": "MALE",
  "total_activity_duration": "THREE_TO_SIX_HOURS",
  "age": 50,
  "weight_today": 150,
  "height": 140,
  "category": "advanced"
}
Response:
{
  "success": false,
  "status": 500,
  "data": "Server Error",
  "timeTaken": 271.80459999999584
}
Status code: 500
-------------------------------

[test number] should successfully handle input
Request:
{
  "gender": "FEMALE",
  "total_activity_duration": "THREE_TO_SIX_HOURS",
  "age": 0,
  "weight_today": 150,
  "height": 160,
  "category": "intermediate"
}
Response:
{
  "success": false,
  "status": 500,
  "data": "Server Error",
  "timeTaken": 277.88290000000416
}
Status code: 500
-------------------------------

[test number] should successfully handle input
Request:
{
  "gender": "FEMALE",
  "total_activity_duration": "TWELVE_PLUS_HOURS",
  "age": 50,
  "weight_today": 113.9,
  "height": 140,
  "category": "beginner"
}
Response:
{
  "success": false,
  "status": 500,
  "data": "Server Error",
  "timeTaken": 282.61269999999786
}
Status code: 500
-------------------------------

[test number] should successfully handle input
Request:
{
  "gender": "MALE",
  "total_activity_duration": "THREE_TO_SIX_HOURS",
  "age": 0,
  "weight_today": 113.9,
  "height": 190,
  "category": "advanced"
}
Response:
{
  "success": false,
  "status": 500,
  "data": "Server Error",
  "timeTaken": 320.68269999999757
}
Status code: 500
-------------------------------

[test number] should successfully handle input
Request:
{
  "gender": "MALE",
  "total_activity_duration": "SIX_TO_NINE_HOURS",
  "age": 25,
  "weight_today": 200,
  "height": 140,
  "category": "advanced"
}
Response:
{
  "success": false,
  "status": 500,
  "data": "Server Error",
  "timeTaken": 730.2695000000022
}
Status code: 500
-------------------------------

[test number] should successfully handle input
Request:
{
  "gender": "FEMALE",
  "total_activity_duration": "NINE_TO_TWELVE_HOURS",
  "age": 25,
  "weight_today": 30,
  "height": 190,
  "category": "intermediate"
}
Response:
{
  "success": false,
  "status": 500,
  "data": "Server Error",
  "timeTaken": 293.1886999999988
}
Status code: 500
-------------------------------

[test number] should successfully handle input
Request:
{
  "gender": "MALE",
  "total_activity_duration": "ZERO_TO_THREE_HOURS",
  "age": 75,
  "weight_today": 113.9,
  "height": 160,
  "category": "advanced"
}
Response:
{
  "success": false,
  "status": 500,
  "data": "Server Error",
  "timeTaken": 291.78540000000066
}
Status code: 500
-------------------------------

[test number] should successfully handle input
Request:
{
  "gender": "FEMALE",
  "total_activity_duration": "ZERO_TO_THREE_HOURS",
  "age": 75,
  "weight_today": 113.9,
  "height": 210,
  "category": "intermediate"
}
Response:
{
  "success": false,
  "status": 500,
  "data": "Server Error",
  "timeTaken": 294.19549999999435
}
Status code: 500
-------------------------------

[test number] should successfully handle input
Request:
{
  "gender": "MALE",
  "total_activity_duration": "NINE_TO_TWELVE_HOURS",
  "age": 75,
  "weight_today": 30,
  "height": 160,
  "category": "advanced"
}
Response:
{
  "success": false,
  "status": 500,
  "data": "Server Error",
  "timeTaken": 278.28600000000006
}
Status code: 500
-------------------------------

[test number] should successfully handle input
Request:
{
  "gender": "MALE",
  "total_activity_duration": "ZERO_TO_THREE_HOURS",
  "age": 25,
  "weight_today": 70,
  "height": 190,
  "category": "advanced"
}
Response:
{
  "success": false,
  "status": 500,
  "data": "Server Error",
  "timeTaken": 283.23099999999977
}
Status code: 500
-------------------------------

[test number] should successfully handle input
Request:
{
  "gender": "FEMALE",
  "total_activity_duration": "THREE_TO_SIX_HOURS",
  "age": 100,
  "weight_today": 200,
  "height": 160,
  "category": "beginner"
}
Response:
{
  "success": false,
  "status": 500,
  "data": "Server Error",
  "timeTaken": 281.63820000000123
}
Status code: 500
-------------------------------

[test number] should successfully handle input
Request:
{
  "gender": "MALE",
  "total_activity_duration": "TWELVE_PLUS_HOURS",
  "age": 0,
  "weight_today": 70,
  "height": 140,
  "category": "beginner"
}
Response:
{
  "success": false,
  "status": 500,
  "data": "Server Error",
  "timeTaken": 287.65899999999965
}
Status code: 500
-------------------------------

[test number] should successfully handle input
Request:
{
  "gender": "FEMALE",
  "total_activity_duration": "SIX_TO_NINE_HOURS",
  "age": 100,
  "weight_today": 30,
  "height": 160,
  "category": "intermediate"
}
Response:
{
  "success": false,
  "status": 500,
  "data": "Server Error",
  "timeTaken": 296.03540000000066
}
Status code: 500
-------------------------------

[test number] should successfully handle input
Request:
{
  "gender": "FEMALE",
  "total_activity_duration": "NINE_TO_TWELVE_HOURS",
  "age": 75,
  "weight_today": 70,
  "height": 140,
  "category": "beginner"
}
Response:
{
  "success": false,
  "status": 500,
  "data": "Server Error",
  "timeTaken": 301.2332000000024
}
Status code: 500
-------------------------------

[test number] should successfully handle input
Request:
{
  "gender": "MALE",
  "total_activity_duration": "THREE_TO_SIX_HOURS",
  "age": 100,
  "weight_today": 150,
  "height": 173,
  "category": "advanced"
}
Response:
{
  "success": false,
  "status": 500,
  "data": "Server Error",
  "timeTaken": 292.71979999999894
}
Status code: 500
-------------------------------

[test number] should successfully handle input
Request:
{
  "gender": "MALE",
  "total_activity_duration": "SIX_TO_NINE_HOURS",
  "age": 75,
  "weight_today": 200,
  "height": 173,
  "category": "advanced"
}
Response:
{
  "success": false,
  "status": 500,
  "data": "Server Error",
  "timeTaken": 275.3119999999981
}
Status code: 500
-------------------------------

[test number] should successfully handle input
Request:
{
  "gender": "MALE",
  "total_activity_duration": "TWELVE_PLUS_HOURS",
  "age": 50,
  "weight_today": 70,
  "height": 160,
  "category": "advanced"
}
Response:
{
  "success": false,
  "status": 500,
  "data": "Server Error",
  "timeTaken": 272.37339999999676
}
Status code: 500
-------------------------------

[test number] should successfully handle input
Request:
{
  "gender": "MALE",
  "total_activity_duration": "TWELVE_PLUS_HOURS",
  "age": 100,
  "weight_today": 113.9,
  "height": 140,
  "category": "beginner"
}
Response:
{
  "success": false,
  "status": 500,
  "data": "Server Error",
  "timeTaken": 276.1226000000024
}
Status code: 500
-------------------------------

[test number] should successfully handle input
Request:
{
  "gender": "FEMALE",
  "total_activity_duration": "TWELVE_PLUS_HOURS",
  "age": 0,
  "weight_today": 70,
  "height": 190,
  "category": "beginner"
}
Response:
{
  "success": false,
  "status": 500,
  "data": "Server Error",
  "timeTaken": 282.8306999999986
}
Status code: 500
-------------------------------

[test number] should successfully handle input
Request:
{
  "gender": "FEMALE",
  "total_activity_duration": "ZERO_TO_THREE_HOURS",
  "age": 25,
  "weight_today": 113.9,
  "height": 173,
  "category": "beginner"
}
Response:
{
  "success": false,
  "status": 500,
  "data": "Server Error",
  "timeTaken": 278.4036000000051
}
Status code: 500
-------------------------------

[test number] should successfully handle input
Request:
{
  "gender": "FEMALE",
  "total_activity_duration": "THREE_TO_SIX_HOURS",
  "age": 50,
  "weight_today": 150,
  "height": 210,
  "category": "beginner"
}
Response:
{
  "success": false,
  "status": 500,
  "data": "Server Error",
  "timeTaken": 280.665700000005
}
Status code: 500
-------------------------------

[test number] should successfully handle input
Request:
{
  "gender": "MALE",
  "total_activity_duration": "NINE_TO_TWELVE_HOURS",
  "age": 25,
  "weight_today": 30,
  "height": 140,
  "category": "beginner"
}
Response:
{
  "success": false,
  "status": 500,
  "data": "Server Error",
  "timeTaken": 284.57940000000235
}
Status code: 500
-------------------------------

[test number] should successfully handle input
Request:
{
  "gender": "FEMALE",
  "total_activity_duration": "TWELVE_PLUS_HOURS",
  "age": 100,
  "weight_today": 113.9,
  "height": 173,
  "category": "advanced"
}
Response:
{
  "success": false,
  "status": 500,
  "data": "Server Error",
  "timeTaken": 279.2583000000013
}
Status code: 500
-------------------------------

[test number] should successfully handle input
Request:
{
  "gender": "FEMALE",
  "total_activity_duration": "SIX_TO_NINE_HOURS",
  "age": 25,
  "weight_today": 200,
  "height": 173,
  "category": "intermediate"
}
Response:
{
  "success": false,
  "status": 500,
  "data": "Server Error",
  "timeTaken": 277.9219000000012
}
Status code: 500
-------------------------------

[test number] should successfully handle input
Request:
{
  "gender": "MALE",
  "total_activity_duration": "THREE_TO_SIX_HOURS",
  "age": 50,
  "weight_today": 150,
  "height": 160,
  "category": "beginner"
}
Response:
{
  "success": false,
  "status": 500,
  "data": "Server Error",
  "timeTaken": 282.6461999999956
}
Status code: 500
-------------------------------

[test number] should successfully handle input
Request:
{
  "gender": "FEMALE",
  "total_activity_duration": "THREE_TO_SIX_HOURS",
  "age": 0,
  "weight_today": 150,
  "height": 160,
  "category": "advanced"
}
Response:
{
  "success": false,
  "status": 500,
  "data": "Server Error",
  "timeTaken": 281.0625
}
Status code: 500
-------------------------------

[test number] should successfully handle input
Request:
{
  "gender": "MALE",
  "total_activity_duration": "SIX_TO_NINE_HOURS",
  "age": 25,
  "weight_today": 200,
  "height": 160,
  "category": "beginner"
}
Response:
{
  "success": false,
  "status": 500,
  "data": "Server Error",
  "timeTaken": 271.39560000000347
}
Status code: 500
-------------------------------

[test number] should successfully handle input
Request:
{
  "gender": "MALE",
  "total_activity_duration": "THREE_TO_SIX_HOURS",
  "age": 0,
  "weight_today": 113.9,
  "height": 210,
  "category": "beginner"
}
Response:
{
  "success": false,
  "status": 500,
  "data": "Server Error",
  "timeTaken": 291.7473999999929
}
Status code: 500
-------------------------------

[test number] should successfully handle input
Request:
{
  "gender": "FEMALE",
  "total_activity_duration": "TWELVE_PLUS_HOURS",
  "age": 50,
  "weight_today": 113.9,
  "height": 140,
  "category": "intermediate"
}
Response:
{
  "success": false,
  "status": 500,
  "data": "Server Error",
  "timeTaken": 295.2939000000042
}
Status code: 500
-------------------------------

[test number] should successfully handle input
Request:
{
  "gender": "MALE",
  "total_activity_duration": "ZERO_TO_THREE_HOURS",
  "age": 75,
  "weight_today": 113.9,
  "height": 173,
  "category": "beginner"
}
Response:
{
  "success": false,
  "status": 500,
  "data": "Server Error",
  "timeTaken": 276.4076999999961
}
Status code: 500
-------------------------------

[test number] should successfully handle input
Request:
{
  "gender": "FEMALE",
  "total_activity_duration": "NINE_TO_TWELVE_HOURS",
  "age": 25,
  "weight_today": 30,
  "height": 190,
  "category": "advanced"
}
Response:
{
  "success": false,
  "status": 500,
  "data": "Server Error",
  "timeTaken": 280.8623000000007
}
Status code: 500
-------------------------------

[test number] should successfully handle input
Request:
{
  "gender": "FEMALE",
  "total_activity_duration": "ZERO_TO_THREE_HOURS",
  "age": 75,
  "weight_today": 113.9,
  "height": 210,
  "category": "advanced"
}
Response:
{
  "success": false,
  "status": 500,
  "data": "Server Error",
  "timeTaken": 274.6356999999989
}
Status code: 500
-------------------------------

[test number] should successfully handle input
Request:
{
  "gender": "MALE",
  "total_activity_duration": "NINE_TO_TWELVE_HOURS",
  "age": 75,
  "weight_today": 30,
  "height": 173,
  "category": "beginner"
}
Response:
{
  "success": false,
  "status": 500,
  "data": "Server Error",
  "timeTaken": 268.6044000000038
}
Status code: 500
-------------------------------

[test number] should successfully handle input
Request:
{
  "gender": "MALE",
  "total_activity_duration": "ZERO_TO_THREE_HOURS",
  "age": 25,
  "weight_today": 70,
  "height": 210,
  "category": "beginner"
}
Response:
{
  "success": false,
  "status": 500,
  "data": "Server Error",
  "timeTaken": 271.3374999999942
}
Status code: 500
-------------------------------

[test number] should successfully handle input
Request:
{
  "gender": "FEMALE",
  "total_activity_duration": "SIX_TO_NINE_HOURS",
  "age": 100,
  "weight_today": 30,
  "height": 160,
  "category": "advanced"
}
Response:
{
  "success": false,
  "status": 500,
  "data": "Server Error",
  "timeTaken": 272.79499999999825
}
Status code: 500
-------------------------------

[test number] should successfully handle input
Request:
{
  "gender": "FEMALE",
  "total_activity_duration": "THREE_TO_SIX_HOURS",
  "age": 100,
  "weight_today": 200,
  "height": 160,
  "category": "intermediate"
}
Response:
{
  "success": false,
  "status": 500,
  "data": "Server Error",
  "timeTaken": 291.7384999999995
}
Status code: 500
-------------------------------

[test number] should successfully handle input
Request:
{
  "gender": "MALE",
  "total_activity_duration": "TWELVE_PLUS_HOURS",
  "age": 0,
  "weight_today": 70,
  "height": 140,
  "category": "intermediate"
}
Response:
{
  "success": false,
  "status": 500,
  "data": "Server Error",
  "timeTaken": 291.74349999999686
}
Status code: 500
-------------------------------

[test number] should successfully handle input
Request:
{
  "gender": "FEMALE",
  "total_activity_duration": "NINE_TO_TWELVE_HOURS",
  "age": 75,
  "weight_today": 70,
  "height": 140,
  "category": "intermediate"
}
Response:
{
  "success": false,
  "status": 500,
  "data": "Server Error",
  "timeTaken": 278.22639999999956
}
Status code: 500
-------------------------------

[test number] should successfully handle input
Request:
{
  "gender": "MALE",
  "total_activity_duration": "SIX_TO_NINE_HOURS",
  "age": 75,
  "weight_today": 200,
  "height": 190,
  "category": "beginner"
}
Response:
{
  "success": false,
  "status": 500,
  "data": "Server Error",
  "timeTaken": 281.46420000000217
}
Status code: 500
-------------------------------

[test number] should successfully handle input
Request:
{
  "gender": "MALE",
  "total_activity_duration": "THREE_TO_SIX_HOURS",
  "age": 100,
  "weight_today": 150,
  "height": 190,
  "category": "beginner"
}
Response:
{
  "success": false,
  "status": 500,
  "data": "Server Error",
  "timeTaken": 283.7641000000003
}
Status code: 500
-------------------------------

[test number] should successfully handle input
Request:
{
  "gender": "MALE",
  "total_activity_duration": "TWELVE_PLUS_HOURS",
  "age": 50,
  "weight_today": 70,
  "height": 173,
  "category": "beginner"
}
Response:
{
  "success": false,
  "status": 500,
  "data": "Server Error",
  "timeTaken": 273.7428
}
Status code: 500
-------------------------------

[test number] should successfully handle input
Request:
{
  "gender": "MALE",
  "total_activity_duration": "TWELVE_PLUS_HOURS",
  "age": 100,
  "weight_today": 113.9,
  "height": 140,
  "category": "intermediate"
}
Response:
{
  "success": false,
  "status": 500,
  "data": "Server Error",
  "timeTaken": 288.67580000000453
}
Status code: 500
-------------------------------

[test number] should successfully handle input
Request:
{
  "gender": "FEMALE",
  "total_activity_duration": "TWELVE_PLUS_HOURS",
  "age": 0,
  "weight_today": 70,
  "height": 190,
  "category": "intermediate"
}
Response:
{
  "success": false,
  "status": 500,
  "data": "Server Error",
  "timeTaken": 273.88350000000355
}
Status code: 500
-------------------------------

[test number] should successfully handle input
Request:
{
  "gender": "FEMALE",
  "total_activity_duration": "ZERO_TO_THREE_HOURS",
  "age": 25,
  "weight_today": 113.9,
  "height": 173,
  "category": "intermediate"
}
Response:
{
  "success": false,
  "status": 500,
  "data": "Server Error",
  "timeTaken": 290.41829999999754
}
Status code: 500
-------------------------------

[test number] should successfully handle input
Request:
{
  "gender": "MALE",
  "total_activity_duration": "NINE_TO_TWELVE_HOURS",
  "age": 25,
  "weight_today": 30,
  "height": 140,
  "category": "intermediate"
}
Response:
{
  "success": false,
  "status": 500,
  "data": "Server Error",
  "timeTaken": 283.15239999999903
}
Status code: 500
-------------------------------

[test number] should successfully handle input
Request:
{
  "gender": "FEMALE",
  "total_activity_duration": "THREE_TO_SIX_HOURS",
  "age": 50,
  "weight_today": 150,
  "height": 210,
  "category": "intermediate"
}
Response:
{
  "success": false,
  "status": 500,
  "data": "Server Error",
  "timeTaken": 291.58439999999973
}
Status code: 500
-------------------------------

[test number] should successfully handle input
Request:
{
  "gender": "FEMALE",
  "total_activity_duration": "TWELVE_PLUS_HOURS",
  "age": 100,
  "weight_today": 113.9,
  "height": 190,
  "category": "beginner"
}
Response:
{
  "success": false,
  "status": 500,
  "data": "Server Error",
  "timeTaken": 275.1582999999955
}
Status code: 500
-------------------------------

[test number] should successfully handle input
Request:
{
  "gender": "FEMALE",
  "total_activity_duration": "SIX_TO_NINE_HOURS",
  "age": 25,
  "weight_today": 200,
  "height": 173,
  "category": "advanced"
}
Response:
{
  "success": false,
  "status": 500,
  "data": "Server Error",
  "timeTaken": 294.5005000000019
}
Status code: 500
-------------------------------

[test number] should successfully handle input
Request:
{
  "gender": "MALE",
  "total_activity_duration": "THREE_TO_SIX_HOURS",
  "age": 50,
  "weight_today": 150,
  "height": 160,
  "category": "intermediate"
}
Response:
{
  "success": false,
  "status": 500,
  "data": "Server Error",
  "timeTaken": 294.83840000000055
}
Status code: 500
-------------------------------

[test number] should successfully handle input
Request:
{
  "gender": "FEMALE",
  "total_activity_duration": "THREE_TO_SIX_HOURS",
  "age": 0,
  "weight_today": 150,
  "height": 173,
  "category": "beginner"
}
Response:
{
  "success": false,
  "status": 500,
  "data": "Server Error",
  "timeTaken": 293.3235999999961
}
Status code: 500
-------------------------------

[test number] should successfully handle input
Request:
{
  "gender": "MALE",
  "total_activity_duration": "THREE_TO_SIX_HOURS",
  "age": 0,
  "weight_today": 113.9,
  "height": 210,
  "category": "intermediate"
}
Response:
{
  "success": false,
  "status": 500,
  "data": "Server Error",
  "timeTaken": 273.96050000000105
}
Status code: 500
-------------------------------

[test number] should successfully handle input
Request:
{
  "gender": "MALE",
  "total_activity_duration": "SIX_TO_NINE_HOURS",
  "age": 25,
  "weight_today": 200,
  "height": 160,
  "category": "intermediate"
}
Response:
{
  "success": false,
  "status": 500,
  "data": "Server Error",
  "timeTaken": 295.1729999999952
}
Status code: 500
-------------------------------

[test number] should successfully handle input
Request:
{
  "gender": "FEMALE",
  "total_activity_duration": "TWELVE_PLUS_HOURS",
  "age": 50,
  "weight_today": 113.9,
  "height": 140,
  "category": "advanced"
}
Response:
{
  "success": false,
  "status": 500,
  "data": "Server Error",
  "timeTaken": 283.25470000000496
}
Status code: 500
-------------------------------

[test number] should successfully handle input
Request:
{
  "gender": "MALE",
  "total_activity_duration": "ZERO_TO_THREE_HOURS",
  "age": 75,
  "weight_today": 113.9,
  "height": 173,
  "category": "intermediate"
}
Response:
{
  "success": false,
  "status": 500,
  "data": "Server Error",
  "timeTaken": 272.7739999999976
}
Status code: 500
-------------------------------

[test number] should successfully handle input
Request:
{
  "gender": "FEMALE",
  "total_activity_duration": "NINE_TO_TWELVE_HOURS",
  "age": 25,
  "weight_today": 30,
  "height": 210,
  "category": "beginner"
}
Response:
{
  "success": false,
  "status": 500,
  "data": "Server Error",
  "timeTaken": 279.0849999999991
}
Status code: 500
-------------------------------

[test number] should successfully handle input
Request:
{
  "gender": "FEMALE",
  "total_activity_duration": "ZERO_TO_THREE_HOURS",
  "age": 75,
  "weight_today": 150,
  "height": 140,
  "category": "beginner"
}
Response:
{
  "success": false,
  "status": 500,
  "data": "Server Error",
  "timeTaken": 280.03429999999935
}
Status code: 500
-------------------------------

[test number] should successfully handle input
Request:
{
  "gender": "MALE",
  "total_activity_duration": "ZERO_TO_THREE_HOURS",
  "age": 25,
  "weight_today": 70,
  "height": 210,
  "category": "intermediate"
}
Response:
{
  "success": false,
  "status": 500,
  "data": "Server Error",
  "timeTaken": 271.4747999999963
}
Status code: 500
-------------------------------

[test number] should successfully handle input
Request:
{
  "gender": "MALE",
  "total_activity_duration": "NINE_TO_TWELVE_HOURS",
  "age": 75,
  "weight_today": 30,
  "height": 173,
  "category": "intermediate"
}
Response:
{
  "success": false,
  "status": 500,
  "data": "Server Error",
  "timeTaken": 286.0457999999999
}
Status code: 500
-------------------------------

[test number] should successfully handle input
Request:
{
  "gender": "FEMALE",
  "total_activity_duration": "THREE_TO_SIX_HOURS",
  "age": 100,
  "weight_today": 200,
  "height": 160,
  "category": "advanced"
}
Response:
{
  "success": false,
  "status": 500,
  "data": "Server Error",
  "timeTaken": 280.98279999999795
}
Status code: 500
-------------------------------

[test number] should successfully handle input
Request:
{
  "gender": "FEMALE",
  "total_activity_duration": "NINE_TO_TWELVE_HOURS",
  "age": 75,
  "weight_today": 70,
  "height": 140,
  "category": "advanced"
}
Response:
{
  "success": false,
  "status": 500,
  "data": "Server Error",
  "timeTaken": 278.5037999999986
}
Status code: 500
-------------------------------

[test number] should successfully handle input
Request:
{
  "gender": "MALE",
  "total_activity_duration": "TWELVE_PLUS_HOURS",
  "age": 0,
  "weight_today": 70,
  "height": 140,
  "category": "advanced"
}
Response:
{
  "success": false,
  "status": 500,
  "data": "Server Error",
  "timeTaken": 288.34100000000035
}
Status code: 500
-------------------------------

[test number] should successfully handle input
Request:
{
  "gender": "FEMALE",
  "total_activity_duration": "SIX_TO_NINE_HOURS",
  "age": 100,
  "weight_today": 30,
  "height": 173,
  "category": "beginner"
}
Response:
{
  "success": false,
  "status": 500,
  "data": "Server Error",
  "timeTaken": 289.45880000000034
}
Status code: 500
-------------------------------

[test number] should successfully handle input
Request:
{
  "gender": "MALE",
  "total_activity_duration": "SIX_TO_NINE_HOURS",
  "age": 75,
  "weight_today": 200,
  "height": 190,
  "category": "intermediate"
}
Response:
{
  "success": false,
  "status": 500,
  "data": "Server Error",
  "timeTaken": 289.63350000000355
}
Status code: 500
-------------------------------

[test number] should successfully handle input
Request:
{
  "gender": "MALE",
  "total_activity_duration": "THREE_TO_SIX_HOURS",
  "age": 100,
  "weight_today": 150,
  "height": 190,
  "category": "intermediate"
}
Response:
{
  "success": false,
  "status": 500,
  "data": "Server Error",
  "timeTaken": 295.35549999999785
}
Status code: 500
-------------------------------

[test number] should successfully handle input
Request:
{
  "gender": "MALE",
  "total_activity_duration": "TWELVE_PLUS_HOURS",
  "age": 50,
  "weight_today": 70,
  "height": 173,
  "category": "intermediate"
}
Response:
{
  "success": false,
  "status": 500,
  "data": "Server Error",
  "timeTaken": 284.54129999999714
}
Status code: 500
-------------------------------

[test number] should successfully handle input
Request:
{
  "gender": "MALE",
  "total_activity_duration": "TWELVE_PLUS_HOURS",
  "age": 100,
  "weight_today": 113.9,
  "height": 140,
  "category": "advanced"
}
Response:
{
  "success": false,
  "status": 500,
  "data": "Server Error",
  "timeTaken": 274.42580000000453
}
Status code: 500
-------------------------------

[test number] should successfully handle input
Request:
{
  "gender": "FEMALE",
  "total_activity_duration": "TWELVE_PLUS_HOURS",
  "age": 0,
  "weight_today": 70,
  "height": 190,
  "category": "advanced"
}
Response:
{
  "success": false,
  "status": 500,
  "data": "Server Error",
  "timeTaken": 275.42139999999927
}
Status code: 500
-------------------------------

[test number] should successfully handle input
Request:
{
  "gender": "FEMALE",
  "total_activity_duration": "THREE_TO_SIX_HOURS",
  "age": 50,
  "weight_today": 150,
  "height": 210,
  "category": "advanced"
}
Response:
{
  "success": false,
  "status": 500,
  "data": "Server Error",
  "timeTaken": 283.5398999999961
}
Status code: 500
-------------------------------

[test number] should successfully handle input
Request:
{
  "gender": "MALE",
  "total_activity_duration": "NINE_TO_TWELVE_HOURS",
  "age": 25,
  "weight_today": 30,
  "height": 140,
  "category": "advanced"
}
Response:
{
  "success": false,
  "status": 500,
  "data": "Server Error",
  "timeTaken": 286.5404000000053
}
Status code: 500
-------------------------------

[test number] should successfully handle input
Request:
{
  "gender": "FEMALE",
  "total_activity_duration": "TWELVE_PLUS_HOURS",
  "age": 100,
  "weight_today": 113.9,
  "height": 190,
  "category": "intermediate"
}
Response:
{
  "success": false,
  "status": 500,
  "data": "Server Error",
  "timeTaken": 278.08520000000135
}
Status code: 500
-------------------------------

[test number] should successfully handle input
Request:
{
  "gender": "FEMALE",
  "total_activity_duration": "SIX_TO_NINE_HOURS",
  "age": 25,
  "weight_today": 200,
  "height": 190,
  "category": "beginner"
}
Response:
{
  "success": false,
  "status": 500,
  "data": "Server Error",
  "timeTaken": 280.6218000000008
}
Status code: 500
-------------------------------

[test number] should successfully handle input
Request:
{
  "gender": "FEMALE",
  "total_activity_duration": "ZERO_TO_THREE_HOURS",
  "age": 25,
  "weight_today": 113.9,
  "height": 173,
  "category": "advanced"
}
Response:
{
  "success": false,
  "status": 500,
  "data": "Server Error",
  "timeTaken": 359.23099999999977
}
Status code: 500
-------------------------------

[test number] should successfully handle input
Request:
{
  "gender": "MALE",
  "total_activity_duration": "THREE_TO_SIX_HOURS",
  "age": 50,
  "weight_today": 150,
  "height": 160,
  "category": "advanced"
}
Response:
{
  "success": false,
  "status": 500,
  "data": "Server Error",
  "timeTaken": 273.6605000000054
}
Status code: 500
-------------------------------

[test number] should successfully handle input
Request:
{
  "gender": "FEMALE",
  "total_activity_duration": "THREE_TO_SIX_HOURS",
  "age": 0,
  "weight_today": 150,
  "height": 173,
  "category": "intermediate"
}
Response:
{
  "success": false,
  "status": 500,
  "data": "Server Error",
  "timeTaken": 275.9166999999943
}
Status code: 500
-------------------------------

[test number] should successfully handle input
Request:
{
  "gender": "MALE",
  "total_activity_duration": "THREE_TO_SIX_HOURS",
  "age": 0,
  "weight_today": 113.9,
  "height": 210,
  "category": "advanced"
}
Response:
{
  "success": false,
  "status": 500,
  "data": "Server Error",
  "timeTaken": 284.9467000000004
}
Status code: 500
-------------------------------

[test number] should successfully handle input
Request:
{
  "gender": "MALE",
  "total_activity_duration": "ZERO_TO_THREE_HOURS",
  "age": 75,
  "weight_today": 113.9,
  "height": 173,
  "category": "advanced"
}
Response:
{
  "success": false,
  "status": 500,
  "data": "Server Error",
  "timeTaken": 276.19319999999425
}
Status code: 500
-------------------------------

[test number] should successfully handle input
Request:
{
  "gender": "MALE",
  "total_activity_duration": "SIX_TO_NINE_HOURS",
  "age": 25,
  "weight_today": 200,
  "height": 160,
  "category": "advanced"
}
Response:
{
  "success": false,
  "status": 500,
  "data": "Server Error",
  "timeTaken": 293.66070000000036
}
Status code: 500
-------------------------------

[test number] should successfully handle input
Request:
{
  "gender": "FEMALE",
  "total_activity_duration": "ZERO_TO_THREE_HOURS",
  "age": 75,
  "weight_today": 150,
  "height": 140,
  "category": "intermediate"
}
Response:
{
  "success": false,
  "status": 500,
  "data": "Server Error",
  "timeTaken": 275.3613999999943
}
Status code: 500
-------------------------------

[test number] should successfully handle input
Request:
{
  "gender": "FEMALE",
  "total_activity_duration": "TWELVE_PLUS_HOURS",
  "age": 50,
  "weight_today": 113.9,
  "height": 160,
  "category": "beginner"
}
Response:
{
  "success": false,
  "status": 500,
  "data": "Server Error",
  "timeTaken": 304.72039999999834
}
Status code: 500
-------------------------------

[test number] should successfully handle input
Request:
{
  "gender": "FEMALE",
  "total_activity_duration": "NINE_TO_TWELVE_HOURS",
  "age": 25,
  "weight_today": 30,
  "height": 210,
  "category": "intermediate"
}
Response:
{
  "success": false,
  "status": 500,
  "data": "Server Error",
  "timeTaken": 302.31660000000556
}
Status code: 500
-------------------------------

[test number] should successfully handle input
Request:
{
  "gender": "MALE",
  "total_activity_duration": "ZERO_TO_THREE_HOURS",
  "age": 25,
  "weight_today": 70,
  "height": 210,
  "category": "advanced"
}
Response:
{
  "success": false,
  "status": 500,
  "data": "Server Error",
  "timeTaken": 269.98019999999815
}
Status code: 500
-------------------------------

[test number] should successfully handle input
Request:
{
  "gender": "MALE",
  "total_activity_duration": "NINE_TO_TWELVE_HOURS",
  "age": 75,
  "weight_today": 30,
  "height": 173,
  "category": "advanced"
}
Response:
{
  "success": false,
  "status": 500,
  "data": "Server Error",
  "timeTaken": 266.46749999999884
}
Status code: 500
-------------------------------

[test number] should successfully handle input
Request:
{
  "gender": "FEMALE",
  "total_activity_duration": "THREE_TO_SIX_HOURS",
  "age": 100,
  "weight_today": 200,
  "height": 173,
  "category": "beginner"
}
Response:
{
  "success": false,
  "status": 500,
  "data": "Server Error",
  "timeTaken": 270.40849999999773
}
Status code: 500
-------------------------------

[test number] should successfully handle input
Request:
{
  "gender": "MALE",
  "total_activity_duration": "TWELVE_PLUS_HOURS",
  "age": 0,
  "weight_today": 70,
  "height": 160,
  "category": "beginner"
}
Response:
{
  "success": false,
  "status": 500,
  "data": "Server Error",
  "timeTaken": 273.29670000000624
}
Status code: 500
-------------------------------

[test number] should successfully handle input
Request:
{
  "gender": "FEMALE",
  "total_activity_duration": "NINE_TO_TWELVE_HOURS",
  "age": 75,
  "weight_today": 70,
  "height": 160,
  "category": "beginner"
}
Response:
{
  "success": false,
  "status": 500,
  "data": "Server Error",
  "timeTaken": 274.34249999999884
}
Status code: 500
-------------------------------

[test number] should successfully handle input
Request:
{
  "gender": "FEMALE",
  "total_activity_duration": "SIX_TO_NINE_HOURS",
  "age": 100,
  "weight_today": 30,
  "height": 173,
  "category": "intermediate"
}
Response:
{
  "success": false,
  "status": 500,
  "data": "Server Error",
  "timeTaken": 275.1669000000038
}
Status code: 500
-------------------------------

[test number] should successfully handle input
Request:
{
  "gender": "MALE",
  "total_activity_duration": "THREE_TO_SIX_HOURS",
  "age": 100,
  "weight_today": 150,
  "height": 190,
  "category": "advanced"
}
Response:
{
  "success": false,
  "status": 500,
  "data": "Server Error",
  "timeTaken": 281.2120000000068
}
Status code: 500
-------------------------------

[test number] should successfully handle input
Request:
{
  "gender": "MALE",
  "total_activity_duration": "SIX_TO_NINE_HOURS",
  "age": 75,
  "weight_today": 200,
  "height": 190,
  "category": "advanced"
}
Response:
{
  "success": false,
  "status": 500,
  "data": "Server Error",
  "timeTaken": 287.2829000000056
}
Status code: 500
-------------------------------

[test number] should successfully handle input
Request:
{
  "gender": "FEMALE",
  "total_activity_duration": "TWELVE_PLUS_HOURS",
  "age": 0,
  "weight_today": 70,
  "height": 210,
  "category": "beginner"
}
Response:
{
  "success": false,
  "status": 500,
  "data": "Server Error",
  "timeTaken": 282.98099999999977
}
Status code: 500
-------------------------------

[test number] should successfully handle input
Request:
{
  "gender": "MALE",
  "total_activity_duration": "TWELVE_PLUS_HOURS",
  "age": 100,
  "weight_today": 113.9,
  "height": 160,
  "category": "beginner"
}
Response:
{
  "success": false,
  "status": 500,
  "data": "Server Error",
  "timeTaken": 292.0676999999996
}
Status code: 500
-------------------------------

[test number] should successfully handle input
Request:
{
  "gender": "MALE",
  "total_activity_duration": "NINE_TO_TWELVE_HOURS",
  "age": 25,
  "weight_today": 30,
  "height": 160,
  "category": "beginner"
}
Response:
{
  "success": false,
  "status": 500,
  "data": "Server Error",
  "timeTaken": 273.4227000000028
}
Status code: 500
-------------------------------

[test number] should successfully handle input
Request:
{
  "gender": "FEMALE",
  "total_activity_duration": "THREE_TO_SIX_HOURS",
  "age": 50,
  "weight_today": 200,
  "height": 140,
  "category": "beginner"
}
Response:
{
  "success": false,
  "status": 500,
  "data": "Server Error",
  "timeTaken": 277.8316999999952
}
Status code: 500
-------------------------------

[test number] should successfully handle input
Request:
{
  "gender": "FEMALE",
  "total_activity_duration": "SIX_TO_NINE_HOURS",
  "age": 25,
  "weight_today": 200,
  "height": 190,
  "category": "intermediate"
}
Response:
{
  "success": false,
  "status": 500,
  "data": "Server Error",
  "timeTaken": 276.11309999999503
}
Status code: 500
-------------------------------

[test number] should successfully handle input
Request:
{
  "gender": "FEMALE",
  "total_activity_duration": "TWELVE_PLUS_HOURS",
  "age": 100,
  "weight_today": 113.9,
  "height": 190,
  "category": "advanced"
}
Response:
{
  "success": false,
  "status": 500,
  "data": "Server Error",
  "timeTaken": 277.2488000000012
}
Status code: 500
-------------------------------

[test number] should successfully handle input
Request:
{
  "gender": "FEMALE",
  "total_activity_duration": "ZERO_TO_THREE_HOURS",
  "age": 25,
  "weight_today": 113.9,
  "height": 190,
  "category": "beginner"
}
Response:
{
  "success": false,
  "status": 500,
  "data": "Server Error",
  "timeTaken": 276.2086999999956
}
Status code: 500
-------------------------------

[test number] should successfully handle input
Request:
{
  "gender": "MALE",
  "total_activity_duration": "THREE_TO_SIX_HOURS",
  "age": 50,
  "weight_today": 150,
  "height": 173,
  "category": "beginner"
}
Response:
{
  "success": false,
  "status": 500,
  "data": "Server Error",
  "timeTaken": 272.65140000000247
}
Status code: 500
-------------------------------

[test number] should successfully handle input
Request:
{
  "gender": "MALE",
  "total_activity_duration": "TWELVE_PLUS_HOURS",
  "age": 50,
  "weight_today": 70,
  "height": 173,
  "category": "advanced"
}
Response:
{
  "success": false,
  "status": 500,
  "data": "Server Error",
  "timeTaken": 410.6568000000043
}
Status code: 500
-------------------------------

[test number] should successfully handle input
Request:
{
  "gender": "MALE",
  "total_activity_duration": "THREE_TO_SIX_HOURS",
  "age": 0,
  "weight_today": 150,
  "height": 140,
  "category": "beginner"
}
Response:
{
  "success": false,
  "status": 500,
  "data": "Server Error",
  "timeTaken": 271.93530000000464
}
Status code: 500
-------------------------------

[test number] should successfully handle input
Request:
{
  "gender": "MALE",
  "total_activity_duration": "ZERO_TO_THREE_HOURS",
  "age": 75,
  "weight_today": 113.9,
  "height": 190,
  "category": "beginner"
}
Response:
{
  "success": false,
  "status": 500,
  "data": "Server Error",
  "timeTaken": 275.14130000000296
}
Status code: 500
-------------------------------

[test number] should successfully handle input
Request:
{
  "gender": "FEMALE",
  "total_activity_duration": "THREE_TO_SIX_HOURS",
  "age": 0,
  "weight_today": 150,
  "height": 173,
  "category": "advanced"
}
Response:
{
  "success": false,
  "status": 500,
  "data": "Server Error",
  "timeTaken": 286.98449999999866
}
Status code: 500
-------------------------------

[test number] should successfully handle input
Request:
{
  "gender": "MALE",
  "total_activity_duration": "SIX_TO_NINE_HOURS",
  "age": 25,
  "weight_today": 200,
  "height": 173,
  "category": "beginner"
}
Response:
{
  "success": false,
  "status": 500,
  "data": "Server Error",
  "timeTaken": 276.3804999999993
}
Status code: 500
-------------------------------

[test number] should successfully handle input
Request:
{
  "gender": "FEMALE",
  "total_activity_duration": "ZERO_TO_THREE_HOURS",
  "age": 75,
  "weight_today": 150,
  "height": 140,
  "category": "advanced"
}
Response:
{
  "success": false,
  "status": 500,
  "data": "Server Error",
  "timeTaken": 284.24379999999655
}
Status code: 500
-------------------------------

[test number] should successfully handle input
Request:
{
  "gender": "FEMALE",
  "total_activity_duration": "TWELVE_PLUS_HOURS",
  "age": 50,
  "weight_today": 113.9,
  "height": 160,
  "category": "intermediate"
}
Response:
{
  "success": false,
  "status": 500,
  "data": "Server Error",
  "timeTaken": 281.0146999999997
}
Status code: 500
-------------------------------

[test number] should successfully handle input
Request:
{
  "gender": "FEMALE",
  "total_activity_duration": "NINE_TO_TWELVE_HOURS",
  "age": 25,
  "weight_today": 30,
  "height": 210,
  "category": "advanced"
}
Response:
{
  "success": false,
  "status": 500,
  "data": "Server Error",
  "timeTaken": 269.5818999999974
}
Status code: 500
-------------------------------

[test number] should successfully handle input
Request:
{
  "gender": "MALE",
  "total_activity_duration": "ZERO_TO_THREE_HOURS",
  "age": 25,
  "weight_today": 113.9,
  "height": 140,
  "category": "beginner"
}
Response:
{
  "success": false,
  "status": 500,
  "data": "Server Error",
  "timeTaken": 270.13780000000406
}
Status code: 500
-------------------------------

[test number] should successfully handle input
Request:
{
  "gender": "MALE",
  "total_activity_duration": "NINE_TO_TWELVE_HOURS",
  "age": 75,
  "weight_today": 30,
  "height": 190,
  "category": "beginner"
}
Response:
{
  "success": false,
  "status": 500,
  "data": "Server Error",
  "timeTaken": 276.1516999999949
}
Status code: 500
-------------------------------

[test number] should successfully handle input
Request:
{
  "gender": "MALE",
  "total_activity_duration": "TWELVE_PLUS_HOURS",
  "age": 0,
  "weight_today": 70,
  "height": 160,
  "category": "intermediate"
}
Response:
{
  "success": false,
  "status": 500,
  "data": "Server Error",
  "timeTaken": 283.247000000003
}
Status code: 500
-------------------------------

[test number] should successfully handle input
Request:
{
  "gender": "FEMALE",
  "total_activity_duration": "SIX_TO_NINE_HOURS",
  "age": 100,
  "weight_today": 30,
  "height": 173,
  "category": "advanced"
}
Response:
{
  "success": false,
  "status": 500,
  "data": "Server Error",
  "timeTaken": 284.81550000000425
}
Status code: 500
-------------------------------

[test number] should successfully handle input
Request:
{
  "gender": "FEMALE",
  "total_activity_duration": "THREE_TO_SIX_HOURS",
  "age": 100,
  "weight_today": 200,
  "height": 173,
  "category": "intermediate"
}
Response:
{
  "success": false,
  "status": 500,
  "data": "Server Error",
  "timeTaken": 296.44429999999556
}
Status code: 500
-------------------------------

[test number] should successfully handle input
Request:
{
  "gender": "MALE",
  "total_activity_duration": "THREE_TO_SIX_HOURS",
  "age": 100,
  "weight_today": 150,
  "height": 210,
  "category": "beginner"
}
Response:
{
  "success": false,
  "status": 500,
  "data": "Server Error",
  "timeTaken": 278.8695999999982
}
Status code: 500
-------------------------------

[test number] should successfully handle input
Request:
{
  "gender": "FEMALE",
  "total_activity_duration": "NINE_TO_TWELVE_HOURS",
  "age": 75,
  "weight_today": 70,
  "height": 160,
  "category": "intermediate"
}
Response:
{
  "success": false,
  "status": 500,
  "data": "Server Error",
  "timeTaken": 312.84679999999935
}
Status code: 500
-------------------------------

[test number] should successfully handle input
Request:
{
  "gender": "MALE",
  "total_activity_duration": "SIX_TO_NINE_HOURS",
  "age": 75,
  "weight_today": 200,
  "height": 210,
  "category": "beginner"
}
Response:
{
  "success": false,
  "status": 500,
  "data": "Server Error",
  "timeTaken": 295.21489999999903
}
Status code: 500
-------------------------------

[test number] should successfully handle input
Request:
{
  "gender": "FEMALE",
  "total_activity_duration": "TWELVE_PLUS_HOURS",
  "age": 0,
  "weight_today": 70,
  "height": 210,
  "category": "intermediate"
}
Response:
{
  "success": false,
  "status": 500,
  "data": "Server Error",
  "timeTaken": 273.45090000000346
}
Status code: 500
-------------------------------

[test number] should successfully handle input
Request:
{
  "gender": "MALE",
  "total_activity_duration": "TWELVE_PLUS_HOURS",
  "age": 100,
  "weight_today": 113.9,
  "height": 160,
  "category": "intermediate"
}
Response:
{
  "success": false,
  "status": 500,
  "data": "Server Error",
  "timeTaken": 281.62019999999757
}
Status code: 500
-------------------------------

[test number] should successfully handle input
Request:
{
  "gender": "MALE",
  "total_activity_duration": "NINE_TO_TWELVE_HOURS",
  "age": 25,
  "weight_today": 30,
  "height": 160,
  "category": "intermediate"
}
Response:
{
  "success": false,
  "status": 500,
  "data": "Server Error",
  "timeTaken": 276.1134999999995
}
Status code: 500
-------------------------------

[test number] should successfully handle input
Request:
{
  "gender": "FEMALE",
  "total_activity_duration": "THREE_TO_SIX_HOURS",
  "age": 50,
  "weight_today": 200,
  "height": 140,
  "category": "intermediate"
}
Response:
{
  "success": false,
  "status": 500,
  "data": "Server Error",
  "timeTaken": 275.8960999999981
}
Status code: 500
-------------------------------

[test number] should successfully handle input
Request:
{
  "gender": "FEMALE",
  "total_activity_duration": "TWELVE_PLUS_HOURS",
  "age": 100,
  "weight_today": 113.9,
  "height": 210,
  "category": "beginner"
}
Response:
{
  "success": false,
  "status": 500,
  "data": "Server Error",
  "timeTaken": 279.17660000000615
}
Status code: 500
-------------------------------

[test number] should successfully handle input
Request:
{
  "gender": "FEMALE",
  "total_activity_duration": "SIX_TO_NINE_HOURS",
  "age": 25,
  "weight_today": 200,
  "height": 190,
  "category": "advanced"
}
Response:
{
  "success": false,
  "status": 500,
  "data": "Server Error",
  "timeTaken": 279.38009999999485
}
Status code: 500
-------------------------------

[test number] should successfully handle input
Request:
{
  "gender": "MALE",
  "total_activity_duration": "THREE_TO_SIX_HOURS",
  "age": 50,
  "weight_today": 150,
  "height": 173,
  "category": "intermediate"
}
Response:
{
  "success": false,
  "status": 500,
  "data": "Server Error",
  "timeTaken": 278.5758999999962
}
Status code: 500
-------------------------------

[test number] should successfully handle input
Request:
{
  "gender": "FEMALE",
  "total_activity_duration": "ZERO_TO_THREE_HOURS",
  "age": 25,
  "weight_today": 113.9,
  "height": 190,
  "category": "intermediate"
}
Response:
{
  "success": false,
  "status": 500,
  "data": "Server Error",
  "timeTaken": 282.3133000000016
}
Status code: 500
-------------------------------

[test number] should successfully handle input
Request:
{
  "gender": "MALE",
  "total_activity_duration": "THREE_TO_SIX_HOURS",
  "age": 0,
  "weight_today": 150,
  "height": 140,
  "category": "intermediate"
}
Response:
{
  "success": false,
  "status": 500,
  "data": "Server Error",
  "timeTaken": 273.2462999999989
}
Status code: 500
-------------------------------

[test number] should successfully handle input
Request:
{
  "gender": "MALE",
  "total_activity_duration": "SIX_TO_NINE_HOURS",
  "age": 25,
  "weight_today": 200,
  "height": 173,
  "category": "intermediate"
}
Response:
{
  "success": false,
  "status": 500,
  "data": "Server Error",
  "timeTaken": 275.04209999999875
}
Status code: 500
-------------------------------

[test number] should successfully handle input
Request:
{
  "gender": "FEMALE",
  "total_activity_duration": "ZERO_TO_THREE_HOURS",
  "age": 75,
  "weight_today": 150,
  "height": 160,
  "category": "beginner"
}
Response:
{
  "success": false,
  "status": 500,
  "data": "Server Error",
  "timeTaken": 272.1970000000001
}
Status code: 500
-------------------------------

[test number] should successfully handle input
Request:
{
  "gender": "FEMALE",
  "total_activity_duration": "TWELVE_PLUS_HOURS",
  "age": 50,
  "weight_today": 113.9,
  "height": 160,
  "category": "advanced"
}
Response:
{
  "success": false,
  "status": 500,
  "data": "Server Error",
  "timeTaken": 283.190300000002
}
Status code: 500
-------------------------------

[test number] should successfully handle input
Request:
{
  "gender": "MALE",
  "total_activity_duration": "ZERO_TO_THREE_HOURS",
  "age": 75,
  "weight_today": 113.9,
  "height": 190,
  "category": "intermediate"
}
Response:
{
  "success": false,
  "status": 500,
  "data": "Server Error",
  "timeTaken": 314.8600000000006
}
Status code: 500
-------------------------------

[test number] should successfully handle input
Request:
{
  "gender": "MALE",
  "total_activity_duration": "NINE_TO_TWELVE_HOURS",
  "age": 75,
  "weight_today": 30,
  "height": 190,
  "category": "intermediate"
}
Response:
{
  "success": false,
  "status": 500,
  "data": "Server Error",
  "timeTaken": 276.5708000000013
}
Status code: 500
-------------------------------

[test number] should successfully handle input
Request:
{
  "gender": "MALE",
  "total_activity_duration": "ZERO_TO_THREE_HOURS",
  "age": 25,
  "weight_today": 113.9,
  "height": 140,
  "category": "intermediate"
}
Response:
{
  "success": false,
  "status": 500,
  "data": "Server Error",
  "timeTaken": 294.03779999999824
}
Status code: 500
-------------------------------

[test number] should successfully handle input
Request:
{
  "gender": "FEMALE",
  "total_activity_duration": "NINE_TO_TWELVE_HOURS",
  "age": 25,
  "weight_today": 70,
  "height": 140,
  "category": "beginner"
}
Response:
{
  "success": false,
  "status": 500,
  "data": "Server Error",
  "timeTaken": 295.9441999999981
}
Status code: 500
-------------------------------

[test number] should successfully handle input
Request:
{
  "gender": "FEMALE",
  "total_activity_duration": "THREE_TO_SIX_HOURS",
  "age": 0,
  "weight_today": 150,
  "height": 190,
  "category": "beginner"
}
Response:
{
  "success": false,
  "status": 500,
  "data": "Server Error",
  "timeTaken": 344.6579999999958
}
Status code: 500
-------------------------------

[test number] should successfully handle input
Request:
{
  "gender": "MALE",
  "total_activity_duration": "TWELVE_PLUS_HOURS",
  "age": 50,
  "weight_today": 70,
  "height": 190,
  "category": "beginner"
}
Response:
{
  "success": false,
  "status": 500,
  "data": "Server Error",
  "timeTaken": 361.21190000000206
}
Status code: 500
-------------------------------

[test number] should successfully handle input
Request:
{
  "gender": "FEMALE",
  "total_activity_duration": "SIX_TO_NINE_HOURS",
  "age": 100,
  "weight_today": 30,
  "height": 190,
  "category": "beginner"
}
Response:
{
  "success": false,
  "status": 500,
  "data": "Server Error",
  "timeTaken": 277.24550000000454
}
Status code: 500
-------------------------------

[test number] should successfully handle input
Request:
{
  "gender": "MALE",
  "total_activity_duration": "TWELVE_PLUS_HOURS",
  "age": 0,
  "weight_today": 70,
  "height": 160,
  "category": "advanced"
}
Response:
{
  "success": false,
  "status": 500,
  "data": "Server Error",
  "timeTaken": 284.74520000000484
}
Status code: 500
-------------------------------

[test number] should successfully handle input
Request:
{
  "gender": "FEMALE",
  "total_activity_duration": "THREE_TO_SIX_HOURS",
  "age": 100,
  "weight_today": 200,
  "height": 173,
  "category": "advanced"
}
Response:
{
  "success": false,
  "status": 500,
  "data": "Server Error",
  "timeTaken": 271.0479999999952
}
Status code: 500
-------------------------------

[test number] should successfully handle input
Request:
{
  "gender": "MALE",
  "total_activity_duration": "THREE_TO_SIX_HOURS",
  "age": 100,
  "weight_today": 150,
  "height": 210,
  "category": "intermediate"
}
Response:
{
  "success": false,
  "status": 500,
  "data": "Server Error",
  "timeTaken": 274.1368999999977
}
Status code: 500
-------------------------------

[test number] should successfully handle input
Request:
{
  "gender": "FEMALE",
  "total_activity_duration": "NINE_TO_TWELVE_HOURS",
  "age": 75,
  "weight_today": 70,
  "height": 160,
  "category": "advanced"
}
Response:
{
  "success": false,
  "status": 500,
  "data": "Server Error",
  "timeTaken": 277.4432000000015
}
Status code: 500
-------------------------------

[test number] should successfully handle input
Request:
{
  "gender": "MALE",
  "total_activity_duration": "SIX_TO_NINE_HOURS",
  "age": 75,
  "weight_today": 200,
  "height": 210,
  "category": "intermediate"
}
Response:
{
  "success": false,
  "status": 500,
  "data": "Server Error",
  "timeTaken": 275.4032999999981
}
Status code: 500
-------------------------------

[test number] should successfully handle input
Request:
{
  "gender": "MALE",
  "total_activity_duration": "TWELVE_PLUS_HOURS",
  "age": 100,
  "weight_today": 113.9,
  "height": 160,
  "category": "advanced"
}
Response:
{
  "success": false,
  "status": 500,
  "data": "Server Error",
  "timeTaken": 298.6840000000011
}
Status code: 500
-------------------------------

[test number] should successfully handle input
Request:
{
  "gender": "MALE",
  "total_activity_duration": "NINE_TO_TWELVE_HOURS",
  "age": 25,
  "weight_today": 30,
  "height": 160,
  "category": "advanced"
}
Response:
{
  "success": false,
  "status": 500,
  "data": "Server Error",
  "timeTaken": 273.15060000000085
}
Status code: 500
-------------------------------

[test number] should successfully handle input
Request:
{
  "gender": "FEMALE",
  "total_activity_duration": "SIX_TO_NINE_HOURS",
  "age": 25,
  "weight_today": 200,
  "height": 210,
  "category": "beginner"
}
Response:
{
  "success": false,
  "status": 500,
  "data": "Server Error",
  "timeTaken": 270.46570000000065
}
Status code: 500
-------------------------------

[test number] should successfully handle input
Request:
{
  "gender": "FEMALE",
  "total_activity_duration": "TWELVE_PLUS_HOURS",
  "age": 100,
  "weight_today": 113.9,
  "height": 210,
  "category": "intermediate"
}
Response:
{
  "success": false,
  "status": 500,
  "data": "Server Error",
  "timeTaken": 270.9850000000006
}
Status code: 500
-------------------------------

[test number] should successfully handle input
Request:
{
  "gender": "FEMALE",
  "total_activity_duration": "TWELVE_PLUS_HOURS",
  "age": 0,
  "weight_today": 70,
  "height": 210,
  "category": "advanced"
}
Response:
{
  "success": false,
  "status": 500,
  "data": "Server Error",
  "timeTaken": 364.0345000000016
}
Status code: 500
-------------------------------

[test number] should successfully handle input
Request:
{
  "gender": "FEMALE",
  "total_activity_duration": "THREE_TO_SIX_HOURS",
  "age": 50,
  "weight_today": 200,
  "height": 140,
  "category": "advanced"
}
Response:
{
  "success": false,
  "status": 500,
  "data": "Server Error",
  "timeTaken": 316.3003000000026
}
Status code: 500
-------------------------------

[test number] should successfully handle input
Request:
{
  "gender": "MALE",
  "total_activity_duration": "THREE_TO_SIX_HOURS",
  "age": 50,
  "weight_today": 150,
  "height": 173,
  "category": "advanced"
}
Response:
{
  "success": false,
  "status": 500,
  "data": "Server Error",
  "timeTaken": 272.02769999999873
}
Status code: 500
-------------------------------

[test number] should successfully handle input
Request:
{
  "gender": "FEMALE",
  "total_activity_duration": "ZERO_TO_THREE_HOURS",
  "age": 25,
  "weight_today": 113.9,
  "height": 190,
  "category": "advanced"
}
Response:
{
  "success": false,
  "status": 500,
  "data": "Server Error",
  "timeTaken": 285.7904999999955
}
Status code: 500
-------------------------------

[test number] should successfully handle input
Request:
{
  "gender": "MALE",
  "total_activity_duration": "THREE_TO_SIX_HOURS",
  "age": 0,
  "weight_today": 150,
  "height": 140,
  "category": "advanced"
}
Response:
{
  "success": false,
  "status": 500,
  "data": "Server Error",
  "timeTaken": 272.39040000000386
}
Status code: 500
-------------------------------

[test number] should successfully handle input
Request:
{
  "gender": "MALE",
  "total_activity_duration": "SIX_TO_NINE_HOURS",
  "age": 25,
  "weight_today": 200,
  "height": 173,
  "category": "advanced"
}
Response:
{
  "success": false,
  "status": 500,
  "data": "Server Error",
  "timeTaken": 285.2537000000011
}
Status code: 500
-------------------------------

[test number] should successfully handle input
Request:
{
  "gender": "FEMALE",
  "total_activity_duration": "TWELVE_PLUS_HOURS",
  "age": 50,
  "weight_today": 113.9,
  "height": 173,
  "category": "beginner"
}
Response:
{
  "success": false,
  "status": 500,
  "data": "Server Error",
  "timeTaken": 278.8020000000033
}
Status code: 500
-------------------------------

[test number] should successfully handle input
Request:
{
  "gender": "MALE",
  "total_activity_duration": "NINE_TO_TWELVE_HOURS",
  "age": 75,
  "weight_today": 30,
  "height": 190,
  "category": "advanced"
}
Response:
{
  "success": false,
  "status": 500,
  "data": "Server Error",
  "timeTaken": 280.6956999999966
}
Status code: 500
-------------------------------

[test number] should successfully handle input
Request:
{
  "gender": "MALE",
  "total_activity_duration": "ZERO_TO_THREE_HOURS",
  "age": 75,
  "weight_today": 113.9,
  "height": 190,
  "category": "advanced"
}
Response:
{
  "success": false,
  "status": 500,
  "data": "Server Error",
  "timeTaken": 292.51520000000164
}
Status code: 500
-------------------------------

[test number] should successfully handle input
Request:
{
  "gender": "FEMALE",
  "total_activity_duration": "NINE_TO_TWELVE_HOURS",
  "age": 25,
  "weight_today": 70,
  "height": 140,
  "category": "intermediate"
}
Response:
{
  "success": false,
  "status": 500,
  "data": "Server Error",
  "timeTaken": 288.3931999999986
}
Status code: 500
-------------------------------

[test number] should successfully handle input
Request:
{
  "gender": "FEMALE",
  "total_activity_duration": "ZERO_TO_THREE_HOURS",
  "age": 75,
  "weight_today": 150,
  "height": 160,
  "category": "intermediate"
}
Response:
{
  "success": false,
  "status": 500,
  "data": "Server Error",
  "timeTaken": 300.1923999999999
}
Status code: 500
-------------------------------

[test number] should successfully handle input
Request:
{
  "gender": "MALE",
  "total_activity_duration": "ZERO_TO_THREE_HOURS",
  "age": 25,
  "weight_today": 113.9,
  "height": 140,
  "category": "advanced"
}
Response:
{
  "success": false,
  "status": 500,
  "data": "Server Error",
  "timeTaken": 285.9179000000004
}
Status code: 500
-------------------------------

[test number] should successfully handle input
Request:
{
  "gender": "FEMALE",
  "total_activity_duration": "THREE_TO_SIX_HOURS",
  "age": 0,
  "weight_today": 150,
  "height": 190,
  "category": "intermediate"
}
Response:
{
  "success": false,
  "status": 500,
  "data": "Server Error",
  "timeTaken": 283.9985000000015
}
Status code: 500
-------------------------------

[test number] should successfully handle input
Request:
{
  "gender": "MALE",
  "total_activity_duration": "TWELVE_PLUS_HOURS",
  "age": 50,
  "weight_today": 70,
  "height": 190,
  "category": "intermediate"
}
Response:
{
  "success": false,
  "status": 500,
  "data": "Server Error",
  "timeTaken": 280.5896999999968
}
Status code: 500
-------------------------------

[test number] should successfully handle input
Request:
{
  "gender": "FEMALE",
  "total_activity_duration": "SIX_TO_NINE_HOURS",
  "age": 100,
  "weight_today": 30,
  "height": 190,
  "category": "intermediate"
}
Response:
{
  "success": false,
  "status": 500,
  "data": "Server Error",
  "timeTaken": 267.8471000000063
}
Status code: 500
-------------------------------

[test number] should successfully handle input
Request:
{
  "gender": "MALE",
  "total_activity_duration": "TWELVE_PLUS_HOURS",
  "age": 0,
  "weight_today": 70,
  "height": 173,
  "category": "beginner"
}
Response:
{
  "success": false,
  "status": 500,
  "data": "Server Error",
  "timeTaken": 278.98510000000533
}
Status code: 500
-------------------------------

[test number] should successfully handle input
Request:
{
  "gender": "MALE",
  "total_activity_duration": "THREE_TO_SIX_HOURS",
  "age": 100,
  "weight_today": 150,
  "height": 210,
  "category": "advanced"
}
Response:
{
  "success": false,
  "status": 500,
  "data": "Server Error",
  "timeTaken": 286.46889999999985
}
Status code: 500
-------------------------------

[test number] should successfully handle input
Request:
{
  "gender": "FEMALE",
  "total_activity_duration": "THREE_TO_SIX_HOURS",
  "age": 100,
  "weight_today": 200,
  "height": 190,
  "category": "beginner"
}
Response:
{
  "success": false,
  "status": 500,
  "data": "Server Error",
  "timeTaken": 291.76260000000184
}
Status code: 500
-------------------------------

[test number] should successfully handle input
Request:
{
  "gender": "FEMALE",
  "total_activity_duration": "NINE_TO_TWELVE_HOURS",
  "age": 75,
  "weight_today": 70,
  "height": 173,
  "category": "beginner"
}
Response:
{
  "success": false,
  "status": 500,
  "data": "Server Error",
  "timeTaken": 280.1840000000011
}
Status code: 500
-------------------------------

[test number] should successfully handle input
Request:
{
  "gender": "MALE",
  "total_activity_duration": "SIX_TO_NINE_HOURS",
  "age": 75,
  "weight_today": 200,
  "height": 210,
  "category": "advanced"
}
Response:
{
  "success": false,
  "status": 500,
  "data": "Server Error",
  "timeTaken": 304.72580000000016
}
Status code: 500
-------------------------------

[test number] should successfully handle input
Request:
{
  "gender": "MALE",
  "total_activity_duration": "TWELVE_PLUS_HOURS",
  "age": 100,
  "weight_today": 113.9,
  "height": 173,
  "category": "beginner"
}
Response:
{
  "success": false,
  "status": 500,
  "data": "Server Error",
  "timeTaken": 282.9569999999949
}
Status code: 500
-------------------------------

[test number] should successfully handle input
Request:
{
  "gender": "MALE",
  "total_activity_duration": "NINE_TO_TWELVE_HOURS",
  "age": 25,
  "weight_today": 30,
  "height": 173,
  "category": "beginner"
}
Response:
{
  "success": false,
  "status": 500,
  "data": "Server Error",
  "timeTaken": 284.2428
}
Status code: 500
-------------------------------

[test number] should successfully handle input
Request:
{
  "gender": "FEMALE",
  "total_activity_duration": "TWELVE_PLUS_HOURS",
  "age": 100,
  "weight_today": 113.9,
  "height": 210,
  "category": "advanced"
}
Response:
{
  "success": false,
  "status": 500,
  "data": "Server Error",
  "timeTaken": 267.3606
}
Status code: 500
-------------------------------

[test number] should successfully handle input
Request:
{
  "gender": "FEMALE",
  "total_activity_duration": "THREE_TO_SIX_HOURS",
  "age": 50,
  "weight_today": 200,
  "height": 160,
  "category": "beginner"
}
Response:
{
  "success": false,
  "status": 500,
  "data": "Server Error",
  "timeTaken": 278.55349999999453
}
Status code: 500
-------------------------------

[test number] should successfully handle input
Request:
{
  "gender": "FEMALE",
  "total_activity_duration": "SIX_TO_NINE_HOURS",
  "age": 25,
  "weight_today": 200,
  "height": 210,
  "category": "intermediate"
}
Response:
{
  "success": false,
  "status": 500,
  "data": "Server Error",
  "timeTaken": 281.4287999999942
}
Status code: 500
-------------------------------

[test number] should successfully handle input
Request:
{
  "gender": "FEMALE",
  "total_activity_duration": "TWELVE_PLUS_HOURS",
  "age": 0,
  "weight_today": 113.9,
  "height": 140,
  "category": "beginner"
}
Response:
{
  "success": false,
  "status": 500,
  "data": "Server Error",
  "timeTaken": 286.91429999999673
}
Status code: 500
-------------------------------

[test number] should successfully handle input
Request:
{
  "gender": "FEMALE",
  "total_activity_duration": "ZERO_TO_THREE_HOURS",
  "age": 25,
  "weight_today": 113.9,
  "height": 210,
  "category": "beginner"
}
Response:
{
  "success": false,
  "status": 500,
  "data": "Server Error",
  "timeTaken": 275.3790000000008
}
Status code: 500
-------------------------------

[test number] should successfully handle input
Request:
{
  "gender": "MALE",
  "total_activity_duration": "THREE_TO_SIX_HOURS",
  "age": 0,
  "weight_today": 150,
  "height": 160,
  "category": "beginner"
}
Response:
{
  "success": false,
  "status": 500,
  "data": "Server Error",
  "timeTaken": 289.7983999999997
}
Status code: 500
-------------------------------

[test number] should successfully handle input
Request:
{
  "gender": "MALE",
  "total_activity_duration": "SIX_TO_NINE_HOURS",
  "age": 25,
  "weight_today": 200,
  "height": 190,
  "category": "beginner"
}
Response:
{
  "success": false,
  "status": 500,
  "data": "Server Error",
  "timeTaken": 282.47230000000127
}
Status code: 500
-------------------------------

[test number] should successfully handle input
Request:
{
  "gender": "MALE",
  "total_activity_duration": "THREE_TO_SIX_HOURS",
  "age": 50,
  "weight_today": 150,
  "height": 190,
  "category": "beginner"
}
Response:
{
  "success": false,
  "status": 500,
  "data": "Server Error",
  "timeTaken": 352.58320000000094
}
Status code: 500
-------------------------------

[test number] should successfully handle input
Request:
{
  "gender": "FEMALE",
  "total_activity_duration": "TWELVE_PLUS_HOURS",
  "age": 50,
  "weight_today": 113.9,
  "height": 173,
  "category": "intermediate"
}
Response:
{
  "success": false,
  "status": 500,
  "data": "Server Error",
  "timeTaken": 298.3533000000025
}
Status code: 500
-------------------------------

[test number] should successfully handle input
Request:
{
  "gender": "MALE",
  "total_activity_duration": "NINE_TO_TWELVE_HOURS",
  "age": 75,
  "weight_today": 30,
  "height": 210,
  "category": "beginner"
}
Response:
{
  "success": false,
  "status": 500,
  "data": "Server Error",
  "timeTaken": 274.51230000000214
}
Status code: 500
-------------------------------

[test number] should successfully handle input
Request:
{
  "gender": "MALE",
  "total_activity_duration": "ZERO_TO_THREE_HOURS",
  "age": 75,
  "weight_today": 113.9,
  "height": 210,
  "category": "beginner"
}
Response:
{
  "success": false,
  "status": 500,
  "data": "Server Error",
  "timeTaken": 275.96779999999853
}
Status code: 500
-------------------------------

[test number] should successfully handle input
Request:
{
  "gender": "FEMALE",
  "total_activity_duration": "THREE_TO_SIX_HOURS",
  "age": 0,
  "weight_today": 150,
  "height": 190,
  "category": "advanced"
}
Response:
{
  "success": false,
  "status": 500,
  "data": "Server Error",
  "timeTaken": 279.5607999999993
}
Status code: 500
-------------------------------

[test number] should successfully handle input
Request:
{
  "gender": "MALE",
  "total_activity_duration": "ZERO_TO_THREE_HOURS",
  "age": 25,
  "weight_today": 113.9,
  "height": 160,
  "category": "beginner"
}
Response:
{
  "success": false,
  "status": 500,
  "data": "Server Error",
  "timeTaken": 288.8701000000001
}
Status code: 500
-------------------------------

[test number] should successfully handle input
Request:
{
  "gender": "FEMALE",
  "total_activity_duration": "ZERO_TO_THREE_HOURS",
  "age": 75,
  "weight_today": 150,
  "height": 160,
  "category": "advanced"
}
Response:
{
  "success": false,
  "status": 500,
  "data": "Server Error",
  "timeTaken": 297.0761999999959
}
Status code: 500
-------------------------------

[test number] should successfully handle input
Request:
{
  "gender": "FEMALE",
  "total_activity_duration": "NINE_TO_TWELVE_HOURS",
  "age": 25,
  "weight_today": 70,
  "height": 140,
  "category": "advanced"
}
Response:
{
  "success": false,
  "status": 500,
  "data": "Server Error",
  "timeTaken": 297.2376000000004
}
Status code: 500
-------------------------------

[test number] should successfully handle input
Request:
{
  "gender": "MALE",
  "total_activity_duration": "TWELVE_PLUS_HOURS",
  "age": 50,
  "weight_today": 70,
  "height": 190,
  "category": "advanced"
}
Response:
{
  "success": false,
  "status": 500,
  "data": "Server Error",
  "timeTaken": 294.06020000000717
}
Status code: 500
-------------------------------

[test number] should successfully handle input
Request:
{
  "gender": "FEMALE",
  "total_activity_duration": "SIX_TO_NINE_HOURS",
  "age": 100,
  "weight_today": 30,
  "height": 190,
  "category": "advanced"
}
Response:
{
  "success": false,
  "status": 500,
  "data": "Server Error",
  "timeTaken": 266.26060000000143
}
Status code: 500
-------------------------------

[test number] should successfully handle input
Request:
{
  "gender": "FEMALE",
  "total_activity_duration": "THREE_TO_SIX_HOURS",
  "age": 100,
  "weight_today": 200,
  "height": 190,
  "category": "intermediate"
}
Response:
{
  "success": false,
  "status": 500,
  "data": "Server Error",
  "timeTaken": 280.4806000000026
}
Status code: 500
-------------------------------

[test number] should successfully handle input
Request:
{
  "gender": "MALE",
  "total_activity_duration": "THREE_TO_SIX_HOURS",
  "age": 100,
  "weight_today": 200,
  "height": 140,
  "category": "beginner"
}
Response:
{
  "success": false,
  "status": 500,
  "data": "Server Error",
  "timeTaken": 283.4936000000016
}
Status code: 500
-------------------------------

[test number] should successfully handle input
Request:
{
  "gender": "FEMALE",
  "total_activity_duration": "NINE_TO_TWELVE_HOURS",
  "age": 75,
  "weight_today": 70,
  "height": 173,
  "category": "intermediate"
}
Response:
{
  "success": false,
  "status": 500,
  "data": "Server Error",
  "timeTaken": 294.5400000000009
}
Status code: 500
-------------------------------

[test number] should successfully handle input
Request:
{
  "gender": "MALE",
  "total_activity_duration": "TWELVE_PLUS_HOURS",
  "age": 0,
  "weight_today": 70,
  "height": 173,
  "category": "intermediate"
}
Response:
{
  "success": false,
  "status": 500,
  "data": "Server Error",
  "timeTaken": 295.5089999999982
}
Status code: 500
-------------------------------

[test number] should successfully handle input
Request:
{
  "gender": "MALE",
  "total_activity_duration": "SIX_TO_NINE_HOURS",
  "age": 100,
  "weight_today": 30,
  "height": 140,
  "category": "beginner"
}
Response:
{
  "success": false,
  "status": 500,
  "data": "Server Error",
  "timeTaken": 263.40849999999773
}
Status code: 500
-------------------------------

[test number] should successfully handle input
Request:
{
  "gender": "MALE",
  "total_activity_duration": "TWELVE_PLUS_HOURS",
  "age": 100,
  "weight_today": 113.9,
  "height": 173,
  "category": "intermediate"
}
Response:
{
  "success": false,
  "status": 500,
  "data": "Server Error",
  "timeTaken": 286.52560000000085
}
Status code: 500
-------------------------------

[test number] should successfully handle input
Request:
{
  "gender": "MALE",
  "total_activity_duration": "NINE_TO_TWELVE_HOURS",
  "age": 25,
  "weight_today": 30,
  "height": 173,
  "category": "intermediate"
}
Response:
{
  "success": false,
  "status": 500,
  "data": "Server Error",
  "timeTaken": 279.9092000000019
}
Status code: 500
-------------------------------

[test number] should successfully handle input
Request:
{
  "gender": "FEMALE",
  "total_activity_duration": "TWELVE_PLUS_HOURS",
  "age": 100,
  "weight_today": 150,
  "height": 140,
  "category": "beginner"
}
Response:
{
  "success": false,
  "status": 500,
  "data": "Server Error",
  "timeTaken": 275.6738000000041
}
Status code: 500
-------------------------------

[test number] should successfully handle input
Request:
{
  "gender": "FEMALE",
  "total_activity_duration": "SIX_TO_NINE_HOURS",
  "age": 25,
  "weight_today": 200,
  "height": 210,
  "category": "advanced"
}
Response:
{
  "success": false,
  "status": 500,
  "data": "Server Error",
  "timeTaken": 274.6840999999986
}
Status code: 500
-------------------------------

[test number] should successfully handle input
Request:
{
  "gender": "FEMALE",
  "total_activity_duration": "TWELVE_PLUS_HOURS",
  "age": 0,
  "weight_today": 113.9,
  "height": 140,
  "category": "intermediate"
}
Response:
{
  "success": false,
  "status": 500,
  "data": "Server Error",
  "timeTaken": 282.9653000000035
}
Status code: 500
-------------------------------

[test number] should successfully handle input
Request:
{
  "gender": "FEMALE",
  "total_activity_duration": "THREE_TO_SIX_HOURS",
  "age": 50,
  "weight_today": 200,
  "height": 160,
  "category": "intermediate"
}
Response:
{
  "success": false,
  "status": 500,
  "data": "Server Error",
  "timeTaken": 286.075800000006
}
Status code: 500
-------------------------------

[test number] should successfully handle input
Request:
{
  "gender": "FEMALE",
  "total_activity_duration": "ZERO_TO_THREE_HOURS",
  "age": 25,
  "weight_today": 113.9,
  "height": 210,
  "category": "intermediate"
}
Response:
{
  "success": false,
  "status": 500,
  "data": "Server Error",
  "timeTaken": 282.4326000000001
}
Status code: 500
-------------------------------

[test number] should successfully handle input
Request:
{
  "gender": "MALE",
  "total_activity_duration": "THREE_TO_SIX_HOURS",
  "age": 0,
  "weight_today": 150,
  "height": 160,
  "category": "intermediate"
}
Response:
{
  "success": false,
  "status": 500,
  "data": "Server Error",
  "timeTaken": 278.9241000000038
}
Status code: 500
-------------------------------

[test number] should successfully handle input
Request:
{
  "gender": "MALE",
  "total_activity_duration": "SIX_TO_NINE_HOURS",
  "age": 25,
  "weight_today": 200,
  "height": 190,
  "category": "intermediate"
}
Response:
{
  "success": false,
  "status": 500,
  "data": "Server Error",
  "timeTaken": 279.43789999999717
}
Status code: 500
-------------------------------

[test number] should successfully handle input
Request:
{
  "gender": "FEMALE",
  "total_activity_duration": "TWELVE_PLUS_HOURS",
  "age": 50,
  "weight_today": 113.9,
  "height": 173,
  "category": "advanced"
}
Response:
{
  "success": false,
  "status": 500,
  "data": "Server Error",
  "timeTaken": 273.0929000000033
}
Status code: 500
-------------------------------

[test number] should successfully handle input
Request:
{
  "gender": "MALE",
  "total_activity_duration": "ZERO_TO_THREE_HOURS",
  "age": 75,
  "weight_today": 113.9,
  "height": 210,
  "category": "intermediate"
}
Response:
{
  "success": false,
  "status": 500,
  "data": "Server Error",
  "timeTaken": 267.17230000000563
}
Status code: 500
-------------------------------

[test number] should successfully handle input
Request:
{
  "gender": "MALE",
  "total_activity_duration": "THREE_TO_SIX_HOURS",
  "age": 50,
  "weight_today": 150,
  "height": 190,
  "category": "intermediate"
}
Response:
{
  "success": false,
  "status": 500,
  "data": "Server Error",
  "timeTaken": 290.76640000000043
}
Status code: 500
-------------------------------

[test number] should successfully handle input
Request:
{
  "gender": "MALE",
  "total_activity_duration": "NINE_TO_TWELVE_HOURS",
  "age": 75,
  "weight_today": 30,
  "height": 210,
  "category": "intermediate"
}
Response:
{
  "success": false,
  "status": 500,
  "data": "Server Error",
  "timeTaken": 280.02620000000024
}
Status code: 500
-------------------------------

[test number] should successfully handle input
Request:
{
  "gender": "FEMALE",
  "total_activity_duration": "THREE_TO_SIX_HOURS",
  "age": 0,
  "weight_today": 150,
  "height": 210,
  "category": "beginner"
}
Response:
{
  "success": false,
  "status": 500,
  "data": "Server Error",
  "timeTaken": 270.68300000000454
}
Status code: 500
-------------------------------

[test number] should successfully handle input
Request:
{
  "gender": "MALE",
  "total_activity_duration": "ZERO_TO_THREE_HOURS",
  "age": 25,
  "weight_today": 113.9,
  "height": 160,
  "category": "intermediate"
}
Response:
{
  "success": false,
  "status": 500,
  "data": "Server Error",
  "timeTaken": 274.17809999999736
}
Status code: 500
-------------------------------

[test number] should successfully handle input
Request:
{
  "gender": "FEMALE",
  "total_activity_duration": "ZERO_TO_THREE_HOURS",
  "age": 75,
  "weight_today": 150,
  "height": 173,
  "category": "beginner"
}
Response:
{
  "success": false,
  "status": 500,
  "data": "Server Error",
  "timeTaken": 286.11820000000444
}
Status code: 500
-------------------------------

[test number] should successfully handle input
Request:
{
  "gender": "FEMALE",
  "total_activity_duration": "NINE_TO_TWELVE_HOURS",
  "age": 25,
  "weight_today": 70,
  "height": 160,
  "category": "beginner"
}
Response:
{
  "success": false,
  "status": 500,
  "data": "Server Error",
  "timeTaken": 289.0926999999938
}
Status code: 500
-------------------------------

[test number] should successfully handle input
Request:
{
  "gender": "MALE",
  "total_activity_duration": "TWELVE_PLUS_HOURS",
  "age": 50,
  "weight_today": 70,
  "height": 210,
  "category": "beginner"
}
Response:
{
  "success": false,
  "status": 500,
  "data": "Server Error",
  "timeTaken": 272.9279000000024
}
Status code: 500
-------------------------------

[test number] should successfully handle input
Request:
{
  "gender": "FEMALE",
  "total_activity_duration": "SIX_TO_NINE_HOURS",
  "age": 100,
  "weight_today": 30,
  "height": 210,
  "category": "beginner"
}
Response:
{
  "success": false,
  "status": 500,
  "data": "Server Error",
  "timeTaken": 276.14220000000205
}
Status code: 500
-------------------------------

[test number] should successfully handle input
Request:
{
  "gender": "FEMALE",
  "total_activity_duration": "THREE_TO_SIX_HOURS",
  "age": 100,
  "weight_today": 200,
  "height": 190,
  "category": "advanced"
}
Response:
{
  "success": false,
  "status": 500,
  "data": "Server Error",
  "timeTaken": 265.46310000000085
}
Status code: 500
-------------------------------

[test number] should successfully handle input
Request:
{
  "gender": "MALE",
  "total_activity_duration": "THREE_TO_SIX_HOURS",
  "age": 100,
  "weight_today": 200,
  "height": 140,
  "category": "intermediate"
}
Response:
{
  "success": false,
  "status": 500,
  "data": "Server Error",
  "timeTaken": 281.6596999999965
}
Status code: 500
-------------------------------

[test number] should successfully handle input
Request:
{
  "gender": "FEMALE",
  "total_activity_duration": "NINE_TO_TWELVE_HOURS",
  "age": 75,
  "weight_today": 70,
  "height": 173,
  "category": "advanced"
}
Response:
{
  "success": false,
  "status": 500,
  "data": "Server Error",
  "timeTaken": 272.03600000000006
}
Status code: 500
-------------------------------

[test number] should successfully handle input
Request:
{
  "gender": "MALE",
  "total_activity_duration": "SIX_TO_NINE_HOURS",
  "age": 100,
  "weight_today": 30,
  "height": 140,
  "category": "intermediate"
}
Response:
{
  "success": false,
  "status": 500,
  "data": "Server Error",
  "timeTaken": 285.2922000000035
}
Status code: 500
-------------------------------

[test number] should successfully handle input
Request:
{
  "gender": "MALE",
  "total_activity_duration": "TWELVE_PLUS_HOURS",
  "age": 0,
  "weight_today": 70,
  "height": 173,
  "category": "advanced"
}
Response:
{
  "success": false,
  "status": 500,
  "data": "Server Error",
  "timeTaken": 291.1425999999992
}
Status code: 500
-------------------------------

[test number] should successfully handle input
Request:
{
  "gender": "MALE",
  "total_activity_duration": "TWELVE_PLUS_HOURS",
  "age": 100,
  "weight_today": 113.9,
  "height": 173,
  "category": "advanced"
}
Response:
{
  "success": false,
  "status": 500,
  "data": "Server Error",
  "timeTaken": 267.5054999999993
}
Status code: 500
-------------------------------

[test number] should successfully handle input
Request:
{
  "gender": "MALE",
  "total_activity_duration": "NINE_TO_TWELVE_HOURS",
  "age": 25,
  "weight_today": 30,
  "height": 173,
  "category": "advanced"
}
Response:
{
  "success": false,
  "status": 500,
  "data": "Server Error",
  "timeTaken": 269.1900999999998
}
Status code: 500
-------------------------------

[test number] should successfully handle input
Request:
{
  "gender": "FEMALE",
  "total_activity_duration": "TWELVE_PLUS_HOURS",
  "age": 100,
  "weight_today": 150,
  "height": 140,
  "category": "intermediate"
}
Response:
{
  "success": false,
  "status": 500,
  "data": "Server Error",
  "timeTaken": 278.26640000000043
}
Status code: 500
-------------------------------

[test number] should successfully handle input
Request:
{
  "gender": "FEMALE",
  "total_activity_duration": "SIX_TO_NINE_HOURS",
  "age": 50,
  "weight_today": 30,
  "height": 140,
  "category": "beginner"
}
Response:
{
  "success": false,
  "status": 500,
  "data": "Server Error",
  "timeTaken": 279.0619000000006
}
Status code: 500
-------------------------------

[test number] should successfully handle input
Request:
{
  "gender": "FEMALE",
  "total_activity_duration": "TWELVE_PLUS_HOURS",
  "age": 0,
  "weight_today": 113.9,
  "height": 140,
  "category": "advanced"
}
Response:
{
  "success": false,
  "status": 500,
  "data": "Server Error",
  "timeTaken": 282.39949999999953
}
Status code: 500
-------------------------------

[test number] should successfully handle input
Request:
{
  "gender": "FEMALE",
  "total_activity_duration": "THREE_TO_SIX_HOURS",
  "age": 50,
  "weight_today": 200,
  "height": 160,
  "category": "advanced"
}
Response:
{
  "success": false,
  "status": 500,
  "data": "Server Error",
  "timeTaken": 280.8876999999993
}
Status code: 500
-------------------------------

[test number] should successfully handle input
Request:
{
  "gender": "MALE",
  "total_activity_duration": "THREE_TO_SIX_HOURS",
  "age": 0,
  "weight_today": 150,
  "height": 160,
  "category": "advanced"
}
Response:
{
  "success": false,
  "status": 500,
  "data": "Server Error",
  "timeTaken": 285.92109999999957
}
Status code: 500
-------------------------------

[test number] should successfully handle input
Request:
{
  "gender": "FEMALE",
  "total_activity_duration": "ZERO_TO_THREE_HOURS",
  "age": 25,
  "weight_today": 113.9,
  "height": 210,
  "category": "advanced"
}
Response:
{
  "success": false,
  "status": 500,
  "data": "Server Error",
  "timeTaken": 321.71680000000197
}
Status code: 500
-------------------------------

[test number] should successfully handle input
Request:
{
  "gender": "MALE",
  "total_activity_duration": "SIX_TO_NINE_HOURS",
  "age": 25,
  "weight_today": 200,
  "height": 190,
  "category": "advanced"
}
Response:
{
  "success": false,
  "status": 500,
  "data": "Server Error",
  "timeTaken": 293.504399999998
}
Status code: 500
-------------------------------

[test number] should successfully handle input
Request:
{
  "gender": "MALE",
  "total_activity_duration": "THREE_TO_SIX_HOURS",
  "age": 50,
  "weight_today": 150,
  "height": 190,
  "category": "advanced"
}
Response:
{
  "success": false,
  "status": 500,
  "data": "Server Error",
  "timeTaken": 271.4818000000014
}
Status code: 500
-------------------------------

[test number] should successfully handle input
Request:
{
  "gender": "FEMALE",
  "total_activity_duration": "TWELVE_PLUS_HOURS",
  "age": 50,
  "weight_today": 113.9,
  "height": 190,
  "category": "beginner"
}
Response:
{
  "success": false,
  "status": 500,
  "data": "Server Error",
  "timeTaken": 272.8888999999981
}
Status code: 500
-------------------------------

[test number] should successfully handle input
Request:
{
  "gender": "MALE",
  "total_activity_duration": "ZERO_TO_THREE_HOURS",
  "age": 75,
  "weight_today": 113.9,
  "height": 210,
  "category": "advanced"
}
Response:
{
  "success": false,
  "status": 500,
  "data": "Server Error",
  "timeTaken": 281.01950000000215
}
Status code: 500
-------------------------------

[test number] should successfully handle input
Request:
{
  "gender": "FEMALE",
  "total_activity_duration": "THREE_TO_SIX_HOURS",
  "age": 0,
  "weight_today": 150,
  "height": 210,
  "category": "intermediate"
}
Response:
{
  "success": false,
  "status": 500,
  "data": "Server Error",
  "timeTaken": 281.8614000000016
}
Status code: 500
-------------------------------

[test number] should successfully handle input
Request:
{
  "gender": "MALE",
  "total_activity_duration": "ZERO_TO_THREE_HOURS",
  "age": 25,
  "weight_today": 113.9,
  "height": 160,
  "category": "advanced"
}
Response:
{
  "success": false,
  "status": 500,
  "data": "Server Error",
  "timeTaken": 272.7537999999986
}
Status code: 500
-------------------------------

[test number] should successfully handle input
Request:
{
  "gender": "FEMALE",
  "total_activity_duration": "ZERO_TO_THREE_HOURS",
  "age": 75,
  "weight_today": 150,
  "height": 173,
  "category": "intermediate"
}
Response:
{
  "success": false,
  "status": 500,
  "data": "Server Error",
  "timeTaken": 266.3894999999975
}
Status code: 500
-------------------------------

[test number] should successfully handle input
Request:
{
  "gender": "MALE",
  "total_activity_duration": "NINE_TO_TWELVE_HOURS",
  "age": 75,
  "weight_today": 30,
  "height": 210,
  "category": "advanced"
}
Response:
{
  "success": false,
  "status": 500,
  "data": "Server Error",
  "timeTaken": 297.575499999999
}
Status code: 500
-------------------------------

[test number] should successfully handle input
Request:
{
  "gender": "FEMALE",
  "total_activity_duration": "NINE_TO_TWELVE_HOURS",
  "age": 25,
  "weight_today": 70,
  "height": 160,
  "category": "intermediate"
}
Response:
{
  "success": false,
  "status": 500,
  "data": "Server Error",
  "timeTaken": 272.49579999999696
}
Status code: 500
-------------------------------

[test number] should successfully handle input
Request:
{
  "gender": "MALE",
  "total_activity_duration": "TWELVE_PLUS_HOURS",
  "age": 50,
  "weight_today": 70,
  "height": 210,
  "category": "intermediate"
}
Response:
{
  "success": false,
  "status": 500,
  "data": "Server Error",
  "timeTaken": 284.10809999999765
}
Status code: 500
-------------------------------

[test number] should successfully handle input
Request:
{
  "gender": "FEMALE",
  "total_activity_duration": "SIX_TO_NINE_HOURS",
  "age": 100,
  "weight_today": 30,
  "height": 210,
  "category": "intermediate"
}
Response:
{
  "success": false,
  "status": 500,
  "data": "Server Error",
  "timeTaken": 275.0807999999961
}
Status code: 500
-------------------------------

[test number] should successfully handle input
Request:
{
  "gender": "FEMALE",
  "total_activity_duration": "THREE_TO_SIX_HOURS",
  "age": 100,
  "weight_today": 200,
  "height": 210,
  "category": "beginner"
}
Response:
{
  "success": false,
  "status": 500,
  "data": "Server Error",
  "timeTaken": 274.73659999999654
}
Status code: 500
-------------------------------

[test number] should successfully handle input
Request:
{
  "gender": "MALE",
  "total_activity_duration": "THREE_TO_SIX_HOURS",
  "age": 100,
  "weight_today": 200,
  "height": 140,
  "category": "advanced"
}
Response:
{
  "success": false,
  "status": 500,
  "data": "Server Error",
  "timeTaken": 271.291999999994
}
Status code: 500
-------------------------------

[test number] should successfully handle input
Request:
{
  "gender": "FEMALE",
  "total_activity_duration": "NINE_TO_TWELVE_HOURS",
  "age": 75,
  "weight_today": 70,
  "height": 190,
  "category": "beginner"
}
Response:
{
  "success": false,
  "status": 500,
  "data": "Server Error",
  "timeTaken": 294.0958000000028
}
Status code: 500
-------------------------------

[test number] should successfully handle input
Request:
{
  "gender": "MALE",
  "total_activity_duration": "SIX_TO_NINE_HOURS",
  "age": 100,
  "weight_today": 30,
  "height": 140,
  "category": "advanced"
}
Response:
{
  "success": false,
  "status": 500,
  "data": "Server Error",
  "timeTaken": 286.9088000000047
}
Status code: 500
-------------------------------

[test number] should successfully handle input
Request:
{
  "gender": "MALE",
  "total_activity_duration": "TWELVE_PLUS_HOURS",
  "age": 100,
  "weight_today": 113.9,
  "height": 190,
  "category": "beginner"
}
Response:
{
  "success": false,
  "status": 500,
  "data": "Server Error",
  "timeTaken": 272.1209999999992
}
Status code: 500
-------------------------------

[test number] should successfully handle input
Request:
{
  "gender": "MALE",
  "total_activity_duration": "TWELVE_PLUS_HOURS",
  "age": 0,
  "weight_today": 70,
  "height": 190,
  "category": "beginner"
}
Response:
{
  "success": false,
  "status": 500,
  "data": "Server Error",
  "timeTaken": 306.6670000000013
}
Status code: 500
-------------------------------

[test number] should successfully handle input
Request:
{
  "gender": "MALE",
  "total_activity_duration": "NINE_TO_TWELVE_HOURS",
  "age": 25,
  "weight_today": 30,
  "height": 190,
  "category": "beginner"
}
Response:
{
  "success": false,
  "status": 500,
  "data": "Server Error",
  "timeTaken": 288.78770000000077
}
Status code: 500
-------------------------------

[test number] should successfully handle input
Request:
{
  "gender": "FEMALE",
  "total_activity_duration": "SIX_TO_NINE_HOURS",
  "age": 50,
  "weight_today": 30,
  "height": 140,
  "category": "intermediate"
}
Response:
{
  "success": false,
  "status": 500,
  "data": "Server Error",
  "timeTaken": 278.1560000000027
}
Status code: 500
-------------------------------

[test number] should successfully handle input
Request:
{
  "gender": "FEMALE",
  "total_activity_duration": "TWELVE_PLUS_HOURS",
  "age": 0,
  "weight_today": 113.9,
  "height": 160,
  "category": "beginner"
}
Response:
{
  "success": false,
  "status": 500,
  "data": "Server Error",
  "timeTaken": 270.4711000000025
}
Status code: 500
-------------------------------

[test number] should successfully handle input
Request:
{
  "gender": "FEMALE",
  "total_activity_duration": "THREE_TO_SIX_HOURS",
  "age": 50,
  "weight_today": 200,
  "height": 173,
  "category": "beginner"
}
Response:
{
  "success": false,
  "status": 500,
  "data": "Server Error",
  "timeTaken": 283.7392000000036
}
Status code: 500
-------------------------------

[test number] should successfully handle input
Request:
{
  "gender": "FEMALE",
  "total_activity_duration": "TWELVE_PLUS_HOURS",
  "age": 100,
  "weight_today": 150,
  "height": 140,
  "category": "advanced"
}
Response:
{
  "success": false,
  "status": 500,
  "data": "Server Error",
  "timeTaken": 304.90060000000085
}
Status code: 500
-------------------------------

[test number] should successfully handle input
Request:
{
  "gender": "MALE",
  "total_activity_duration": "THREE_TO_SIX_HOURS",
  "age": 0,
  "weight_today": 150,
  "height": 173,
  "category": "beginner"
}
Response:
{
  "success": false,
  "status": 500,
  "data": "Server Error",
  "timeTaken": 289.84790000000066
}
Status code: 500
-------------------------------

[test number] should successfully handle input
Request:
{
  "gender": "FEMALE",
  "total_activity_duration": "ZERO_TO_THREE_HOURS",
  "age": 25,
  "weight_today": 150,
  "height": 140,
  "category": "beginner"
}
Response:
{
  "success": false,
  "status": 500,
  "data": "Server Error",
  "timeTaken": 276.62079999999696
}
Status code: 500
-------------------------------

[test number] should successfully handle input
Request:
{
  "gender": "MALE",
  "total_activity_duration": "SIX_TO_NINE_HOURS",
  "age": 25,
  "weight_today": 200,
  "height": 210,
  "category": "beginner"
}
Response:
{
  "success": false,
  "status": 500,
  "data": "Server Error",
  "timeTaken": 285.80309999999736
}
Status code: 500
-------------------------------

[test number] should successfully handle input
Request:
{
  "gender": "MALE",
  "total_activity_duration": "THREE_TO_SIX_HOURS",
  "age": 50,
  "weight_today": 150,
  "height": 210,
  "category": "beginner"
}
Response:
{
  "success": false,
  "status": 500,
  "data": "Server Error",
  "timeTaken": 280.5671000000002
}
Status code: 500
-------------------------------

[test number] should successfully handle input
Request:
{
  "gender": "MALE",
  "total_activity_duration": "ZERO_TO_THREE_HOURS",
  "age": 75,
  "weight_today": 150,
  "height": 140,
  "category": "beginner"
}
Response:
{
  "success": false,
  "status": 500,
  "data": "Server Error",
  "timeTaken": 278.5107999999964
}
Status code: 500
-------------------------------

[test number] should successfully handle input
Request:
{
  "gender": "FEMALE",
  "total_activity_duration": "TWELVE_PLUS_HOURS",
  "age": 50,
  "weight_today": 113.9,
  "height": 190,
  "category": "intermediate"
}
Response:
{
  "success": false,
  "status": 500,
  "data": "Server Error",
  "timeTaken": 299.23799999999756
}
Status code: 500
-------------------------------

[test number] should successfully handle input
Request:
{
  "gender": "FEMALE",
  "total_activity_duration": "THREE_TO_SIX_HOURS",
  "age": 0,
  "weight_today": 150,
  "height": 210,
  "category": "advanced"
}
Response:
{
  "success": false,
  "status": 500,
  "data": "Server Error",
  "timeTaken": 279.0573000000004
}
Status code: 500
-------------------------------

[test number] should successfully handle input
Request:
{
  "gender": "MALE",
  "total_activity_duration": "ZERO_TO_THREE_HOURS",
  "age": 25,
  "weight_today": 113.9,
  "height": 173,
  "category": "beginner"
}
Response:
{
  "success": false,
  "status": 500,
  "data": "Server Error",
  "timeTaken": 285.5937999999951
}
Status code: 500
-------------------------------

[test number] should successfully handle input
Request:
{
  "gender": "FEMALE",
  "total_activity_duration": "NINE_TO_TWELVE_HOURS",
  "age": 25,
  "weight_today": 70,
  "height": 160,
  "category": "advanced"
}
Response:
{
  "success": false,
  "status": 500,
  "data": "Server Error",
  "timeTaken": 276.21519999999873
}
Status code: 500
-------------------------------

[test number] should successfully handle input
Request:
{
  "gender": "MALE",
  "total_activity_duration": "NINE_TO_TWELVE_HOURS",
  "age": 75,
  "weight_today": 70,
  "height": 140,
  "category": "beginner"
}
Response:
{
  "success": false,
  "status": 500,
  "data": "Server Error",
  "timeTaken": 287.3393999999971
}
Status code: 500
-------------------------------

[test number] should successfully handle input
Request:
{
  "gender": "FEMALE",
  "total_activity_duration": "ZERO_TO_THREE_HOURS",
  "age": 75,
  "weight_today": 150,
  "height": 173,
  "category": "advanced"
}
Response:
{
  "success": false,
  "status": 500,
  "data": "Server Error",
  "timeTaken": 334.80479999999807
}
Status code: 500
-------------------------------

[test number] should successfully handle input
Request:
{
  "gender": "FEMALE",
  "total_activity_duration": "SIX_TO_NINE_HOURS",
  "age": 100,
  "weight_today": 30,
  "height": 210,
  "category": "advanced"
}
Response:
{
  "success": false,
  "status": 500,
  "data": "Server Error",
  "timeTaken": 313.46100000000297
}
Status code: 500
-------------------------------

[test number] should successfully handle input
Request:
{
  "gender": "MALE",
  "total_activity_duration": "TWELVE_PLUS_HOURS",
  "age": 50,
  "weight_today": 70,
  "height": 210,
  "category": "advanced"
}
Response:
{
  "success": false,
  "status": 500,
  "data": "Server Error",
  "timeTaken": 317.6822000000029
}
Status code: 500
-------------------------------

[test number] should successfully handle input
Request:
{
  "gender": "MALE",
  "total_activity_duration": "THREE_TO_SIX_HOURS",
  "age": 100,
  "weight_today": 200,
  "height": 160,
  "category": "beginner"
}
Response:
{
  "success": false,
  "status": 500,
  "data": "Server Error",
  "timeTaken": 299.2740999999951
}
Status code: 500
-------------------------------

[test number] should successfully handle input
Request:
{
  "gender": "FEMALE",
  "total_activity_duration": "THREE_TO_SIX_HOURS",
  "age": 100,
  "weight_today": 200,
  "height": 210,
  "category": "intermediate"
}
Response:
{
  "success": false,
  "status": 500,
  "data": "Server Error",
  "timeTaken": 325.0584000000017
}
Status code: 500
-------------------------------

[test number] should successfully handle input
Request:
{
  "gender": "FEMALE",
  "total_activity_duration": "NINE_TO_TWELVE_HOURS",
  "age": 75,
  "weight_today": 70,
  "height": 190,
  "category": "intermediate"
}
Response:
{
  "success": false,
  "status": 500,
  "data": "Server Error",
  "timeTaken": 285.7330000000002
}
Status code: 500
-------------------------------

[test number] should successfully handle input
Request:
{
  "gender": "MALE",
  "total_activity_duration": "TWELVE_PLUS_HOURS",
  "age": 100,
  "weight_today": 113.9,
  "height": 190,
  "category": "intermediate"
}
Response:
{
  "success": false,
  "status": 500,
  "data": "Server Error",
  "timeTaken": 271.85399999999936
}
Status code: 500
-------------------------------

[test number] should successfully handle input
Request:
{
  "gender": "MALE",
  "total_activity_duration": "TWELVE_PLUS_HOURS",
  "age": 0,
  "weight_today": 70,
  "height": 190,
  "category": "intermediate"
}
Response:
{
  "success": false,
  "status": 500,
  "data": "Server Error",
  "timeTaken": 274.4473999999973
}
Status code: 500
-------------------------------

[test number] should successfully handle input
Request:
{
  "gender": "MALE",
  "total_activity_duration": "SIX_TO_NINE_HOURS",
  "age": 100,
  "weight_today": 30,
  "height": 160,
  "category": "beginner"
}
Response:
{
  "success": false,
  "status": 500,
  "data": "Server Error",
  "timeTaken": 348.11699999999837
}
Status code: 500
-------------------------------

[test number] should successfully handle input
Request:
{
  "gender": "FEMALE",
  "total_activity_duration": "SIX_TO_NINE_HOURS",
  "age": 50,
  "weight_today": 30,
  "height": 140,
  "category": "advanced"
}
Response:
{
  "success": false,
  "status": 500,
  "data": "Server Error",
  "timeTaken": 294.3701000000001
}
Status code: 500
-------------------------------

[test number] should successfully handle input
Request:
{
  "gender": "FEMALE",
  "total_activity_duration": "THREE_TO_SIX_HOURS",
  "age": 50,
  "weight_today": 200,
  "height": 173,
  "category": "intermediate"
}
Response:
{
  "success": false,
  "status": 500,
  "data": "Server Error",
  "timeTaken": 287.34219999999914
}
Status code: 500
-------------------------------

[test number] should successfully handle input
Request:
{
  "gender": "MALE",
  "total_activity_duration": "NINE_TO_TWELVE_HOURS",
  "age": 25,
  "weight_today": 30,
  "height": 190,
  "category": "intermediate"
}
Response:
{
  "success": false,
  "status": 500,
  "data": "Server Error",
  "timeTaken": 316.4788999999946
}
Status code: 500
-------------------------------

[test number] should successfully handle input
Request:
{
  "gender": "FEMALE",
  "total_activity_duration": "TWELVE_PLUS_HOURS",
  "age": 100,
  "weight_today": 150,
  "height": 160,
  "category": "beginner"
}
Response:
{
  "success": false,
  "status": 500,
  "data": "Server Error",
  "timeTaken": 301.6175000000003
}
Status code: 500
-------------------------------

[test number] should successfully handle input
Request:
{
  "gender": "MALE",
  "total_activity_duration": "THREE_TO_SIX_HOURS",
  "age": 0,
  "weight_today": 150,
  "height": 173,
  "category": "intermediate"
}
Response:
{
  "success": false,
  "status": 500,
  "data": "Server Error",
  "timeTaken": 284.85720000000583
}
Status code: 500
-------------------------------

[test number] should successfully handle input
Request:
{
  "gender": "MALE",
  "total_activity_duration": "SIX_TO_NINE_HOURS",
  "age": 25,
  "weight_today": 200,
  "height": 210,
  "category": "intermediate"
}
Response:
{
  "success": false,
  "status": 500,
  "data": "Server Error",
  "timeTaken": 269.32570000000123
}
Status code: 500
-------------------------------

[test number] should successfully handle input
Request:
{
  "gender": "MALE",
  "total_activity_duration": "THREE_TO_SIX_HOURS",
  "age": 50,
  "weight_today": 150,
  "height": 210,
  "category": "intermediate"
}
Response:
{
  "success": false,
  "status": 500,
  "data": "Server Error",
  "timeTaken": 277.9843000000037
}
Status code: 500
-------------------------------

[test number] should successfully handle input
Request:
{
  "gender": "FEMALE",
  "total_activity_duration": "ZERO_TO_THREE_HOURS",
  "age": 25,
  "weight_today": 150,
  "height": 140,
  "category": "intermediate"
}
Response:
{
  "success": false,
  "status": 500,
  "data": "Server Error",
  "timeTaken": 283.97379999999976
}
Status code: 500
-------------------------------

[test number] should successfully handle input
Request:
{
  "gender": "FEMALE",
  "total_activity_duration": "TWELVE_PLUS_HOURS",
  "age": 50,
  "weight_today": 113.9,
  "height": 190,
  "category": "advanced"
}
Response:
{
  "success": false,
  "status": 500,
  "data": "Server Error",
  "timeTaken": 274.524599999997
}
Status code: 500
-------------------------------

[test number] should successfully handle input
Request:
{
  "gender": "MALE",
  "total_activity_duration": "ZERO_TO_THREE_HOURS",
  "age": 75,
  "weight_today": 150,
  "height": 140,
  "category": "intermediate"
}
Response:
{
  "success": false,
  "status": 500,
  "data": "Server Error",
  "timeTaken": 302.4997999999978
}
Status code: 500
-------------------------------

[test number] should successfully handle input
Request:
{
  "gender": "FEMALE",
  "total_activity_duration": "NINE_TO_TWELVE_HOURS",
  "age": 25,
  "weight_today": 70,
  "height": 173,
  "category": "beginner"
}
Response:
{
  "success": false,
  "status": 500,
  "data": "Server Error",
  "timeTaken": 290.77760000000126
}
Status code: 500
-------------------------------

[test number] should successfully handle input
Request:
{
  "gender": "MALE",
  "total_activity_duration": "ZERO_TO_THREE_HOURS",
  "age": 25,
  "weight_today": 113.9,
  "height": 173,
  "category": "intermediate"
}
Response:
{
  "success": false,
  "status": 500,
  "data": "Server Error",
  "timeTaken": 299.0169999999998
}
Status code: 500
-------------------------------

[test number] should successfully handle input
Request:
{
  "gender": "MALE",
  "total_activity_duration": "NINE_TO_TWELVE_HOURS",
  "age": 75,
  "weight_today": 70,
  "height": 140,
  "category": "intermediate"
}
Response:
{
  "success": false,
  "status": 500,
  "data": "Server Error",
  "timeTaken": 288.2075000000041
}
Status code: 500
-------------------------------

[test number] should successfully handle input
Request:
{
  "gender": "FEMALE",
  "total_activity_duration": "THREE_TO_SIX_HOURS",
  "age": 0,
  "weight_today": 200,
  "height": 140,
  "category": "beginner"
}
Response:
{
  "success": false,
  "status": 500,
  "data": "Server Error",
  "timeTaken": 310.2091999999975
}
Status code: 500
-------------------------------

[test number] should successfully handle input
Request:
{
  "gender": "FEMALE",
  "total_activity_duration": "ZERO_TO_THREE_HOURS",
  "age": 75,
  "weight_today": 150,
  "height": 190,
  "category": "beginner"
}
Response:
{
  "success": false,
  "status": 500,
  "data": "Server Error",
  "timeTaken": 285.48449999999866
}
Status code: 500
-------------------------------

[test number] should successfully handle input
Request:
{
  "gender": "FEMALE",
  "total_activity_duration": "SIX_TO_NINE_HOURS",
  "age": 100,
  "weight_today": 70,
  "height": 140,
  "category": "beginner"
}
Response:
{
  "success": false,
  "status": 500,
  "data": "Server Error",
  "timeTaken": 277.3248999999996
}
Status code: 500
-------------------------------

[test number] should successfully handle input
Request:
{
  "gender": "MALE",
  "total_activity_duration": "TWELVE_PLUS_HOURS",
  "age": 50,
  "weight_today": 113.9,
  "height": 140,
  "category": "beginner"
}
Response:
{
  "success": false,
  "status": 500,
  "data": "Server Error",
  "timeTaken": 283.4887999999992
}
Status code: 500
-------------------------------

[test number] should successfully handle input
Request:
{
  "gender": "MALE",
  "total_activity_duration": "THREE_TO_SIX_HOURS",
  "age": 100,
  "weight_today": 200,
  "height": 160,
  "category": "intermediate"
}
Response:
{
  "success": false,
  "status": 500,
  "data": "Server Error",
  "timeTaken": 285.2785999999978
}
Status code: 500
-------------------------------

[test number] should successfully handle input
Request:
{
  "gender": "FEMALE",
  "total_activity_duration": "THREE_TO_SIX_HOURS",
  "age": 100,
  "weight_today": 200,
  "height": 210,
  "category": "advanced"
}
Response:
{
  "success": false,
  "status": 500,
  "data": "Server Error",
  "timeTaken": 273.4974999999977
}
Status code: 500
-------------------------------

[test number] should successfully handle input
Request:
{
  "gender": "FEMALE",
  "total_activity_duration": "NINE_TO_TWELVE_HOURS",
  "age": 75,
  "weight_today": 70,
  "height": 190,
  "category": "advanced"
}
Response:
{
  "success": false,
  "status": 500,
  "data": "Server Error",
  "timeTaken": 275.2548999999999
}
Status code: 500
-------------------------------

[test number] should successfully handle input
Request:
{
  "gender": "MALE",
  "total_activity_duration": "TWELVE_PLUS_HOURS",
  "age": 100,
  "weight_today": 113.9,
  "height": 190,
  "category": "advanced"
}
Response:
{
  "success": false,
  "status": 500,
  "data": "Server Error",
  "timeTaken": 279.02880000000005
}
Status code: 500
-------------------------------

[test number] should successfully handle input
Request:
{
  "gender": "MALE",
  "total_activity_duration": "TWELVE_PLUS_HOURS",
  "age": 0,
  "weight_today": 70,
  "height": 190,
  "category": "advanced"
}
Response:
{
  "success": false,
  "status": 500,
  "data": "Server Error",
  "timeTaken": 287.59019999999873
}
Status code: 500
-------------------------------

[test number] should successfully handle input
Request:
{
  "gender": "MALE",
  "total_activity_duration": "SIX_TO_NINE_HOURS",
  "age": 100,
  "weight_today": 30,
  "height": 160,
  "category": "intermediate"
}
Response:
{
  "success": false,
  "status": 500,
  "data": "Server Error",
  "timeTaken": 272.0656000000017
}
Status code: 500
-------------------------------

[test number] should successfully handle input
Request:
{
  "gender": "FEMALE",
  "total_activity_duration": "THREE_TO_SIX_HOURS",
  "age": 50,
  "weight_today": 200,
  "height": 173,
  "category": "advanced"
}
Response:
{
  "success": false,
  "status": 500,
  "data": "Server Error",
  "timeTaken": 281.84569999999803
}
Status code: 500
-------------------------------

[test number] should successfully handle input
Request:
{
  "gender": "MALE",
  "total_activity_duration": "NINE_TO_TWELVE_HOURS",
  "age": 25,
  "weight_today": 30,
  "height": 190,
  "category": "advanced"
}
Response:
{
  "success": false,
  "status": 500,
  "data": "Server Error",
  "timeTaken": 281.86649999999645
}
Status code: 500
-------------------------------

[test number] should successfully handle input
Request:
{
  "gender": "FEMALE",
  "total_activity_duration": "TWELVE_PLUS_HOURS",
  "age": 100,
  "weight_today": 150,
  "height": 160,
  "category": "intermediate"
}
Response:
{
  "success": false,
  "status": 500,
  "data": "Server Error",
  "timeTaken": 270.3347999999969
}
Status code: 500
-------------------------------

[test number] should successfully handle input
Request:
{
  "gender": "FEMALE",
  "total_activity_duration": "SIX_TO_NINE_HOURS",
  "age": 50,
  "weight_today": 30,
  "height": 160,
  "category": "beginner"
}
Response:
{
  "success": false,
  "status": 500,
  "data": "Server Error",
  "timeTaken": 297.2112999999954
}
Status code: 500
-------------------------------

[test number] should successfully handle input
Request:
{
  "gender": "MALE",
  "total_activity_duration": "SIX_TO_NINE_HOURS",
  "age": 25,
  "weight_today": 200,
  "height": 210,
  "category": "advanced"
}
Response:
{
  "success": false,
  "status": 500,
  "data": "Server Error",
  "timeTaken": 283.8429999999935
}
Status code: 500
-------------------------------

[test number] should successfully handle input
Request:
{
  "gender": "MALE",
  "total_activity_duration": "THREE_TO_SIX_HOURS",
  "age": 0,
  "weight_today": 150,
  "height": 173,
  "category": "advanced"
}
Response:
{
  "success": false,
  "status": 500,
  "data": "Server Error",
  "timeTaken": 286.57850000000326
}
Status code: 500
-------------------------------

[test number] should successfully handle input
Request:
{
  "gender": "FEMALE",
  "total_activity_duration": "ZERO_TO_THREE_HOURS",
  "age": 25,
  "weight_today": 150,
  "height": 140,
  "category": "advanced"
}
Response:
{
  "success": false,
  "status": 500,
  "data": "Server Error",
  "timeTaken": 280.4242000000013
}
Status code: 500
-------------------------------

[test number] should successfully handle input
Request:
{
  "gender": "MALE",
  "total_activity_duration": "THREE_TO_SIX_HOURS",
  "age": 50,
  "weight_today": 150,
  "height": 210,
  "category": "advanced"
}
Response:
{
  "success": false,
  "status": 500,
  "data": "Server Error",
  "timeTaken": 284.7523000000001
}
Status code: 500
-------------------------------

[test number] should successfully handle input
Request:
{
  "gender": "FEMALE",
  "total_activity_duration": "TWELVE_PLUS_HOURS",
  "age": 50,
  "weight_today": 113.9,
  "height": 210,
  "category": "beginner"
}
Response:
{
  "success": false,
  "status": 500,
  "data": "Server Error",
  "timeTaken": 270.75880000000325
}
Status code: 500
-------------------------------

[test number] should successfully handle input
Request:
{
  "gender": "MALE",
  "total_activity_duration": "ZERO_TO_THREE_HOURS",
  "age": 75,
  "weight_today": 150,
  "height": 140,
  "category": "advanced"
}
Response:
{
  "success": false,
  "status": 500,
  "data": "Server Error",
  "timeTaken": 273.6840000000011
}
Status code: 500
-------------------------------

[test number] should successfully handle input
Request:
{
  "gender": "FEMALE",
  "total_activity_duration": "NINE_TO_TWELVE_HOURS",
  "age": 25,
  "weight_today": 70,
  "height": 173,
  "category": "intermediate"
}
Response:
{
  "success": false,
  "status": 500,
  "data": "Server Error",
  "timeTaken": 273.80279999999766
}
Status code: 500
-------------------------------

[test number] should successfully handle input
Request:
{
  "gender": "MALE",
  "total_activity_duration": "NINE_TO_TWELVE_HOURS",
  "age": 75,
  "weight_today": 70,
  "height": 140,
  "category": "advanced"
}
Response:
{
  "success": false,
  "status": 500,
  "data": "Server Error",
  "timeTaken": 280.6104999999952
}
Status code: 500
-------------------------------

[test number] should successfully handle input
Request:
{
  "gender": "FEMALE",
  "total_activity_duration": "THREE_TO_SIX_HOURS",
  "age": 0,
  "weight_today": 200,
  "height": 140,
  "category": "intermediate"
}
Response:
{
  "success": false,
  "status": 500,
  "data": "Server Error",
  "timeTaken": 285.60579999999754
}
Status code: 500
-------------------------------

[test number] should successfully handle input
Request:
{
  "gender": "FEMALE",
  "total_activity_duration": "TWELVE_PLUS_HOURS",
  "age": 0,
  "weight_today": 113.9,
  "height": 160,
  "category": "intermediate"
}
Response:
{
  "success": false,
  "status": 500,
  "data": "Server Error",
  "timeTaken": 742.7724000000017
}
Status code: 500
-------------------------------

[test number] should successfully handle input
Request:
{
  "gender": "MALE",
  "total_activity_duration": "TWELVE_PLUS_HOURS",
  "age": 50,
  "weight_today": 113.9,
  "height": 140,
  "category": "intermediate"
}
Response:
{
  "success": false,
  "status": 500,
  "data": "Server Error",
  "timeTaken": 275.4132000000027
}
Status code: 500
-------------------------------

[test number] should successfully handle input
Request:
{
  "gender": "FEMALE",
  "total_activity_duration": "SIX_TO_NINE_HOURS",
  "age": 100,
  "weight_today": 70,
  "height": 140,
  "category": "intermediate"
}
Response:
{
  "success": false,
  "status": 500,
  "data": "Server Error",
  "timeTaken": 271.8110000000015
}
Status code: 500
-------------------------------

[test number] should successfully handle input
Request:
{
  "gender": "FEMALE",
  "total_activity_duration": "ZERO_TO_THREE_HOURS",
  "age": 75,
  "weight_today": 150,
  "height": 190,
  "category": "intermediate"
}
Response:
{
  "success": false,
  "status": 500,
  "data": "Server Error",
  "timeTaken": 285.21919999999955
}
Status code: 500
-------------------------------

[test number] should successfully handle input
Request:
{
  "gender": "MALE",
  "total_activity_duration": "THREE_TO_SIX_HOURS",
  "age": 100,
  "weight_today": 200,
  "height": 160,
  "category": "advanced"
}
Response:
{
  "success": false,
  "status": 500,
  "data": "Server Error",
  "timeTaken": 276.07220000000234
}
Status code: 500
-------------------------------

[test number] should successfully handle input
Request:
{
  "gender": "MALE",
  "total_activity_duration": "ZERO_TO_THREE_HOURS",
  "age": 25,
  "weight_today": 113.9,
  "height": 173,
  "category": "advanced"
}
Response:
{
  "success": false,
  "status": 500,
  "data": "Server Error",
  "timeTaken": 338.4846000000034
}
Status code: 500
-------------------------------

[test number] should successfully handle input
Request:
{
  "gender": "FEMALE",
  "total_activity_duration": "SIX_TO_NINE_HOURS",
  "age": 0,
  "weight_today": 30,
  "height": 140,
  "category": "beginner"
}
Response:
{
  "success": false,
  "status": 500,
  "data": "Server Error",
  "timeTaken": 273.3689999999988
}
Status code: 500
-------------------------------

[test number] should successfully handle input
Request:
{
  "gender": "FEMALE",
  "total_activity_duration": "NINE_TO_TWELVE_HOURS",
  "age": 75,
  "weight_today": 70,
  "height": 210,
  "category": "beginner"
}
Response:
{
  "success": false,
  "status": 500,
  "data": "Server Error",
  "timeTaken": 294.89800000000105
}
Status code: 500
-------------------------------

[test number] should successfully handle input
Request:
{
  "gender": "MALE",
  "total_activity_duration": "TWELVE_PLUS_HOURS",
  "age": 0,
  "weight_today": 70,
  "height": 210,
  "category": "beginner"
}
Response:
{
  "success": false,
  "status": 500,
  "data": "Server Error",
  "timeTaken": 279.9343999999983
}
Status code: 500
-------------------------------

[test number] should successfully handle input
Request:
{
  "gender": "MALE",
  "total_activity_duration": "TWELVE_PLUS_HOURS",
  "age": 100,
  "weight_today": 113.9,
  "height": 210,
  "category": "beginner"
}
Response:
{
  "success": false,
  "status": 500,
  "data": "Server Error",
  "timeTaken": 295.2296999999962
}
Status code: 500
-------------------------------

[test number] should successfully handle input
Request:
{
  "gender": "MALE",
  "total_activity_duration": "SIX_TO_NINE_HOURS",
  "age": 100,
  "weight_today": 30,
  "height": 160,
  "category": "advanced"
}
Response:
{
  "success": false,
  "status": 500,
  "data": "Server Error",
  "timeTaken": 269.05769999999757
}
Status code: 500
-------------------------------

[test number] should successfully handle input
Request:
{
  "gender": "FEMALE",
  "total_activity_duration": "THREE_TO_SIX_HOURS",
  "age": 50,
  "weight_today": 200,
  "height": 190,
  "category": "beginner"
}
Response:
{
  "success": false,
  "status": 500,
  "data": "Server Error",
  "timeTaken": 268.6699000000008
}
Status code: 500
-------------------------------

[test number] should successfully handle input
Request:
{
  "gender": "MALE",
  "total_activity_duration": "NINE_TO_TWELVE_HOURS",
  "age": 25,
  "weight_today": 30,
  "height": 210,
  "category": "beginner"
}
Response:
{
  "success": false,
  "status": 500,
  "data": "Server Error",
  "timeTaken": 270.8721000000005
}
Status code: 500
-------------------------------

[test number] should successfully handle input
Request:
{
  "gender": "FEMALE",
  "total_activity_duration": "SIX_TO_NINE_HOURS",
  "age": 50,
  "weight_today": 30,
  "height": 160,
  "category": "intermediate"
}
Response:
{
  "success": false,
  "status": 500,
  "data": "Server Error",
  "timeTaken": 276.4354000000021
}
Status code: 500
-------------------------------

[test number] should successfully handle input
Request:
{
  "gender": "FEMALE",
  "total_activity_duration": "TWELVE_PLUS_HOURS",
  "age": 100,
  "weight_today": 150,
  "height": 160,
  "category": "advanced"
}
Response:
{
  "success": false,
  "status": 500,
  "data": "Server Error",
  "timeTaken": 299.96340000000055
}
Status code: 500
-------------------------------

[test number] should successfully handle input
Request:
{
  "gender": "MALE",
  "total_activity_duration": "THREE_TO_SIX_HOURS",
  "age": 0,
  "weight_today": 150,
  "height": 190,
  "category": "beginner"
}
Response:
{
  "success": false,
  "status": 500,
  "data": "Server Error",
  "timeTaken": 274.24239999999554
}
Status code: 500
-------------------------------

[test number] should successfully handle input
Request:
{
  "gender": "FEMALE",
  "total_activity_duration": "ZERO_TO_THREE_HOURS",
  "age": 25,
  "weight_today": 150,
  "height": 160,
  "category": "beginner"
}
Response:
{
  "success": false,
  "status": 500,
  "data": "Server Error",
  "timeTaken": 278.95230000000447
}
Status code: 500
-------------------------------

[test number] should successfully handle input
Request:
{
  "gender": "FEMALE",
  "total_activity_duration": "TWELVE_PLUS_HOURS",
  "age": 50,
  "weight_today": 113.9,
  "height": 210,
  "category": "intermediate"
}
Response:
{
  "success": false,
  "status": 500,
  "data": "Server Error",
  "timeTaken": 276.1189000000013
}
Status code: 500
-------------------------------

[test number] should successfully handle input
Request:
{
  "gender": "MALE",
  "total_activity_duration": "THREE_TO_SIX_HOURS",
  "age": 50,
  "weight_today": 200,
  "height": 140,
  "category": "beginner"
}
Response:
{
  "success": false,
  "status": 500,
  "data": "Server Error",
  "timeTaken": 285.6466999999975
}
Status code: 500
-------------------------------

[test number] should successfully handle input
Request:
{
  "gender": "MALE",
  "total_activity_duration": "SIX_TO_NINE_HOURS",
  "age": 50,
  "weight_today": 30,
  "height": 140,
  "category": "beginner"
}
Response:
{
  "success": false,
  "status": 500,
  "data": "Server Error",
  "timeTaken": 324.9551000000065
}
Status code: 500
-------------------------------

[test number] should successfully handle input
Request:
{
  "gender": "MALE",
  "total_activity_duration": "ZERO_TO_THREE_HOURS",
  "age": 75,
  "weight_today": 150,
  "height": 160,
  "category": "beginner"
}
Response:
{
  "success": false,
  "status": 500,
  "data": "Server Error",
  "timeTaken": 272.2543000000005
}
Status code: 500
-------------------------------

[test number] should successfully handle input
Request:
{
  "gender": "FEMALE",
  "total_activity_duration": "NINE_TO_TWELVE_HOURS",
  "age": 25,
  "weight_today": 70,
  "height": 173,
  "category": "advanced"
}
Response:
{
  "success": false,
  "status": 500,
  "data": "Server Error",
  "timeTaken": 289.76929999999993
}
Status code: 500
-------------------------------

[test number] should successfully handle input
Request:
{
  "gender": "MALE",
  "total_activity_duration": "NINE_TO_TWELVE_HOURS",
  "age": 75,
  "weight_today": 70,
  "height": 160,
  "category": "beginner"
}
Response:
{
  "success": false,
  "status": 500,
  "data": "Server Error",
  "timeTaken": 288.57500000000437
}
Status code: 500
-------------------------------

[test number] should successfully handle input
Request:
{
  "gender": "FEMALE",
  "total_activity_duration": "THREE_TO_SIX_HOURS",
  "age": 0,
  "weight_today": 200,
  "height": 140,
  "category": "advanced"
}
Response:
{
  "success": false,
  "status": 500,
  "data": "Server Error",
  "timeTaken": 282.9056000000055
}
Status code: 500
-------------------------------

[test number] should successfully handle input
Request:
{
  "gender": "FEMALE",
  "total_activity_duration": "ZERO_TO_THREE_HOURS",
  "age": 75,
  "weight_today": 150,
  "height": 190,
  "category": "advanced"
}
Response:
{
  "success": false,
  "status": 500,
  "data": "Server Error",
  "timeTaken": 281.14740000000165
}
Status code: 500
-------------------------------

[test number] should successfully handle input
Request:
{
  "gender": "FEMALE",
  "total_activity_duration": "TWELVE_PLUS_HOURS",
  "age": 0,
  "weight_today": 113.9,
  "height": 160,
  "category": "advanced"
}
Response:
{
  "success": false,
  "status": 500,
  "data": "Server Error",
  "timeTaken": 282.5934999999954
}
Status code: 500
-------------------------------

[test number] should successfully handle input
Request:
{
  "gender": "MALE",
  "total_activity_duration": "THREE_TO_SIX_HOURS",
  "age": 100,
  "weight_today": 200,
  "height": 173,
  "category": "beginner"
}
Response:
{
  "success": false,
  "status": 500,
  "data": "Server Error",
  "timeTaken": 289.01920000000246
}
Status code: 500
-------------------------------

[test number] should successfully handle input
Request:
{
  "gender": "MALE",
  "total_activity_duration": "TWELVE_PLUS_HOURS",
  "age": 50,
  "weight_today": 113.9,
  "height": 140,
  "category": "advanced"
}
Response:
{
  "success": false,
  "status": 500,
  "data": "Server Error",
  "timeTaken": 297.90980000000127
}
Status code: 500
-------------------------------

[test number] should successfully handle input
Request:
{
  "gender": "FEMALE",
  "total_activity_duration": "SIX_TO_NINE_HOURS",
  "age": 0,
  "weight_today": 30,
  "height": 140,
  "category": "intermediate"
}
Response:
{
  "success": false,
  "status": 500,
  "data": "Server Error",
  "timeTaken": 282.20790000000125
}
Status code: 500
-------------------------------

[test number] should successfully handle input
Request:
{
  "gender": "FEMALE",
  "total_activity_duration": "SIX_TO_NINE_HOURS",
  "age": 100,
  "weight_today": 70,
  "height": 140,
  "category": "advanced"
}
Response:
{
  "success": false,
  "status": 500,
  "data": "Server Error",
  "timeTaken": 300.1362999999983
}
Status code: 500
-------------------------------

[test number] should successfully handle input
Request:
{
  "gender": "MALE",
  "total_activity_duration": "ZERO_TO_THREE_HOURS",
  "age": 25,
  "weight_today": 113.9,
  "height": 190,
  "category": "beginner"
}
Response:
{
  "success": false,
  "status": 500,
  "data": "Server Error",
  "timeTaken": 304.18590000000404
}
Status code: 500
-------------------------------

[test number] should successfully handle input
Request:
{
  "gender": "MALE",
  "total_activity_duration": "TWELVE_PLUS_HOURS",
  "age": 0,
  "weight_today": 70,
  "height": 210,
  "category": "intermediate"
}
Response:
{
  "success": false,
  "status": 500,
  "data": "Server Error",
  "timeTaken": 278.8090999999986
}
Status code: 500
-------------------------------

[test number] should successfully handle input
Request:
{
  "gender": "MALE",
  "total_activity_duration": "SIX_TO_NINE_HOURS",
  "age": 100,
  "weight_today": 30,
  "height": 173,
  "category": "beginner"
}
Response:
{
  "success": false,
  "status": 500,
  "data": "Server Error",
  "timeTaken": 281.7986000000019
}
Status code: 500
-------------------------------

[test number] should successfully handle input
Request:
{
  "gender": "MALE",
  "total_activity_duration": "TWELVE_PLUS_HOURS",
  "age": 100,
  "weight_today": 113.9,
  "height": 210,
  "category": "intermediate"
}
Response:
{
  "success": false,
  "status": 500,
  "data": "Server Error",
  "timeTaken": 302.79559999999765
}
Status code: 500
-------------------------------

[test number] should successfully handle input
Request:
{
  "gender": "FEMALE",
  "total_activity_duration": "THREE_TO_SIX_HOURS",
  "age": 50,
  "weight_today": 200,
  "height": 190,
  "category": "intermediate"
}
Response:
{
  "success": false,
  "status": 500,
  "data": "Server Error",
  "timeTaken": 274.64710000000196
}
Status code: 500
-------------------------------

[test number] should successfully handle input
Request:
{
  "gender": "MALE",
  "total_activity_duration": "NINE_TO_TWELVE_HOURS",
  "age": 25,
  "weight_today": 30,
  "height": 210,
  "category": "intermediate"
}
Response:
{
  "success": false,
  "status": 500,
  "data": "Server Error",
  "timeTaken": 280.22290000000066
}
Status code: 500
-------------------------------

[test number] should successfully handle input
Request:
{
  "gender": "FEMALE",
  "total_activity_duration": "SIX_TO_NINE_HOURS",
  "age": 50,
  "weight_today": 30,
  "height": 160,
  "category": "advanced"
}
Response:
{
  "success": false,
  "status": 500,
  "data": "Server Error",
  "timeTaken": 281.247000000003
}
Status code: 500
-------------------------------

[test number] should successfully handle input
Request:
{
  "gender": "FEMALE",
  "total_activity_duration": "TWELVE_PLUS_HOURS",
  "age": 100,
  "weight_today": 150,
  "height": 173,
  "category": "beginner"
}
Response:
{
  "success": false,
  "status": 500,
  "data": "Server Error",
  "timeTaken": 279.6751000000004
}
Status code: 500
-------------------------------

[test number] should successfully handle input
Request:
{
  "gender": "FEMALE",
  "total_activity_duration": "NINE_TO_TWELVE_HOURS",
  "age": 75,
  "weight_today": 70,
  "height": 210,
  "category": "intermediate"
}
Response:
{
  "success": false,
  "status": 500,
  "data": "Server Error",
  "timeTaken": 408.3532999999952
}
Status code: 500
-------------------------------

[test number] should successfully handle input
Request:
{
  "gender": "FEMALE",
  "total_activity_duration": "ZERO_TO_THREE_HOURS",
  "age": 25,
  "weight_today": 150,
  "height": 160,
  "category": "intermediate"
}
Response:
{
  "success": false,
  "status": 500,
  "data": "Server Error",
  "timeTaken": 276.0002999999997
}
Status code: 500
-------------------------------

[test number] should successfully handle input
Request:
{
  "gender": "MALE",
  "total_activity_duration": "THREE_TO_SIX_HOURS",
  "age": 0,
  "weight_today": 150,
  "height": 190,
  "category": "intermediate"
}
Response:
{
  "success": false,
  "status": 500,
  "data": "Server Error",
  "timeTaken": 277.0948000000062
}
Status code: 500
-------------------------------

[test number] should successfully handle input
Request:
{
  "gender": "MALE",
  "total_activity_duration": "THREE_TO_SIX_HOURS",
  "age": 50,
  "weight_today": 200,
  "height": 140,
  "category": "intermediate"
}
Response:
{
  "success": false,
  "status": 500,
  "data": "Server Error",
  "timeTaken": 275.268799999998
}
Status code: 500
-------------------------------

[test number] should successfully handle input
Request:
{
  "gender": "FEMALE",
  "total_activity_duration": "TWELVE_PLUS_HOURS",
  "age": 50,
  "weight_today": 113.9,
  "height": 210,
  "category": "advanced"
}
Response:
{
  "success": false,
  "status": 500,
  "data": "Server Error",
  "timeTaken": 300.62569999999687
}
Status code: 500
-------------------------------

[test number] should successfully handle input
Request:
{
  "gender": "MALE",
  "total_activity_duration": "SIX_TO_NINE_HOURS",
  "age": 50,
  "weight_today": 30,
  "height": 140,
  "category": "intermediate"
}
Response:
{
  "success": false,
  "status": 500,
  "data": "Server Error",
  "timeTaken": 279.0648000000001
}
Status code: 500
-------------------------------

[test number] should successfully handle input
Request:
{
  "gender": "MALE",
  "total_activity_duration": "ZERO_TO_THREE_HOURS",
  "age": 75,
  "weight_today": 150,
  "height": 160,
  "category": "intermediate"
}
Response:
{
  "success": false,
  "status": 500,
  "data": "Server Error",
  "timeTaken": 283.7441000000035
}
Status code: 500
-------------------------------

[test number] should successfully handle input
Request:
{
  "gender": "FEMALE",
  "total_activity_duration": "NINE_TO_TWELVE_HOURS",
  "age": 25,
  "weight_today": 70,
  "height": 190,
  "category": "beginner"
}
Response:
{
  "success": false,
  "status": 500,
  "data": "Server Error",
  "timeTaken": 287.1628999999957
}
Status code: 500
-------------------------------

[test number] should successfully handle input
Request:
{
  "gender": "FEMALE",
  "total_activity_duration": "THREE_TO_SIX_HOURS",
  "age": 0,
  "weight_today": 200,
  "height": 160,
  "category": "beginner"
}
Response:
{
  "success": false,
  "status": 500,
  "data": "Server Error",
  "timeTaken": 287.34850000000006
}
Status code: 500
-------------------------------

[test number] should successfully handle input
Request:
{
  "gender": "MALE",
  "total_activity_duration": "NINE_TO_TWELVE_HOURS",
  "age": 75,
  "weight_today": 70,
  "height": 160,
  "category": "intermediate"
}
Response:
{
  "success": false,
  "status": 500,
  "data": "Server Error",
  "timeTaken": 306.3486000000048
}
Status code: 500
-------------------------------

[test number] should successfully handle input
Request:
{
  "gender": "FEMALE",
  "total_activity_duration": "ZERO_TO_THREE_HOURS",
  "age": 75,
  "weight_today": 150,
  "height": 210,
  "category": "beginner"
}
Response:
{
  "success": false,
  "status": 500,
  "data": "Server Error",
  "timeTaken": 279.27730000000156
}
Status code: 500
-------------------------------

[test number] should successfully handle input
Request:
{
  "gender": "FEMALE",
  "total_activity_duration": "TWELVE_PLUS_HOURS",
  "age": 0,
  "weight_today": 113.9,
  "height": 173,
  "category": "beginner"
}
Response:
{
  "success": false,
  "status": 500,
  "data": "Server Error",
  "timeTaken": 286.96480000000156
}
Status code: 500
-------------------------------

[test number] should successfully handle input
Request:
{
  "gender": "MALE",
  "total_activity_duration": "THREE_TO_SIX_HOURS",
  "age": 100,
  "weight_today": 200,
  "height": 173,
  "category": "intermediate"
}
Response:
{
  "success": false,
  "status": 500,
  "data": "Server Error",
  "timeTaken": 276.0188999999955
}
Status code: 500
-------------------------------

[test number] should successfully handle input
Request:
{
  "gender": "FEMALE",
  "total_activity_duration": "SIX_TO_NINE_HOURS",
  "age": 100,
  "weight_today": 70,
  "height": 160,
  "category": "beginner"
}
Response:
{
  "success": false,
  "status": 500,
  "data": "Server Error",
  "timeTaken": 285.36699999999837
}
Status code: 500
-------------------------------

[test number] should successfully handle input
Request:
{
  "gender": "MALE",
  "total_activity_duration": "TWELVE_PLUS_HOURS",
  "age": 50,
  "weight_today": 113.9,
  "height": 160,
  "category": "beginner"
}
Response:
{
  "success": false,
  "status": 500,
  "data": "Server Error",
  "timeTaken": 284.78139999999985
}
Status code: 500
-------------------------------

[test number] should successfully handle input
Request:
{
  "gender": "FEMALE",
  "total_activity_duration": "SIX_TO_NINE_HOURS",
  "age": 0,
  "weight_today": 30,
  "height": 140,
  "category": "advanced"
}
Response:
{
  "success": false,
  "status": 500,
  "data": "Server Error",
  "timeTaken": 291.91109999999753
}
Status code: 500
-------------------------------

[test number] should successfully handle input
Request:
{
  "gender": "MALE",
  "total_activity_duration": "ZERO_TO_THREE_HOURS",
  "age": 25,
  "weight_today": 113.9,
  "height": 190,
  "category": "intermediate"
}
Response:
{
  "success": false,
  "status": 500,
  "data": "Server Error",
  "timeTaken": 296.9519
}
Status code: 500
-------------------------------

[test number] should successfully handle input
Request:
{
  "gender": "MALE",
  "total_activity_duration": "TWELVE_PLUS_HOURS",
  "age": 0,
  "weight_today": 70,
  "height": 210,
  "category": "advanced"
}
Response:
{
  "success": false,
  "status": 500,
  "data": "Server Error",
  "timeTaken": 273.38180000000284
}
Status code: 500
-------------------------------

[test number] should successfully handle input
Request:
{
  "gender": "MALE",
  "total_activity_duration": "TWELVE_PLUS_HOURS",
  "age": 100,
  "weight_today": 113.9,
  "height": 210,
  "category": "advanced"
}
Response:
{
  "success": false,
  "status": 500,
  "data": "Server Error",
  "timeTaken": 278.00150000000576
}
Status code: 500
-------------------------------

[test number] should successfully handle input
Request:
{
  "gender": "FEMALE",
  "total_activity_duration": "THREE_TO_SIX_HOURS",
  "age": 50,
  "weight_today": 200,
  "height": 190,
  "category": "advanced"
}
Response:
{
  "success": false,
  "status": 500,
  "data": "Server Error",
  "timeTaken": 278.94490000000224
}
Status code: 500
-------------------------------

[test number] should successfully handle input
Request:
{
  "gender": "MALE",
  "total_activity_duration": "NINE_TO_TWELVE_HOURS",
  "age": 25,
  "weight_today": 30,
  "height": 210,
  "category": "advanced"
}
Response:
{
  "success": false,
  "status": 500,
  "data": "Server Error",
  "timeTaken": 285.01950000000215
}
Status code: 500
-------------------------------

[test number] should successfully handle input
Request:
{
  "gender": "MALE",
  "total_activity_duration": "SIX_TO_NINE_HOURS",
  "age": 100,
  "weight_today": 30,
  "height": 173,
  "category": "intermediate"
}
Response:
{
  "success": false,
  "status": 500,
  "data": "Server Error",
  "timeTaken": 305.9976000000024
}
Status code: 500
-------------------------------

[test number] should successfully handle input
Request:
{
  "gender": "FEMALE",
  "total_activity_duration": "SIX_TO_NINE_HOURS",
  "age": 50,
  "weight_today": 30,
  "height": 173,
  "category": "beginner"
}
Response:
{
  "success": false,
  "status": 500,
  "data": "Server Error",
  "timeTaken": 279.0396999999939
}
Status code: 500
-------------------------------

[test number] should successfully handle input
Request:
{
  "gender": "FEMALE",
  "total_activity_duration": "TWELVE_PLUS_HOURS",
  "age": 100,
  "weight_today": 150,
  "height": 173,
  "category": "intermediate"
}
Response:
{
  "success": false,
  "status": 500,
  "data": "Server Error",
  "timeTaken": 274.7288000000044
}
Status code: 500
-------------------------------

[test number] should successfully handle input
Request:
{
  "gender": "FEMALE",
  "total_activity_duration": "NINE_TO_TWELVE_HOURS",
  "age": 75,
  "weight_today": 70,
  "height": 210,
  "category": "advanced"
}
Response:
{
  "success": false,
  "status": 500,
  "data": "Server Error",
  "timeTaken": 278.42840000000433
}
Status code: 500
-------------------------------

[test number] should successfully handle input
Request:
{
  "gender": "MALE",
  "total_activity_duration": "THREE_TO_SIX_HOURS",
  "age": 50,
  "weight_today": 200,
  "height": 140,
  "category": "advanced"
}
Response:
{
  "success": false,
  "status": 500,
  "data": "Server Error",
  "timeTaken": 272.7959000000046
}
Status code: 500
-------------------------------

[test number] should successfully handle input
Request:
{
  "gender": "MALE",
  "total_activity_duration": "THREE_TO_SIX_HOURS",
  "age": 0,
  "weight_today": 150,
  "height": 190,
  "category": "advanced"
}
Response:
{
  "success": false,
  "status": 500,
  "data": "Server Error",
  "timeTaken": 273.84360000000015
}
Status code: 500
-------------------------------

[test number] should successfully handle input
Request:
{
  "gender": "FEMALE",
  "total_activity_duration": "ZERO_TO_THREE_HOURS",
  "age": 25,
  "weight_today": 150,
  "height": 160,
  "category": "advanced"
}
Response:
{
  "success": false,
  "status": 500,
  "data": "Server Error",
  "timeTaken": 292.89280000000144
}
Status code: 500
-------------------------------

[test number] should successfully handle input
Request:
{
  "gender": "MALE",
  "total_activity_duration": "SIX_TO_NINE_HOURS",
  "age": 50,
  "weight_today": 30,
  "height": 140,
  "category": "advanced"
}
Response:
{
  "success": false,
  "status": 500,
  "data": "Server Error",
  "timeTaken": 280.91189999999915
}
Status code: 500
-------------------------------

[test number] should successfully handle input
Request:
{
  "gender": "MALE",
  "total_activity_duration": "ZERO_TO_THREE_HOURS",
  "age": 75,
  "weight_today": 150,
  "height": 160,
  "category": "advanced"
}
Response:
{
  "success": false,
  "status": 500,
  "data": "Server Error",
  "timeTaken": 274.66530000000057
}
Status code: 500
-------------------------------

[test number] should successfully handle input
Request:
{
  "gender": "FEMALE",
  "total_activity_duration": "TWELVE_PLUS_HOURS",
  "age": 50,
  "weight_today": 150,
  "height": 140,
  "category": "beginner"
}
Response:
{
  "success": false,
  "status": 500,
  "data": "Server Error",
  "timeTaken": 295.78570000000036
}
Status code: 500
-------------------------------

[test number] should successfully handle input
Request:
{
  "gender": "FEMALE",
  "total_activity_duration": "THREE_TO_SIX_HOURS",
  "age": 0,
  "weight_today": 200,
  "height": 160,
  "category": "intermediate"
}
Response:
{
  "success": false,
  "status": 500,
  "data": "Server Error",
  "timeTaken": 269.07240000000456
}
Status code: 500
-------------------------------

[test number] should successfully handle input
Request:
{
  "gender": "FEMALE",
  "total_activity_duration": "NINE_TO_TWELVE_HOURS",
  "age": 25,
  "weight_today": 70,
  "height": 190,
  "category": "intermediate"
}
Response:
{
  "success": false,
  "status": 500,
  "data": "Server Error",
  "timeTaken": 284.0480000000025
}
Status code: 500
-------------------------------

[test number] should successfully handle input
Request:
{
  "gender": "MALE",
  "total_activity_duration": "NINE_TO_TWELVE_HOURS",
  "age": 75,
  "weight_today": 70,
  "height": 160,
  "category": "advanced"
}
Response:
{
  "success": false,
  "status": 500,
  "data": "Server Error",
  "timeTaken": 275.20879999999306
}
Status code: 500
-------------------------------

[test number] should successfully handle input
Request:
{
  "gender": "MALE",
  "total_activity_duration": "TWELVE_PLUS_HOURS",
  "age": 50,
  "weight_today": 113.9,
  "height": 160,
  "category": "intermediate"
}
Response:
{
  "success": false,
  "status": 500,
  "data": "Server Error",
  "timeTaken": 277.0506000000023
}
Status code: 500
-------------------------------

[test number] should successfully handle input
Request:
{
  "gender": "MALE",
  "total_activity_duration": "THREE_TO_SIX_HOURS",
  "age": 100,
  "weight_today": 200,
  "height": 173,
  "category": "advanced"
}
Response:
{
  "success": false,
  "status": 500,
  "data": "Server Error",
  "timeTaken": 290.92399999999907
}
Status code: 500
-------------------------------

[test number] should successfully handle input
Request:
{
  "gender": "FEMALE",
  "total_activity_duration": "SIX_TO_NINE_HOURS",
  "age": 0,
  "weight_today": 30,
  "height": 160,
  "category": "beginner"
}
Response:
{
  "success": false,
  "status": 500,
  "data": "Server Error",
  "timeTaken": 282.95360000000073
}
Status code: 500
-------------------------------

[test number] should successfully handle input
Request:
{
  "gender": "FEMALE",
  "total_activity_duration": "ZERO_TO_THREE_HOURS",
  "age": 75,
  "weight_today": 150,
  "height": 210,
  "category": "intermediate"
}
Response:
{
  "success": false,
  "status": 500,
  "data": "Server Error",
  "timeTaken": 296.8295999999973
}
Status code: 500
-------------------------------

[test number] should successfully handle input
Request:
{
  "gender": "FEMALE",
  "total_activity_duration": "SIX_TO_NINE_HOURS",
  "age": 100,
  "weight_today": 70,
  "height": 160,
  "category": "intermediate"
}
Response:
{
  "success": false,
  "status": 500,
  "data": "Server Error",
  "timeTaken": 290.2309000000023
}
Status code: 500
-------------------------------

[test number] should successfully handle input
Request:
{
  "gender": "FEMALE",
  "total_activity_duration": "TWELVE_PLUS_HOURS",
  "age": 0,
  "weight_today": 113.9,
  "height": 173,
  "category": "intermediate"
}
Response:
{
  "success": false,
  "status": 500,
  "data": "Server Error",
  "timeTaken": 301.6480999999985
}
Status code: 500
-------------------------------

[test number] should successfully handle input
Request:
{
  "gender": "MALE",
  "total_activity_duration": "TWELVE_PLUS_HOURS",
  "age": 0,
  "weight_today": 113.9,
  "height": 140,
  "category": "beginner"
}
Response:
{
  "success": false,
  "status": 500,
  "data": "Server Error",
  "timeTaken": 270.989800000003
}
Status code: 500
-------------------------------

[test number] should successfully handle input
Request:
{
  "gender": "MALE",
  "total_activity_duration": "ZERO_TO_THREE_HOURS",
  "age": 25,
  "weight_today": 113.9,
  "height": 190,
  "category": "advanced"
}
Response:
{
  "success": false,
  "status": 500,
  "data": "Server Error",
  "timeTaken": 278.45790000000125
}
Status code: 500
-------------------------------

[test number] should successfully handle input
Request:
{
  "gender": "FEMALE",
  "total_activity_duration": "THREE_TO_SIX_HOURS",
  "age": 50,
  "weight_today": 200,
  "height": 210,
  "category": "beginner"
}
Response:
{
  "success": false,
  "status": 500,
  "data": "Server Error",
  "timeTaken": 276.0298000000039
}
Status code: 500
-------------------------------

[test number] should successfully handle input
Request:
{
  "gender": "MALE",
  "total_activity_duration": "NINE_TO_TWELVE_HOURS",
  "age": 25,
  "weight_today": 70,
  "height": 140,
  "category": "beginner"
}
Response:
{
  "success": false,
  "status": 500,
  "data": "Server Error",
  "timeTaken": 290.88590000000113
}
Status code: 500
-------------------------------

[test number] should successfully handle input
Request:
{
  "gender": "FEMALE",
  "total_activity_duration": "SIX_TO_NINE_HOURS",
  "age": 50,
  "weight_today": 30,
  "height": 173,
  "category": "intermediate"
}
Response:
{
  "success": false,
  "status": 500,
  "data": "Server Error",
  "timeTaken": 279.66769999999815
}
Status code: 500
-------------------------------

[test number] should successfully handle input
Request:
{
  "gender": "FEMALE",
  "total_activity_duration": "TWELVE_PLUS_HOURS",
  "age": 100,
  "weight_today": 150,
  "height": 173,
  "category": "advanced"
}
Response:
{
  "success": false,
  "status": 500,
  "data": "Server Error",
  "timeTaken": 280.7415000000037
}
Status code: 500
-------------------------------

[test number] should successfully handle input
Request:
{
  "gender": "MALE",
  "total_activity_duration": "SIX_TO_NINE_HOURS",
  "age": 100,
  "weight_today": 30,
  "height": 173,
  "category": "advanced"
}
Response:
{
  "success": false,
  "status": 500,
  "data": "Server Error",
  "timeTaken": 299.1371999999974
}
Status code: 500
-------------------------------

[test number] should successfully handle input
Request:
{
  "gender": "MALE",
  "total_activity_duration": "TWELVE_PLUS_HOURS",
  "age": 100,
  "weight_today": 150,
  "height": 140,
  "category": "beginner"
}
Response:
{
  "success": false,
  "status": 500,
  "data": "Server Error",
  "timeTaken": 327.6203999999998
}
Status code: 500
-------------------------------

[test number] should successfully handle input
Request:
{
  "gender": "MALE",
  "total_activity_duration": "THREE_TO_SIX_HOURS",
  "age": 0,
  "weight_today": 150,
  "height": 210,
  "category": "beginner"
}
Response:
{
  "success": false,
  "status": 500,
  "data": "Server Error",
  "timeTaken": 273.05309999999736
}
Status code: 500
-------------------------------

[test number] should successfully handle input
Request:
{
  "gender": "FEMALE",
  "total_activity_duration": "NINE_TO_TWELVE_HOURS",
  "age": 75,
  "weight_today": 113.9,
  "height": 140,
  "category": "beginner"
}
Response:
{
  "success": false,
  "status": 500,
  "data": "Server Error",
  "timeTaken": 288.4261999999944
}
Status code: 500
-------------------------------

[test number] should successfully handle input
Request:
{
  "gender": "FEMALE",
  "total_activity_duration": "ZERO_TO_THREE_HOURS",
  "age": 25,
  "weight_today": 150,
  "height": 173,
  "category": "beginner"
}
Response:
{
  "success": false,
  "status": 500,
  "data": "Server Error",
  "timeTaken": 286.7782999999981
}
Status code: 500
-------------------------------

[test number] should successfully handle input
Request:
{
  "gender": "MALE",
  "total_activity_duration": "ZERO_TO_THREE_HOURS",
  "age": 75,
  "weight_today": 150,
  "height": 173,
  "category": "beginner"
}
Response:
{
  "success": false,
  "status": 500,
  "data": "Server Error",
  "timeTaken": 271.6142000000036
}
Status code: 500
-------------------------------

[test number] should successfully handle input
Request:
{
  "gender": "MALE",
  "total_activity_duration": "SIX_TO_NINE_HOURS",
  "age": 50,
  "weight_today": 30,
  "height": 160,
  "category": "beginner"
}
Response:
{
  "success": false,
  "status": 500,
  "data": "Server Error",
  "timeTaken": 273.877800000002
}
Status code: 500
-------------------------------

[test number] should successfully handle input
Request:
{
  "gender": "FEMALE",
  "total_activity_duration": "THREE_TO_SIX_HOURS",
  "age": 0,
  "weight_today": 200,
  "height": 160,
  "category": "advanced"
}
Response:
{
  "success": false,
  "status": 500,
  "data": "Server Error",
  "timeTaken": 283.59070000000065
}
Status code: 500
-------------------------------

[test number] should successfully handle input
Request:
{
  "gender": "FEMALE",
  "total_activity_duration": "TWELVE_PLUS_HOURS",
  "age": 50,
  "weight_today": 150,
  "height": 140,
  "category": "intermediate"
}
Response:
{
  "success": false,
  "status": 500,
  "data": "Server Error",
  "timeTaken": 295.3822999999975
}
Status code: 500
-------------------------------

[test number] should successfully handle input
Request:
{
  "gender": "FEMALE",
  "total_activity_duration": "NINE_TO_TWELVE_HOURS",
  "age": 25,
  "weight_today": 70,
  "height": 190,
  "category": "advanced"
}
Response:
{
  "success": false,
  "status": 500,
  "data": "Server Error",
  "timeTaken": 281.39480000000185
}
Status code: 500
-------------------------------

[test number] should successfully handle input
Request:
{
  "gender": "MALE",
  "total_activity_duration": "THREE_TO_SIX_HOURS",
  "age": 50,
  "weight_today": 200,
  "height": 160,
  "category": "beginner"
}
Response:
{
  "success": false,
  "status": 500,
  "data": "Server Error",
  "timeTaken": 359.0745999999999
}
Status code: 500
-------------------------------

[test number] should successfully handle input
Request:
{
  "gender": "MALE",
  "total_activity_duration": "NINE_TO_TWELVE_HOURS",
  "age": 75,
  "weight_today": 70,
  "height": 173,
  "category": "beginner"
}
Response:
{
  "success": false,
  "status": 500,
  "data": "Server Error",
  "timeTaken": 269.84939999999915
}
Status code: 500
-------------------------------

[test number] should successfully handle input
Request:
{
  "gender": "MALE",
  "total_activity_duration": "THREE_TO_SIX_HOURS",
  "age": 100,
  "weight_today": 200,
  "height": 190,
  "category": "beginner"
}
Response:
{
  "success": false,
  "status": 500,
  "data": "Server Error",
  "timeTaken": 280.728200000005
}
Status code: 500
-------------------------------

[test number] should successfully handle input
Request:
{
  "gender": "FEMALE",
  "total_activity_duration": "SIX_TO_NINE_HOURS",
  "age": 0,
  "weight_today": 30,
  "height": 160,
  "category": "intermediate"
}
Response:
{
  "success": false,
  "status": 500,
  "data": "Server Error",
  "timeTaken": 280.98449999999866
}
Status code: 500
-------------------------------

[test number] should successfully handle input
Request:
{
  "gender": "FEMALE",
  "total_activity_duration": "TWELVE_PLUS_HOURS",
  "age": 0,
  "weight_today": 113.9,
  "height": 173,
  "category": "advanced"
}
Response:
{
  "success": false,
  "status": 500,
  "data": "Server Error",
  "timeTaken": 297.0387000000046
}
Status code: 500
-------------------------------

[test number] should successfully handle input
Request:
{
  "gender": "MALE",
  "total_activity_duration": "TWELVE_PLUS_HOURS",
  "age": 50,
  "weight_today": 113.9,
  "height": 160,
  "category": "advanced"
}
Response:
{
  "success": false,
  "status": 500,
  "data": "Server Error",
  "timeTaken": 304.6169000000009
}
Status code: 500
-------------------------------

[test number] should successfully handle input
Request:
{
  "gender": "MALE",
  "total_activity_duration": "TWELVE_PLUS_HOURS",
  "age": 0,
  "weight_today": 113.9,
  "height": 140,
  "category": "intermediate"
}
Response:
{
  "success": false,
  "status": 500,
  "data": "Server Error",
  "timeTaken": 286.7485000000015
}
Status code: 500
-------------------------------

[test number] should successfully handle input
Request:
{
  "gender": "FEMALE",
  "total_activity_duration": "SIX_TO_NINE_HOURS",
  "age": 100,
  "weight_today": 70,
  "height": 160,
  "category": "advanced"
}
Response:
{
  "success": false,
  "status": 500,
  "data": "Server Error",
  "timeTaken": 314.91429999999673
}
Status code: 500
-------------------------------

[test number] should successfully handle input
Request:
{
  "gender": "MALE",
  "total_activity_duration": "ZERO_TO_THREE_HOURS",
  "age": 25,
  "weight_today": 113.9,
  "height": 210,
  "category": "beginner"
}
Response:
{
  "success": false,
  "status": 500,
  "data": "Server Error",
  "timeTaken": 294.40140000000247
}
Status code: 500
-------------------------------

[test number] should successfully handle input
Request:
{
  "gender": "FEMALE",
  "total_activity_duration": "THREE_TO_SIX_HOURS",
  "age": 50,
  "weight_today": 200,
  "height": 210,
  "category": "intermediate"
}
Response:
{
  "success": false,
  "status": 500,
  "data": "Server Error",
  "timeTaken": 274.13930000000255
}
Status code: 500
-------------------------------

[test number] should successfully handle input
Request:
{
  "gender": "FEMALE",
  "total_activity_duration": "SIX_TO_NINE_HOURS",
  "age": 50,
  "weight_today": 30,
  "height": 173,
  "category": "advanced"
}
Response:
{
  "success": false,
  "status": 500,
  "data": "Server Error",
  "timeTaken": 270.9728000000032
}
Status code: 500
-------------------------------

[test number] should successfully handle input
Request:
{
  "gender": "MALE",
  "total_activity_duration": "NINE_TO_TWELVE_HOURS",
  "age": 25,
  "weight_today": 70,
  "height": 140,
  "category": "intermediate"
}
Response:
{
  "success": false,
  "status": 500,
  "data": "Server Error",
  "timeTaken": 275.186099999999
}
Status code: 500
-------------------------------

[test number] should successfully handle input
Request:
{
  "gender": "FEMALE",
  "total_activity_duration": "TWELVE_PLUS_HOURS",
  "age": 100,
  "weight_today": 150,
  "height": 190,
  "category": "beginner"
}
Response:
{
  "success": false,
  "status": 500,
  "data": "Server Error",
  "timeTaken": 277.6843999999983
}
Status code: 500
-------------------------------

[test number] should successfully handle input
Request:
{
  "gender": "MALE",
  "total_activity_duration": "SIX_TO_NINE_HOURS",
  "age": 100,
  "weight_today": 30,
  "height": 190,
  "category": "beginner"
}
Response:
{
  "success": false,
  "status": 500,
  "data": "Server Error",
  "timeTaken": 285.1619999999966
}
Status code: 500
-------------------------------

[test number] should successfully handle input
Request:
{
  "gender": "FEMALE",
  "total_activity_duration": "ZERO_TO_THREE_HOURS",
  "age": 75,
  "weight_today": 150,
  "height": 210,
  "category": "advanced"
}
Response:
{
  "success": false,
  "status": 500,
  "data": "Server Error",
  "timeTaken": 379.59360000000015
}
Status code: 500
-------------------------------

[test number] should successfully handle input
Request:
{
  "gender": "MALE",
  "total_activity_duration": "THREE_TO_SIX_HOURS",
  "age": 0,
  "weight_today": 150,
  "height": 210,
  "category": "intermediate"
}
Response:
{
  "success": false,
  "status": 500,
  "data": "Server Error",
  "timeTaken": 270.1854999999996
}
Status code: 500
-------------------------------

[test number] should successfully handle input
Request:
{
  "gender": "MALE",
  "total_activity_duration": "TWELVE_PLUS_HOURS",
  "age": 100,
  "weight_today": 150,
  "height": 140,
  "category": "intermediate"
}
Response:
{
  "success": false,
  "status": 500,
  "data": "Server Error",
  "timeTaken": 287.01950000000215
}
Status code: 500
-------------------------------

[test number] should successfully handle input
Request:
{
  "gender": "FEMALE",
  "total_activity_duration": "ZERO_TO_THREE_HOURS",
  "age": 25,
  "weight_today": 150,
  "height": 173,
  "category": "intermediate"
}
Response:
{
  "success": false,
  "status": 500,
  "data": "Server Error",
  "timeTaken": 275.74490000000515
}
Status code: 500
-------------------------------

[test number] should successfully handle input
Request:
{
  "gender": "FEMALE",
  "total_activity_duration": "NINE_TO_TWELVE_HOURS",
  "age": 75,
  "weight_today": 113.9,
  "height": 140,
  "category": "intermediate"
}
Response:
{
  "success": false,
  "status": 500,
  "data": "Server Error",
  "timeTaken": 312.04609999999957
}
Status code: 500
-------------------------------

[test number] should successfully handle input
Request:
{
  "gender": "MALE",
  "total_activity_duration": "SIX_TO_NINE_HOURS",
  "age": 50,
  "weight_today": 30,
  "height": 160,
  "category": "intermediate"
}
Response:
{
  "success": false,
  "status": 500,
  "data": "Server Error",
  "timeTaken": 287.1467000000048
}
Status code: 500
-------------------------------

[test number] should successfully handle input
Request:
{
  "gender": "FEMALE",
  "total_activity_duration": "THREE_TO_SIX_HOURS",
  "age": 0,
  "weight_today": 200,
  "height": 173,
  "category": "beginner"
}
Response:
{
  "success": false,
  "status": 500,
  "data": "Server Error",
  "timeTaken": 284.69050000000425
}
Status code: 500
-------------------------------

[test number] should successfully handle input
Request:
{
  "gender": "MALE",
  "total_activity_duration": "ZERO_TO_THREE_HOURS",
  "age": 75,
  "weight_today": 150,
  "height": 173,
  "category": "intermediate"
}
Response:
{
  "success": false,
  "status": 500,
  "data": "Server Error",
  "timeTaken": 292.67689999999857
}
Status code: 500
-------------------------------

[test number] should successfully handle input
Request:
{
  "gender": "FEMALE",
  "total_activity_duration": "NINE_TO_TWELVE_HOURS",
  "age": 25,
  "weight_today": 70,
  "height": 210,
  "category": "beginner"
}
Response:
{
  "success": false,
  "status": 500,
  "data": "Server Error",
  "timeTaken": 277.0455000000002
}
Status code: 500
-------------------------------

[test number] should successfully handle input
Request:
{
  "gender": "FEMALE",
  "total_activity_duration": "TWELVE_PLUS_HOURS",
  "age": 50,
  "weight_today": 150,
  "height": 140,
  "category": "advanced"
}
Response:
{
  "success": false,
  "status": 500,
  "data": "Server Error",
  "timeTaken": 280.553700000004
}
Status code: 500
-------------------------------

[test number] should successfully handle input
Request:
{
  "gender": "MALE",
  "total_activity_duration": "THREE_TO_SIX_HOURS",
  "age": 50,
  "weight_today": 200,
  "height": 160,
  "category": "intermediate"
}
Response:
{
  "success": false,
  "status": 500,
  "data": "Server Error",
  "timeTaken": 282.4974000000002
}
Status code: 500
-------------------------------

[test number] should successfully handle input
Request:
{
  "gender": "MALE",
  "total_activity_duration": "NINE_TO_TWELVE_HOURS",
  "age": 75,
  "weight_today": 70,
  "height": 173,
  "category": "intermediate"
}
Response:
{
  "success": false,
  "status": 500,
  "data": "Server Error",
  "timeTaken": 289.62199999999575
}
Status code: 500
-------------------------------

[test number] should successfully handle input
Request:
{
  "gender": "MALE",
  "total_activity_duration": "THREE_TO_SIX_HOURS",
  "age": 100,
  "weight_today": 200,
  "height": 190,
  "category": "intermediate"
}
Response:
{
  "success": false,
  "status": 500,
  "data": "Server Error",
  "timeTaken": 276.51430000000255
}
Status code: 500
-------------------------------

[test number] should successfully handle input
Request:
{
  "gender": "FEMALE",
  "total_activity_duration": "SIX_TO_NINE_HOURS",
  "age": 0,
  "weight_today": 30,
  "height": 160,
  "category": "advanced"
}
Response:
{
  "success": false,
  "status": 500,
  "data": "Server Error",
  "timeTaken": 282.1463999999978
}
Status code: 500
-------------------------------

[test number] should successfully handle input
Request:
{
  "gender": "MALE",
  "total_activity_duration": "TWELVE_PLUS_HOURS",
  "age": 0,
  "weight_today": 113.9,
  "height": 140,
  "category": "advanced"
}
Response:
{
  "success": false,
  "status": 500,
  "data": "Server Error",
  "timeTaken": 274.2842000000019
}
Status code: 500
-------------------------------

[test number] should successfully handle input
Request:
{
  "gender": "FEMALE",
  "total_activity_duration": "TWELVE_PLUS_HOURS",
  "age": 0,
  "weight_today": 113.9,
  "height": 190,
  "category": "beginner"
}
Response:
{
  "success": false,
  "status": 500,
  "data": "Server Error",
  "timeTaken": 282.52640000000247
}
Status code: 500
-------------------------------

[test number] should successfully handle input
Request:
{
  "gender": "FEMALE",
  "total_activity_duration": "SIX_TO_NINE_HOURS",
  "age": 100,
  "weight_today": 70,
  "height": 173,
  "category": "beginner"
}
Response:
{
  "success": false,
  "status": 500,
  "data": "Server Error",
  "timeTaken": 273.036500000002
}
Status code: 500
-------------------------------

[test number] should successfully handle input
Request:
{
  "gender": "MALE",
  "total_activity_duration": "ZERO_TO_THREE_HOURS",
  "age": 25,
  "weight_today": 113.9,
  "height": 210,
  "category": "intermediate"
}
Response:
{
  "success": false,
  "status": 500,
  "data": "Server Error",
  "timeTaken": 278.1918000000005
}
Status code: 500
-------------------------------

[test number] should successfully handle input
Request:
{
  "gender": "FEMALE",
  "total_activity_duration": "THREE_TO_SIX_HOURS",
  "age": 50,
  "weight_today": 200,
  "height": 210,
  "category": "advanced"
}
Response:
{
  "success": false,
  "status": 500,
  "data": "Server Error",
  "timeTaken": 273.37430000000313
}
Status code: 500
-------------------------------

[test number] should successfully handle input
Request:
{
  "gender": "MALE",
  "total_activity_duration": "TWELVE_PLUS_HOURS",
  "age": 50,
  "weight_today": 113.9,
  "height": 173,
  "category": "beginner"
}
Response:
{
  "success": false,
  "status": 500,
  "data": "Server Error",
  "timeTaken": 337.9377000000022
}
Status code: 500
-------------------------------

[test number] should successfully handle input
Request:
{
  "gender": "FEMALE",
  "total_activity_duration": "SIX_TO_NINE_HOURS",
  "age": 50,
  "weight_today": 30,
  "height": 190,
  "category": "beginner"
}
Response:
{
  "success": false,
  "status": 500,
  "data": "Server Error",
  "timeTaken": 277.7387000000017
}
Status code: 500
-------------------------------

[test number] should successfully handle input
Request:
{
  "gender": "MALE",
  "total_activity_duration": "NINE_TO_TWELVE_HOURS",
  "age": 25,
  "weight_today": 70,
  "height": 140,
  "category": "advanced"
}
Response:
{
  "success": false,
  "status": 500,
  "data": "Server Error",
  "timeTaken": 278.2218000000066
}
Status code: 500
-------------------------------

[test number] should successfully handle input
Request:
{
  "gender": "MALE",
  "total_activity_duration": "THREE_TO_SIX_HOURS",
  "age": 0,
  "weight_today": 150,
  "height": 210,
  "category": "advanced"
}
Response:
{
  "success": false,
  "status": 500,
  "data": "Server Error",
  "timeTaken": 272.10899999999674
}
Status code: 500
-------------------------------

[test number] should successfully handle input
Request:
{
  "gender": "FEMALE",
  "total_activity_duration": "ZERO_TO_THREE_HOURS",
  "age": 75,
  "weight_today": 200,
  "height": 140,
  "category": "beginner"
}
Response:
{
  "success": false,
  "status": 500,
  "data": "Server Error",
  "timeTaken": 297.7111999999979
}
Status code: 500
-------------------------------

[test number] should successfully handle input
Request:
{
  "gender": "MALE",
  "total_activity_duration": "SIX_TO_NINE_HOURS",
  "age": 100,
  "weight_today": 30,
  "height": 190,
  "category": "intermediate"
}
Response:
{
  "success": false,
  "status": 500,
  "data": "Server Error",
  "timeTaken": 298.2389999999941
}
Status code: 500
-------------------------------

[test number] should successfully handle input
Request:
{
  "gender": "MALE",
  "total_activity_duration": "TWELVE_PLUS_HOURS",
  "age": 100,
  "weight_today": 150,
  "height": 140,
  "category": "advanced"
}
Response:
{
  "success": false,
  "status": 500,
  "data": "Server Error",
  "timeTaken": 282.2156999999934
}
Status code: 500
-------------------------------

[test number] should successfully handle input
Request:
{
  "gender": "FEMALE",
  "total_activity_duration": "TWELVE_PLUS_HOURS",
  "age": 100,
  "weight_today": 150,
  "height": 190,
  "category": "intermediate"
}
Response:
{
  "success": false,
  "status": 500,
  "data": "Server Error",
  "timeTaken": 310.04379999999946
}
Status code: 500
-------------------------------

[test number] should successfully handle input
Request:
{
  "gender": "FEMALE",
  "total_activity_duration": "ZERO_TO_THREE_HOURS",
  "age": 25,
  "weight_today": 150,
  "height": 173,
  "category": "advanced"
}
Response:
{
  "success": false,
  "status": 500,
  "data": "Server Error",
  "timeTaken": 275.08840000000055
}
Status code: 500
-------------------------------

[test number] should successfully handle input
Request:
{
  "gender": "MALE",
  "total_activity_duration": "ZERO_TO_THREE_HOURS",
  "age": 75,
  "weight_today": 150,
  "height": 173,
  "category": "advanced"
}
Response:
{
  "success": false,
  "status": 500,
  "data": "Server Error",
  "timeTaken": 272.90690000000177
}
Status code: 500
-------------------------------

[test number] should successfully handle input
Request:
{
  "gender": "FEMALE",
  "total_activity_duration": "NINE_TO_TWELVE_HOURS",
  "age": 75,
  "weight_today": 113.9,
  "height": 140,
  "category": "advanced"
}
Response:
{
  "success": false,
  "status": 500,
  "data": "Server Error",
  "timeTaken": 290.9328000000023
}
Status code: 500
-------------------------------

[test number] should successfully handle input
Request:
{
  "gender": "MALE",
  "total_activity_duration": "SIX_TO_NINE_HOURS",
  "age": 50,
  "weight_today": 30,
  "height": 160,
  "category": "advanced"
}
Response:
{
  "success": false,
  "status": 500,
  "data": "Server Error",
  "timeTaken": 294.5123999999996
}
Status code: 500
-------------------------------

[test number] should successfully handle input
Request:
{
  "gender": "FEMALE",
  "total_activity_duration": "THREE_TO_SIX_HOURS",
  "age": 0,
  "weight_today": 200,
  "height": 173,
  "category": "intermediate"
}
Response:
{
  "success": false,
  "status": 500,
  "data": "Server Error",
  "timeTaken": 291.7160999999978
}
Status code: 500
-------------------------------

[test number] should successfully handle input
Request:
{
  "gender": "FEMALE",
  "total_activity_duration": "NINE_TO_TWELVE_HOURS",
  "age": 25,
  "weight_today": 70,
  "height": 210,
  "category": "intermediate"
}
Response:
{
  "success": false,
  "status": 500,
  "data": "Server Error",
  "timeTaken": 289.6422999999995
}
Status code: 500
-------------------------------

[test number] should successfully handle input
Request:
{
  "gender": "FEMALE",
  "total_activity_duration": "TWELVE_PLUS_HOURS",
  "age": 50,
  "weight_today": 150,
  "height": 160,
  "category": "beginner"
}
Response:
{
  "success": false,
  "status": 500,
  "data": "Server Error",
  "timeTaken": 288.498599999999
}
Status code: 500
-------------------------------

[test number] should successfully handle input
Request:
{
  "gender": "MALE",
  "total_activity_duration": "THREE_TO_SIX_HOURS",
  "age": 50,
  "weight_today": 200,
  "height": 160,
  "category": "advanced"
}
Response:
{
  "success": false,
  "status": 500,
  "data": "Server Error",
  "timeTaken": 285.7070999999996
}
Status code: 500
-------------------------------

[test number] should successfully handle input
Request:
{
  "gender": "MALE",
  "total_activity_duration": "NINE_TO_TWELVE_HOURS",
  "age": 75,
  "weight_today": 70,
  "height": 173,
  "category": "advanced"
}
Response:
{
  "success": false,
  "status": 500,
  "data": "Server Error",
  "timeTaken": 293.5567999999985
}
Status code: 500
-------------------------------

[test number] should successfully handle input
Request:
{
  "gender": "FEMALE",
  "total_activity_duration": "SIX_TO_NINE_HOURS",
  "age": 0,
  "weight_today": 30,
  "height": 173,
  "category": "beginner"
}
Response:
{
  "success": false,
  "status": 500,
  "data": "Server Error",
  "timeTaken": 267.3657000000021
}
Status code: 500
-------------------------------

[test number] should successfully handle input
Request:
{
  "gender": "MALE",
  "total_activity_duration": "THREE_TO_SIX_HOURS",
  "age": 100,
  "weight_today": 200,
  "height": 190,
  "category": "advanced"
}
Response:
{
  "success": false,
  "status": 500,
  "data": "Server Error",
  "timeTaken": 289.9685000000027
}
Status code: 500
-------------------------------

[test number] should successfully handle input
Request:
{
  "gender": "FEMALE",
  "total_activity_duration": "TWELVE_PLUS_HOURS",
  "age": 0,
  "weight_today": 113.9,
  "height": 190,
  "category": "intermediate"
}
Response:
{
  "success": false,
  "status": 500,
  "data": "Server Error",
  "timeTaken": 276.8544000000038
}
Status code: 500
-------------------------------

[test number] should successfully handle input
Request:
{
  "gender": "MALE",
  "total_activity_duration": "ZERO_TO_THREE_HOURS",
  "age": 25,
  "weight_today": 113.9,
  "height": 210,
  "category": "advanced"
}
Response:
{
  "success": false,
  "status": 500,
  "data": "Server Error",
  "timeTaken": 274.71650000000227
}
Status code: 500
-------------------------------

[test number] should successfully handle input
Request:
{
  "gender": "MALE",
  "total_activity_duration": "TWELVE_PLUS_HOURS",
  "age": 0,
  "weight_today": 113.9,
  "height": 160,
  "category": "beginner"
}
Response:
{
  "success": false,
  "status": 500,
  "data": "Server Error",
  "timeTaken": 288.88700000000244
}
Status code: 500
-------------------------------

[test number] should successfully handle input
Request:
{
  "gender": "FEMALE",
  "total_activity_duration": "SIX_TO_NINE_HOURS",
  "age": 100,
  "weight_today": 70,
  "height": 173,
  "category": "intermediate"
}
Response:
{
  "success": false,
  "status": 500,
  "data": "Server Error",
  "timeTaken": 289.03979999999865
}
Status code: 500
-------------------------------

[test number] should successfully handle input
Request:
{
  "gender": "FEMALE",
  "total_activity_duration": "THREE_TO_SIX_HOURS",
  "age": 75,
  "weight_today": 30,
  "height": 140,
  "category": "beginner"
}
Response:
{
  "success": false,
  "status": 500,
  "data": "Server Error",
  "timeTaken": 294.6183999999994
}
Status code: 500
-------------------------------

[test number] should successfully handle input
Request:
{
  "gender": "FEMALE",
  "total_activity_duration": "SIX_TO_NINE_HOURS",
  "age": 50,
  "weight_today": 30,
  "height": 190,
  "category": "intermediate"
}
Response:
{
  "success": false,
  "status": 500,
  "data": "Server Error",
  "timeTaken": 275.1417999999976
}
Status code: 500
-------------------------------

[test number] should successfully handle input
Request:
{
  "gender": "MALE",
  "total_activity_duration": "TWELVE_PLUS_HOURS",
  "age": 50,
  "weight_today": 113.9,
  "height": 173,
  "category": "intermediate"
}
Response:
{
  "success": false,
  "status": 500,
  "data": "Server Error",
  "timeTaken": 284.04379999999946
}
Status code: 500
-------------------------------

[test number] should successfully handle input
Request:
{
  "gender": "MALE",
  "total_activity_duration": "THREE_TO_SIX_HOURS",
  "age": 0,
  "weight_today": 200,
  "height": 140,
  "category": "beginner"
}
Response:
{
  "success": false,
  "status": 500,
  "data": "Server Error",
  "timeTaken": 273.3292000000001
}
Status code: 500
-------------------------------

[test number] should successfully handle input
Request:
{
  "gender": "FEMALE",
  "total_activity_duration": "ZERO_TO_THREE_HOURS",
  "age": 75,
  "weight_today": 200,
  "height": 140,
  "category": "intermediate"
}
Response:
{
  "success": false,
  "status": 500,
  "data": "Server Error",
  "timeTaken": 283.1478000000061
}
Status code: 500
-------------------------------

[test number] should successfully handle input
Request:
{
  "gender": "MALE",
  "total_activity_duration": "NINE_TO_TWELVE_HOURS",
  "age": 25,
  "weight_today": 70,
  "height": 160,
  "category": "beginner"
}
Response:
{
  "success": false,
  "status": 500,
  "data": "Server Error",
  "timeTaken": 305.34300000000076
}
Status code: 500
-------------------------------

[test number] should successfully handle input
Request:
{
  "gender": "MALE",
  "total_activity_duration": "SIX_TO_NINE_HOURS",
  "age": 100,
  "weight_today": 30,
  "height": 190,
  "category": "advanced"
}
Response:
{
  "success": false,
  "status": 500,
  "data": "Server Error",
  "timeTaken": 288.75500000000466
}
Status code: 500
-------------------------------

[test number] should successfully handle input
Request:
{
  "gender": "MALE",
  "total_activity_duration": "TWELVE_PLUS_HOURS",
  "age": 100,
  "weight_today": 150,
  "height": 160,
  "category": "beginner"
}
Response:
{
  "success": false,
  "status": 500,
  "data": "Server Error",
  "timeTaken": 286.8029999999999
}
Status code: 500
-------------------------------

[test number] should successfully handle input
Request:
{
  "gender": "FEMALE",
  "total_activity_duration": "TWELVE_PLUS_HOURS",
  "age": 100,
  "weight_today": 150,
  "height": 190,
  "category": "advanced"
}
Response:
{
  "success": false,
  "status": 500,
  "data": "Server Error",
  "timeTaken": 295.501400000001
}
Status code: 500
-------------------------------

[test number] should successfully handle input
Request:
{
  "gender": "FEMALE",
  "total_activity_duration": "ZERO_TO_THREE_HOURS",
  "age": 25,
  "weight_today": 150,
  "height": 190,
  "category": "beginner"
}
Response:
{
  "success": false,
  "status": 500,
  "data": "Server Error",
  "timeTaken": 266.70100000000093
}
Status code: 500
-------------------------------

[test number] should successfully handle input
Request:
{
  "gender": "FEMALE",
  "total_activity_duration": "NINE_TO_TWELVE_HOURS",
  "age": 75,
  "weight_today": 113.9,
  "height": 160,
  "category": "beginner"
}
Response:
{
  "success": false,
  "status": 500,
  "data": "Server Error",
  "timeTaken": 281.6822000000029
}
Status code: 500
-------------------------------

[test number] should successfully handle input
Request:
{
  "gender": "MALE",
  "total_activity_duration": "ZERO_TO_THREE_HOURS",
  "age": 75,
  "weight_today": 150,
  "height": 190,
  "category": "beginner"
}
Response:
{
  "success": false,
  "status": 500,
  "data": "Server Error",
  "timeTaken": 286.0199999999968
}
Status code: 500
-------------------------------

[test number] should successfully handle input
Request:
{
  "gender": "FEMALE",
  "total_activity_duration": "NINE_TO_TWELVE_HOURS",
  "age": 25,
  "weight_today": 70,
  "height": 210,
  "category": "advanced"
}
Response:
{
  "success": false,
  "status": 500,
  "data": "Server Error",
  "timeTaken": 290.6287999999986
}
Status code: 500
-------------------------------

[test number] should successfully handle input
Request:
{
  "gender": "FEMALE",
  "total_activity_duration": "THREE_TO_SIX_HOURS",
  "age": 0,
  "weight_today": 200,
  "height": 173,
  "category": "advanced"
}
Response:
{
  "success": false,
  "status": 500,
  "data": "Server Error",
  "timeTaken": 300.1958999999988
}
Status code: 500
-------------------------------

[test number] should successfully handle input
Request:
{
  "gender": "FEMALE",
  "total_activity_duration": "TWELVE_PLUS_HOURS",
  "age": 50,
  "weight_today": 150,
  "height": 160,
  "category": "intermediate"
}
Response:
{
  "success": false,
  "status": 500,
  "data": "Server Error",
  "timeTaken": 292.7283000000025
}
Status code: 500
-------------------------------

[test number] should successfully handle input
Request:
{
  "gender": "MALE",
  "total_activity_duration": "SIX_TO_NINE_HOURS",
  "age": 50,
  "weight_today": 30,
  "height": 173,
  "category": "beginner"
}
Response:
{
  "success": false,
  "status": 500,
  "data": "Server Error",
  "timeTaken": 307.1901999999973
}
Status code: 500
-------------------------------

[test number] should successfully handle input
Request:
{
  "gender": "MALE",
  "total_activity_duration": "THREE_TO_SIX_HOURS",
  "age": 50,
  "weight_today": 200,
  "height": 173,
  "category": "beginner"
}
Response:
{
  "success": false,
  "status": 500,
  "data": "Server Error",
  "timeTaken": 296.7236000000048
}
Status code: 500
-------------------------------

[test number] should successfully handle input
Request:
{
  "gender": "MALE",
  "total_activity_duration": "NINE_TO_TWELVE_HOURS",
  "age": 75,
  "weight_today": 70,
  "height": 190,
  "category": "beginner"
}
Response:
{
  "success": false,
  "status": 500,
  "data": "Server Error",
  "timeTaken": 282.25180000000546
}
Status code: 500
-------------------------------

[test number] should successfully handle input
Request:
{
  "gender": "MALE",
  "total_activity_duration": "THREE_TO_SIX_HOURS",
  "age": 100,
  "weight_today": 200,
  "height": 210,
  "category": "beginner"
}
Response:
{
  "success": false,
  "status": 500,
  "data": "Server Error",
  "timeTaken": 295.2335000000021
}
Status code: 500
-------------------------------

[test number] should successfully handle input
Request:
{
  "gender": "MALE",
  "total_activity_duration": "TWELVE_PLUS_HOURS",
  "age": 0,
  "weight_today": 113.9,
  "height": 160,
  "category": "intermediate"
}
Response:
{
  "success": false,
  "status": 500,
  "data": "Server Error",
  "timeTaken": 278.4144000000015
}
Status code: 500
-------------------------------

[test number] should successfully handle input
Request:
{
  "gender": "FEMALE",
  "total_activity_duration": "SIX_TO_NINE_HOURS",
  "age": 0,
  "weight_today": 30,
  "height": 173,
  "category": "intermediate"
}
Response:
{
  "success": false,
  "status": 500,
  "data": "Server Error",
  "timeTaken": 311.2930999999953
}
Status code: 500
-------------------------------

[test number] should successfully handle input
Request:
{
  "gender": "FEMALE",
  "total_activity_duration": "SIX_TO_NINE_HOURS",
  "age": 100,
  "weight_today": 70,
  "height": 173,
  "category": "advanced"
}
Response:
{
  "success": false,
  "status": 500,
  "data": "Server Error",
  "timeTaken": 274.57890000000043
}
Status code: 500
-------------------------------

[test number] should successfully handle input
Request:
{
  "gender": "FEMALE",
  "total_activity_duration": "TWELVE_PLUS_HOURS",
  "age": 0,
  "weight_today": 113.9,
  "height": 190,
  "category": "advanced"
}
Response:
{
  "success": false,
  "status": 500,
  "data": "Server Error",
  "timeTaken": 290.4248000000007
}
Status code: 500
-------------------------------

[test number] should successfully handle input
Request:
{
  "gender": "MALE",
  "total_activity_duration": "ZERO_TO_THREE_HOURS",
  "age": 25,
  "weight_today": 150,
  "height": 140,
  "category": "beginner"
}
Response:
{
  "success": false,
  "status": 500,
  "data": "Server Error",
  "timeTaken": 298.1377000000066
}
Status code: 500
-------------------------------

[test number] should successfully handle input
Request:
{
  "gender": "FEMALE",
  "total_activity_duration": "THREE_TO_SIX_HOURS",
  "age": 75,
  "weight_today": 30,
  "height": 140,
  "category": "intermediate"
}
Response:
{
  "success": false,
  "status": 500,
  "data": "Server Error",
  "timeTaken": 266.1666000000041
}
Status code: 500
-------------------------------

[test number] should successfully handle input
Request:
{
  "gender": "FEMALE",
  "total_activity_duration": "SIX_TO_NINE_HOURS",
  "age": 50,
  "weight_today": 30,
  "height": 190,
  "category": "advanced"
}
Response:
{
  "success": false,
  "status": 500,
  "data": "Server Error",
  "timeTaken": 286.395199999999
}
Status code: 500
-------------------------------

[test number] should successfully handle input
Request:
{
  "gender": "MALE",
  "total_activity_duration": "TWELVE_PLUS_HOURS",
  "age": 50,
  "weight_today": 113.9,
  "height": 173,
  "category": "advanced"
}
Response:
{
  "success": false,
  "status": 500,
  "data": "Server Error",
  "timeTaken": 295.17809999999736
}
Status code: 500
-------------------------------

[test number] should successfully handle input
Request:
{
  "gender": "FEMALE",
  "total_activity_duration": "ZERO_TO_THREE_HOURS",
  "age": 75,
  "weight_today": 200,
  "height": 140,
  "category": "advanced"
}
Response:
{
  "success": false,
  "status": 500,
  "data": "Server Error",
  "timeTaken": 279.80860000000393
}
Status code: 500
-------------------------------

[test number] should successfully handle input
Request:
{
  "gender": "MALE",
  "total_activity_duration": "SIX_TO_NINE_HOURS",
  "age": 100,
  "weight_today": 30,
  "height": 210,
  "category": "beginner"
}
Response:
{
  "success": false,
  "status": 500,
  "data": "Server Error",
  "timeTaken": 278.4421999999977
}
Status code: 500
-------------------------------

[test number] should successfully handle input
Request:
{
  "gender": "MALE",
  "total_activity_duration": "THREE_TO_SIX_HOURS",
  "age": 0,
  "weight_today": 200,
  "height": 140,
  "category": "intermediate"
}
Response:
{
  "success": false,
  "status": 500,
  "data": "Server Error",
  "timeTaken": 295.74750000000495
}
Status code: 500
-------------------------------

[test number] should successfully handle input
Request:
{
  "gender": "MALE",
  "total_activity_duration": "NINE_TO_TWELVE_HOURS",
  "age": 25,
  "weight_today": 70,
  "height": 160,
  "category": "intermediate"
}
Response:
{
  "success": false,
  "status": 500,
  "data": "Server Error",
  "timeTaken": 294.57340000000113
}
Status code: 500
-------------------------------

[test number] should successfully handle input
Request:
{
  "gender": "MALE",
  "total_activity_duration": "TWELVE_PLUS_HOURS",
  "age": 100,
  "weight_today": 150,
  "height": 160,
  "category": "intermediate"
}
Response:
{
  "success": false,
  "status": 500,
  "data": "Server Error",
  "timeTaken": 294.9991999999984
}
Status code: 500
-------------------------------

[test number] should successfully handle input
Request:
{
  "gender": "FEMALE",
  "total_activity_duration": "ZERO_TO_THREE_HOURS",
  "age": 25,
  "weight_today": 150,
  "height": 190,
  "category": "intermediate"
}
Response:
{
  "success": false,
  "status": 500,
  "data": "Server Error",
  "timeTaken": 274.98099999999977
}
Status code: 500
-------------------------------

[test number] should successfully handle input
Request:
{
  "gender": "FEMALE",
  "total_activity_duration": "TWELVE_PLUS_HOURS",
  "age": 100,
  "weight_today": 150,
  "height": 210,
  "category": "beginner"
}
Response:
{
  "success": false,
  "status": 500,
  "data": "Server Error",
  "timeTaken": 288.49780000000464
}
Status code: 500
-------------------------------

[test number] should successfully handle input
Request:
{
  "gender": "MALE",
  "total_activity_duration": "ZERO_TO_THREE_HOURS",
  "age": 75,
  "weight_today": 150,
  "height": 190,
  "category": "intermediate"
}
Response:
{
  "success": false,
  "status": 500,
  "data": "Server Error",
  "timeTaken": 285.70009999999456
}
Status code: 500
-------------------------------

[test number] should successfully handle input
Request:
{
  "gender": "FEMALE",
  "total_activity_duration": "NINE_TO_TWELVE_HOURS",
  "age": 75,
  "weight_today": 113.9,
  "height": 160,
  "category": "intermediate"
}
Response:
{
  "success": false,
  "status": 500,
  "data": "Server Error",
  "timeTaken": 288.0457000000024
}
Status code: 500
-------------------------------

[test number] should successfully handle input
Request:
{
  "gender": "FEMALE",
  "total_activity_duration": "THREE_TO_SIX_HOURS",
  "age": 0,
  "weight_today": 200,
  "height": 190,
  "category": "beginner"
}
Response:
{
  "success": false,
  "status": 500,
  "data": "Server Error",
  "timeTaken": 276.6863999999987
}
Status code: 500
-------------------------------

[test number] should successfully handle input
Request:
{
  "gender": "MALE",
  "total_activity_duration": "THREE_TO_SIX_HOURS",
  "age": 50,
  "weight_today": 200,
  "height": 173,
  "category": "intermediate"
}
Response:
{
  "success": false,
  "status": 500,
  "data": "Server Error",
  "timeTaken": 279.5616000000009
}
Status code: 500
-------------------------------

[test number] should successfully handle input
Request:
{
  "gender": "FEMALE",
  "total_activity_duration": "NINE_TO_TWELVE_HOURS",
  "age": 25,
  "weight_today": 113.9,
  "height": 140,
  "category": "beginner"
}
Response:
{
  "success": false,
  "status": 500,
  "data": "Server Error",
  "timeTaken": 295.2407999999996
}
Status code: 500
-------------------------------

[test number] should successfully handle input
Request:
{
  "gender": "MALE",
  "total_activity_duration": "SIX_TO_NINE_HOURS",
  "age": 50,
  "weight_today": 30,
  "height": 173,
  "category": "intermediate"
}
Response:
{
  "success": false,
  "status": 500,
  "data": "Server Error",
  "timeTaken": 296.41369999999733
}
Status code: 500
-------------------------------

[test number] should successfully handle input
Request:
{
  "gender": "FEMALE",
  "total_activity_duration": "TWELVE_PLUS_HOURS",
  "age": 50,
  "weight_today": 150,
  "height": 160,
  "category": "advanced"
}
Response:
{
  "success": false,
  "status": 500,
  "data": "Server Error",
  "timeTaken": 306.124699999993
}
Status code: 500
-------------------------------

[test number] should successfully handle input
Request:
{
  "gender": "MALE",
  "total_activity_duration": "NINE_TO_TWELVE_HOURS",
  "age": 75,
  "weight_today": 70,
  "height": 190,
  "category": "intermediate"
}
Response:
{
  "success": false,
  "status": 500,
  "data": "Server Error",
  "timeTaken": 296.27939999999944
}
Status code: 500
-------------------------------

[test number] should successfully handle input
Request:
{
  "gender": "FEMALE",
  "total_activity_duration": "SIX_TO_NINE_HOURS",
  "age": 0,
  "weight_today": 30,
  "height": 173,
  "category": "advanced"
}
Response:
{
  "success": false,
  "status": 500,
  "data": "Server Error",
  "timeTaken": 277.21510000000126
}
Status code: 500
-------------------------------

[test number] should successfully handle input
Request:
{
  "gender": "MALE",
  "total_activity_duration": "THREE_TO_SIX_HOURS",
  "age": 100,
  "weight_today": 200,
  "height": 210,
  "category": "intermediate"
}
Response:
{
  "success": false,
  "status": 500,
  "data": "Server Error",
  "timeTaken": 293.65179999999964
}
Status code: 500
-------------------------------

[test number] should successfully handle input
Request:
{
  "gender": "FEMALE",
  "total_activity_duration": "SIX_TO_NINE_HOURS",
  "age": 100,
  "weight_today": 70,
  "height": 190,
  "category": "beginner"
}
Response:
{
  "success": false,
  "status": 500,
  "data": "Server Error",
  "timeTaken": 299.38990000000194
}
Status code: 500
-------------------------------

[test number] should successfully handle input
Request:
{
  "gender": "FEMALE",
  "total_activity_duration": "TWELVE_PLUS_HOURS",
  "age": 0,
  "weight_today": 113.9,
  "height": 210,
  "category": "beginner"
}
Response:
{
  "success": false,
  "status": 500,
  "data": "Server Error",
  "timeTaken": 307.2127000000037
}
Status code: 500
-------------------------------

[test number] should successfully handle input
Request:
{
  "gender": "MALE",
  "total_activity_duration": "ZERO_TO_THREE_HOURS",
  "age": 25,
  "weight_today": 150,
  "height": 140,
  "category": "intermediate"
}
Response:
{
  "success": false,
  "status": 500,
  "data": "Server Error",
  "timeTaken": 280.1739000000016
}
Status code: 500
-------------------------------

[test number] should successfully handle input
Request:
{
  "gender": "MALE",
  "total_activity_duration": "TWELVE_PLUS_HOURS",
  "age": 0,
  "weight_today": 113.9,
  "height": 160,
  "category": "advanced"
}
Response:
{
  "success": false,
  "status": 500,
  "data": "Server Error",
  "timeTaken": 314.6901999999973
}
Status code: 500
-------------------------------

[test number] should successfully handle input
Request:
{
  "gender": "FEMALE",
  "total_activity_duration": "THREE_TO_SIX_HOURS",
  "age": 75,
  "weight_today": 30,
  "height": 140,
  "category": "advanced"
}
Response:
{
  "success": false,
  "status": 500,
  "data": "Server Error",
  "timeTaken": 290.5448000000033
}
Status code: 500
-------------------------------

[test number] should successfully handle input
Request:
{
  "gender": "FEMALE",
  "total_activity_duration": "SIX_TO_NINE_HOURS",
  "age": 50,
  "weight_today": 30,
  "height": 210,
  "category": "beginner"
}
Response:
{
  "success": false,
  "status": 500,
  "data": "Server Error",
  "timeTaken": 289.55169999999634
}
Status code: 500
-------------------------------

[test number] should successfully handle input
Request:
{
  "gender": "MALE",
  "total_activity_duration": "TWELVE_PLUS_HOURS",
  "age": 50,
  "weight_today": 113.9,
  "height": 190,
  "category": "beginner"
}
Response:
{
  "success": false,
  "status": 500,
  "data": "Server Error",
  "timeTaken": 281.08810000000085
}
Status code: 500
-------------------------------

[test number] should successfully handle input
Request:
{
  "gender": "FEMALE",
  "total_activity_duration": "ZERO_TO_THREE_HOURS",
  "age": 75,
  "weight_today": 200,
  "height": 160,
  "category": "beginner"
}
Response:
{
  "success": false,
  "status": 500,
  "data": "Server Error",
  "timeTaken": 287.0352999999959
}
Status code: 500
-------------------------------

[test number] should successfully handle input
Request:
{
  "gender": "MALE",
  "total_activity_duration": "SIX_TO_NINE_HOURS",
  "age": 100,
  "weight_today": 30,
  "height": 210,
  "category": "intermediate"
}
Response:
{
  "success": false,
  "status": 500,
  "data": "Server Error",
  "timeTaken": 289.41619999999966
}
Status code: 500
-------------------------------

[test number] should successfully handle input
Request:
{
  "gender": "MALE",
  "total_activity_duration": "TWELVE_PLUS_HOURS",
  "age": 100,
  "weight_today": 150,
  "height": 160,
  "category": "advanced"
}
Response:
{
  "success": false,
  "status": 500,
  "data": "Server Error",
  "timeTaken": 286.18009999999776
}
Status code: 500
-------------------------------

[test number] should successfully handle input
Request:
{
  "gender": "MALE",
  "total_activity_duration": "NINE_TO_TWELVE_HOURS",
  "age": 25,
  "weight_today": 70,
  "height": 160,
  "category": "advanced"
}
Response:
{
  "success": false,
  "status": 500,
  "data": "Server Error",
  "timeTaken": 292.22729999999865
}
Status code: 500
-------------------------------

[test number] should successfully handle input
Request:
{
  "gender": "FEMALE",
  "total_activity_duration": "TWELVE_PLUS_HOURS",
  "age": 100,
  "weight_today": 150,
  "height": 210,
  "category": "intermediate"
}
Response:
{
  "success": false,
  "status": 500,
  "data": "Server Error",
  "timeTaken": 269.5567999999985
}
Status code: 500
-------------------------------

[test number] should successfully handle input
Request:
{
  "gender": "FEMALE",
  "total_activity_duration": "ZERO_TO_THREE_HOURS",
  "age": 25,
  "weight_today": 150,
  "height": 190,
  "category": "advanced"
}
Response:
{
  "success": false,
  "status": 500,
  "data": "Server Error",
  "timeTaken": 285.2742999999973
}
Status code: 500
-------------------------------

[test number] should successfully handle input
Request:
{
  "gender": "MALE",
  "total_activity_duration": "THREE_TO_SIX_HOURS",
  "age": 0,
  "weight_today": 200,
  "height": 140,
  "category": "advanced"
}
Response:
{
  "success": false,
  "status": 500,
  "data": "Server Error",
  "timeTaken": 313.0272999999943
}
Status code: 500
-------------------------------

[test number] should successfully handle input
Request:
{
  "gender": "MALE",
  "total_activity_duration": "ZERO_TO_THREE_HOURS",
  "age": 75,
  "weight_today": 150,
  "height": 190,
  "category": "advanced"
}
Response:
{
  "success": false,
  "status": 500,
  "data": "Server Error",
  "timeTaken": 277.4377999999997
}
Status code: 500
-------------------------------

[test number] should successfully handle input
Request:
{
  "gender": "FEMALE",
  "total_activity_duration": "NINE_TO_TWELVE_HOURS",
  "age": 75,
  "weight_today": 113.9,
  "height": 160,
  "category": "advanced"
}
Response:
{
  "success": false,
  "status": 500,
  "data": "Server Error",
  "timeTaken": 284.8724999999977
}
Status code: 500
-------------------------------

[test number] should successfully handle input
Request:
{
  "gender": "FEMALE",
  "total_activity_duration": "THREE_TO_SIX_HOURS",
  "age": 0,
  "weight_today": 200,
  "height": 190,
  "category": "intermediate"
}
Response:
{
  "success": false,
  "status": 500,
  "data": "Server Error",
  "timeTaken": 281.44689999999537
}
Status code: 500
-------------------------------

[test number] should successfully handle input
Request:
{
  "gender": "MALE",
  "total_activity_duration": "THREE_TO_SIX_HOURS",
  "age": 50,
  "weight_today": 200,
  "height": 173,
  "category": "advanced"
}
Response:
{
  "success": false,
  "status": 500,
  "data": "Server Error",
  "timeTaken": 277.4633000000031
}
Status code: 500
-------------------------------

[test number] should successfully handle input
Request:
{
  "gender": "FEMALE",
  "total_activity_duration": "NINE_TO_TWELVE_HOURS",
  "age": 25,
  "weight_today": 113.9,
  "height": 140,
  "category": "intermediate"
}
Response:
{
  "success": false,
  "status": 500,
  "data": "Server Error",
  "timeTaken": 290.28890000000683
}
Status code: 500
-------------------------------

[test number] should successfully handle input
Request:
{
  "gender": "FEMALE",
  "total_activity_duration": "TWELVE_PLUS_HOURS",
  "age": 50,
  "weight_today": 150,
  "height": 173,
  "category": "beginner"
}
Response:
{
  "success": false,
  "status": 500,
  "data": "Server Error",
  "timeTaken": 287.626400000001
}
Status code: 500
-------------------------------

[test number] should successfully handle input
Request:
{
  "gender": "MALE",
  "total_activity_duration": "SIX_TO_NINE_HOURS",
  "age": 50,
  "weight_today": 30,
  "height": 173,
  "category": "advanced"
}
Response:
{
  "success": false,
  "status": 500,
  "data": "Server Error",
  "timeTaken": 301.86879999999655
}
Status code: 500
-------------------------------

[test number] should successfully handle input
Request:
{
  "gender": "MALE",
  "total_activity_duration": "NINE_TO_TWELVE_HOURS",
  "age": 75,
  "weight_today": 70,
  "height": 190,
  "category": "advanced"
}
Response:
{
  "success": false,
  "status": 500,
  "data": "Server Error",
  "timeTaken": 284.4814999999944
}
Status code: 500
-------------------------------

[test number] should successfully handle input
Request:
{
  "gender": "FEMALE",
  "total_activity_duration": "SIX_TO_NINE_HOURS",
  "age": 0,
  "weight_today": 30,
  "height": 190,
  "category": "beginner"
}
Response:
{
  "success": false,
  "status": 500,
  "data": "Server Error",
  "timeTaken": 277.0564000000013
}
Status code: 500
-------------------------------

[test number] should successfully handle input
Request:
{
  "gender": "FEMALE",
  "total_activity_duration": "TWELVE_PLUS_HOURS",
  "age": 0,
  "weight_today": 113.9,
  "height": 210,
  "category": "intermediate"
}
Response:
{
  "success": false,
  "status": 500,
  "data": "Server Error",
  "timeTaken": 277.5607000000018
}
Status code: 500
-------------------------------

[test number] should successfully handle input
Request:
{
  "gender": "FEMALE",
  "total_activity_duration": "SIX_TO_NINE_HOURS",
  "age": 100,
  "weight_today": 70,
  "height": 190,
  "category": "intermediate"
}
Response:
{
  "success": false,
  "status": 500,
  "data": "Server Error",
  "timeTaken": 286.1958000000013
}
Status code: 500
-------------------------------

[test number] should successfully handle input
Request:
{
  "gender": "MALE",
  "total_activity_duration": "TWELVE_PLUS_HOURS",
  "age": 0,
  "weight_today": 113.9,
  "height": 173,
  "category": "beginner"
}
Response:
{
  "success": false,
  "status": 500,
  "data": "Server Error",
  "timeTaken": 285.0873999999967
}
Status code: 500
-------------------------------

[test number] should successfully handle input
Request:
{
  "gender": "MALE",
  "total_activity_duration": "ZERO_TO_THREE_HOURS",
  "age": 25,
  "weight_today": 150,
  "height": 140,
  "category": "advanced"
}
Response:
{
  "success": false,
  "status": 500,
  "data": "Server Error",
  "timeTaken": 289.3296999999948
}
Status code: 500
-------------------------------

[test number] should successfully handle input
Request:
{
  "gender": "MALE",
  "total_activity_duration": "THREE_TO_SIX_HOURS",
  "age": 100,
  "weight_today": 200,
  "height": 210,
  "category": "advanced"
}
Response:
{
  "success": false,
  "status": 500,
  "data": "Server Error",
  "timeTaken": 294.21080000000075
}
Status code: 500
-------------------------------

[test number] should successfully handle input
Request:
{
  "gender": "FEMALE",
  "total_activity_duration": "THREE_TO_SIX_HOURS",
  "age": 75,
  "weight_today": 30,
  "height": 160,
  "category": "beginner"
}
Response:
{
  "success": false,
  "status": 500,
  "data": "Server Error",
  "timeTaken": 285.46710000000166
}
Status code: 500
-------------------------------

[test number] should successfully handle input
Request:
{
  "gender": "MALE",
  "total_activity_duration": "TWELVE_PLUS_HOURS",
  "age": 50,
  "weight_today": 113.9,
  "height": 190,
  "category": "intermediate"
}
Response:
{
  "success": false,
  "status": 500,
  "data": "Server Error",
  "timeTaken": 281.8104000000021
}
Status code: 500
-------------------------------

[test number] should successfully handle input
Request:
{
  "gender": "MALE",
  "total_activity_duration": "TWELVE_PLUS_HOURS",
  "age": 100,
  "weight_today": 150,
  "height": 173,
  "category": "beginner"
}
Response:
{
  "success": false,
  "status": 500,
  "data": "Server Error",
  "timeTaken": 271.89429999999993
}
Status code: 500
-------------------------------

[test number] should successfully handle input
Request:
{
  "gender": "MALE",
  "total_activity_duration": "SIX_TO_NINE_HOURS",
  "age": 100,
  "weight_today": 30,
  "height": 210,
  "category": "advanced"
}
Response:
{
  "success": false,
  "status": 500,
  "data": "Server Error",
  "timeTaken": 284.4684000000052
}
Status code: 500
-------------------------------

[test number] should successfully handle input
Request:
{
  "gender": "FEMALE",
  "total_activity_duration": "ZERO_TO_THREE_HOURS",
  "age": 75,
  "weight_today": 200,
  "height": 160,
  "category": "intermediate"
}
Response:
{
  "success": false,
  "status": 500,
  "data": "Server Error",
  "timeTaken": 290.8862000000008
}
Status code: 500
-------------------------------

[test number] should successfully handle input
Request:
{
  "gender": "MALE",
  "total_activity_duration": "NINE_TO_TWELVE_HOURS",
  "age": 25,
  "weight_today": 70,
  "height": 173,
  "category": "beginner"
}
Response:
{
  "success": false,
  "status": 500,
  "data": "Server Error",
  "timeTaken": 284.97589999999764
}
Status code: 500
-------------------------------

[test number] should successfully handle input
Request:
{
  "gender": "MALE",
  "total_activity_duration": "THREE_TO_SIX_HOURS",
  "age": 0,
  "weight_today": 200,
  "height": 160,
  "category": "beginner"
}
Response:
{
  "success": false,
  "status": 500,
  "data": "Server Error",
  "timeTaken": 280.0494000000035
}
Status code: 500
-------------------------------

[test number] should successfully handle input
Request:
{
  "gender": "FEMALE",
  "total_activity_duration": "ZERO_TO_THREE_HOURS",
  "age": 25,
  "weight_today": 150,
  "height": 210,
  "category": "beginner"
}
Response:
{
  "success": false,
  "status": 500,
  "data": "Server Error",
  "timeTaken": 281.7895999999964
}
Status code: 500
-------------------------------

[test number] should successfully handle input
Request:
{
  "gender": "FEMALE",
  "total_activity_duration": "SIX_TO_NINE_HOURS",
  "age": 50,
  "weight_today": 30,
  "height": 210,
  "category": "intermediate"
}
Response:
{
  "success": false,
  "status": 500,
  "data": "Server Error",
  "timeTaken": 369.30489999999554
}
Status code: 500
-------------------------------

[test number] should successfully handle input
Request:
{
  "gender": "FEMALE",
  "total_activity_duration": "TWELVE_PLUS_HOURS",
  "age": 100,
  "weight_today": 150,
  "height": 210,
  "category": "advanced"
}
Response:
{
  "success": false,
  "status": 500,
  "data": "Server Error",
  "timeTaken": 292.05659999999625
}
Status code: 500
-------------------------------

[test number] should successfully handle input
Request:
{
  "gender": "FEMALE",
  "total_activity_duration": "NINE_TO_TWELVE_HOURS",
  "age": 75,
  "weight_today": 113.9,
  "height": 173,
  "category": "beginner"
}
Response:
{
  "success": false,
  "status": 500,
  "data": "Server Error",
  "timeTaken": 266.6229000000021
}
Status code: 500
-------------------------------

[test number] should successfully handle input
Request:
{
  "gender": "MALE",
  "total_activity_duration": "ZERO_TO_THREE_HOURS",
  "age": 75,
  "weight_today": 150,
  "height": 210,
  "category": "beginner"
}
Response:
{
  "success": false,
  "status": 500,
  "data": "Server Error",
  "timeTaken": 272.7671000000046
}
Status code: 500
-------------------------------

[test number] should successfully handle input
Request:
{
  "gender": "FEMALE",
  "total_activity_duration": "THREE_TO_SIX_HOURS",
  "age": 0,
  "weight_today": 200,
  "height": 190,
  "category": "advanced"
}
Response:
{
  "success": false,
  "status": 500,
  "data": "Server Error",
  "timeTaken": 275.0172999999995
}
Status code: 500
-------------------------------

[test number] should successfully handle input
Request:
{
  "gender": "MALE",
  "total_activity_duration": "THREE_TO_SIX_HOURS",
  "age": 50,
  "weight_today": 200,
  "height": 190,
  "category": "beginner"
}
Response:
{
  "success": false,
  "status": 500,
  "data": "Server Error",
  "timeTaken": 274.7277999999933
}
Status code: 500
-------------------------------

[test number] should successfully handle input
Request:
{
  "gender": "FEMALE",
  "total_activity_duration": "NINE_TO_TWELVE_HOURS",
  "age": 25,
  "weight_today": 113.9,
  "height": 140,
  "category": "advanced"
}
Response:
{
  "success": false,
  "status": 500,
  "data": "Server Error",
  "timeTaken": 278.08170000000246
}
Status code: 500
-------------------------------

[test number] should successfully handle input
Request:
{
  "gender": "MALE",
  "total_activity_duration": "SIX_TO_NINE_HOURS",
  "age": 50,
  "weight_today": 30,
  "height": 190,
  "category": "beginner"
}
Response:
{
  "success": false,
  "status": 500,
  "data": "Server Error",
  "timeTaken": 278.7445000000007
}
Status code: 500
-------------------------------

[test number] should successfully handle input
Request:
{
  "gender": "FEMALE",
  "total_activity_duration": "TWELVE_PLUS_HOURS",
  "age": 50,
  "weight_today": 150,
  "height": 173,
  "category": "intermediate"
}
Response:
{
  "success": false,
  "status": 500,
  "data": "Server Error",
  "timeTaken": 284.6085000000021
}
Status code: 500
-------------------------------

[test number] should successfully handle input
Request:
{
  "gender": "MALE",
  "total_activity_duration": "NINE_TO_TWELVE_HOURS",
  "age": 75,
  "weight_today": 70,
  "height": 210,
  "category": "beginner"
}
Response:
{
  "success": false,
  "status": 500,
  "data": "Server Error",
  "timeTaken": 270.7606999999989
}
Status code: 500
-------------------------------

[test number] should successfully handle input
Request:
{
  "gender": "FEMALE",
  "total_activity_duration": "SIX_TO_NINE_HOURS",
  "age": 0,
  "weight_today": 30,
  "height": 190,
  "category": "intermediate"
}
Response:
{
  "success": false,
  "status": 500,
  "data": "Server Error",
  "timeTaken": 278.17789999999513
}
Status code: 500
-------------------------------

[test number] should successfully handle input
Request:
{
  "gender": "FEMALE",
  "total_activity_duration": "TWELVE_PLUS_HOURS",
  "age": 0,
  "weight_today": 113.9,
  "height": 210,
  "category": "advanced"
}
Response:
{
  "success": false,
  "status": 500,
  "data": "Server Error",
  "timeTaken": 270.3998999999967
}
Status code: 500
-------------------------------

[test number] should successfully handle input
Request:
{
  "gender": "MALE",
  "total_activity_duration": "TWELVE_PLUS_HOURS",
  "age": 0,
  "weight_today": 113.9,
  "height": 173,
  "category": "intermediate"
}
Response:
{
  "success": false,
  "status": 500,
  "data": "Server Error",
  "timeTaken": 269.67959999999584
}
Status code: 500
-------------------------------

[test number] should successfully handle input
Request:
{
  "gender": "MALE",
  "total_activity_duration": "SIX_TO_NINE_HOURS",
  "age": 0,
  "weight_today": 30,
  "height": 140,
  "category": "beginner"
}
Response:
{
  "success": false,
  "status": 500,
  "data": "Server Error",
  "timeTaken": 276.59909999999945
}
Status code: 500
-------------------------------

[test number] should successfully handle input
Request:
{
  "gender": "MALE",
  "total_activity_duration": "ZERO_TO_THREE_HOURS",
  "age": 25,
  "weight_today": 150,
  "height": 160,
  "category": "beginner"
}
Response:
{
  "success": false,
  "status": 500,
  "data": "Server Error",
  "timeTaken": 282.13790000000154
}
Status code: 500
-------------------------------

[test number] should successfully handle input
Request:
{
  "gender": "FEMALE",
  "total_activity_duration": "THREE_TO_SIX_HOURS",
  "age": 75,
  "weight_today": 30,
  "height": 160,
  "category": "intermediate"
}
Response:
{
  "success": false,
  "status": 500,
  "data": "Server Error",
  "timeTaken": 295.52360000000044
}
Status code: 500
-------------------------------

[test number] should successfully handle input
Request:
{
  "gender": "FEMALE",
  "total_activity_duration": "SIX_TO_NINE_HOURS",
  "age": 100,
  "weight_today": 70,
  "height": 190,
  "category": "advanced"
}
Response:
{
  "success": false,
  "status": 500,
  "data": "Server Error",
  "timeTaken": 307.52760000000126
}
Status code: 500
-------------------------------

[test number] should successfully handle input
Request:
{
  "gender": "MALE",
  "total_activity_duration": "TWELVE_PLUS_HOURS",
  "age": 50,
  "weight_today": 113.9,
  "height": 190,
  "category": "advanced"
}
Response:
{
  "success": false,
  "status": 500,
  "data": "Server Error",
  "timeTaken": 297.27850000000035
}
Status code: 500
-------------------------------

[test number] should successfully handle input
Request:
{
  "gender": "MALE",
  "total_activity_duration": "SIX_TO_NINE_HOURS",
  "age": 100,
  "weight_today": 70,
  "height": 140,
  "category": "beginner"
}
Response:
{
  "success": false,
  "status": 500,
  "data": "Server Error",
  "timeTaken": 278.00130000000354
}
Status code: 500
-------------------------------

[test number] should successfully handle input
Request:
{
  "gender": "MALE",
  "total_activity_duration": "TWELVE_PLUS_HOURS",
  "age": 100,
  "weight_today": 150,
  "height": 173,
  "category": "intermediate"
}
Response:
{
  "success": false,
  "status": 500,
  "data": "Server Error",
  "timeTaken": 296.02130000000034
}
Status code: 500
-------------------------------

[test number] should successfully handle input
Request:
{
  "gender": "FEMALE",
  "total_activity_duration": "ZERO_TO_THREE_HOURS",
  "age": 75,
  "weight_today": 200,
  "height": 160,
  "category": "advanced"
}
Response:
{
  "success": false,
  "status": 500,
  "data": "Server Error",
  "timeTaken": 295.6296000000002
}
Status code: 500
-------------------------------

[test number] should successfully handle input
Request:
{
  "gender": "FEMALE",
  "total_activity_duration": "ZERO_TO_THREE_HOURS",
  "age": 25,
  "weight_today": 150,
  "height": 210,
  "category": "intermediate"
}
Response:
{
  "success": false,
  "status": 500,
  "data": "Server Error",
  "timeTaken": 287.83170000000246
}
Status code: 500
-------------------------------

[test number] should successfully handle input
Request:
{
  "gender": "MALE",
  "total_activity_duration": "THREE_TO_SIX_HOURS",
  "age": 0,
  "weight_today": 200,
  "height": 160,
  "category": "intermediate"
}
Response:
{
  "success": false,
  "status": 500,
  "data": "Server Error",
  "timeTaken": 291.7624999999971
}
Status code: 500
-------------------------------

[test number] should successfully handle input
Request:
{
  "gender": "FEMALE",
  "total_activity_duration": "NINE_TO_TWELVE_HOURS",
  "age": 75,
  "weight_today": 113.9,
  "height": 173,
  "category": "intermediate"
}
Response:
{
  "success": false,
  "status": 500,
  "data": "Server Error",
  "timeTaken": 271.4015999999974
}
Status code: 500
-------------------------------

[test number] should successfully handle input
Request:
{
  "gender": "MALE",
  "total_activity_duration": "NINE_TO_TWELVE_HOURS",
  "age": 25,
  "weight_today": 70,
  "height": 173,
  "category": "intermediate"
}
Response:
{
  "success": false,
  "status": 500,
  "data": "Server Error",
  "timeTaken": 318.61599999999453
}
Status code: 500
-------------------------------

[test number] should successfully handle input
Request:
{
  "gender": "FEMALE",
  "total_activity_duration": "SIX_TO_NINE_HOURS",
  "age": 50,
  "weight_today": 30,
  "height": 210,
  "category": "advanced"
}
Response:
{
  "success": false,
  "status": 500,
  "data": "Server Error",
  "timeTaken": 291.0242999999973
}
Status code: 500
-------------------------------

[test number] should successfully handle input
Request:
{
  "gender": "FEMALE",
  "total_activity_duration": "TWELVE_PLUS_HOURS",
  "age": 100,
  "weight_today": 200,
  "height": 140,
  "category": "beginner"
}
Response:
{
  "success": false,
  "status": 500,
  "data": "Server Error",
  "timeTaken": 281.90000000000146
}
Status code: 500
-------------------------------

[test number] should successfully handle input
Request:
{
  "gender": "MALE",
  "total_activity_duration": "ZERO_TO_THREE_HOURS",
  "age": 75,
  "weight_today": 150,
  "height": 210,
  "category": "intermediate"
}
Response:
{
  "success": false,
  "status": 500,
  "data": "Server Error",
  "timeTaken": 275.21160000000236
}
Status code: 500
-------------------------------

[test number] should successfully handle input
Request:
{
  "gender": "FEMALE",
  "total_activity_duration": "THREE_TO_SIX_HOURS",
  "age": 0,
  "weight_today": 200,
  "height": 210,
  "category": "beginner"
}
Response:
{
  "success": false,
  "status": 500,
  "data": "Server Error",
  "timeTaken": 264.9775000000009
}
Status code: 500
-------------------------------

[test number] should successfully handle input
Request:
{
  "gender": "MALE",
  "total_activity_duration": "THREE_TO_SIX_HOURS",
  "age": 50,
  "weight_today": 200,
  "height": 190,
  "category": "intermediate"
}
Response:
{
  "success": false,
  "status": 500,
  "data": "Server Error",
  "timeTaken": 271.6189999999988
}
Status code: 500
-------------------------------

[test number] should successfully handle input
Request:
{
  "gender": "MALE",
  "total_activity_duration": "SIX_TO_NINE_HOURS",
  "age": 50,
  "weight_today": 30,
  "height": 190,
  "category": "intermediate"
}
Response:
{
  "success": false,
  "status": 500,
  "data": "Server Error",
  "timeTaken": 275.2445000000007
}
Status code: 500
-------------------------------

[test number] should successfully handle input
Request:
{
  "gender": "FEMALE",
  "total_activity_duration": "NINE_TO_TWELVE_HOURS",
  "age": 25,
  "weight_today": 113.9,
  "height": 160,
  "category": "beginner"
}
Response:
{
  "success": false,
  "status": 500,
  "data": "Server Error",
  "timeTaken": 280.22299999999814
}
Status code: 500
-------------------------------

[test number] should successfully handle input
Request:
{
  "gender": "MALE",
  "total_activity_duration": "NINE_TO_TWELVE_HOURS",
  "age": 75,
  "weight_today": 70,
  "height": 210,
  "category": "intermediate"
}
Response:
{
  "success": false,
  "status": 500,
  "data": "Server Error",
  "timeTaken": 272.5371000000014
}
Status code: 500
-------------------------------

[test number] should successfully handle input
Request:
{
  "gender": "FEMALE",
  "total_activity_duration": "TWELVE_PLUS_HOURS",
  "age": 50,
  "weight_today": 150,
  "height": 173,
  "category": "advanced"
}
Response:
{
  "success": false,
  "status": 500,
  "data": "Server Error",
  "timeTaken": 286.57680000000255
}
Status code: 500
-------------------------------

[test number] should successfully handle input
Request:
{
  "gender": "FEMALE",
  "total_activity_duration": "SIX_TO_NINE_HOURS",
  "age": 0,
  "weight_today": 30,
  "height": 190,
  "category": "advanced"
}
Response:
{
  "success": false,
  "status": 500,
  "data": "Server Error",
  "timeTaken": 272.3399999999965
}
Status code: 500
-------------------------------

[test number] should successfully handle input
Request:
{
  "gender": "FEMALE",
  "total_activity_duration": "TWELVE_PLUS_HOURS",
  "age": 0,
  "weight_today": 150,
  "height": 140,
  "category": "beginner"
}
Response:
{
  "success": false,
  "status": 500,
  "data": "Server Error",
  "timeTaken": 284.04899999999907
}
Status code: 500
-------------------------------

[test number] should successfully handle input
Request:
{
  "gender": "MALE",
  "total_activity_duration": "TWELVE_PLUS_HOURS",
  "age": 0,
  "weight_today": 113.9,
  "height": 173,
  "category": "advanced"
}
Response:
{
  "success": false,
  "status": 500,
  "data": "Server Error",
  "timeTaken": 278.0555000000022
}
Status code: 500
-------------------------------

[test number] should successfully handle input
Request:
{
  "gender": "MALE",
  "total_activity_duration": "ZERO_TO_THREE_HOURS",
  "age": 25,
  "weight_today": 150,
  "height": 160,
  "category": "intermediate"
}
Response:
{
  "success": false,
  "status": 500,
  "data": "Server Error",
  "timeTaken": 274.0957000000053
}
Status code: 500
-------------------------------

[test number] should successfully handle input
Request:
{
  "gender": "MALE",
  "total_activity_duration": "SIX_TO_NINE_HOURS",
  "age": 0,
  "weight_today": 30,
  "height": 140,
  "category": "intermediate"
}
Response:
{
  "success": false,
  "status": 500,
  "data": "Server Error",
  "timeTaken": 291.133600000001
}
Status code: 500
-------------------------------

[test number] should successfully handle input
Request:
{
  "gender": "FEMALE",
  "total_activity_duration": "SIX_TO_NINE_HOURS",
  "age": 100,
  "weight_today": 70,
  "height": 210,
  "category": "beginner"
}
Response:
{
  "success": false,
  "status": 500,
  "data": "Server Error",
  "timeTaken": 276.69139999999607
}
Status code: 500
-------------------------------

[test number] should successfully handle input
Request:
{
  "gender": "FEMALE",
  "total_activity_duration": "THREE_TO_SIX_HOURS",
  "age": 75,
  "weight_today": 30,
  "height": 160,
  "category": "advanced"
}
Response:
{
  "success": false,
  "status": 500,
  "data": "Server Error",
  "timeTaken": 280.15209999999934
}
Status code: 500
-------------------------------

[test number] should successfully handle input
Request:
{
  "gender": "FEMALE",
  "total_activity_duration": "ZERO_TO_THREE_HOURS",
  "age": 75,
  "weight_today": 200,
  "height": 173,
  "category": "beginner"
}
Response:
{
  "success": false,
  "status": 500,
  "data": "Server Error",
  "timeTaken": 274.1614999999947
}
Status code: 500
-------------------------------

[test number] should successfully handle input
Request:
{
  "gender": "MALE",
  "total_activity_duration": "TWELVE_PLUS_HOURS",
  "age": 50,
  "weight_today": 113.9,
  "height": 210,
  "category": "beginner"
}
Response:
{
  "success": false,
  "status": 500,
  "data": "Server Error",
  "timeTaken": 307.0908999999956
}
Status code: 500
-------------------------------

[test number] should successfully handle input
Request:
{
  "gender": "MALE",
  "total_activity_duration": "TWELVE_PLUS_HOURS",
  "age": 100,
  "weight_today": 150,
  "height": 173,
  "category": "advanced"
}
Response:
{
  "success": false,
  "status": 500,
  "data": "Server Error",
  "timeTaken": 277.02440000000206
}
Status code: 500
-------------------------------

[test number] should successfully handle input
Request:
{
  "gender": "MALE",
  "total_activity_duration": "SIX_TO_NINE_HOURS",
  "age": 100,
  "weight_today": 70,
  "height": 140,
  "category": "intermediate"
}
Response:
{
  "success": false,
  "status": 500,
  "data": "Server Error",
  "timeTaken": 287.11069999999745
}
Status code: 500
-------------------------------

[test number] should successfully handle input
Request:
{
  "gender": "MALE",
  "total_activity_duration": "ZERO_TO_THREE_HOURS",
  "age": 75,
  "weight_today": 150,
  "height": 210,
  "category": "advanced"
}
Response:
{
  "success": false,
  "status": 500,
  "data": "Server Error",
  "timeTaken": 274.51890000000276
}
Status code: 500
-------------------------------

[test number] should successfully handle input
Request:
{
  "gender": "FEMALE",
  "total_activity_duration": "SIX_TO_NINE_HOURS",
  "age": 50,
  "weight_today": 70,
  "height": 140,
  "category": "beginner"
}
Response:
{
  "success": false,
  "status": 500,
  "data": "Server Error",
  "timeTaken": 279.45060000000376
}
Status code: 500
-------------------------------

[test number] should successfully handle input
Request:
{
  "gender": "MALE",
  "total_activity_duration": "NINE_TO_TWELVE_HOURS",
  "age": 25,
  "weight_today": 70,
  "height": 173,
  "category": "advanced"
}
Response:
{
  "success": false,
  "status": 500,
  "data": "Server Error",
  "timeTaken": 284.3738000000012
}
Status code: 500
-------------------------------

[test number] should successfully handle input
Request:
{
  "gender": "FEMALE",
  "total_activity_duration": "ZERO_TO_THREE_HOURS",
  "age": 25,
  "weight_today": 150,
  "height": 210,
  "category": "advanced"
}
Response:
{
  "success": false,
  "status": 500,
  "data": "Server Error",
  "timeTaken": 297.74259999999776
}
Status code: 500
-------------------------------

[test number] should successfully handle input
Request:
{
  "gender": "MALE",
  "total_activity_duration": "THREE_TO_SIX_HOURS",
  "age": 50,
  "weight_today": 200,
  "height": 190,
  "category": "advanced"
}
Response:
{
  "success": false,
  "status": 500,
  "data": "Server Error",
  "timeTaken": 272.7037999999957
}
Status code: 500
-------------------------------

[test number] should successfully handle input
Request:
{
  "gender": "FEMALE",
  "total_activity_duration": "NINE_TO_TWELVE_HOURS",
  "age": 75,
  "weight_today": 113.9,
  "height": 173,
  "category": "advanced"
}
Response:
{
  "success": false,
  "status": 500,
  "data": "Server Error",
  "timeTaken": 297.3214000000007
}
Status code: 500
-------------------------------

[test number] should successfully handle input
Request:
{
  "gender": "FEMALE",
  "total_activity_duration": "THREE_TO_SIX_HOURS",
  "age": 0,
  "weight_today": 200,
  "height": 210,
  "category": "intermediate"
}
Response:
{
  "success": false,
  "status": 500,
  "data": "Server Error",
  "timeTaken": 292.52419999999984
}
Status code: 500
-------------------------------

[test number] should successfully handle input
Request:
{
  "gender": "FEMALE",
  "total_activity_duration": "TWELVE_PLUS_HOURS",
  "age": 100,
  "weight_today": 200,
  "height": 140,
  "category": "intermediate"
}
Response:
{
  "success": false,
  "status": 500,
  "data": "Server Error",
  "timeTaken": 311.6015000000043
}
Status code: 500
-------------------------------

[test number] should successfully handle input
Request:
{
  "gender": "FEMALE",
  "total_activity_duration": "NINE_TO_TWELVE_HOURS",
  "age": 25,
  "weight_today": 113.9,
  "height": 160,
  "category": "intermediate"
}
Response:
{
  "success": false,
  "status": 500,
  "data": "Server Error",
  "timeTaken": 275.24430000000575
}
Status code: 500
-------------------------------

[test number] should successfully handle input
Request:
{
  "gender": "MALE",
  "total_activity_duration": "SIX_TO_NINE_HOURS",
  "age": 50,
  "weight_today": 30,
  "height": 190,
  "category": "advanced"
}
Response:
{
  "success": false,
  "status": 500,
  "data": "Server Error",
  "timeTaken": 278.87950000000274
}
Status code: 500
-------------------------------

[test number] should successfully handle input
Request:
{
  "gender": "MALE",
  "total_activity_duration": "THREE_TO_SIX_HOURS",
  "age": 0,
  "weight_today": 200,
  "height": 160,
  "category": "advanced"
}
Response:
{
  "success": false,
  "status": 500,
  "data": "Server Error",
  "timeTaken": 357.50380000000587
}
Status code: 500
-------------------------------

[test number] should successfully handle input
Request:
{
  "gender": "MALE",
  "total_activity_duration": "NINE_TO_TWELVE_HOURS",
  "age": 75,
  "weight_today": 70,
  "height": 210,
  "category": "advanced"
}
Response:
{
  "success": false,
  "status": 500,
  "data": "Server Error",
  "timeTaken": 290.36410000000615
}
Status code: 500
-------------------------------

[test number] should successfully handle input
Request:
{
  "gender": "FEMALE",
  "total_activity_duration": "TWELVE_PLUS_HOURS",
  "age": 50,
  "weight_today": 150,
  "height": 190,
  "category": "beginner"
}
Response:
{
  "success": false,
  "status": 500,
  "data": "Server Error",
  "timeTaken": 292.2551999999996
}
Status code: 500
-------------------------------

[test number] should successfully handle input
Request:
{
  "gender": "FEMALE",
  "total_activity_duration": "SIX_TO_NINE_HOURS",
  "age": 0,
  "weight_today": 30,
  "height": 210,
  "category": "beginner"
}
Response:
{
  "success": false,
  "status": 500,
  "data": "Server Error",
  "timeTaken": 276.8611000000019
}
Status code: 500
-------------------------------

[test number] should successfully handle input
Request:
{
  "gender": "FEMALE",
  "total_activity_duration": "TWELVE_PLUS_HOURS",
  "age": 0,
  "weight_today": 150,
  "height": 140,
  "category": "intermediate"
}
Response:
{
  "success": false,
  "status": 500,
  "data": "Server Error",
  "timeTaken": 269.0829999999987
}
Status code: 500
-------------------------------

[test number] should successfully handle input
Request:
{
  "gender": "MALE",
  "total_activity_duration": "TWELVE_PLUS_HOURS",
  "age": 0,
  "weight_today": 113.9,
  "height": 190,
  "category": "beginner"
}
Response:
{
  "success": false,
  "status": 500,
  "data": "Server Error",
  "timeTaken": 283.09500000000116
}
Status code: 500
-------------------------------

[test number] should successfully handle input
Request:
{
  "gender": "MALE",
  "total_activity_duration": "SIX_TO_NINE_HOURS",
  "age": 0,
  "weight_today": 30,
  "height": 140,
  "category": "advanced"
}
Response:
{
  "success": false,
  "status": 500,
  "data": "Server Error",
  "timeTaken": 275.33690000000206
}
Status code: 500
-------------------------------

[test number] should successfully handle input
Request:
{
  "gender": "FEMALE",
  "total_activity_duration": "THREE_TO_SIX_HOURS",
  "age": 75,
  "weight_today": 30,
  "height": 173,
  "category": "beginner"
}
Response:
{
  "success": false,
  "status": 500,
  "data": "Server Error",
  "timeTaken": 280.41739999999845
}
Status code: 500
-------------------------------

[test number] should successfully handle input
Request:
{
  "gender": "FEMALE",
  "total_activity_duration": "SIX_TO_NINE_HOURS",
  "age": 100,
  "weight_today": 70,
  "height": 210,
  "category": "intermediate"
}
Response:
{
  "success": false,
  "status": 500,
  "data": "Server Error",
  "timeTaken": 290.2421000000031
}
Status code: 500
-------------------------------

[test number] should successfully handle input
Request:
{
  "gender": "MALE",
  "total_activity_duration": "ZERO_TO_THREE_HOURS",
  "age": 25,
  "weight_today": 150,
  "height": 160,
  "category": "advanced"
}
Response:
{
  "success": false,
  "status": 500,
  "data": "Server Error",
  "timeTaken": 354.0601999999999
}
Status code: 500
-------------------------------

[test number] should successfully handle input
Request:
{
  "gender": "FEMALE",
  "total_activity_duration": "ZERO_TO_THREE_HOURS",
  "age": 75,
  "weight_today": 200,
  "height": 173,
  "category": "intermediate"
}
Response:
{
  "success": false,
  "status": 500,
  "data": "Server Error",
  "timeTaken": 269.5271999999968
}
Status code: 500
-------------------------------

[test number] should successfully handle input
Request:
{
  "gender": "MALE",
  "total_activity_duration": "SIX_TO_NINE_HOURS",
  "age": 100,
  "weight_today": 70,
  "height": 140,
  "category": "advanced"
}
Response:
{
  "success": false,
  "status": 500,
  "data": "Server Error",
  "timeTaken": 279.12599999999657
}
Status code: 500
-------------------------------

[test number] should successfully handle input
Request:
{
  "gender": "MALE",
  "total_activity_duration": "TWELVE_PLUS_HOURS",
  "age": 50,
  "weight_today": 113.9,
  "height": 210,
  "category": "intermediate"
}
Response:
{
  "success": false,
  "status": 500,
  "data": "Server Error",
  "timeTaken": 288.025999999998
}
Status code: 500
-------------------------------

[test number] should successfully handle input
Request:
{
  "gender": "MALE",
  "total_activity_duration": "TWELVE_PLUS_HOURS",
  "age": 100,
  "weight_today": 150,
  "height": 190,
  "category": "beginner"
}
Response:
{
  "success": false,
  "status": 500,
  "data": "Server Error",
  "timeTaken": 298.0491000000038
}
Status code: 500
-------------------------------

[test number] should successfully handle input
Request:
{
  "gender": "MALE",
  "total_activity_duration": "NINE_TO_TWELVE_HOURS",
  "age": 25,
  "weight_today": 70,
  "height": 190,
  "category": "beginner"
}
Response:
{
  "success": false,
  "status": 500,
  "data": "Server Error",
  "timeTaken": 286.22879999999714
}
Status code: 500
-------------------------------

[test number] should successfully handle input
Request:
{
  "gender": "MALE",
  "total_activity_duration": "ZERO_TO_THREE_HOURS",
  "age": 75,
  "weight_today": 200,
  "height": 140,
  "category": "beginner"
}
Response:
{
  "success": false,
  "status": 500,
  "data": "Server Error",
  "timeTaken": 288.4415000000008
}
Status code: 500
-------------------------------

[test number] should successfully handle input
Request:
{
  "gender": "MALE",
  "total_activity_duration": "THREE_TO_SIX_HOURS",
  "age": 50,
  "weight_today": 200,
  "height": 210,
  "category": "beginner"
}
Response:
{
  "success": false,
  "status": 500,
  "data": "Server Error",
  "timeTaken": 288.65200000000186
}
Status code: 500
-------------------------------

[test number] should successfully handle input
Request:
{
  "gender": "FEMALE",
  "total_activity_duration": "ZERO_TO_THREE_HOURS",
  "age": 25,
  "weight_today": 200,
  "height": 140,
  "category": "beginner"
}
Response:
{
  "success": false,
  "status": 500,
  "data": "Server Error",
  "timeTaken": 286.27350000000297
}
Status code: 500
-------------------------------

[test number] should successfully handle input
Request:
{
  "gender": "FEMALE",
  "total_activity_duration": "THREE_TO_SIX_HOURS",
  "age": 0,
  "weight_today": 200,
  "height": 210,
  "category": "advanced"
}
Response:
{
  "success": false,
  "status": 500,
  "data": "Server Error",
  "timeTaken": 284.7592000000004
}
Status code: 500
-------------------------------

[test number] should successfully handle input
Request:
{
  "gender": "FEMALE",
  "total_activity_duration": "SIX_TO_NINE_HOURS",
  "age": 50,
  "weight_today": 70,
  "height": 140,
  "category": "intermediate"
}
Response:
{
  "success": false,
  "status": 500,
  "data": "Server Error",
  "timeTaken": 290.03740000000107
}
Status code: 500
-------------------------------

[test number] should successfully handle input
Request:
{
  "gender": "FEMALE",
  "total_activity_duration": "NINE_TO_TWELVE_HOURS",
  "age": 75,
  "weight_today": 113.9,
  "height": 190,
  "category": "beginner"
}
Response:
{
  "success": false,
  "status": 500,
  "data": "Server Error",
  "timeTaken": 290.03190000000177
}
Status code: 500
-------------------------------

[test number] should successfully handle input
Request:
{
  "gender": "FEMALE",
  "total_activity_duration": "TWELVE_PLUS_HOURS",
  "age": 100,
  "weight_today": 200,
  "height": 140,
  "category": "advanced"
}
Response:
{
  "success": false,
  "status": 500,
  "data": "Server Error",
  "timeTaken": 281.34990000000107
}
Status code: 500
-------------------------------

[test number] should successfully handle input
Request:
{
  "gender": "FEMALE",
  "total_activity_duration": "NINE_TO_TWELVE_HOURS",
  "age": 25,
  "weight_today": 113.9,
  "height": 160,
  "category": "advanced"
}
Response:
{
  "success": false,
  "status": 500,
  "data": "Server Error",
  "timeTaken": 273.7804000000033
}
Status code: 500
-------------------------------

[test number] should successfully handle input
Request:
{
  "gender": "MALE",
  "total_activity_duration": "SIX_TO_NINE_HOURS",
  "age": 50,
  "weight_today": 30,
  "height": 210,
  "category": "beginner"
}
Response:
{
  "success": false,
  "status": 500,
  "data": "Server Error",
  "timeTaken": 291.27060000000347
}
Status code: 500
-------------------------------

[test number] should successfully handle input
Request:
{
  "gender": "MALE",
  "total_activity_duration": "THREE_TO_SIX_HOURS",
  "age": 0,
  "weight_today": 200,
  "height": 173,
  "category": "beginner"
}
Response:
{
  "success": false,
  "status": 500,
  "data": "Server Error",
  "timeTaken": 290.9857999999949
}
Status code: 500
-------------------------------

[test number] should successfully handle input
Request:
{
  "gender": "FEMALE",
  "total_activity_duration": "TWELVE_PLUS_HOURS",
  "age": 50,
  "weight_today": 150,
  "height": 190,
  "category": "intermediate"
}
Response:
{
  "success": false,
  "status": 500,
  "data": "Server Error",
  "timeTaken": 302.6927999999971
}
Status code: 500
-------------------------------

[test number] should successfully handle input
Request:
{
  "gender": "FEMALE",
  "total_activity_duration": "SIX_TO_NINE_HOURS",
  "age": 0,
  "weight_today": 30,
  "height": 210,
  "category": "intermediate"
}
Response:
{
  "success": false,
  "status": 500,
  "data": "Server Error",
  "timeTaken": 274.78110000000015
}
Status code: 500
-------------------------------

[test number] should successfully handle input
Request:
{
  "gender": "MALE",
  "total_activity_duration": "NINE_TO_TWELVE_HOURS",
  "age": 75,
  "weight_today": 113.9,
  "height": 140,
  "category": "beginner"
}
Response:
{
  "success": false,
  "status": 500,
  "data": "Server Error",
  "timeTaken": 311.28399999999965
}
Status code: 500
-------------------------------

[test number] should successfully handle input
Request:
{
  "gender": "FEMALE",
  "total_activity_duration": "TWELVE_PLUS_HOURS",
  "age": 0,
  "weight_today": 150,
  "height": 140,
  "category": "advanced"
}
Response:
{
  "success": false,
  "status": 500,
  "data": "Server Error",
  "timeTaken": 288.6368000000002
}
Status code: 500
-------------------------------

[test number] should successfully handle input
Request:
{
  "gender": "MALE",
  "total_activity_duration": "TWELVE_PLUS_HOURS",
  "age": 0,
  "weight_today": 113.9,
  "height": 190,
  "category": "intermediate"
}
Response:
{
  "success": false,
  "status": 500,
  "data": "Server Error",
  "timeTaken": 281.7511000000013
}
Status code: 500
-------------------------------

[test number] should successfully handle input
Request:
{
  "gender": "MALE",
  "total_activity_duration": "SIX_TO_NINE_HOURS",
  "age": 0,
  "weight_today": 30,
  "height": 160,
  "category": "beginner"
}
Response:
{
  "success": false,
  "status": 500,
  "data": "Server Error",
  "timeTaken": 297.56470000000263
}
Status code: 500
-------------------------------

[test number] should successfully handle input
Request:
{
  "gender": "FEMALE",
  "total_activity_duration": "THREE_TO_SIX_HOURS",
  "age": 75,
  "weight_today": 30,
  "height": 173,
  "category": "intermediate"
}
Response:
{
  "success": false,
  "status": 500,
  "data": "Server Error",
  "timeTaken": 271.17519999999786
}
Status code: 500
-------------------------------

[test number] should successfully handle input
Request:
{
  "gender": "FEMALE",
  "total_activity_duration": "SIX_TO_NINE_HOURS",
  "age": 100,
  "weight_today": 70,
  "height": 210,
  "category": "advanced"
}
Response:
{
  "success": false,
  "status": 500,
  "data": "Server Error",
  "timeTaken": 280.417300000001
}
Status code: 500
-------------------------------

[test number] should successfully handle input
Request:
{
  "gender": "FEMALE",
  "total_activity_duration": "ZERO_TO_THREE_HOURS",
  "age": 75,
  "weight_today": 200,
  "height": 173,
  "category": "advanced"
}
Response:
{
  "success": false,
  "status": 500,
  "data": "Server Error",
  "timeTaken": 276.20560000000114
}
Status code: 500
-------------------------------

[test number] should successfully handle input
Request:
{
  "gender": "MALE",
  "total_activity_duration": "ZERO_TO_THREE_HOURS",
  "age": 25,
  "weight_today": 150,
  "height": 173,
  "category": "beginner"
}
Response:
{
  "success": false,
  "status": 500,
  "data": "Server Error",
  "timeTaken": 286.5757999999987
}
Status code: 500
-------------------------------

[test number] should successfully handle input
Request:
{
  "gender": "MALE",
  "total_activity_duration": "TWELVE_PLUS_HOURS",
  "age": 100,
  "weight_today": 150,
  "height": 190,
  "category": "intermediate"
}
Response:
{
  "success": false,
  "status": 500,
  "data": "Server Error",
  "timeTaken": 267.92349999999715
}
Status code: 500
-------------------------------

[test number] should successfully handle input
Request:
{
  "gender": "MALE",
  "total_activity_duration": "TWELVE_PLUS_HOURS",
  "age": 50,
  "weight_today": 113.9,
  "height": 210,
  "category": "advanced"
}
Response:
{
  "success": false,
  "status": 500,
  "data": "Server Error",
  "timeTaken": 292.6508000000031
}
Status code: 500
-------------------------------

[test number] should successfully handle input
Request:
{
  "gender": "MALE",
  "total_activity_duration": "SIX_TO_NINE_HOURS",
  "age": 100,
  "weight_today": 70,
  "height": 160,
  "category": "beginner"
}
Response:
{
  "success": false,
  "status": 500,
  "data": "Server Error",
  "timeTaken": 299.4120999999941
}
Status code: 500
-------------------------------

[test number] should successfully handle input
Request:
{
  "gender": "FEMALE",
  "total_activity_duration": "ZERO_TO_THREE_HOURS",
  "age": 25,
  "weight_today": 200,
  "height": 140,
  "category": "intermediate"
}
Response:
{
  "success": false,
  "status": 500,
  "data": "Server Error",
  "timeTaken": 270.4190000000017
}
Status code: 500
-------------------------------

[test number] should successfully handle input
Request:
{
  "gender": "MALE",
  "total_activity_duration": "THREE_TO_SIX_HOURS",
  "age": 50,
  "weight_today": 200,
  "height": 210,
  "category": "intermediate"
}
Response:
{
  "success": false,
  "status": 500,
  "data": "Server Error",
  "timeTaken": 276.273199999996
}
Status code: 500
-------------------------------

[test number] should successfully handle input
Request:
{
  "gender": "FEMALE",
  "total_activity_duration": "NINE_TO_TWELVE_HOURS",
  "age": 75,
  "weight_today": 113.9,
  "height": 190,
  "category": "intermediate"
}
Response:
{
  "success": false,
  "status": 500,
  "data": "Server Error",
  "timeTaken": 275.3274999999994
}
Status code: 500
-------------------------------

[test number] should successfully handle input
Request:
{
  "gender": "FEMALE",
  "total_activity_duration": "SIX_TO_NINE_HOURS",
  "age": 50,
  "weight_today": 70,
  "height": 140,
  "category": "advanced"
}
Response:
{
  "success": false,
  "status": 500,
  "data": "Server Error",
  "timeTaken": 281.99379999999655
}
Status code: 500
-------------------------------

[test number] should successfully handle input
Request:
{
  "gender": "MALE",
  "total_activity_duration": "ZERO_TO_THREE_HOURS",
  "age": 75,
  "weight_today": 200,
  "height": 140,
  "category": "intermediate"
}
Response:
{
  "success": false,
  "status": 500,
  "data": "Server Error",
  "timeTaken": 282.55829999999696
}
Status code: 500
-------------------------------

[test number] should successfully handle input
Request:
{
  "gender": "FEMALE",
  "total_activity_duration": "THREE_TO_SIX_HOURS",
  "age": 25,
  "weight_today": 30,
  "height": 140,
  "category": "beginner"
}
Response:
{
  "success": false,
  "status": 500,
  "data": "Server Error",
  "timeTaken": 292.8781000000017
}
Status code: 500
-------------------------------

[test number] should successfully handle input
Request:
{
  "gender": "MALE",
  "total_activity_duration": "NINE_TO_TWELVE_HOURS",
  "age": 25,
  "weight_today": 70,
  "height": 190,
  "category": "intermediate"
}
Response:
{
  "success": false,
  "status": 500,
  "data": "Server Error",
  "timeTaken": 295.8387999999977
}
Status code: 500
-------------------------------

[test number] should successfully handle input
Request:
{
  "gender": "FEMALE",
  "total_activity_duration": "TWELVE_PLUS_HOURS",
  "age": 100,
  "weight_today": 200,
  "height": 160,
  "category": "beginner"
}
Response:
{
  "success": false,
  "status": 500,
  "data": "Server Error",
  "timeTaken": 289.2433999999994
}
Status code: 500
-------------------------------

[test number] should successfully handle input
Request:
{
  "gender": "MALE",
  "total_activity_duration": "THREE_TO_SIX_HOURS",
  "age": 0,
  "weight_today": 200,
  "height": 173,
  "category": "intermediate"
}
Response:
{
  "success": false,
  "status": 500,
  "data": "Server Error",
  "timeTaken": 270.78689999999915
}
Status code: 500
-------------------------------

[test number] should successfully handle input
Request:
{
  "gender": "MALE",
  "total_activity_duration": "SIX_TO_NINE_HOURS",
  "age": 50,
  "weight_today": 30,
  "height": 210,
  "category": "intermediate"
}
Response:
{
  "success": false,
  "status": 500,
  "data": "Server Error",
  "timeTaken": 275.9231
}
Status code: 500
-------------------------------

[test number] should successfully handle input
Request:
{
  "gender": "FEMALE",
  "total_activity_duration": "NINE_TO_TWELVE_HOURS",
  "age": 25,
  "weight_today": 113.9,
  "height": 173,
  "category": "beginner"
}
Response:
{
  "success": false,
  "status": 500,
  "data": "Server Error",
  "timeTaken": 297.556700000001
}
Status code: 500
-------------------------------

[test number] should successfully handle input
Request:
{
  "gender": "FEMALE",
  "total_activity_duration": "SIX_TO_NINE_HOURS",
  "age": 0,
  "weight_today": 30,
  "height": 210,
  "category": "advanced"
}
Response:
{
  "success": false,
  "status": 500,
  "data": "Server Error",
  "timeTaken": 289.18069999999716
}
Status code: 500
-------------------------------

[test number] should successfully handle input
Request:
{
  "gender": "FEMALE",
  "total_activity_duration": "TWELVE_PLUS_HOURS",
  "age": 50,
  "weight_today": 150,
  "height": 190,
  "category": "advanced"
}
Response:
{
  "success": false,
  "status": 500,
  "data": "Server Error",
  "timeTaken": 298.5497999999934
}
Status code: 500
-------------------------------

[test number] should successfully handle input
Request:
{
  "gender": "MALE",
  "total_activity_duration": "TWELVE_PLUS_HOURS",
  "age": 0,
  "weight_today": 113.9,
  "height": 190,
  "category": "advanced"
}
Response:
{
  "success": false,
  "status": 500,
  "data": "Server Error",
  "timeTaken": 272.8567000000039
}
Status code: 500
-------------------------------

[test number] should successfully handle input
Request:
{
  "gender": "MALE",
  "total_activity_duration": "NINE_TO_TWELVE_HOURS",
  "age": 75,
  "weight_today": 113.9,
  "height": 140,
  "category": "intermediate"
}
Response:
{
  "success": false,
  "status": 500,
  "data": "Server Error",
  "timeTaken": 286.0639999999985
}
Status code: 500
-------------------------------

[test number] should successfully handle input
Request:
{
  "gender": "FEMALE",
  "total_activity_duration": "TWELVE_PLUS_HOURS",
  "age": 0,
  "weight_today": 150,
  "height": 160,
  "category": "beginner"
}
Response:
{
  "success": false,
  "status": 500,
  "data": "Server Error",
  "timeTaken": 293.3003000000026
}
Status code: 500
-------------------------------

[test number] should successfully handle input
Request:
{
  "gender": "MALE",
  "total_activity_duration": "SIX_TO_NINE_HOURS",
  "age": 0,
  "weight_today": 30,
  "height": 160,
  "category": "intermediate"
}
Response:
{
  "success": false,
  "status": 500,
  "data": "Server Error",
  "timeTaken": 291.42579999999725
}
Status code: 500
-------------------------------

[test number] should successfully handle input
Request:
{
  "gender": "FEMALE",
  "total_activity_duration": "THREE_TO_SIX_HOURS",
  "age": 75,
  "weight_today": 30,
  "height": 173,
  "category": "advanced"
}
Response:
{
  "success": false,
  "status": 500,
  "data": "Server Error",
  "timeTaken": 274.2065999999977
}
Status code: 500
-------------------------------

[test number] should successfully handle input
Request:
{
  "gender": "FEMALE",
  "total_activity_duration": "SIX_TO_NINE_HOURS",
  "age": 100,
  "weight_today": 113.9,
  "height": 140,
  "category": "beginner"
}
Response:
{
  "success": false,
  "status": 500,
  "data": "Server Error",
  "timeTaken": 300.1785000000018
}
Status code: 500
-------------------------------

[test number] should successfully handle input
Request:
{
  "gender": "MALE",
  "total_activity_duration": "ZERO_TO_THREE_HOURS",
  "age": 25,
  "weight_today": 150,
  "height": 173,
  "category": "intermediate"
}
Response:
{
  "success": false,
  "status": 500,
  "data": "Server Error",
  "timeTaken": 272.7994000000035
}
Status code: 500
-------------------------------

[test number] should successfully handle input
Request:
{
  "gender": "MALE",
  "total_activity_duration": "TWELVE_PLUS_HOURS",
  "age": 100,
  "weight_today": 150,
  "height": 190,
  "category": "advanced"
}
Response:
{
  "success": false,
  "status": 500,
  "data": "Server Error",
  "timeTaken": 267.6762999999992
}
Status code: 500
-------------------------------

[test number] should successfully handle input
Request:
{
  "gender": "FEMALE",
  "total_activity_duration": "ZERO_TO_THREE_HOURS",
  "age": 75,
  "weight_today": 200,
  "height": 190,
  "category": "beginner"
}
Response:
{
  "success": false,
  "status": 500,
  "data": "Server Error",
  "timeTaken": 287.9241000000038
}
Status code: 500
-------------------------------

[test number] should successfully handle input
Request:
{
  "gender": "FEMALE",
  "total_activity_duration": "ZERO_TO_THREE_HOURS",
  "age": 25,
  "weight_today": 200,
  "height": 140,
  "category": "advanced"
}
Response:
{
  "success": false,
  "status": 500,
  "data": "Server Error",
  "timeTaken": 263.4060000000027
}
Status code: 500
-------------------------------

[test number] should successfully handle input
Request:
{
  "gender": "MALE",
  "total_activity_duration": "TWELVE_PLUS_HOURS",
  "age": 50,
  "weight_today": 150,
  "height": 140,
  "category": "beginner"
}
Response:
{
  "success": false,
  "status": 500,
  "data": "Server Error",
  "timeTaken": 280.65929999999935
}
Status code: 500
-------------------------------

[test number] should successfully handle input
Request:
{
  "gender": "MALE",
  "total_activity_duration": "SIX_TO_NINE_HOURS",
  "age": 100,
  "weight_today": 70,
  "height": 160,
  "category": "intermediate"
}
Response:
{
  "success": false,
  "status": 500,
  "data": "Server Error",
  "timeTaken": 290.0387999999948
}
Status code: 500
-------------------------------

[test number] should successfully handle input
Request:
{
  "gender": "MALE",
  "total_activity_duration": "ZERO_TO_THREE_HOURS",
  "age": 75,
  "weight_today": 200,
  "height": 140,
  "category": "advanced"
}
Response:
{
  "success": false,
  "status": 500,
  "data": "Server Error",
  "timeTaken": 267.5711999999985
}
Status code: 500
-------------------------------

[test number] should successfully handle input
Request:
{
  "gender": "FEMALE",
  "total_activity_duration": "SIX_TO_NINE_HOURS",
  "age": 50,
  "weight_today": 70,
  "height": 160,
  "category": "beginner"
}
Response:
{
  "success": false,
  "status": 500,
  "data": "Server Error",
  "timeTaken": 280.2468999999983
}
Status code: 500
-------------------------------

[test number] should successfully handle input
Request:
{
  "gender": "FEMALE",
  "total_activity_duration": "NINE_TO_TWELVE_HOURS",
  "age": 75,
  "weight_today": 113.9,
  "height": 190,
  "category": "advanced"
}
Response:
{
  "success": false,
  "status": 500,
  "data": "Server Error",
  "timeTaken": 285.8906000000061
}
Status code: 500
-------------------------------

[test number] should successfully handle input
Request:
{
  "gender": "MALE",
  "total_activity_duration": "THREE_TO_SIX_HOURS",
  "age": 50,
  "weight_today": 200,
  "height": 210,
  "category": "advanced"
}
Response:
{
  "success": false,
  "status": 500,
  "data": "Server Error",
  "timeTaken": 291.06780000000435
}
Status code: 500
-------------------------------

[test number] should successfully handle input
Request:
{
  "gender": "MALE",
  "total_activity_duration": "NINE_TO_TWELVE_HOURS",
  "age": 25,
  "weight_today": 70,
  "height": 190,
  "category": "advanced"
}
Response:
{
  "success": false,
  "status": 500,
  "data": "Server Error",
  "timeTaken": 274.4710999999952
}
Status code: 500
-------------------------------

[test number] should successfully handle input
Request:
{
  "gender": "FEMALE",
  "total_activity_duration": "THREE_TO_SIX_HOURS",
  "age": 25,
  "weight_today": 30,
  "height": 140,
  "category": "intermediate"
}
Response:
{
  "success": false,
  "status": 500,
  "data": "Server Error",
  "timeTaken": 279.5841999999975
}
Status code: 500
-------------------------------

[test number] should successfully handle input
Request:
{
  "gender": "FEMALE",
  "total_activity_duration": "TWELVE_PLUS_HOURS",
  "age": 100,
  "weight_today": 200,
  "height": 160,
  "category": "intermediate"
}
Response:
{
  "success": false,
  "status": 500,
  "data": "Server Error",
  "timeTaken": 277.6785999999993
}
Status code: 500
-------------------------------

[test number] should successfully handle input
Request:
{
  "gender": "MALE",
  "total_activity_duration": "SIX_TO_NINE_HOURS",
  "age": 50,
  "weight_today": 30,
  "height": 210,
  "category": "advanced"
}
Response:
{
  "success": false,
  "status": 500,
  "data": "Server Error",
  "timeTaken": 280.3542000000016
}
Status code: 500
-------------------------------

[test number] should successfully handle input
Request:
{
  "gender": "MALE",
  "total_activity_duration": "THREE_TO_SIX_HOURS",
  "age": 0,
  "weight_today": 200,
  "height": 173,
  "category": "advanced"
}
Response:
{
  "success": false,
  "status": 500,
  "data": "Server Error",
  "timeTaken": 302.0616000000009
}
Status code: 500
-------------------------------

[test number] should successfully handle input
Request:
{
  "gender": "FEMALE",
  "total_activity_duration": "NINE_TO_TWELVE_HOURS",
  "age": 25,
  "weight_today": 113.9,
  "height": 173,
  "category": "intermediate"
}
Response:
{
  "success": false,
  "status": 500,
  "data": "Server Error",
  "timeTaken": 286.37190000000555
}
Status code: 500
-------------------------------

[test number] should successfully handle input
Request:
{
  "gender": "MALE",
  "total_activity_duration": "TWELVE_PLUS_HOURS",
  "age": 0,
  "weight_today": 113.9,
  "height": 210,
  "category": "beginner"
}
Response:
{
  "success": false,
  "status": 500,
  "data": "Server Error",
  "timeTaken": 273.8885999999984
}
Status code: 500
-------------------------------

[test number] should successfully handle input
Request:
{
  "gender": "FEMALE",
  "total_activity_duration": "TWELVE_PLUS_HOURS",
  "age": 50,
  "weight_today": 150,
  "height": 210,
  "category": "beginner"
}
Response:
{
  "success": false,
  "status": 500,
  "data": "Server Error",
  "timeTaken": 286.39310000000114
}
Status code: 500
-------------------------------

[test number] should successfully handle input
Request:
{
  "gender": "FEMALE",
  "total_activity_duration": "TWELVE_PLUS_HOURS",
  "age": 0,
  "weight_today": 150,
  "height": 160,
  "category": "intermediate"
}
Response:
{
  "success": false,
  "status": 500,
  "data": "Server Error",
  "timeTaken": 280.6619000000064
}
Status code: 500
-------------------------------

[test number] should successfully handle input
Request:
{
  "gender": "FEMALE",
  "total_activity_duration": "SIX_TO_NINE_HOURS",
  "age": 0,
  "weight_today": 70,
  "height": 140,
  "category": "beginner"
}
Response:
{
  "success": false,
  "status": 500,
  "data": "Server Error",
  "timeTaken": 311.69550000000163
}
Status code: 500
-------------------------------

[test number] should successfully handle input
Request:
{
  "gender": "MALE",
  "total_activity_duration": "SIX_TO_NINE_HOURS",
  "age": 0,
  "weight_today": 30,
  "height": 160,
  "category": "advanced"
}
Response:
{
  "success": false,
  "status": 500,
  "data": "Server Error",
  "timeTaken": 274.99929999999586
}
Status code: 500
-------------------------------

[test number] should successfully handle input
Request:
{
  "gender": "FEMALE",
  "total_activity_duration": "THREE_TO_SIX_HOURS",
  "age": 75,
  "weight_today": 30,
  "height": 190,
  "category": "beginner"
}
Response:
{
  "success": false,
  "status": 500,
  "data": "Server Error",
  "timeTaken": 281.8724999999977
}
Status code: 500
-------------------------------

[test number] should successfully handle input
Request:
{
  "gender": "FEMALE",
  "total_activity_duration": "SIX_TO_NINE_HOURS",
  "age": 100,
  "weight_today": 113.9,
  "height": 140,
  "category": "intermediate"
}
Response:
{
  "success": false,
  "status": 500,
  "data": "Server Error",
  "timeTaken": 273.27300000000105
}
Status code: 500
-------------------------------

[test number] should successfully handle input
Request:
{
  "gender": "FEMALE",
  "total_activity_duration": "ZERO_TO_THREE_HOURS",
  "age": 75,
  "weight_today": 200,
  "height": 190,
  "category": "intermediate"
}
Response:
{
  "success": false,
  "status": 500,
  "data": "Server Error",
  "timeTaken": 268.80369999999675
}
Status code: 500
-------------------------------

[test number] should successfully handle input
Request:
{
  "gender": "MALE",
  "total_activity_duration": "TWELVE_PLUS_HOURS",
  "age": 100,
  "weight_today": 150,
  "height": 210,
  "category": "beginner"
}
Response:
{
  "success": false,
  "status": 500,
  "data": "Server Error",
  "timeTaken": 279.89880000000267
}
Status code: 500
-------------------------------

[test number] should successfully handle input
Request:
{
  "gender": "MALE",
  "total_activity_duration": "NINE_TO_TWELVE_HOURS",
  "age": 75,
  "weight_today": 113.9,
  "height": 140,
  "category": "advanced"
}
Response:
{
  "success": false,
  "status": 500,
  "data": "Server Error",
  "timeTaken": 414.96229999999923
}
Status code: 500
-------------------------------

[test number] should successfully handle input
Request:
{
  "gender": "MALE",
  "total_activity_duration": "ZERO_TO_THREE_HOURS",
  "age": 25,
  "weight_today": 150,
  "height": 173,
  "category": "advanced"
}
Response:
{
  "success": false,
  "status": 500,
  "data": "Server Error",
  "timeTaken": 321.3142999999982
}
Status code: 500
-------------------------------

[test number] should successfully handle input
Request:
{
  "gender": "MALE",
  "total_activity_duration": "TWELVE_PLUS_HOURS",
  "age": 50,
  "weight_today": 150,
  "height": 140,
  "category": "intermediate"
}
Response:
{
  "success": false,
  "status": 500,
  "data": "Server Error",
  "timeTaken": 295.05579999999463
}
Status code: 500
-------------------------------

[test number] should successfully handle input
Request:
{
  "gender": "MALE",
  "total_activity_duration": "ZERO_TO_THREE_HOURS",
  "age": 75,
  "weight_today": 200,
  "height": 160,
  "category": "beginner"
}
Response:
{
  "success": false,
  "status": 500,
  "data": "Server Error",
  "timeTaken": 284.862000000001
}
Status code: 500
-------------------------------

[test number] should successfully handle input
Request:
{
  "gender": "MALE",
  "total_activity_duration": "SIX_TO_NINE_HOURS",
  "age": 100,
  "weight_today": 70,
  "height": 160,
  "category": "advanced"
}
Response:
{
  "success": false,
  "status": 500,
  "data": "Server Error",
  "timeTaken": 300.0196999999971
}
Status code: 500
-------------------------------

[test number] should successfully handle input
Request:
{
  "gender": "MALE",
  "total_activity_duration": "NINE_TO_TWELVE_HOURS",
  "age": 25,
  "weight_today": 70,
  "height": 210,
  "category": "beginner"
}
Response:
{
  "success": false,
  "status": 500,
  "data": "Server Error",
  "timeTaken": 280.9118000000017
}
Status code: 500
-------------------------------

[test number] should successfully handle input
Request:
{
  "gender": "FEMALE",
  "total_activity_duration": "ZERO_TO_THREE_HOURS",
  "age": 25,
  "weight_today": 200,
  "height": 160,
  "category": "beginner"
}
Response:
{
  "success": false,
  "status": 500,
  "data": "Server Error",
  "timeTaken": 340.45560000000114
}
Status code: 500
-------------------------------

[test number] should successfully handle input
Request:
{
  "gender": "FEMALE",
  "total_activity_duration": "SIX_TO_NINE_HOURS",
  "age": 50,
  "weight_today": 70,
  "height": 160,
  "category": "intermediate"
}
Response:
{
  "success": false,
  "status": 500,
  "data": "Server Error",
  "timeTaken": 317.558100000002
}
Status code: 500
-------------------------------

[test number] should successfully handle input
Request:
{
  "gender": "FEMALE",
  "total_activity_duration": "THREE_TO_SIX_HOURS",
  "age": 25,
  "weight_today": 30,
  "height": 140,
  "category": "advanced"
}
Response:
{
  "success": false,
  "status": 500,
  "data": "Server Error",
  "timeTaken": 311.9705000000031
}
Status code: 500
-------------------------------

[test number] should successfully handle input
Request:
{
  "gender": "MALE",
  "total_activity_duration": "SIX_TO_NINE_HOURS",
  "age": 50,
  "weight_today": 70,
  "height": 140,
  "category": "beginner"
}
Response:
{
  "success": false,
  "status": 500,
  "data": "Server Error",
  "timeTaken": 275.438900000001
}
Status code: 500
-------------------------------

[test number] should successfully handle input
Request:
{
  "gender": "FEMALE",
  "total_activity_duration": "NINE_TO_TWELVE_HOURS",
  "age": 75,
  "weight_today": 113.9,
  "height": 210,
  "category": "beginner"
}
Response:
{
  "success": false,
  "status": 500,
  "data": "Server Error",
  "timeTaken": 328.87710000000516
}
Status code: 500
-------------------------------

[test number] should successfully handle input
Request:
{
  "gender": "FEMALE",
  "total_activity_duration": "TWELVE_PLUS_HOURS",
  "age": 100,
  "weight_today": 200,
  "height": 160,
  "category": "advanced"
}
Response:
{
  "success": false,
  "status": 500,
  "data": "Server Error",
  "timeTaken": 289.26310000000376
}
Status code: 500
-------------------------------

[test number] should successfully handle input
Request:
{
  "gender": "MALE",
  "total_activity_duration": "THREE_TO_SIX_HOURS",
  "age": 75,
  "weight_today": 30,
  "height": 140,
  "category": "beginner"
}
Response:
{
  "success": false,
  "status": 500,
  "data": "Server Error",
  "timeTaken": 341.25940000000264
}
Status code: 500
-------------------------------

[test number] should successfully handle input
Request:
{
  "gender": "FEMALE",
  "total_activity_duration": "NINE_TO_TWELVE_HOURS",
  "age": 25,
  "weight_today": 113.9,
  "height": 173,
  "category": "advanced"
}
Response:
{
  "success": false,
  "status": 500,
  "data": "Server Error",
  "timeTaken": 278.83469999999943
}
Status code: 500
-------------------------------

[test number] should successfully handle input
Request:
{
  "gender": "MALE",
  "total_activity_duration": "THREE_TO_SIX_HOURS",
  "age": 0,
  "weight_today": 200,
  "height": 190,
  "category": "beginner"
}
Response:
{
  "success": false,
  "status": 500,
  "data": "Server Error",
  "timeTaken": 293.0002999999997
}
Status code: 500
-------------------------------

[test number] should successfully handle input
Request:
{
  "gender": "MALE",
  "total_activity_duration": "TWELVE_PLUS_HOURS",
  "age": 0,
  "weight_today": 113.9,
  "height": 210,
  "category": "intermediate"
}
Response:
{
  "success": false,
  "status": 500,
  "data": "Server Error",
  "timeTaken": 277.36439999999857
}
Status code: 500
-------------------------------

[test number] should successfully handle input
Request:
{
  "gender": "FEMALE",
  "total_activity_duration": "TWELVE_PLUS_HOURS",
  "age": 50,
  "weight_today": 150,
  "height": 210,
  "category": "intermediate"
}
Response:
{
  "success": false,
  "status": 500,
  "data": "Server Error",
  "timeTaken": 287.8903999999966
}
Status code: 500
-------------------------------

[test number] should successfully handle input
Request:
{
  "gender": "FEMALE",
  "total_activity_duration": "TWELVE_PLUS_HOURS",
  "age": 0,
  "weight_today": 150,
  "height": 160,
  "category": "advanced"
}
Response:
{
  "success": false,
  "status": 500,
  "data": "Server Error",
  "timeTaken": 290.08699999999953
}
Status code: 500
-------------------------------

[test number] should successfully handle input
Request:
{
  "gender": "FEMALE",
  "total_activity_duration": "THREE_TO_SIX_HOURS",
  "age": 75,
  "weight_today": 30,
  "height": 190,
  "category": "intermediate"
}
Response:
{
  "success": false,
  "status": 500,
  "data": "Server Error",
  "timeTaken": 280.23770000000513
}
Status code: 500
-------------------------------

[test number] should successfully handle input
Request:
{
  "gender": "FEMALE",
  "total_activity_duration": "SIX_TO_NINE_HOURS",
  "age": 0,
  "weight_today": 70,
  "height": 140,
  "category": "intermediate"
}
Response:
{
  "success": false,
  "status": 500,
  "data": "Server Error",
  "timeTaken": 303.0083000000013
}
Status code: 500
-------------------------------

[test number] should successfully handle input
Request:
{
  "gender": "MALE",
  "total_activity_duration": "SIX_TO_NINE_HOURS",
  "age": 0,
  "weight_today": 30,
  "height": 173,
  "category": "beginner"
}
Response:
{
  "success": false,
  "status": 500,
  "data": "Server Error",
  "timeTaken": 294.94839999999385
}
Status code: 500
-------------------------------

[test number] should successfully handle input
Request:
{
  "gender": "FEMALE",
  "total_activity_duration": "SIX_TO_NINE_HOURS",
  "age": 100,
  "weight_today": 113.9,
  "height": 140,
  "category": "advanced"
}
Response:
{
  "success": false,
  "status": 500,
  "data": "Server Error",
  "timeTaken": 284.0656000000017
}
Status code: 500
-------------------------------

[test number] should successfully handle input
Request:
{
  "gender": "MALE",
  "total_activity_duration": "TWELVE_PLUS_HOURS",
  "age": 100,
  "weight_today": 150,
  "height": 210,
  "category": "intermediate"
}
Response:
{
  "success": false,
  "status": 500,
  "data": "Server Error",
  "timeTaken": 274.4824000000008
}
Status code: 500
-------------------------------

[test number] should successfully handle input
Request:
{
  "gender": "FEMALE",
  "total_activity_duration": "ZERO_TO_THREE_HOURS",
  "age": 75,
  "weight_today": 200,
  "height": 190,
  "category": "advanced"
}
Response:
{
  "success": false,
  "status": 500,
  "data": "Server Error",
  "timeTaken": 280.5769
}
Status code: 500
-------------------------------

[test number] should successfully handle input
Request:
{
  "gender": "MALE",
  "total_activity_duration": "ZERO_TO_THREE_HOURS",
  "age": 25,
  "weight_today": 150,
  "height": 190,
  "category": "beginner"
}
Response:
{
  "success": false,
  "status": 500,
  "data": "Server Error",
  "timeTaken": 272.8761999999988
}
Status code: 500
-------------------------------

[test number] should successfully handle input
Request:
{
  "gender": "MALE",
  "total_activity_duration": "ZERO_TO_THREE_HOURS",
  "age": 75,
  "weight_today": 200,
  "height": 160,
  "category": "intermediate"
}
Response:
{
  "success": false,
  "status": 500,
  "data": "Server Error",
  "timeTaken": 267.29479999999603
}
Status code: 500
-------------------------------

[test number] should successfully handle input
Request:
{
  "gender": "MALE",
  "total_activity_duration": "TWELVE_PLUS_HOURS",
  "age": 50,
  "weight_today": 150,
  "height": 140,
  "category": "advanced"
}
Response:
{
  "success": false,
  "status": 500,
  "data": "Server Error",
  "timeTaken": 300.6377999999968
}
Status code: 500
-------------------------------

[test number] should successfully handle input
Request:
{
  "gender": "MALE",
  "total_activity_duration": "NINE_TO_TWELVE_HOURS",
  "age": 75,
  "weight_today": 113.9,
  "height": 160,
  "category": "beginner"
}
Response:
{
  "success": false,
  "status": 500,
  "data": "Server Error",
  "timeTaken": 323.4869000000035
}
Status code: 500
-------------------------------

[test number] should successfully handle input
Request:
{
  "gender": "MALE",
  "total_activity_duration": "SIX_TO_NINE_HOURS",
  "age": 100,
  "weight_today": 70,
  "height": 173,
  "category": "beginner"
}
Response:
{
  "success": false,
  "status": 500,
  "data": "Server Error",
  "timeTaken": 294.1194000000032
}
Status code: 500
-------------------------------

[test number] should successfully handle input
Request:
{
  "gender": "MALE",
  "total_activity_duration": "NINE_TO_TWELVE_HOURS",
  "age": 25,
  "weight_today": 70,
  "height": 210,
  "category": "intermediate"
}
Response:
{
  "success": false,
  "status": 500,
  "data": "Server Error",
  "timeTaken": 300.0255000000034
}
Status code: 500
-------------------------------

[test number] should successfully handle input
Request:
{
  "gender": "FEMALE",
  "total_activity_duration": "ZERO_TO_THREE_HOURS",
  "age": 25,
  "weight_today": 200,
  "height": 160,
  "category": "intermediate"
}
Response:
{
  "success": false,
  "status": 500,
  "data": "Server Error",
  "timeTaken": 289.99499999999534
}
Status code: 500
-------------------------------

[test number] should successfully handle input
Request:
{
  "gender": "FEMALE",
  "total_activity_duration": "THREE_TO_SIX_HOURS",
  "age": 25,
  "weight_today": 30,
  "height": 160,
  "category": "beginner"
}
Response:
{
  "success": false,
  "status": 500,
  "data": "Server Error",
  "timeTaken": 281.27440000000206
}
Status code: 500
-------------------------------

[test number] should successfully handle input
Request:
{
  "gender": "MALE",
  "total_activity_duration": "SIX_TO_NINE_HOURS",
  "age": 50,
  "weight_today": 70,
  "height": 140,
  "category": "intermediate"
}
Response:
{
  "success": false,
  "status": 500,
  "data": "Server Error",
  "timeTaken": 276.99259999999776
}
Status code: 500
-------------------------------

[test number] should successfully handle input
Request:
{
  "gender": "MALE",
  "total_activity_duration": "THREE_TO_SIX_HOURS",
  "age": 75,
  "weight_today": 30,
  "height": 140,
  "category": "intermediate"
}
Response:
{
  "success": false,
  "status": 500,
  "data": "Server Error",
  "timeTaken": 274.50210000000516
}
Status code: 500
-------------------------------

[test number] should successfully handle input
Request:
{
  "gender": "FEMALE",
  "total_activity_duration": "SIX_TO_NINE_HOURS",
  "age": 50,
  "weight_today": 70,
  "height": 160,
  "category": "advanced"
}
Response:
{
  "success": false,
  "status": 500,
  "data": "Server Error",
  "timeTaken": 315.5153999999966
}
Status code: 500
-------------------------------

[test number] should successfully handle input
Request:
{
  "gender": "FEMALE",
  "total_activity_duration": "TWELVE_PLUS_HOURS",
  "age": 100,
  "weight_today": 200,
  "height": 173,
  "category": "beginner"
}
Response:
{
  "success": false,
  "status": 500,
  "data": "Server Error",
  "timeTaken": 284.9259999999995
}
Status code: 500
-------------------------------

[test number] should successfully handle input
Request:
{
  "gender": "FEMALE",
  "total_activity_duration": "NINE_TO_TWELVE_HOURS",
  "age": 75,
  "weight_today": 113.9,
  "height": 210,
  "category": "intermediate"
}
Response:
{
  "success": false,
  "status": 500,
  "data": "Server Error",
  "timeTaken": 298.46889999999985
}
Status code: 500
-------------------------------

[test number] should successfully handle input
Request:
{
  "gender": "MALE",
  "total_activity_duration": "THREE_TO_SIX_HOURS",
  "age": 0,
  "weight_today": 200,
  "height": 190,
  "category": "intermediate"
}
Response:
{
  "success": false,
  "status": 500,
  "data": "Server Error",
  "timeTaken": 277.4979999999996
}
Status code: 500
-------------------------------

[test number] should successfully handle input
Request:
{
  "gender": "FEMALE",
  "total_activity_duration": "NINE_TO_TWELVE_HOURS",
  "age": 25,
  "weight_today": 113.9,
  "height": 190,
  "category": "beginner"
}
Response:
{
  "success": false,
  "status": 500,
  "data": "Server Error",
  "timeTaken": 327.4444999999978
}
Status code: 500
-------------------------------

[test number] should successfully handle input
Request:
{
  "gender": "FEMALE",
  "total_activity_duration": "TWELVE_PLUS_HOURS",
  "age": 50,
  "weight_today": 150,
  "height": 210,
  "category": "advanced"
}
Response:
{
  "success": false,
  "status": 500,
  "data": "Server Error",
  "timeTaken": 280.2105999999985
}
Status code: 500
-------------------------------

[test number] should successfully handle input
Request:
{
  "gender": "MALE",
  "total_activity_duration": "TWELVE_PLUS_HOURS",
  "age": 0,
  "weight_today": 113.9,
  "height": 210,
  "category": "advanced"
}
Response:
{
  "success": false,
  "status": 500,
  "data": "Server Error",
  "timeTaken": 281.06750000000466
}
Status code: 500
-------------------------------

[test number] should successfully handle input
Request:
{
  "gender": "FEMALE",
  "total_activity_duration": "TWELVE_PLUS_HOURS",
  "age": 0,
  "weight_today": 150,
  "height": 173,
  "category": "beginner"
}
Response:
{
  "success": false,
  "status": 500,
  "data": "Server Error",
  "timeTaken": 277.4015999999974
}
Status code: 500
-------------------------------

[test number] should successfully handle input
Request:
{
  "gender": "FEMALE",
  "total_activity_duration": "THREE_TO_SIX_HOURS",
  "age": 75,
  "weight_today": 30,
  "height": 190,
  "category": "advanced"
}
Response:
{
  "success": false,
  "status": 500,
  "data": "Server Error",
  "timeTaken": 275.58150000000023
}
Status code: 500
-------------------------------

[test number] should successfully handle input
Request:
{
  "gender": "MALE",
  "total_activity_duration": "SIX_TO_NINE_HOURS",
  "age": 0,
  "weight_today": 30,
  "height": 173,
  "category": "intermediate"
}
Response:
{
  "success": false,
  "status": 500,
  "data": "Server Error",
  "timeTaken": 335.2962000000043
}
Status code: 500
-------------------------------

[test number] should successfully handle input
Request:
{
  "gender": "MALE",
  "total_activity_duration": "TWELVE_PLUS_HOURS",
  "age": 100,
  "weight_today": 150,
  "height": 210,
  "category": "advanced"
}
Response:
{
  "success": false,
  "status": 500,
  "data": "Server Error",
  "timeTaken": 319.50859999999375
}
Status code: 500
-------------------------------

[test number] should successfully handle input
Request:
{
  "gender": "FEMALE",
  "total_activity_duration": "SIX_TO_NINE_HOURS",
  "age": 100,
  "weight_today": 113.9,
  "height": 160,
  "category": "beginner"
}
Response:
{
  "success": false,
  "status": 500,
  "data": "Server Error",
  "timeTaken": 320.9521999999997
}
Status code: 500
-------------------------------

[test number] should successfully handle input
Request:
{
  "gender": "FEMALE",
  "total_activity_duration": "SIX_TO_NINE_HOURS",
  "age": 0,
  "weight_today": 70,
  "height": 140,
  "category": "advanced"
}
Response:
{
  "success": false,
  "status": 500,
  "data": "Server Error",
  "timeTaken": 358.43329999999696
}
Status code: 500
-------------------------------

[test number] should successfully handle input
Request:
{
  "gender": "FEMALE",
  "total_activity_duration": "ZERO_TO_THREE_HOURS",
  "age": 75,
  "weight_today": 200,
  "height": 210,
  "category": "beginner"
}
Response:
{
  "success": false,
  "status": 500,
  "data": "Server Error",
  "timeTaken": 329.5345000000016
}
Status code: 500
-------------------------------

[test number] should successfully handle input
Request:
{
  "gender": "MALE",
  "total_activity_duration": "ZERO_TO_THREE_HOURS",
  "age": 25,
  "weight_today": 150,
  "height": 190,
  "category": "intermediate"
}
Response:
{
  "success": false,
  "status": 500,
  "data": "Server Error",
  "timeTaken": 290.80569999999716
}
Status code: 500
-------------------------------

[test number] should successfully handle input
Request:
{
  "gender": "MALE",
  "total_activity_duration": "ZERO_TO_THREE_HOURS",
  "age": 75,
  "weight_today": 200,
  "height": 160,
  "category": "advanced"
}
Response:
{
  "success": false,
  "status": 500,
  "data": "Server Error",
  "timeTaken": 287.23799999999756
}
Status code: 500
-------------------------------

[test number] should successfully handle input
Request:
{
  "gender": "MALE",
  "total_activity_duration": "NINE_TO_TWELVE_HOURS",
  "age": 25,
  "weight_today": 70,
  "height": 210,
  "category": "advanced"
}
Response:
{
  "success": false,
  "status": 500,
  "data": "Server Error",
  "timeTaken": 281.91539999999804
}
Status code: 500
-------------------------------

[test number] should successfully handle input
Request:
{
  "gender": "MALE",
  "total_activity_duration": "SIX_TO_NINE_HOURS",
  "age": 50,
  "weight_today": 70,
  "height": 140,
  "category": "advanced"
}
Response:
{
  "success": false,
  "status": 500,
  "data": "Server Error",
  "timeTaken": 282.95930000000226
}
Status code: 500
-------------------------------

[test number] should successfully handle input
Request:
{
  "gender": "MALE",
  "total_activity_duration": "NINE_TO_TWELVE_HOURS",
  "age": 75,
  "weight_today": 113.9,
  "height": 160,
  "category": "intermediate"
}
Response:
{
  "success": false,
  "status": 500,
  "data": "Server Error",
  "timeTaken": 303.7962999999945
}
Status code: 500
-------------------------------

[test number] should successfully handle input
Request:
{
  "gender": "MALE",
  "total_activity_duration": "TWELVE_PLUS_HOURS",
  "age": 50,
  "weight_today": 150,
  "height": 160,
  "category": "beginner"
}
Response:
{
  "success": false,
  "status": 500,
  "data": "Server Error",
  "timeTaken": 310.2378000000026
}
Status code: 500
-------------------------------

[test number] should successfully handle input
Request:
{
  "gender": "FEMALE",
  "total_activity_duration": "THREE_TO_SIX_HOURS",
  "age": 25,
  "weight_today": 30,
  "height": 160,
  "category": "intermediate"
}
Response:
{
  "success": false,
  "status": 500,
  "data": "Server Error",
  "timeTaken": 301.70670000000246
}
Status code: 500
-------------------------------

[test number] should successfully handle input
Request:
{
  "gender": "MALE",
  "total_activity_duration": "THREE_TO_SIX_HOURS",
  "age": 75,
  "weight_today": 30,
  "height": 140,
  "category": "advanced"
}
Response:
{
  "success": false,
  "status": 500,
  "data": "Server Error",
  "timeTaken": 270.6978999999992
}
Status code: 500
-------------------------------

[test number] should successfully handle input
Request:
{
  "gender": "FEMALE",
  "total_activity_duration": "ZERO_TO_THREE_HOURS",
  "age": 25,
  "weight_today": 200,
  "height": 160,
  "category": "advanced"
}
Response:
{
  "success": false,
  "status": 500,
  "data": "Server Error",
  "timeTaken": 306.0835999999981
}
Status code: 500
-------------------------------

[test number] should successfully handle input
Request:
{
  "gender": "FEMALE",
  "total_activity_duration": "NINE_TO_TWELVE_HOURS",
  "age": 75,
  "weight_today": 113.9,
  "height": 210,
  "category": "advanced"
}
Response:
{
  "success": false,
  "status": 500,
  "data": "Server Error",
  "timeTaken": 277.80189999999857
}
Status code: 500
-------------------------------

[test number] should successfully handle input
Request:
{
  "gender": "FEMALE",
  "total_activity_duration": "SIX_TO_NINE_HOURS",
  "age": 50,
  "weight_today": 70,
  "height": 173,
  "category": "beginner"
}
Response:
{
  "success": false,
  "status": 500,
  "data": "Server Error",
  "timeTaken": 283.11799999999494
}
Status code: 500
-------------------------------

[test number] should successfully handle input
Request:
{
  "gender": "MALE",
  "total_activity_duration": "SIX_TO_NINE_HOURS",
  "age": 100,
  "weight_today": 70,
  "height": 173,
  "category": "intermediate"
}
Response:
{
  "success": false,
  "status": 500,
  "data": "Server Error",
  "timeTaken": 324.53369999999995
}
Status code: 500
-------------------------------

[test number] should successfully handle input
Request:
{
  "gender": "MALE",
  "total_activity_duration": "THREE_TO_SIX_HOURS",
  "age": 0,
  "weight_today": 200,
  "height": 190,
  "category": "advanced"
}
Response:
{
  "success": false,
  "status": 500,
  "data": "Server Error",
  "timeTaken": 285.77040000000125
}
Status code: 500
-------------------------------

[test number] should successfully handle input
Request:
{
  "gender": "FEMALE",
  "total_activity_duration": "TWELVE_PLUS_HOURS",
  "age": 100,
  "weight_today": 200,
  "height": 173,
  "category": "intermediate"
}
Response:
{
  "success": false,
  "status": 500,
  "data": "Server Error",
  "timeTaken": 302.6923999999999
}
Status code: 500
-------------------------------

[test number] should successfully handle input
Request:
{
  "gender": "FEMALE",
  "total_activity_duration": "NINE_TO_TWELVE_HOURS",
  "age": 25,
  "weight_today": 113.9,
  "height": 190,
  "category": "intermediate"
}
Response:
{
  "success": false,
  "status": 500,
  "data": "Server Error",
  "timeTaken": 274.52120000000286
}
Status code: 500
-------------------------------

[test number] should successfully handle input
Request:
{
  "gender": "FEMALE",
  "total_activity_duration": "THREE_TO_SIX_HOURS",
  "age": 75,
  "weight_today": 30,
  "height": 210,
  "category": "beginner"
}
Response:
{
  "success": false,
  "status": 500,
  "data": "Server Error",
  "timeTaken": 281.33890000000247
}
Status code: 500
-------------------------------

[test number] should successfully handle input
Request:
{
  "gender": "MALE",
  "total_activity_duration": "TWELVE_PLUS_HOURS",
  "age": 0,
  "weight_today": 150,
  "height": 140,
  "category": "beginner"
}
Response:
{
  "success": false,
  "status": 500,
  "data": "Server Error",
  "timeTaken": 286.11439999999857
}
Status code: 500
-------------------------------

[test number] should successfully handle input
Request:
{
  "gender": "FEMALE",
  "total_activity_duration": "TWELVE_PLUS_HOURS",
  "age": 50,
  "weight_today": 200,
  "height": 140,
  "category": "beginner"
}
Response:
{
  "success": false,
  "status": 500,
  "data": "Server Error",
  "timeTaken": 286.3623000000007
}
Status code: 500
-------------------------------

[test number] should successfully handle input
Request:
{
  "gender": "FEMALE",
  "total_activity_duration": "TWELVE_PLUS_HOURS",
  "age": 0,
  "weight_today": 150,
  "height": 173,
  "category": "intermediate"
}
Response:
{
  "success": false,
  "status": 500,
  "data": "Server Error",
  "timeTaken": 298.3876999999993
}
Status code: 500
-------------------------------

[test number] should successfully handle input
Request:
{
  "gender": "MALE",
  "total_activity_duration": "SIX_TO_NINE_HOURS",
  "age": 0,
  "weight_today": 30,
  "height": 173,
  "category": "advanced"
}
Response:
{
  "success": false,
  "status": 500,
  "data": "Server Error",
  "timeTaken": 277.96160000000236
}
Status code: 500
-------------------------------

[test number] should successfully handle input
Request:
{
  "gender": "FEMALE",
  "total_activity_duration": "SIX_TO_NINE_HOURS",
  "age": 100,
  "weight_today": 113.9,
  "height": 160,
  "category": "intermediate"
}
Response:
{
  "success": false,
  "status": 500,
  "data": "Server Error",
  "timeTaken": 269.331600000005
}
Status code: 500
-------------------------------

[test number] should successfully handle input
Request:
{
  "gender": "MALE",
  "total_activity_duration": "TWELVE_PLUS_HOURS",
  "age": 100,
  "weight_today": 200,
  "height": 140,
  "category": "beginner"
}
Response:
{
  "success": false,
  "status": 500,
  "data": "Server Error",
  "timeTaken": 280.1535999999978
}
Status code: 500
-------------------------------

[test number] should successfully handle input
Request:
{
  "gender": "FEMALE",
  "total_activity_duration": "ZERO_TO_THREE_HOURS",
  "age": 75,
  "weight_today": 200,
  "height": 210,
  "category": "intermediate"
}
Response:
{
  "success": false,
  "status": 500,
  "data": "Server Error",
  "timeTaken": 266.8883999999962
}
Status code: 500
-------------------------------

[test number] should successfully handle input
Request:
{
  "gender": "MALE",
  "total_activity_duration": "ZERO_TO_THREE_HOURS",
  "age": 75,
  "weight_today": 200,
  "height": 173,
  "category": "beginner"
}
Response:
{
  "success": false,
  "status": 500,
  "data": "Server Error",
  "timeTaken": 283.3680999999997
}
Status code: 500
-------------------------------

[test number] should successfully handle input
Request:
{
  "gender": "FEMALE",
  "total_activity_duration": "SIX_TO_NINE_HOURS",
  "age": 0,
  "weight_today": 70,
  "height": 160,
  "category": "beginner"
}
Response:
{
  "success": false,
  "status": 500,
  "data": "Server Error",
  "timeTaken": 307.0527000000002
}
Status code: 500
-------------------------------

[test number] should successfully handle input
Request:
{
  "gender": "MALE",
  "total_activity_duration": "ZERO_TO_THREE_HOURS",
  "age": 25,
  "weight_today": 150,
  "height": 190,
  "category": "advanced"
}
Response:
{
  "success": false,
  "status": 500,
  "data": "Server Error",
  "timeTaken": 289.791999999994
}
Status code: 500
-------------------------------

[test number] should successfully handle input
Request:
{
  "gender": "MALE",
  "total_activity_duration": "NINE_TO_TWELVE_HOURS",
  "age": 25,
  "weight_today": 113.9,
  "height": 140,
  "category": "beginner"
}
Response:
{
  "success": false,
  "status": 500,
  "data": "Server Error",
  "timeTaken": 273.7079999999987
}
Status code: 500
-------------------------------

[test number] should successfully handle input
Request:
{
  "gender": "MALE",
  "total_activity_duration": "NINE_TO_TWELVE_HOURS",
  "age": 75,
  "weight_today": 113.9,
  "height": 160,
  "category": "advanced"
}
Response:
{
  "success": false,
  "status": 500,
  "data": "Server Error",
  "timeTaken": 285.66479999999865
}
Status code: 500
-------------------------------

[test number] should successfully handle input
Request:
{
  "gender": "MALE",
  "total_activity_duration": "SIX_TO_NINE_HOURS",
  "age": 50,
  "weight_today": 70,
  "height": 160,
  "category": "beginner"
}
Response:
{
  "success": false,
  "status": 500,
  "data": "Server Error",
  "timeTaken": 288.64910000000236
}
Status code: 500
-------------------------------

[test number] should successfully handle input
Request:
{
  "gender": "MALE",
  "total_activity_duration": "TWELVE_PLUS_HOURS",
  "age": 50,
  "weight_today": 150,
  "height": 160,
  "category": "intermediate"
}
Response:
{
  "success": false,
  "status": 500,
  "data": "Server Error",
  "timeTaken": 295.94200000000274
}
Status code: 500
-------------------------------

[test number] should successfully handle input
Request:
{
  "gender": "FEMALE",
  "total_activity_duration": "ZERO_TO_THREE_HOURS",
  "age": 25,
  "weight_today": 200,
  "height": 173,
  "category": "beginner"
}
Response:
{
  "success": false,
  "status": 500,
  "data": "Server Error",
  "timeTaken": 280.8243000000002
}
Status code: 500
-------------------------------

[test number] should successfully handle input
Request:
{
  "gender": "MALE",
  "total_activity_duration": "THREE_TO_SIX_HOURS",
  "age": 75,
  "weight_today": 30,
  "height": 160,
  "category": "beginner"
}
Response:
{
  "success": false,
  "status": 500,
  "data": "Server Error",
  "timeTaken": 288.44550000000163
}
Status code: 500
-------------------------------

[test number] should successfully handle input
Request:
{
  "gender": "FEMALE",
  "total_activity_duration": "THREE_TO_SIX_HOURS",
  "age": 25,
  "weight_today": 30,
  "height": 160,
  "category": "advanced"
}
Response:
{
  "success": false,
  "status": 500,
  "data": "Server Error",
  "timeTaken": 289.29089999999997
}
Status code: 500
-------------------------------

[test number] should successfully handle input
Request:
{
  "gender": "FEMALE",
  "total_activity_duration": "SIX_TO_NINE_HOURS",
  "age": 50,
  "weight_today": 70,
  "height": 173,
  "category": "intermediate"
}
Response:
{
  "success": false,
  "status": 500,
  "data": "Server Error",
  "timeTaken": 288.5440000000017
}
Status code: 500
-------------------------------

[test number] should successfully handle input
Request:
{
  "gender": "MALE",
  "total_activity_duration": "THREE_TO_SIX_HOURS",
  "age": 0,
  "weight_today": 200,
  "height": 210,
  "category": "beginner"
}
Response:
{
  "success": false,
  "status": 500,
  "data": "Server Error",
  "timeTaken": 289.84769999999844
}
Status code: 500
-------------------------------

[test number] should successfully handle input
Request:
{
  "gender": "MALE",
  "total_activity_duration": "SIX_TO_NINE_HOURS",
  "age": 100,
  "weight_today": 70,
  "height": 173,
  "category": "advanced"
}
Response:
{
  "success": false,
  "status": 500,
  "data": "Server Error",
  "timeTaken": 297.7621999999974
}
Status code: 500
-------------------------------

[test number] should successfully handle input
Request:
{
  "gender": "FEMALE",
  "total_activity_duration": "TWELVE_PLUS_HOURS",
  "age": 100,
  "weight_today": 200,
  "height": 173,
  "category": "advanced"
}
Response:
{
  "success": false,
  "status": 500,
  "data": "Server Error",
  "timeTaken": 282.62830000000395
}
Status code: 500
-------------------------------

[test number] should successfully handle input
Request:
{
  "gender": "FEMALE",
  "total_activity_duration": "NINE_TO_TWELVE_HOURS",
  "age": 75,
  "weight_today": 150,
  "height": 140,
  "category": "beginner"
}
Response:
{
  "success": false,
  "status": 500,
  "data": "Server Error",
  "timeTaken": 327.89110000000073
}
Status code: 500
-------------------------------

[test number] should successfully handle input
Request:
{
  "gender": "FEMALE",
  "total_activity_duration": "NINE_TO_TWELVE_HOURS",
  "age": 25,
  "weight_today": 113.9,
  "height": 190,
  "category": "advanced"
}
Response:
{
  "success": false,
  "status": 500,
  "data": "Server Error",
  "timeTaken": 275.5031000000017
}
Status code: 500
-------------------------------

[test number] should successfully handle input
Request:
{
  "gender": "MALE",
  "total_activity_duration": "TWELVE_PLUS_HOURS",
  "age": 0,
  "weight_today": 150,
  "height": 140,
  "category": "intermediate"
}
Response:
{
  "success": false,
  "status": 500,
  "data": "Server Error",
  "timeTaken": 273.241200000004
}
Status code: 500
-------------------------------

[test number] should successfully handle input
Request:
{
  "gender": "FEMALE",
  "total_activity_duration": "THREE_TO_SIX_HOURS",
  "age": 75,
  "weight_today": 30,
  "height": 210,
  "category": "intermediate"
}
Response:
{
  "success": false,
  "status": 500,
  "data": "Server Error",
  "timeTaken": 276.1564999999973
}
Status code: 500
-------------------------------

[test number] should successfully handle input
Request:
{
  "gender": "FEMALE",
  "total_activity_duration": "TWELVE_PLUS_HOURS",
  "age": 50,
  "weight_today": 200,
  "height": 140,
  "category": "intermediate"
}
Response:
{
  "success": false,
  "status": 500,
  "data": "Server Error",
  "timeTaken": 277.1428999999989
}
Status code: 500
-------------------------------

[test number] should successfully handle input
Request:
{
  "gender": "FEMALE",
  "total_activity_duration": "TWELVE_PLUS_HOURS",
  "age": 0,
  "weight_today": 150,
  "height": 173,
  "category": "advanced"
}
Response:
{
  "success": false,
  "status": 500,
  "data": "Server Error",
  "timeTaken": 284.4458000000013
}
Status code: 500
-------------------------------

[test number] should successfully handle input
Request:
{
  "gender": "MALE",
  "total_activity_duration": "SIX_TO_NINE_HOURS",
  "age": 0,
  "weight_today": 30,
  "height": 190,
  "category": "beginner"
}
Response:
{
  "success": false,
  "status": 500,
  "data": "Server Error",
  "timeTaken": 283.95330000000104
}
Status code: 500
-------------------------------

[test number] should successfully handle input
Request:
{
  "gender": "FEMALE",
  "total_activity_duration": "SIX_TO_NINE_HOURS",
  "age": 100,
  "weight_today": 113.9,
  "height": 160,
  "category": "advanced"
}
Response:
{
  "success": false,
  "status": 500,
  "data": "Server Error",
  "timeTaken": 287.2554000000018
}
Status code: 500
-------------------------------

[test number] should successfully handle input
Request:
{
  "gender": "FEMALE",
  "total_activity_duration": "ZERO_TO_THREE_HOURS",
  "age": 75,
  "weight_today": 200,
  "height": 210,
  "category": "advanced"
}
Response:
{
  "success": false,
  "status": 500,
  "data": "Server Error",
  "timeTaken": 269.2563999999984
}
Status code: 500
-------------------------------

[test number] should successfully handle input
Request:
{
  "gender": "MALE",
  "total_activity_duration": "TWELVE_PLUS_HOURS",
  "age": 100,
  "weight_today": 200,
  "height": 140,
  "category": "intermediate"
}
Response:
{
  "success": false,
  "status": 500,
  "data": "Server Error",
  "timeTaken": 272.1967999999979
}
Status code: 500
-------------------------------

[test number] should successfully handle input
Request:
{
  "gender": "MALE",
  "total_activity_duration": "ZERO_TO_THREE_HOURS",
  "age": 75,
  "weight_today": 200,
  "height": 173,
  "category": "intermediate"
}
Response:
{
  "success": false,
  "status": 500,
  "data": "Server Error",
  "timeTaken": 276.6915000000008
}
Status code: 500
-------------------------------

[test number] should successfully handle input
Request:
{
  "gender": "MALE",
  "total_activity_duration": "ZERO_TO_THREE_HOURS",
  "age": 25,
  "weight_today": 150,
  "height": 210,
  "category": "beginner"
}
Response:
{
  "success": false,
  "status": 500,
  "data": "Server Error",
  "timeTaken": 286.5879000000059
}
Status code: 500
-------------------------------

[test number] should successfully handle input
Request:
{
  "gender": "FEMALE",
  "total_activity_duration": "SIX_TO_NINE_HOURS",
  "age": 0,
  "weight_today": 70,
  "height": 160,
  "category": "intermediate"
}
Response:
{
  "success": false,
  "status": 500,
  "data": "Server Error",
  "timeTaken": 288.13460000000487
}
Status code: 500
-------------------------------

[test number] should successfully handle input
Request:
{
  "gender": "MALE",
  "total_activity_duration": "NINE_TO_TWELVE_HOURS",
  "age": 25,
  "weight_today": 113.9,
  "height": 140,
  "category": "intermediate"
}
Response:
{
  "success": false,
  "status": 500,
  "data": "Server Error",
  "timeTaken": 273.7934000000023
}
Status code: 500
-------------------------------

[test number] should successfully handle input
Request:
{
  "gender": "MALE",
  "total_activity_duration": "SIX_TO_NINE_HOURS",
  "age": 50,
  "weight_today": 70,
  "height": 160,
  "category": "intermediate"
}
Response:
{
  "success": false,
  "status": 500,
  "data": "Server Error",
  "timeTaken": 274.4293000000034
}
Status code: 500
-------------------------------

[test number] should successfully handle input
Request:
{
  "gender": "MALE",
  "total_activity_duration": "NINE_TO_TWELVE_HOURS",
  "age": 75,
  "weight_today": 113.9,
  "height": 173,
  "category": "beginner"
}
Response:
{
  "success": false,
  "status": 500,
  "data": "Server Error",
  "timeTaken": 298.60280000000057
}
Status code: 500
-------------------------------

[test number] should successfully handle input
Request:
{
  "gender": "MALE",
  "total_activity_duration": "THREE_TO_SIX_HOURS",
  "age": 75,
  "weight_today": 30,
  "height": 160,
  "category": "intermediate"
}
Response:
{
  "success": false,
  "status": 500,
  "data": "Server Error",
  "timeTaken": 276.2763999999952
}
Status code: 500
-------------------------------

[test number] should successfully handle input
Request:
{
  "gender": "FEMALE",
  "total_activity_duration": "THREE_TO_SIX_HOURS",
  "age": 25,
  "weight_today": 30,
  "height": 173,
  "category": "beginner"
}
Response:
{
  "success": false,
  "status": 500,
  "data": "Server Error",
  "timeTaken": 278.1426000000065
}
Status code: 500
-------------------------------

[test number] should successfully handle input
Request:
{
  "gender": "FEMALE",
  "total_activity_duration": "ZERO_TO_THREE_HOURS",
  "age": 25,
  "weight_today": 200,
  "height": 173,
  "category": "intermediate"
}
Response:
{
  "success": false,
  "status": 500,
  "data": "Server Error",
  "timeTaken": 282.17139999999927
}
Status code: 500
-------------------------------

[test number] should successfully handle input
Request:
{
  "gender": "FEMALE",
  "total_activity_duration": "SIX_TO_NINE_HOURS",
  "age": 50,
  "weight_today": 70,
  "height": 173,
  "category": "advanced"
}
Response:
{
  "success": false,
  "status": 500,
  "data": "Server Error",
  "timeTaken": 285.75970000000234
}
Status code: 500
-------------------------------

[test number] should successfully handle input
Request:
{
  "gender": "MALE",
  "total_activity_duration": "TWELVE_PLUS_HOURS",
  "age": 50,
  "weight_today": 150,
  "height": 160,
  "category": "advanced"
}
Response:
{
  "success": false,
  "status": 500,
  "data": "Server Error",
  "timeTaken": 307.9183000000048
}
Status code: 500
-------------------------------

[test number] should successfully handle input
Request:
{
  "gender": "FEMALE",
  "total_activity_duration": "NINE_TO_TWELVE_HOURS",
  "age": 75,
  "weight_today": 150,
  "height": 140,
  "category": "intermediate"
}
Response:
{
  "success": false,
  "status": 500,
  "data": "Server Error",
  "timeTaken": 274.8992999999973
}
Status code: 500
-------------------------------

[test number] should successfully handle input
Request:
{
  "gender": "MALE",
  "total_activity_duration": "SIX_TO_NINE_HOURS",
  "age": 100,
  "weight_today": 70,
  "height": 190,
  "category": "beginner"
}
Response:
{
  "success": false,
  "status": 500,
  "data": "Server Error",
  "timeTaken": 298.87170000000333
}
Status code: 500
-------------------------------

[test number] should successfully handle input
Request:
{
  "gender": "MALE",
  "total_activity_duration": "THREE_TO_SIX_HOURS",
  "age": 0,
  "weight_today": 200,
  "height": 210,
  "category": "intermediate"
}
Response:
{
  "success": false,
  "status": 500,
  "data": "Server Error",
  "timeTaken": 300.5469000000012
}
Status code: 500
-------------------------------

[test number] should successfully handle input
Request:
{
  "gender": "FEMALE",
  "total_activity_duration": "NINE_TO_TWELVE_HOURS",
  "age": 25,
  "weight_today": 113.9,
  "height": 210,
  "category": "beginner"
}
Response:
{
  "success": false,
  "status": 500,
  "data": "Server Error",
  "timeTaken": 273.39710000000196
}
Status code: 500
-------------------------------

[test number] should successfully handle input
Request:
{
  "gender": "FEMALE",
  "total_activity_duration": "TWELVE_PLUS_HOURS",
  "age": 100,
  "weight_today": 200,
  "height": 190,
  "category": "beginner"
}
Response:
{
  "success": false,
  "status": 500,
  "data": "Server Error",
  "timeTaken": 301.92719999999827
}
Status code: 500
-------------------------------

[test number] should successfully handle input
Request:
{
  "gender": "FEMALE",
  "total_activity_duration": "THREE_TO_SIX_HOURS",
  "age": 75,
  "weight_today": 30,
  "height": 210,
  "category": "advanced"
}
Response:
{
  "success": false,
  "status": 500,
  "data": "Server Error",
  "timeTaken": 263.401300000005
}
Status code: 500
-------------------------------

[test number] should successfully handle input
Request:
{
  "gender": "FEMALE",
  "total_activity_duration": "TWELVE_PLUS_HOURS",
  "age": 50,
  "weight_today": 200,
  "height": 140,
  "category": "advanced"
}
Response:
{
  "success": false,
  "status": 500,
  "data": "Server Error",
  "timeTaken": 279.9328999999998
}
Status code: 500
-------------------------------

[test number] should successfully handle input
Request:
{
  "gender": "MALE",
  "total_activity_duration": "TWELVE_PLUS_HOURS",
  "age": 0,
  "weight_today": 150,
  "height": 140,
  "category": "advanced"
}
Response:
{
  "success": false,
  "status": 500,
  "data": "Server Error",
  "timeTaken": 284.44949999999517
}
Status code: 500
-------------------------------

[test number] should successfully handle input
Request:
{
  "gender": "FEMALE",
  "total_activity_duration": "TWELVE_PLUS_HOURS",
  "age": 0,
  "weight_today": 150,
  "height": 190,
  "category": "beginner"
}
Response:
{
  "success": false,
  "status": 500,
  "data": "Server Error",
  "timeTaken": 286.86009999999806
}
Status code: 500
-------------------------------

[test number] should successfully handle input
Request:
{
  "gender": "MALE",
  "total_activity_duration": "TWELVE_PLUS_HOURS",
  "age": 100,
  "weight_today": 200,
  "height": 140,
  "category": "advanced"
}
Response:
{
  "success": false,
  "status": 500,
  "data": "Server Error",
  "timeTaken": 273.13820000000123
}
Status code: 500
-------------------------------

[test number] should successfully handle input
Request:
{
  "gender": "MALE",
  "total_activity_duration": "SIX_TO_NINE_HOURS",
  "age": 0,
  "weight_today": 30,
  "height": 190,
  "category": "intermediate"
}
Response:
{
  "success": false,
  "status": 500,
  "data": "Server Error",
  "timeTaken": 286.311099999999
}
Status code: 500
-------------------------------

[test number] should successfully handle input
Request:
{
  "gender": "FEMALE",
  "total_activity_duration": "SIX_TO_NINE_HOURS",
  "age": 100,
  "weight_today": 113.9,
  "height": 173,
  "category": "beginner"
}
Response:
{
  "success": false,
  "status": 500,
  "data": "Server Error",
  "timeTaken": 294.71399999999994
}
Status code: 500
-------------------------------

[test number] should successfully handle input
Request:
{
  "gender": "MALE",
  "total_activity_duration": "ZERO_TO_THREE_HOURS",
  "age": 75,
  "weight_today": 200,
  "height": 173,
  "category": "advanced"
}
Response:
{
  "success": false,
  "status": 500,
  "data": "Server Error",
  "timeTaken": 280.60339999999997
}
Status code: 500
-------------------------------

[test number] should successfully handle input
Request:
{
  "gender": "MALE",
  "total_activity_duration": "ZERO_TO_THREE_HOURS",
  "age": 25,
  "weight_today": 150,
  "height": 210,
  "category": "intermediate"
}
Response:
{
  "success": false,
  "status": 500,
  "data": "Server Error",
  "timeTaken": 284.8666000000012
}
Status code: 500
-------------------------------

[test number] should successfully handle input
Request:
{
  "gender": "FEMALE",
  "total_activity_duration": "SIX_TO_NINE_HOURS",
  "age": 0,
  "weight_today": 70,
  "height": 160,
  "category": "advanced"
}
Response:
{
  "success": false,
  "status": 500,
  "data": "Server Error",
  "timeTaken": 285.90750000000116
}
Status code: 500
-------------------------------

[test number] should successfully handle input
Request:
{
  "gender": "FEMALE",
  "total_activity_duration": "ZERO_TO_THREE_HOURS",
  "age": 100,
  "weight_today": 30,
  "height": 140,
  "category": "beginner"
}
Response:
{
  "success": false,
  "status": 500,
  "data": "Server Error",
  "timeTaken": 357.50939999999537
}
Status code: 500
-------------------------------

[test number] should successfully handle input
Request:
{
  "gender": "MALE",
  "total_activity_duration": "NINE_TO_TWELVE_HOURS",
  "age": 25,
  "weight_today": 113.9,
  "height": 140,
  "category": "advanced"
}
Response:
{
  "success": false,
  "status": 500,
  "data": "Server Error",
  "timeTaken": 281.43850000000384
}
Status code: 500
-------------------------------

[test number] should successfully handle input
Request:
{
  "gender": "MALE",
  "total_activity_duration": "SIX_TO_NINE_HOURS",
  "age": 50,
  "weight_today": 70,
  "height": 160,
  "category": "advanced"
}
Response:
{
  "success": false,
  "status": 500,
  "data": "Server Error",
  "timeTaken": 281.70820000000094
}
Status code: 500
-------------------------------

[test number] should successfully handle input
Request:
{
  "gender": "FEMALE",
  "total_activity_duration": "ZERO_TO_THREE_HOURS",
  "age": 25,
  "weight_today": 200,
  "height": 173,
  "category": "advanced"
}
Response:
{
  "success": false,
  "status": 500,
  "data": "Server Error",
  "timeTaken": 274.99199999999837
}
Status code: 500
-------------------------------

[test number] should successfully handle input
Request:
{
  "gender": "FEMALE",
  "total_activity_duration": "THREE_TO_SIX_HOURS",
  "age": 25,
  "weight_today": 30,
  "height": 173,
  "category": "intermediate"
}
Response:
{
  "success": false,
  "status": 500,
  "data": "Server Error",
  "timeTaken": 282.8119000000006
}
Status code: 500
-------------------------------

[test number] should successfully handle input
Request:
{
  "gender": "MALE",
  "total_activity_duration": "THREE_TO_SIX_HOURS",
  "age": 75,
  "weight_today": 30,
  "height": 160,
  "category": "advanced"
}
Response:
{
  "success": false,
  "status": 500,
  "data": "Server Error",
  "timeTaken": 293.1805999999997
}
Status code: 500
-------------------------------

[test number] should successfully handle input
Request:
{
  "gender": "FEMALE",
  "total_activity_duration": "SIX_TO_NINE_HOURS",
  "age": 50,
  "weight_today": 70,
  "height": 190,
  "category": "beginner"
}
Response:
{
  "success": false,
  "status": 500,
  "data": "Server Error",
  "timeTaken": 279.3316999999952
}
Status code: 500
-------------------------------

[test number] should successfully handle input
Request:
{
  "gender": "MALE",
  "total_activity_duration": "NINE_TO_TWELVE_HOURS",
  "age": 75,
  "weight_today": 113.9,
  "height": 173,
  "category": "intermediate"
}
Response:
{
  "success": false,
  "status": 500,
  "data": "Server Error",
  "timeTaken": 318.3078000000023
}
Status code: 500
-------------------------------

[test number] should successfully handle input
Request:
{
  "gender": "FEMALE",
  "total_activity_duration": "NINE_TO_TWELVE_HOURS",
  "age": 75,
  "weight_today": 150,
  "height": 140,
  "category": "advanced"
}
Response:
{
  "success": false,
  "status": 500,
  "data": "Server Error",
  "timeTaken": 280.1800000000003
}
Status code: 500
-------------------------------

[test number] should successfully handle input
Request:
{
  "gender": "FEMALE",
  "total_activity_duration": "NINE_TO_TWELVE_HOURS",
  "age": 25,
  "weight_today": 113.9,
  "height": 210,
  "category": "intermediate"
}
Response:
{
  "success": false,
  "status": 500,
  "data": "Server Error",
  "timeTaken": 289.5429000000004
}
Status code: 500
-------------------------------

[test number] should successfully handle input
Request:
{
  "gender": "MALE",
  "total_activity_duration": "THREE_TO_SIX_HOURS",
  "age": 0,
  "weight_today": 200,
  "height": 210,
  "category": "advanced"
}
Response:
{
  "success": false,
  "status": 500,
  "data": "Server Error",
  "timeTaken": 327.4654999999984
}
Status code: 500
-------------------------------

[test number] should successfully handle input
Request:
{
  "gender": "FEMALE",
  "total_activity_duration": "THREE_TO_SIX_HOURS",
  "age": 75,
  "weight_today": 70,
  "height": 140,
  "category": "beginner"
}
Response:
{
  "success": false,
  "status": 500,
  "data": "Server Error",
  "timeTaken": 274.39130000000296
}
Status code: 500
-------------------------------

[test number] should successfully handle input
Request:
{
  "gender": "FEMALE",
  "total_activity_duration": "TWELVE_PLUS_HOURS",
  "age": 50,
  "weight_today": 200,
  "height": 160,
  "category": "beginner"
}
Response:
{
  "success": false,
  "status": 500,
  "data": "Server Error",
  "timeTaken": 289.75360000000364
}
Status code: 500
-------------------------------

[test number] should successfully handle input
Request:
{
  "gender": "MALE",
  "total_activity_duration": "TWELVE_PLUS_HOURS",
  "age": 0,
  "weight_today": 150,
  "height": 160,
  "category": "beginner"
}
Response:
{
  "success": false,
  "status": 500,
  "data": "Server Error",
  "timeTaken": 303.1840000000011
}
Status code: 500
-------------------------------

[test number] should successfully handle input
Request:
{
  "gender": "MALE",
  "total_activity_duration": "TWELVE_PLUS_HOURS",
  "age": 50,
  "weight_today": 150,
  "height": 173,
  "category": "beginner"
}
Response:
{
  "success": false,
  "status": 500,
  "data": "Server Error",
  "timeTaken": 392.6785000000018
}
Status code: 500
-------------------------------

[test number] should successfully handle input
Request:
{
  "gender": "FEMALE",
  "total_activity_duration": "TWELVE_PLUS_HOURS",
  "age": 100,
  "weight_today": 200,
  "height": 190,
  "category": "intermediate"
}
Response:
{
  "success": false,
  "status": 500,
  "data": "Server Error",
  "timeTaken": 365.6851999999999
}
Status code: 500
-------------------------------

[test number] should successfully handle input
Request:
{
  "gender": "MALE",
  "total_activity_duration": "SIX_TO_NINE_HOURS",
  "age": 100,
  "weight_today": 70,
  "height": 190,
  "category": "intermediate"
}
Response:
{
  "success": false,
  "status": 500,
  "data": "Server Error",
  "timeTaken": 377.10889999999927
}
Status code: 500
-------------------------------

[test number] should successfully handle input
Request:
{
  "gender": "FEMALE",
  "total_activity_duration": "TWELVE_PLUS_HOURS",
  "age": 0,
  "weight_today": 150,
  "height": 190,
  "category": "intermediate"
}
Response:
{
  "success": false,
  "status": 500,
  "data": "Server Error",
  "timeTaken": 294.04379999999946
}
Status code: 500
-------------------------------

[test number] should successfully handle input
Request:
{
  "gender": "MALE",
  "total_activity_duration": "TWELVE_PLUS_HOURS",
  "age": 100,
  "weight_today": 200,
  "height": 160,
  "category": "beginner"
}
Response:
{
  "success": false,
  "status": 500,
  "data": "Server Error",
  "timeTaken": 273.1706999999951
}
Status code: 500
-------------------------------

[test number] should successfully handle input
Request:
{
  "gender": "FEMALE",
  "total_activity_duration": "SIX_TO_NINE_HOURS",
  "age": 100,
  "weight_today": 113.9,
  "height": 173,
  "category": "intermediate"
}
Response:
{
  "success": false,
  "status": 500,
  "data": "Server Error",
  "timeTaken": 285.0616000000009
}
Status code: 500
-------------------------------

[test number] should successfully handle input
Request:
{
  "gender": "MALE",
  "total_activity_duration": "SIX_TO_NINE_HOURS",
  "age": 0,
  "weight_today": 30,
  "height": 190,
  "category": "advanced"
}
Response:
{
  "success": false,
  "status": 500,
  "data": "Server Error",
  "timeTaken": 299.8700000000026
}
Status code: 500
-------------------------------

[test number] should successfully handle input
Request:
{
  "gender": "MALE",
  "total_activity_duration": "ZERO_TO_THREE_HOURS",
  "age": 25,
  "weight_today": 150,
  "height": 210,
  "category": "advanced"
}
Response:
{
  "success": false,
  "status": 500,
  "data": "Server Error",
  "timeTaken": 275.26860000000306
}
Status code: 500
-------------------------------

[test number] should successfully handle input
Request:
{
  "gender": "MALE",
  "total_activity_duration": "ZERO_TO_THREE_HOURS",
  "age": 75,
  "weight_today": 200,
  "height": 190,
  "category": "beginner"
}
Response:
{
  "success": false,
  "status": 500,
  "data": "Server Error",
  "timeTaken": 276.4268000000011
}
Status code: 500
-------------------------------

[test number] should successfully handle input
Request:
{
  "gender": "FEMALE",
  "total_activity_duration": "SIX_TO_NINE_HOURS",
  "age": 0,
  "weight_today": 70,
  "height": 173,
  "category": "beginner"
}
Response:
{
  "success": false,
  "status": 500,
  "data": "Server Error",
  "timeTaken": 301.0072
}
Status code: 500
-------------------------------

[test number] should successfully handle input
Request:
{
  "gender": "FEMALE",
  "total_activity_duration": "ZERO_TO_THREE_HOURS",
  "age": 100,
  "weight_today": 30,
  "height": 140,
  "category": "intermediate"
}
Response:
{
  "success": false,
  "status": 500,
  "data": "Server Error",
  "timeTaken": 266.546500000004
}
Status code: 500
-------------------------------

[test number] should successfully handle input
Request:
{
  "gender": "MALE",
  "total_activity_duration": "NINE_TO_TWELVE_HOURS",
  "age": 25,
  "weight_today": 113.9,
  "height": 160,
  "category": "beginner"
}
Response:
{
  "success": false,
  "status": 500,
  "data": "Server Error",
  "timeTaken": 271.8307999999961
}
Status code: 500
-------------------------------

[test number] should successfully handle input
Request:
{
  "gender": "FEMALE",
  "total_activity_duration": "THREE_TO_SIX_HOURS",
  "age": 25,
  "weight_today": 30,
  "height": 173,
  "category": "advanced"
}
Response:
{
  "success": false,
  "status": 500,
  "data": "Server Error",
  "timeTaken": 277.53280000000086
}
Status code: 500
-------------------------------

[test number] should successfully handle input
Request:
{
  "gender": "MALE",
  "total_activity_duration": "SIX_TO_NINE_HOURS",
  "age": 50,
  "weight_today": 70,
  "height": 173,
  "category": "beginner"
}
Response:
{
  "success": false,
  "status": 500,
  "data": "Server Error",
  "timeTaken": 288.5474000000031
}
Status code: 500
-------------------------------

[test number] should successfully handle input
Request:
{
  "gender": "FEMALE",
  "total_activity_duration": "ZERO_TO_THREE_HOURS",
  "age": 25,
  "weight_today": 200,
  "height": 190,
  "category": "beginner"
}
Response:
{
  "success": false,
  "status": 500,
  "data": "Server Error",
  "timeTaken": 292.20760000000155
}
Status code: 500
-------------------------------

[test number] should successfully handle input
Request:
{
  "gender": "FEMALE",
  "total_activity_duration": "SIX_TO_NINE_HOURS",
  "age": 50,
  "weight_today": 70,
  "height": 190,
  "category": "intermediate"
}
Response:
{
  "success": false,
  "status": 500,
  "data": "Server Error",
  "timeTaken": 290.32250000000204
}
Status code: 500
-------------------------------

[test number] should successfully handle input
Request:
{
  "gender": "MALE",
  "total_activity_duration": "THREE_TO_SIX_HOURS",
  "age": 75,
  "weight_today": 30,
  "height": 173,
  "category": "beginner"
}
Response:
{
  "success": false,
  "status": 500,
  "data": "Server Error",
  "timeTaken": 311.08120000000054
}
Status code: 500
-------------------------------

[test number] should successfully handle input
Request:
{
  "gender": "FEMALE",
  "total_activity_duration": "NINE_TO_TWELVE_HOURS",
  "age": 25,
  "weight_today": 113.9,
  "height": 210,
  "category": "advanced"
}
Response:
{
  "success": false,
  "status": 500,
  "data": "Server Error",
  "timeTaken": 287.70130000000063
}
Status code: 500
-------------------------------

[test number] should successfully handle input
Request:
{
  "gender": "FEMALE",
  "total_activity_duration": "NINE_TO_TWELVE_HOURS",
  "age": 75,
  "weight_today": 150,
  "height": 160,
  "category": "beginner"
}
Response:
{
  "success": false,
  "status": 500,
  "data": "Server Error",
  "timeTaken": 294.41309999999794
}
Status code: 500
-------------------------------

[test number] should successfully handle input
Request:
{
  "gender": "MALE",
  "total_activity_duration": "THREE_TO_SIX_HOURS",
  "age": 25,
  "weight_today": 30,
  "height": 140,
  "category": "beginner"
}
Response:
{
  "success": false,
  "status": 500,
  "data": "Server Error",
  "timeTaken": 280.0949999999939
}
Status code: 500
-------------------------------

[test number] should successfully handle input
Request:
{
  "gender": "MALE",
  "total_activity_duration": "NINE_TO_TWELVE_HOURS",
  "age": 75,
  "weight_today": 113.9,
  "height": 173,
  "category": "advanced"
}
Response:
{
  "success": false,
  "status": 500,
  "data": "Server Error",
  "timeTaken": 326.12650000000576
}
Status code: 500
-------------------------------

[test number] should successfully handle input
Request:
{
  "gender": "FEMALE",
  "total_activity_duration": "TWELVE_PLUS_HOURS",
  "age": 50,
  "weight_today": 200,
  "height": 160,
  "category": "intermediate"
}
Response:
{
  "success": false,
  "status": 500,
  "data": "Server Error",
  "timeTaken": 280.75450000000274
}
Status code: 500
-------------------------------

[test number] should successfully handle input
Request:
{
  "gender": "MALE",
  "total_activity_duration": "TWELVE_PLUS_HOURS",
  "age": 0,
  "weight_today": 150,
  "height": 160,
  "category": "intermediate"
}
Response:
{
  "success": false,
  "status": 500,
  "data": "Server Error",
  "timeTaken": 277.9945000000007
}
Status code: 500
-------------------------------

[test number] should successfully handle input
Request:
{
  "gender": "FEMALE",
  "total_activity_duration": "TWELVE_PLUS_HOURS",
  "age": 100,
  "weight_today": 200,
  "height": 190,
  "category": "advanced"
}
Response:
{
  "success": false,
  "status": 500,
  "data": "Server Error",
  "timeTaken": 311.5636999999988
}
Status code: 500
-------------------------------

[test number] should successfully handle input
Request:
{
  "gender": "MALE",
  "total_activity_duration": "TWELVE_PLUS_HOURS",
  "age": 100,
  "weight_today": 200,
  "height": 160,
  "category": "intermediate"
}
Response:
{
  "success": false,
  "status": 500,
  "data": "Server Error",
  "timeTaken": 273.92269999999553
}
Status code: 500
-------------------------------

[test number] should successfully handle input
Request:
{
  "gender": "MALE",
  "total_activity_duration": "TWELVE_PLUS_HOURS",
  "age": 50,
  "weight_today": 150,
  "height": 173,
  "category": "intermediate"
}
Response:
{
  "success": false,
  "status": 500,
  "data": "Server Error",
  "timeTaken": 317.83439999999973
}
Status code: 500
-------------------------------

[test number] should successfully handle input
Request:
{
  "gender": "MALE",
  "total_activity_duration": "SIX_TO_NINE_HOURS",
  "age": 100,
  "weight_today": 70,
  "height": 190,
  "category": "advanced"
}
Response:
{
  "success": false,
  "status": 500,
  "data": "Server Error",
  "timeTaken": 313.539300000004
}
Status code: 500
-------------------------------

[test number] should successfully handle input
Request:
{
  "gender": "FEMALE",
  "total_activity_duration": "TWELVE_PLUS_HOURS",
  "age": 0,
  "weight_today": 150,
  "height": 190,
  "category": "advanced"
}
Response:
{
  "success": false,
  "status": 500,
  "data": "Server Error",
  "timeTaken": 295.8249999999971
}
Status code: 500
-------------------------------

[test number] should successfully handle input
Request:
{
  "gender": "MALE",
  "total_activity_duration": "SIX_TO_NINE_HOURS",
  "age": 0,
  "weight_today": 30,
  "height": 210,
  "category": "beginner"
}
Response:
{
  "success": false,
  "status": 500,
  "data": "Server Error",
  "timeTaken": 287.29899999999907
}
Status code: 500
-------------------------------

[test number] should successfully handle input
Request:
{
  "gender": "MALE",
  "total_activity_duration": "ZERO_TO_THREE_HOURS",
  "age": 75,
  "weight_today": 200,
  "height": 190,
  "category": "intermediate"
}
Response:
{
  "success": false,
  "status": 500,
  "data": "Server Error",
  "timeTaken": 267.6102000000028
}
Status code: 500
-------------------------------

[test number] should successfully handle input
Request:
{
  "gender": "MALE",
  "total_activity_duration": "ZERO_TO_THREE_HOURS",
  "age": 25,
  "weight_today": 200,
  "height": 140,
  "category": "beginner"
}
Response:
{
  "success": false,
  "status": 500,
  "data": "Server Error",
  "timeTaken": 280.2160999999978
}
Status code: 500
-------------------------------

[test number] should successfully handle input
Request:
{
  "gender": "FEMALE",
  "total_activity_duration": "THREE_TO_SIX_HOURS",
  "age": 75,
  "weight_today": 70,
  "height": 140,
  "category": "intermediate"
}
Response:
{
  "success": false,
  "status": 500,
  "data": "Server Error",
  "timeTaken": 428.8649000000005
}
Status code: 500
-------------------------------

[test number] should successfully handle input
Request:
{
  "gender": "FEMALE",
  "total_activity_duration": "SIX_TO_NINE_HOURS",
  "age": 100,
  "weight_today": 113.9,
  "height": 173,
  "category": "advanced"
}
Response:
{
  "success": false,
  "status": 500,
  "data": "Server Error",
  "timeTaken": 332.8417999999947
}
Status code: 500
-------------------------------

[test number] should successfully handle input
Request:
{
  "gender": "FEMALE",
  "total_activity_duration": "SIX_TO_NINE_HOURS",
  "age": 0,
  "weight_today": 70,
  "height": 173,
  "category": "intermediate"
}
Response:
{
  "success": false,
  "status": 500,
  "data": "Server Error",
  "timeTaken": 282.1100000000006
}
Status code: 500
-------------------------------

[test number] should successfully handle input
Request:
{
  "gender": "FEMALE",
  "total_activity_duration": "ZERO_TO_THREE_HOURS",
  "age": 100,
  "weight_today": 30,
  "height": 140,
  "category": "advanced"
}
Response:
{
  "success": false,
  "status": 500,
  "data": "Server Error",
  "timeTaken": 287.24499999999534
}
Status code: 500
-------------------------------

[test number] should successfully handle input
Request:
{
  "gender": "FEMALE",
  "total_activity_duration": "THREE_TO_SIX_HOURS",
  "age": 25,
  "weight_today": 30,
  "height": 190,
  "category": "beginner"
}
Response:
{
  "success": false,
  "status": 500,
  "data": "Server Error",
  "timeTaken": 276.7007999999987
}
Status code: 500
-------------------------------

[test number] should successfully handle input
Request:
{
  "gender": "MALE",
  "total_activity_duration": "NINE_TO_TWELVE_HOURS",
  "age": 25,
  "weight_today": 113.9,
  "height": 160,
  "category": "intermediate"
}
Response:
{
  "success": false,
  "status": 500,
  "data": "Server Error",
  "timeTaken": 296.0164999999979
}
Status code: 500
-------------------------------

[test number] should successfully handle input
Request:
{
  "gender": "MALE",
  "total_activity_duration": "SIX_TO_NINE_HOURS",
  "age": 50,
  "weight_today": 70,
  "height": 173,
  "category": "intermediate"
}
Response:
{
  "success": false,
  "status": 500,
  "data": "Server Error",
  "timeTaken": 278.70500000000175
}
Status code: 500
-------------------------------

[test number] should successfully handle input
Request:
{
  "gender": "FEMALE",
  "total_activity_duration": "ZERO_TO_THREE_HOURS",
  "age": 25,
  "weight_today": 200,
  "height": 190,
  "category": "intermediate"
}
Response:
{
  "success": false,
  "status": 500,
  "data": "Server Error",
  "timeTaken": 285.1562999999951
}
Status code: 500
-------------------------------

[test number] should successfully handle input
Request:
{
  "gender": "FEMALE",
  "total_activity_duration": "SIX_TO_NINE_HOURS",
  "age": 50,
  "weight_today": 70,
  "height": 190,
  "category": "advanced"
}
Response:
{
  "success": false,
  "status": 500,
  "data": "Server Error",
  "timeTaken": 276.957699999999
}
Status code: 500
-------------------------------

[test number] should successfully handle input
Request:
{
  "gender": "MALE",
  "total_activity_duration": "THREE_TO_SIX_HOURS",
  "age": 75,
  "weight_today": 30,
  "height": 173,
  "category": "intermediate"
}
Response:
{
  "success": false,
  "status": 500,
  "data": "Server Error",
  "timeTaken": 298.8271999999997
}
Status code: 500
-------------------------------

[test number] should successfully handle input
Request:
{
  "gender": "FEMALE",
  "total_activity_duration": "NINE_TO_TWELVE_HOURS",
  "age": 25,
  "weight_today": 150,
  "height": 140,
  "category": "beginner"
}
Response:
{
  "success": false,
  "status": 500,
  "data": "Server Error",
  "timeTaken": 283.22409999999945
}
Status code: 500
-------------------------------

[test number] should successfully handle input
Request:
{
  "gender": "MALE",
  "total_activity_duration": "THREE_TO_SIX_HOURS",
  "age": 25,
  "weight_today": 30,
  "height": 140,
  "category": "intermediate"
}
Response:
{
  "success": false,
  "status": 500,
  "data": "Server Error",
  "timeTaken": 275.29499999999825
}
Status code: 500
-------------------------------

[test number] should successfully handle input
Request:
{
  "gender": "FEMALE",
  "total_activity_duration": "NINE_TO_TWELVE_HOURS",
  "age": 75,
  "weight_today": 150,
  "height": 160,
  "category": "intermediate"
}
Response:
{
  "success": false,
  "status": 500,
  "data": "Server Error",
  "timeTaken": 290.55510000000504
}
Status code: 500
-------------------------------

[test number] should successfully handle input
Request:
{
  "gender": "FEMALE",
  "total_activity_duration": "TWELVE_PLUS_HOURS",
  "age": 50,
  "weight_today": 200,
  "height": 160,
  "category": "advanced"
}
Response:
{
  "success": false,
  "status": 500,
  "data": "Server Error",
  "timeTaken": 279.8908999999985
}
Status code: 500
-------------------------------

[test number] should successfully handle input
Request:
{
  "gender": "MALE",
  "total_activity_duration": "TWELVE_PLUS_HOURS",
  "age": 0,
  "weight_today": 150,
  "height": 160,
  "category": "advanced"
}
Response:
{
  "success": false,
  "status": 500,
  "data": "Server Error",
  "timeTaken": 279.3194000000003
}
Status code: 500
-------------------------------

[test number] should successfully handle input
Request:
{
  "gender": "MALE",
  "total_activity_duration": "NINE_TO_TWELVE_HOURS",
  "age": 75,
  "weight_today": 113.9,
  "height": 190,
  "category": "beginner"
}
Response:
{
  "success": false,
  "status": 500,
  "data": "Server Error",
  "timeTaken": 308.2436999999991
}
Status code: 500
-------------------------------

[test number] should successfully handle input
Request:
{
  "gender": "MALE",
  "total_activity_duration": "TWELVE_PLUS_HOURS",
  "age": 100,
  "weight_today": 200,
  "height": 160,
  "category": "advanced"
}
Response:
{
  "success": false,
  "status": 500,
  "data": "Server Error",
  "timeTaken": 278.4172999999937
}
Status code: 500
-------------------------------

[test number] should successfully handle input
Request:
{
  "gender": "FEMALE",
  "total_activity_duration": "TWELVE_PLUS_HOURS",
  "age": 100,
  "weight_today": 200,
  "height": 210,
  "category": "beginner"
}
Response:
{
  "success": false,
  "status": 500,
  "data": "Server Error",
  "timeTaken": 282.0851000000039
}
Status code: 500
-------------------------------

[test number] should successfully handle input
Request:
{
  "gender": "MALE",
  "total_activity_duration": "TWELVE_PLUS_HOURS",
  "age": 50,
  "weight_today": 150,
  "height": 173,
  "category": "advanced"
}
Response:
{
  "success": false,
  "status": 500,
  "data": "Server Error",
  "timeTaken": 301.8807000000015
}
Status code: 500
-------------------------------

[test number] should successfully handle input
Request:
{
  "gender": "FEMALE",
  "total_activity_duration": "TWELVE_PLUS_HOURS",
  "age": 0,
  "weight_today": 150,
  "height": 210,
  "category": "beginner"
}
Response:
{
  "success": false,
  "status": 500,
  "data": "Server Error",
  "timeTaken": 295.5455000000002
}
Status code: 500
-------------------------------

[test number] should successfully handle input
Request:
{
  "gender": "MALE",
  "total_activity_duration": "SIX_TO_NINE_HOURS",
  "age": 100,
  "weight_today": 70,
  "height": 210,
  "category": "beginner"
}
Response:
{
  "success": false,
  "status": 500,
  "data": "Server Error",
  "timeTaken": 304.3784999999989
}
Status code: 500
-------------------------------

[test number] should successfully handle input
Request:
{
  "gender": "MALE",
  "total_activity_duration": "SIX_TO_NINE_HOURS",
  "age": 0,
  "weight_today": 30,
  "height": 210,
  "category": "intermediate"
}
Response:
{
  "success": false,
  "status": 500,
  "data": "Server Error",
  "timeTaken": 298.0541000000012
}
Status code: 500
-------------------------------

[test number] should successfully handle input
Request:
{
  "gender": "FEMALE",
  "total_activity_duration": "THREE_TO_SIX_HOURS",
  "age": 75,
  "weight_today": 70,
  "height": 140,
  "category": "advanced"
}
Response:
{
  "success": false,
  "status": 500,
  "data": "Server Error",
  "timeTaken": 278.9635000000053
}
Status code: 500
-------------------------------

[test number] should successfully handle input
Request:
{
  "gender": "MALE",
  "total_activity_duration": "ZERO_TO_THREE_HOURS",
  "age": 75,
  "weight_today": 200,
  "height": 190,
  "category": "advanced"
}
Response:
{
  "success": false,
  "status": 500,
  "data": "Server Error",
  "timeTaken": 292.502800000002
}
Status code: 500
-------------------------------

[test number] should successfully handle input
Request:
{
  "gender": "FEMALE",
  "total_activity_duration": "SIX_TO_NINE_HOURS",
  "age": 100,
  "weight_today": 113.9,
  "height": 190,
  "category": "beginner"
}
Response:
{
  "success": false,
  "status": 500,
  "data": "Server Error",
  "timeTaken": 286.9409999999989
}
Status code: 500
-------------------------------

[test number] should successfully handle input
Request:
{
  "gender": "MALE",
  "total_activity_duration": "SIX_TO_NINE_HOURS",
  "age": 50,
  "weight_today": 70,
  "height": 173,
  "category": "advanced"
}
Response:
{
  "success": false,
  "status": 500,
  "data": "Server Error",
  "timeTaken": 276.1529999999984
}
Status code: 500
-------------------------------

[test number] should successfully handle input
Request:
{
  "gender": "FEMALE",
  "total_activity_duration": "SIX_TO_NINE_HOURS",
  "age": 0,
  "weight_today": 70,
  "height": 173,
  "category": "advanced"
}
Response:
{
  "success": false,
  "status": 500,
  "data": "Server Error",
  "timeTaken": 288.15430000000197
}
Status code: 500
-------------------------------

[test number] should successfully handle input
Request:
{
  "gender": "FEMALE",
  "total_activity_duration": "THREE_TO_SIX_HOURS",
  "age": 25,
  "weight_today": 30,
  "height": 190,
  "category": "intermediate"
}
Response:
{
  "success": false,
  "status": 500,
  "data": "Server Error",
  "timeTaken": 287.29379999999946
}
Status code: 500
-------------------------------

[test number] should successfully handle input
Request:
{
  "gender": "MALE",
  "total_activity_duration": "NINE_TO_TWELVE_HOURS",
  "age": 25,
  "weight_today": 113.9,
  "height": 160,
  "category": "advanced"
}
Response:
{
  "success": false,
  "status": 500,
  "data": "Server Error",
  "timeTaken": 301.8600000000006
}
Status code: 500
-------------------------------

[test number] should successfully handle input
Request:
{
  "gender": "MALE",
  "total_activity_duration": "ZERO_TO_THREE_HOURS",
  "age": 25,
  "weight_today": 200,
  "height": 140,
  "category": "intermediate"
}
Response:
{
  "success": false,
  "status": 500,
  "data": "Server Error",
  "timeTaken": 350.6169000000009
}
Status code: 500
-------------------------------

[test number] should successfully handle input
Request:
{
  "gender": "FEMALE",
  "total_activity_duration": "ZERO_TO_THREE_HOURS",
  "age": 100,
  "weight_today": 30,
  "height": 160,
  "category": "beginner"
}
Response:
{
  "success": false,
  "status": 500,
  "data": "Server Error",
  "timeTaken": 317.786199999995
}
Status code: 500
-------------------------------

[test number] should successfully handle input
Request:
{
  "gender": "FEMALE",
  "total_activity_duration": "ZERO_TO_THREE_HOURS",
  "age": 25,
  "weight_today": 200,
  "height": 190,
  "category": "advanced"
}
Response:
{
  "success": false,
  "status": 500,
  "data": "Server Error",
  "timeTaken": 287.54030000000057
}
Status code: 500
-------------------------------

[test number] should successfully handle input
Request:
{
  "gender": "FEMALE",
  "total_activity_duration": "SIX_TO_NINE_HOURS",
  "age": 50,
  "weight_today": 70,
  "height": 210,
  "category": "beginner"
}
Response:
{
  "success": false,
  "status": 500,
  "data": "Server Error",
  "timeTaken": 285.13090000000375
}
Status code: 500
-------------------------------

[test number] should successfully handle input
Request:
{
  "gender": "FEMALE",
  "total_activity_duration": "NINE_TO_TWELVE_HOURS",
  "age": 25,
  "weight_today": 150,
  "height": 140,
  "category": "intermediate"
}
Response:
{
  "success": false,
  "status": 500,
  "data": "Server Error",
  "timeTaken": 281.808100000002
}
Status code: 500
-------------------------------

[test number] should successfully handle input
Request:
{
  "gender": "FEMALE",
  "total_activity_duration": "TWELVE_PLUS_HOURS",
  "age": 50,
  "weight_today": 200,
  "height": 173,
  "category": "beginner"
}
Response:
{
  "success": false,
  "status": 500,
  "data": "Server Error",
  "timeTaken": 273.6215000000011
}
Status code: 500
-------------------------------

[test number] should successfully handle input
Request:
{
  "gender": "MALE",
  "total_activity_duration": "THREE_TO_SIX_HOURS",
  "age": 25,
  "weight_today": 30,
  "height": 140,
  "category": "advanced"
}
Response:
{
  "success": false,
  "status": 500,
  "data": "Server Error",
  "timeTaken": 284.56159999999363
}
Status code: 500
-------------------------------

[test number] should successfully handle input
Request:
{
  "gender": "MALE",
  "total_activity_duration": "THREE_TO_SIX_HOURS",
  "age": 75,
  "weight_today": 30,
  "height": 173,
  "category": "advanced"
}
Response:
{
  "success": false,
  "status": 500,
  "data": "Server Error",
  "timeTaken": 332.84990000000107
}
Status code: 500
-------------------------------

[test number] should successfully handle input
Request:
{
  "gender": "FEMALE",
  "total_activity_duration": "NINE_TO_TWELVE_HOURS",
  "age": 75,
  "weight_today": 150,
  "height": 160,
  "category": "advanced"
}
Response:
{
  "success": false,
  "status": 500,
  "data": "Server Error",
  "timeTaken": 315.82160000000295
}
Status code: 500
-------------------------------

[test number] should successfully handle input
Request:
{
  "gender": "MALE",
  "total_activity_duration": "NINE_TO_TWELVE_HOURS",
  "age": 75,
  "weight_today": 113.9,
  "height": 190,
  "category": "intermediate"
}
Response:
{
  "success": false,
  "status": 500,
  "data": "Server Error",
  "timeTaken": 305.37370000000374
}
Status code: 500
-------------------------------

[test number] should successfully handle input
Request:
{
  "gender": "FEMALE",
  "total_activity_duration": "TWELVE_PLUS_HOURS",
  "age": 100,
  "weight_today": 200,
  "height": 210,
  "category": "intermediate"
}
Response:
{
  "success": false,
  "status": 500,
  "data": "Server Error",
  "timeTaken": 285.79990000000544
}
Status code: 500
-------------------------------

[test number] should successfully handle input
Request:
{
  "gender": "MALE",
  "total_activity_duration": "TWELVE_PLUS_HOURS",
  "age": 100,
  "weight_today": 200,
  "height": 173,
  "category": "beginner"
}
Response:
{
  "success": false,
  "status": 500,
  "data": "Server Error",
  "timeTaken": 299.56400000000576
}
Status code: 500
-------------------------------

[test number] should successfully handle input
Request:
{
  "gender": "MALE",
  "total_activity_duration": "TWELVE_PLUS_HOURS",
  "age": 0,
  "weight_today": 150,
  "height": 173,
  "category": "beginner"
}
Response:
{
  "success": false,
  "status": 500,
  "data": "Server Error",
  "timeTaken": 347.71600000000035
}
Status code: 500
-------------------------------

[test number] should successfully handle input
Request:
{
  "gender": "MALE",
  "total_activity_duration": "SIX_TO_NINE_HOURS",
  "age": 100,
  "weight_today": 70,
  "height": 210,
  "category": "intermediate"
}
Response:
{
  "success": false,
  "status": 500,
  "data": "Server Error",
  "timeTaken": 285.43679999999586
}
Status code: 500
-------------------------------

[test number] should successfully handle input
Request:
{
  "gender": "MALE",
  "total_activity_duration": "TWELVE_PLUS_HOURS",
  "age": 50,
  "weight_today": 150,
  "height": 190,
  "category": "beginner"
}
Response:
{
  "success": false,
  "status": 500,
  "data": "Server Error",
  "timeTaken": 304.8889999999956
}
Status code: 500
-------------------------------

[test number] should successfully handle input
Request:
{
  "gender": "FEMALE",
  "total_activity_duration": "TWELVE_PLUS_HOURS",
  "age": 0,
  "weight_today": 150,
  "height": 210,
  "category": "intermediate"
}
Response:
{
  "success": false,
  "status": 500,
  "data": "Server Error",
  "timeTaken": 290.355899999995
}
Status code: 500
-------------------------------

[test number] should successfully handle input
Request:
{
  "gender": "MALE",
  "total_activity_duration": "SIX_TO_NINE_HOURS",
  "age": 0,
  "weight_today": 30,
  "height": 210,
  "category": "advanced"
}
Response:
{
  "success": false,
  "status": 500,
  "data": "Server Error",
  "timeTaken": 275.1457999999984
}
Status code: 500
-------------------------------

[test number] should successfully handle input
Request:
{
  "gender": "FEMALE",
  "total_activity_duration": "THREE_TO_SIX_HOURS",
  "age": 75,
  "weight_today": 70,
  "height": 160,
  "category": "beginner"
}
Response:
{
  "success": false,
  "status": 500,
  "data": "Server Error",
  "timeTaken": 281.2347000000009
}
Status code: 500
-------------------------------

[test number] should successfully handle input
Request:
{
  "gender": "MALE",
  "total_activity_duration": "ZERO_TO_THREE_HOURS",
  "age": 75,
  "weight_today": 200,
  "height": 210,
  "category": "beginner"
}
Response:
{
  "success": false,
  "status": 500,
  "data": "Server Error",
  "timeTaken": 272.2444999999934
}
Status code: 500
-------------------------------

[test number] should successfully handle input
Request:
{
  "gender": "FEMALE",
  "total_activity_duration": "SIX_TO_NINE_HOURS",
  "age": 100,
  "weight_today": 113.9,
  "height": 190,
  "category": "intermediate"
}
Response:
{
  "success": false,
  "status": 500,
  "data": "Server Error",
  "timeTaken": 278.45039999999426
}
Status code: 500
-------------------------------

[test number] should successfully handle input
Request:
{
  "gender": "FEMALE",
  "total_activity_duration": "SIX_TO_NINE_HOURS",
  "age": 0,
  "weight_today": 70,
  "height": 190,
  "category": "beginner"
}
Response:
{
  "success": false,
  "status": 500,
  "data": "Server Error",
  "timeTaken": 280.41010000000097
}
Status code: 500
-------------------------------

[test number] should successfully handle input
Request:
{
  "gender": "MALE",
  "total_activity_duration": "SIX_TO_NINE_HOURS",
  "age": 50,
  "weight_today": 70,
  "height": 190,
  "category": "beginner"
}
Response:
{
  "success": false,
  "status": 500,
  "data": "Server Error",
  "timeTaken": 295.68279999999504
}
Status code: 500
-------------------------------

[test number] should successfully handle input
Request:
{
  "gender": "FEMALE",
  "total_activity_duration": "THREE_TO_SIX_HOURS",
  "age": 25,
  "weight_today": 30,
  "height": 190,
  "category": "advanced"
}
Response:
{
  "success": false,
  "status": 500,
  "data": "Server Error",
  "timeTaken": 299.40499999999884
}
Status code: 500
-------------------------------

[test number] should successfully handle input
Request:
{
  "gender": "FEMALE",
  "total_activity_duration": "ZERO_TO_THREE_HOURS",
  "age": 25,
  "weight_today": 200,
  "height": 210,
  "category": "beginner"
}
Response:
{
  "success": false,
  "status": 500,
  "data": "Server Error",
  "timeTaken": 275.19720000000234
}
Status code: 500
-------------------------------

[test number] should successfully handle input
Request:
{
  "gender": "MALE",
  "total_activity_duration": "NINE_TO_TWELVE_HOURS",
  "age": 25,
  "weight_today": 113.9,
  "height": 173,
  "category": "beginner"
}
Response:
{
  "success": false,
  "status": 500,
  "data": "Server Error",
  "timeTaken": 282.1131999999998
}
Status code: 500
-------------------------------

[test number] should successfully handle input
Request:
{
  "gender": "MALE",
  "total_activity_duration": "ZERO_TO_THREE_HOURS",
  "age": 25,
  "weight_today": 200,
  "height": 140,
  "category": "advanced"
}
Response:
{
  "success": false,
  "status": 500,
  "data": "Server Error",
  "timeTaken": 289.3055000000022
}
Status code: 500
-------------------------------

[test number] should successfully handle input
Request:
{
  "gender": "FEMALE",
  "total_activity_duration": "SIX_TO_NINE_HOURS",
  "age": 50,
  "weight_today": 70,
  "height": 210,
  "category": "intermediate"
}
Response:
{
  "success": false,
  "status": 500,
  "data": "Server Error",
  "timeTaken": 284.7459000000017
}
Status code: 500
-------------------------------

[test number] should successfully handle input
Request:
{
  "gender": "FEMALE",
  "total_activity_duration": "ZERO_TO_THREE_HOURS",
  "age": 100,
  "weight_today": 30,
  "height": 160,
  "category": "intermediate"
}
Response:
{
  "success": false,
  "status": 500,
  "data": "Server Error",
  "timeTaken": 309.4899000000005
}
Status code: 500
-------------------------------

[test number] should successfully handle input
Request:
{
  "gender": "MALE",
  "total_activity_duration": "THREE_TO_SIX_HOURS",
  "age": 25,
  "weight_today": 30,
  "height": 160,
  "category": "beginner"
}
Response:
{
  "success": false,
  "status": 500,
  "data": "Server Error",
  "timeTaken": 280.75099999999657
}
Status code: 500
-------------------------------

[test number] should successfully handle input
Request:
{
  "gender": "FEMALE",
  "total_activity_duration": "TWELVE_PLUS_HOURS",
  "age": 50,
  "weight_today": 200,
  "height": 173,
  "category": "intermediate"
}
Response:
{
  "success": false,
  "status": 500,
  "data": "Server Error",
  "timeTaken": 293.24119999999675
}
Status code: 500
-------------------------------

[test number] should successfully handle input
Request:
{
  "gender": "FEMALE",
  "total_activity_duration": "NINE_TO_TWELVE_HOURS",
  "age": 25,
  "weight_today": 150,
  "height": 140,
  "category": "advanced"
}
Response:
{
  "success": false,
  "status": 500,
  "data": "Server Error",
  "timeTaken": 297.9647000000041
}
Status code: 500
-------------------------------

[test number] should successfully handle input
Request:
{
  "gender": "MALE",
  "total_activity_duration": "THREE_TO_SIX_HOURS",
  "age": 75,
  "weight_today": 30,
  "height": 190,
  "category": "beginner"
}
Response:
{
  "success": false,
  "status": 500,
  "data": "Server Error",
  "timeTaken": 293.60899999999674
}
Status code: 500
-------------------------------

[test number] should successfully handle input
Request:
{
  "gender": "FEMALE",
  "total_activity_duration": "NINE_TO_TWELVE_HOURS",
  "age": 75,
  "weight_today": 150,
  "height": 173,
  "category": "beginner"
}
Response:
{
  "success": false,
  "status": 500,
  "data": "Server Error",
  "timeTaken": 279.8657999999996
}
Status code: 500
-------------------------------

[test number] should successfully handle input
Request:
{
  "gender": "MALE",
  "total_activity_duration": "NINE_TO_TWELVE_HOURS",
  "age": 75,
  "weight_today": 113.9,
  "height": 190,
  "category": "advanced"
}
Response:
{
  "success": false,
  "status": 500,
  "data": "Server Error",
  "timeTaken": 315.0720000000001
}
Status code: 500
-------------------------------

[test number] should successfully handle input
Request:
{
  "gender": "MALE",
  "total_activity_duration": "TWELVE_PLUS_HOURS",
  "age": 100,
  "weight_today": 200,
  "height": 173,
  "category": "intermediate"
}
Response:
{
  "success": false,
  "status": 500,
  "data": "Server Error",
  "timeTaken": 294.70010000000184
}
Status code: 500
-------------------------------

[test number] should successfully handle input
Request:
{
  "gender": "FEMALE",
  "total_activity_duration": "TWELVE_PLUS_HOURS",
  "age": 100,
  "weight_today": 200,
  "height": 210,
  "category": "advanced"
}
Response:
{
  "success": false,
  "status": 500,
  "data": "Server Error",
  "timeTaken": 303.16659999999683
}
Status code: 500
-------------------------------

[test number] should successfully handle input
Request:
{
  "gender": "MALE",
  "total_activity_duration": "SIX_TO_NINE_HOURS",
  "age": 100,
  "weight_today": 70,
  "height": 210,
  "category": "advanced"
}
Response:
{
  "success": false,
  "status": 500,
  "data": "Server Error",
  "timeTaken": 274.42059999999765
}
Status code: 500
-------------------------------

[test number] should successfully handle input
Request:
{
  "gender": "FEMALE",
  "total_activity_duration": "THREE_TO_SIX_HOURS",
  "age": 75,
  "weight_today": 70,
  "height": 160,
  "category": "intermediate"
}
Response:
{
  "success": false,
  "status": 500,
  "data": "Server Error",
  "timeTaken": 270.5926999999938
}
Status code: 500
-------------------------------

[test number] should successfully handle input
Request:
{
  "gender": "MALE",
  "total_activity_duration": "TWELVE_PLUS_HOURS",
  "age": 50,
  "weight_today": 150,
  "height": 190,
  "category": "intermediate"
}
Response:
{
  "success": false,
  "status": 500,
  "data": "Server Error",
  "timeTaken": 283.8668000000034
}
Status code: 500
-------------------------------

[test number] should successfully handle input
Request:
{
  "gender": "MALE",
  "total_activity_duration": "ZERO_TO_THREE_HOURS",
  "age": 75,
  "weight_today": 200,
  "height": 210,
  "category": "intermediate"
}
Response:
{
  "success": false,
  "status": 500,
  "data": "Server Error",
  "timeTaken": 276.9328000000023
}
Status code: 500
-------------------------------

[test number] should successfully handle input
Request:
{
  "gender": "MALE",
  "total_activity_duration": "SIX_TO_NINE_HOURS",
  "age": 0,
  "weight_today": 70,
  "height": 140,
  "category": "beginner"
}
Response:
{
  "success": false,
  "status": 500,
  "data": "Server Error",
  "timeTaken": 296.99690000000555
}
Status code: 500
-------------------------------

[test number] should successfully handle input
Request:
{
  "gender": "MALE",
  "total_activity_duration": "TWELVE_PLUS_HOURS",
  "age": 0,
  "weight_today": 150,
  "height": 173,
  "category": "intermediate"
}
Response:
{
  "success": false,
  "status": 500,
  "data": "Server Error",
  "timeTaken": 352.2162000000026
}
Status code: 500
-------------------------------

[test number] should successfully handle input
Request:
{
  "gender": "FEMALE",
  "total_activity_duration": "SIX_TO_NINE_HOURS",
  "age": 100,
  "weight_today": 113.9,
  "height": 190,
  "category": "advanced"
}
Response:
{
  "success": false,
  "status": 500,
  "data": "Server Error",
  "timeTaken": 290.45060000000376
}
Status code: 500
-------------------------------

[test number] should successfully handle input
Request:
{
  "gender": "FEMALE",
  "total_activity_duration": "TWELVE_PLUS_HOURS",
  "age": 0,
  "weight_today": 150,
  "height": 210,
  "category": "advanced"
}
Response:
{
  "success": false,
  "status": 500,
  "data": "Server Error",
  "timeTaken": 313.9962999999989
}
Status code: 500
-------------------------------

[test number] should successfully handle input
Request:
{
  "gender": "MALE",
  "total_activity_duration": "SIX_TO_NINE_HOURS",
  "age": 50,
  "weight_today": 70,
  "height": 190,
  "category": "intermediate"
}
Response:
{
  "success": false,
  "status": 500,
  "data": "Server Error",
  "timeTaken": 280.9016000000047
}
Status code: 500
-------------------------------

[test number] should successfully handle input
Request:
{
  "gender": "FEMALE",
  "total_activity_duration": "SIX_TO_NINE_HOURS",
  "age": 0,
  "weight_today": 70,
  "height": 190,
  "category": "intermediate"
}
Response:
{
  "success": false,
  "status": 500,
  "data": "Server Error",
  "timeTaken": 294.4883999999947
}
Status code: 500
-------------------------------

[test number] should successfully handle input
Request:
{
  "gender": "FEMALE",
  "total_activity_duration": "THREE_TO_SIX_HOURS",
  "age": 25,
  "weight_today": 30,
  "height": 210,
  "category": "beginner"
}
Response:
{
  "success": false,
  "status": 500,
  "data": "Server Error",
  "timeTaken": 279.0524000000005
}
Status code: 500
-------------------------------

[test number] should successfully handle input
Request:
{
  "gender": "FEMALE",
  "total_activity_duration": "ZERO_TO_THREE_HOURS",
  "age": 25,
  "weight_today": 200,
  "height": 210,
  "category": "intermediate"
}
Response:
{
  "success": false,
  "status": 500,
  "data": "Server Error",
  "timeTaken": 278.0835999999981
}
Status code: 500
-------------------------------

[test number] should successfully handle input
Request:
{
  "gender": "MALE",
  "total_activity_duration": "NINE_TO_TWELVE_HOURS",
  "age": 25,
  "weight_today": 113.9,
  "height": 173,
  "category": "intermediate"
}
Response:
{
  "success": false,
  "status": 500,
  "data": "Server Error",
  "timeTaken": 283.10729999999603
}
Status code: 500
-------------------------------

[test number] should successfully handle input
Request:
{
  "gender": "MALE",
  "total_activity_duration": "ZERO_TO_THREE_HOURS",
  "age": 25,
  "weight_today": 200,
  "height": 160,
  "category": "beginner"
}
Response:
{
  "success": false,
  "status": 500,
  "data": "Server Error",
  "timeTaken": 283.6872999999978
}
Status code: 500
-------------------------------

[test number] should successfully handle input
Request:
{
  "gender": "FEMALE",
  "total_activity_duration": "ZERO_TO_THREE_HOURS",
  "age": 100,
  "weight_today": 30,
  "height": 160,
  "category": "advanced"
}
Response:
{
  "success": false,
  "status": 500,
  "data": "Server Error",
  "timeTaken": 274.51490000000194
}
Status code: 500
-------------------------------

[test number] should successfully handle input
Request:
{
  "gender": "FEMALE",
  "total_activity_duration": "SIX_TO_NINE_HOURS",
  "age": 50,
  "weight_today": 70,
  "height": 210,
  "category": "advanced"
}
Response:
{
  "success": false,
  "status": 500,
  "data": "Server Error",
  "timeTaken": 305.7025999999969
}
Status code: 500
-------------------------------

[test number] should successfully handle input
Request:
{
  "gender": "MALE",
  "total_activity_duration": "THREE_TO_SIX_HOURS",
  "age": 25,
  "weight_today": 30,
  "height": 160,
  "category": "intermediate"
}
Response:
{
  "success": false,
  "status": 500,
  "data": "Server Error",
  "timeTaken": 285.4556999999986
}
Status code: 500
-------------------------------

[test number] should successfully handle input
Request:
{
  "gender": "FEMALE",
  "total_activity_duration": "NINE_TO_TWELVE_HOURS",
  "age": 75,
  "weight_today": 150,
  "height": 173,
  "category": "intermediate"
}
Response:
{
  "success": false,
  "status": 500,
  "data": "Server Error",
  "timeTaken": 275.2505000000019
}
Status code: 500
-------------------------------

[test number] should successfully handle input
Request:
{
  "gender": "FEMALE",
  "total_activity_duration": "TWELVE_PLUS_HOURS",
  "age": 50,
  "weight_today": 200,
  "height": 173,
  "category": "advanced"
}
Response:
{
  "success": false,
  "status": 500,
  "data": "Server Error",
  "timeTaken": 281.31080000000657
}
Status code: 500
-------------------------------

[test number] should successfully handle input
Request:
{
  "gender": "FEMALE",
  "total_activity_duration": "NINE_TO_TWELVE_HOURS",
  "age": 25,
  "weight_today": 150,
  "height": 160,
  "category": "beginner"
}
Response:
{
  "success": false,
  "status": 500,
  "data": "Server Error",
  "timeTaken": 286.45560000000114
}
Status code: 500
-------------------------------

[test number] should successfully handle input
Request:
{
  "gender": "MALE",
  "total_activity_duration": "THREE_TO_SIX_HOURS",
  "age": 75,
  "weight_today": 30,
  "height": 190,
  "category": "intermediate"
}
Response:
{
  "success": false,
  "status": 500,
  "data": "Server Error",
  "timeTaken": 291.7046999999948
}
Status code: 500
-------------------------------

[test number] should successfully handle input
Request:
{
  "gender": "MALE",
  "total_activity_duration": "TWELVE_PLUS_HOURS",
  "age": 100,
  "weight_today": 200,
  "height": 173,
  "category": "advanced"
}
Response:
{
  "success": false,
  "status": 500,
  "data": "Server Error",
  "timeTaken": 283.5500000000029
}
Status code: 500
-------------------------------

[test number] should successfully handle input
Request:
{
  "gender": "MALE",
  "total_activity_duration": "NINE_TO_TWELVE_HOURS",
  "age": 75,
  "weight_today": 113.9,
  "height": 210,
  "category": "beginner"
}
Response:
{
  "success": false,
  "status": 500,
  "data": "Server Error",
  "timeTaken": 297.27150000000256
}
Status code: 500
-------------------------------

[test number] should successfully handle input
Request:
{
  "gender": "FEMALE",
  "total_activity_duration": "THREE_TO_SIX_HOURS",
  "age": 75,
  "weight_today": 70,
  "height": 160,
  "category": "advanced"
}
Response:
{
  "success": false,
  "status": 500,
  "data": "Server Error",
  "timeTaken": 282.6641000000018
}
Status code: 500
-------------------------------

[test number] should successfully handle input
Request:
{
  "gender": "MALE",
  "total_activity_duration": "SIX_TO_NINE_HOURS",
  "age": 100,
  "weight_today": 113.9,
  "height": 140,
  "category": "beginner"
}
Response:
{
  "success": false,
  "status": 500,
  "data": "Server Error",
  "timeTaken": 293.1970000000001
}
Status code: 500
-------------------------------

[test number] should successfully handle input
Request:
{
  "gender": "MALE",
  "total_activity_duration": "TWELVE_PLUS_HOURS",
  "age": 50,
  "weight_today": 150,
  "height": 190,
  "category": "advanced"
}
Response:
{
  "success": false,
  "status": 500,
  "data": "Server Error",
  "timeTaken": 288.02360000000044
}
Status code: 500
-------------------------------

[test number] should successfully handle input
Request:
{
  "gender": "MALE",
  "total_activity_duration": "ZERO_TO_THREE_HOURS",
  "age": 75,
  "weight_today": 200,
  "height": 210,
  "category": "advanced"
}
Response:
{
  "success": false,
  "status": 500,
  "data": "Server Error",
  "timeTaken": 279.4630000000034
}
Status code: 500
-------------------------------

[test number] should successfully handle input
Request:
{
  "gender": "MALE",
  "total_activity_duration": "SIX_TO_NINE_HOURS",
  "age": 0,
  "weight_today": 70,
  "height": 140,
  "category": "intermediate"
}
Response:
{
  "success": false,
  "status": 500,
  "data": "Server Error",
  "timeTaken": 281.63270000000193
}
Status code: 500
-------------------------------

[test number] should successfully handle input
Request:
{
  "gender": "FEMALE",
  "total_activity_duration": "SIX_TO_NINE_HOURS",
  "age": 100,
  "weight_today": 113.9,
  "height": 210,
  "category": "beginner"
}
Response:
{
  "success": false,
  "status": 500,
  "data": "Server Error",
  "timeTaken": 275.4588999999978
}
Status code: 500
-------------------------------

[test number] should successfully handle input
Request:
{
  "gender": "MALE",
  "total_activity_duration": "TWELVE_PLUS_HOURS",
  "age": 0,
  "weight_today": 150,
  "height": 173,
  "category": "advanced"
}
Response:
{
  "success": false,
  "status": 500,
  "data": "Server Error",
  "timeTaken": 280.8567999999941
}
Status code: 500
-------------------------------

[test number] should successfully handle input
Request:
{
  "gender": "FEMALE",
  "total_activity_duration": "TWELVE_PLUS_HOURS",
  "age": 0,
  "weight_today": 200,
  "height": 140,
  "category": "beginner"
}
Response:
{
  "success": false,
  "status": 500,
  "data": "Server Error",
  "timeTaken": 284.67959999999584
}
Status code: 500
-------------------------------

[test number] should successfully handle input
Request:
{
  "gender": "MALE",
  "total_activity_duration": "SIX_TO_NINE_HOURS",
  "age": 50,
  "weight_today": 70,
  "height": 190,
  "category": "advanced"
}
Response:
{
  "success": false,
  "status": 500,
  "data": "Server Error",
  "timeTaken": 267.6238000000012
}
Status code: 500
-------------------------------

[test number] should successfully handle input
Request:
{
  "gender": "FEMALE",
  "total_activity_duration": "ZERO_TO_THREE_HOURS",
  "age": 25,
  "weight_today": 200,
  "height": 210,
  "category": "advanced"
}
Response:
{
  "success": false,
  "status": 500,
  "data": "Server Error",
  "timeTaken": 265.20470000000205
}
Status code: 500
-------------------------------

[test number] should successfully handle input
Request:
{
  "gender": "FEMALE",
  "total_activity_duration": "SIX_TO_NINE_HOURS",
  "age": 0,
  "weight_today": 70,
  "height": 190,
  "category": "advanced"
}
Response:
{
  "success": false,
  "status": 500,
  "data": "Server Error",
  "timeTaken": 295.86389999999665
}
Status code: 500
-------------------------------

[test number] should successfully handle input
Request:
{
  "gender": "FEMALE",
  "total_activity_duration": "THREE_TO_SIX_HOURS",
  "age": 25,
  "weight_today": 30,
  "height": 210,
  "category": "intermediate"
}
Response:
{
  "success": false,
  "status": 500,
  "data": "Server Error",
  "timeTaken": 288.1090999999942
}
Status code: 500
-------------------------------

[test number] should successfully handle input
Request:
{
  "gender": "MALE",
  "total_activity_duration": "NINE_TO_TWELVE_HOURS",
  "age": 25,
  "weight_today": 113.9,
  "height": 173,
  "category": "advanced"
}
Response:
{
  "success": false,
  "status": 500,
  "data": "Server Error",
  "timeTaken": 295.93760000000475
}
Status code: 500
-------------------------------

[test number] should successfully handle input
Request:
{
  "gender": "MALE",
  "total_activity_duration": "ZERO_TO_THREE_HOURS",
  "age": 25,
  "weight_today": 200,
  "height": 160,
  "category": "intermediate"
}
Response:
{
  "success": false,
  "status": 500,
  "data": "Server Error",
  "timeTaken": 294.59010000000126
}
Status code: 500
-------------------------------

[test number] should successfully handle input
Request:
{
  "gender": "FEMALE",
  "total_activity_duration": "ZERO_TO_THREE_HOURS",
  "age": 100,
  "weight_today": 30,
  "height": 173,
  "category": "beginner"
}
Response:
{
  "success": false,
  "status": 500,
  "data": "Server Error",
  "timeTaken": 283.9008000000031
}
Status code: 500
-------------------------------

[test number] should successfully handle input
Request:
{
  "gender": "FEMALE",
  "total_activity_duration": "SIX_TO_NINE_HOURS",
  "age": 50,
  "weight_today": 113.9,
  "height": 140,
  "category": "beginner"
}
Response:
{
  "success": false,
  "status": 500,
  "data": "Server Error",
  "timeTaken": 292.9089000000022
}
Status code: 500
-------------------------------

[test number] should successfully handle input
Request:
{
  "gender": "MALE",
  "total_activity_duration": "THREE_TO_SIX_HOURS",
  "age": 25,
  "weight_today": 30,
  "height": 160,
  "category": "advanced"
}
Response:
{
  "success": false,
  "status": 500,
  "data": "Server Error",
  "timeTaken": 275.2366000000038
}
Status code: 500
-------------------------------

[test number] should successfully handle input
Request:
{
  "gender": "FEMALE",
  "total_activity_duration": "NINE_TO_TWELVE_HOURS",
  "age": 75,
  "weight_today": 150,
  "height": 173,
  "category": "advanced"
}
Response:
{
  "success": false,
  "status": 500,
  "data": "Server Error",
  "timeTaken": 284.52390000000014
}
Status code: 500
-------------------------------

[test number] should successfully handle input
Request:
{
  "gender": "MALE",
  "total_activity_duration": "THREE_TO_SIX_HOURS",
  "age": 75,
  "weight_today": 30,
  "height": 190,
  "category": "advanced"
}
Response:
{
  "success": false,
  "status": 500,
  "data": "Server Error",
  "timeTaken": 275.3422999999966
}
Status code: 500
-------------------------------

[test number] should successfully handle input
Request:
{
  "gender": "FEMALE",
  "total_activity_duration": "NINE_TO_TWELVE_HOURS",
  "age": 25,
  "weight_today": 150,
  "height": 160,
  "category": "intermediate"
}
Response:
{
  "success": false,
  "status": 500,
  "data": "Server Error",
  "timeTaken": 282.1650000000009
}
Status code: 500
-------------------------------

[test number] should successfully handle input
Request:
{
  "gender": "FEMALE",
  "total_activity_duration": "TWELVE_PLUS_HOURS",
  "age": 50,
  "weight_today": 200,
  "height": 190,
  "category": "beginner"
}
Response:
{
  "success": false,
  "status": 500,
  "data": "Server Error",
  "timeTaken": 292.2982000000047
}
Status code: 500
-------------------------------

[test number] should successfully handle input
Request:
{
  "gender": "MALE",
  "total_activity_duration": "TWELVE_PLUS_HOURS",
  "age": 100,
  "weight_today": 200,
  "height": 190,
  "category": "beginner"
}
Response:
{
  "success": false,
  "status": 500,
  "data": "Server Error",
  "timeTaken": 288.4150000000009
}
Status code: 500
-------------------------------

[test number] should successfully handle input
Request:
{
  "gender": "MALE",
  "total_activity_duration": "NINE_TO_TWELVE_HOURS",
  "age": 75,
  "weight_today": 113.9,
  "height": 210,
  "category": "intermediate"
}
Response:
{
  "success": false,
  "status": 500,
  "data": "Server Error",
  "timeTaken": 293.1192999999985
}
Status code: 500
-------------------------------

[test number] should successfully handle input
Request:
{
  "gender": "FEMALE",
  "total_activity_duration": "THREE_TO_SIX_HOURS",
  "age": 75,
  "weight_today": 70,
  "height": 173,
  "category": "beginner"
}
Response:
{
  "success": false,
  "status": 500,
  "data": "Server Error",
  "timeTaken": 275.47060000000056
}
Status code: 500
-------------------------------

[test number] should successfully handle input
Request:
{
  "gender": "MALE",
  "total_activity_duration": "SIX_TO_NINE_HOURS",
  "age": 100,
  "weight_today": 113.9,
  "height": 140,
  "category": "intermediate"
}
Response:
{
  "success": false,
  "status": 500,
  "data": "Server Error",
  "timeTaken": 277.87450000000536
}
Status code: 500
-------------------------------

[test number] should successfully handle input
Request:
{
  "gender": "MALE",
  "total_activity_duration": "TWELVE_PLUS_HOURS",
  "age": 50,
  "weight_today": 150,
  "height": 210,
  "category": "beginner"
}
Response:
{
  "success": false,
  "status": 500,
  "data": "Server Error",
  "timeTaken": 286.20840000000317
}
Status code: 500
-------------------------------

[test number] should successfully handle input
Request:
{
  "gender": "MALE",
  "total_activity_duration": "ZERO_TO_THREE_HOURS",
  "age": 100,
  "weight_today": 30,
  "height": 140,
  "category": "beginner"
}
Response:
{
  "success": false,
  "status": 500,
  "data": "Server Error",
  "timeTaken": 283.40869999999995
}
Status code: 500
-------------------------------

[test number] should successfully handle input
Request:
{
  "gender": "FEMALE",
  "total_activity_duration": "SIX_TO_NINE_HOURS",
  "age": 100,
  "weight_today": 113.9,
  "height": 210,
  "category": "intermediate"
}
Response:
{
  "success": false,
  "status": 500,
  "data": "Server Error",
  "timeTaken": 283.9383999999991
}
Status code: 500
-------------------------------

[test number] should successfully handle input
Request:
{
  "gender": "MALE",
  "total_activity_duration": "SIX_TO_NINE_HOURS",
  "age": 0,
  "weight_today": 70,
  "height": 140,
  "category": "advanced"
}
Response:
{
  "success": false,
  "status": 500,
  "data": "Server Error",
  "timeTaken": 290.6851999999999
}
Status code: 500
-------------------------------

[test number] should successfully handle input
Request:
{
  "gender": "MALE",
  "total_activity_duration": "TWELVE_PLUS_HOURS",
  "age": 0,
  "weight_today": 150,
  "height": 190,
  "category": "beginner"
}
Response:
{
  "success": false,
  "status": 500,
  "data": "Server Error",
  "timeTaken": 290.2358000000022
}
Status code: 500
-------------------------------

[test number] should successfully handle input
Request:
{
  "gender": "FEMALE",
  "total_activity_duration": "TWELVE_PLUS_HOURS",
  "age": 0,
  "weight_today": 200,
  "height": 140,
  "category": "intermediate"
}
Response:
{
  "success": false,
  "status": 500,
  "data": "Server Error",
  "timeTaken": 287.36189999999624
}
Status code: 500
-------------------------------

[test number] should successfully handle input
Request:
{
  "gender": "MALE",
  "total_activity_duration": "SIX_TO_NINE_HOURS",
  "age": 50,
  "weight_today": 70,
  "height": 210,
  "category": "beginner"
}
Response:
{
  "success": false,
  "status": 500,
  "data": "Server Error",
  "timeTaken": 285.39770000000135
}
Status code: 500
-------------------------------

[test number] should successfully handle input
Request:
{
  "gender": "FEMALE",
  "total_activity_duration": "ZERO_TO_THREE_HOURS",
  "age": 50,
  "weight_today": 30,
  "height": 140,
  "category": "beginner"
}
Response:
{
  "success": false,
  "status": 500,
  "data": "Server Error",
  "timeTaken": 285.77160000000003
}
Status code: 500
-------------------------------

[test number] should successfully handle input
Request:
{
  "gender": "FEMALE",
  "total_activity_duration": "SIX_TO_NINE_HOURS",
  "age": 0,
  "weight_today": 70,
  "height": 210,
  "category": "beginner"
}
Response:
{
  "success": false,
  "status": 500,
  "data": "Server Error",
  "timeTaken": 283.9064999999973
}
Status code: 500
-------------------------------

[test number] should successfully handle input
Request:
{
  "gender": "FEMALE",
  "total_activity_duration": "THREE_TO_SIX_HOURS",
  "age": 25,
  "weight_today": 30,
  "height": 210,
  "category": "advanced"
}
Response:
{
  "success": false,
  "status": 500,
  "data": "Server Error",
  "timeTaken": 295.5781999999963
}
Status code: 500
-------------------------------

[test number] should successfully handle input
Request:
{
  "gender": "MALE",
  "total_activity_duration": "NINE_TO_TWELVE_HOURS",
  "age": 25,
  "weight_today": 113.9,
  "height": 190,
  "category": "beginner"
}
Response:
{
  "success": false,
  "status": 500,
  "data": "Server Error",
  "timeTaken": 276.29030000000057
}
Status code: 500
-------------------------------

[test number] should successfully handle input
Request:
{
  "gender": "MALE",
  "total_activity_duration": "ZERO_TO_THREE_HOURS",
  "age": 25,
  "weight_today": 200,
  "height": 160,
  "category": "advanced"
}
Response:
{
  "success": false,
  "status": 500,
  "data": "Server Error",
  "timeTaken": 278.1573999999964
}
Status code: 500
-------------------------------

[test number] should successfully handle input
Request:
{
  "gender": "FEMALE",
  "total_activity_duration": "ZERO_TO_THREE_HOURS",
  "age": 100,
  "weight_today": 30,
  "height": 173,
  "category": "intermediate"
}
Response:
{
  "success": false,
  "status": 500,
  "data": "Server Error",
  "timeTaken": 277.76660000000265
}
Status code: 500
-------------------------------

[test number] should successfully handle input
Request:
{
  "gender": "MALE",
  "total_activity_duration": "THREE_TO_SIX_HOURS",
  "age": 25,
  "weight_today": 30,
  "height": 173,
  "category": "beginner"
}
Response:
{
  "success": false,
  "status": 500,
  "data": "Server Error",
  "timeTaken": 269.6003999999957
}
Status code: 500
-------------------------------

[test number] should successfully handle input
Request:
{
  "gender": "FEMALE",
  "total_activity_duration": "SIX_TO_NINE_HOURS",
  "age": 50,
  "weight_today": 113.9,
  "height": 140,
  "category": "intermediate"
}
Response:
{
  "success": false,
  "status": 500,
  "data": "Server Error",
  "timeTaken": 286.7974000000031
}
Status code: 500
-------------------------------

[test number] should successfully handle input
Request:
{
  "gender": "FEMALE",
  "total_activity_duration": "NINE_TO_TWELVE_HOURS",
  "age": 25,
  "weight_today": 150,
  "height": 160,
  "category": "advanced"
}
Response:
{
  "success": false,
  "status": 500,
  "data": "Server Error",
  "timeTaken": 278.7189999999973
}
Status code: 500
-------------------------------

[test number] should successfully handle input
Request:
{
  "gender": "FEMALE",
  "total_activity_duration": "NINE_TO_TWELVE_HOURS",
  "age": 75,
  "weight_today": 150,
  "height": 190,
  "category": "beginner"
}
Response:
{
  "success": false,
  "status": 500,
  "data": "Server Error",
  "timeTaken": 285.52359999999317
}
Status code: 500
-------------------------------

[test number] should successfully handle input
Request:
{
  "gender": "MALE",
  "total_activity_duration": "THREE_TO_SIX_HOURS",
  "age": 75,
  "weight_today": 30,
  "height": 210,
  "category": "beginner"
}
Response:
{
  "success": false,
  "status": 500,
  "data": "Server Error",
  "timeTaken": 284.9569999999949
}
Status code: 500
-------------------------------

[test number] should successfully handle input
Request:
{
  "gender": "FEMALE",
  "total_activity_duration": "TWELVE_PLUS_HOURS",
  "age": 50,
  "weight_today": 200,
  "height": 190,
  "category": "intermediate"
}
Response:
{
  "success": false,
  "status": 500,
  "data": "Server Error",
  "timeTaken": 282.4921000000031
}
Status code: 500
-------------------------------

[test number] should successfully handle input
Request:
{
  "gender": "MALE",
  "total_activity_duration": "TWELVE_PLUS_HOURS",
  "age": 100,
  "weight_today": 200,
  "height": 190,
  "category": "intermediate"
}
Response:
{
  "success": false,
  "status": 500,
  "data": "Server Error",
  "timeTaken": 271.14429999999993
}
Status code: 500
-------------------------------

[test number] should successfully handle input
Request:
{
  "gender": "FEMALE",
  "total_activity_duration": "THREE_TO_SIX_HOURS",
  "age": 75,
  "weight_today": 70,
  "height": 173,
  "category": "intermediate"
}
Response:
{
  "success": false,
  "status": 500,
  "data": "Server Error",
  "timeTaken": 287.15520000000106
}
Status code: 500
-------------------------------

[test number] should successfully handle input
Request:
{
  "gender": "MALE",
  "total_activity_duration": "NINE_TO_TWELVE_HOURS",
  "age": 75,
  "weight_today": 113.9,
  "height": 210,
  "category": "advanced"
}
Response:
{
  "success": false,
  "status": 500,
  "data": "Server Error",
  "timeTaken": 295.50079999999434
}
Status code: 500
-------------------------------

[test number] should successfully handle input
Request:
{
  "gender": "MALE",
  "total_activity_duration": "SIX_TO_NINE_HOURS",
  "age": 100,
  "weight_today": 113.9,
  "height": 140,
  "category": "advanced"
}
Response:
{
  "success": false,
  "status": 500,
  "data": "Server Error",
  "timeTaken": 292.8024000000005
}
Status code: 500
-------------------------------

[test number] should successfully handle input
Request:
{
  "gender": "MALE",
  "total_activity_duration": "TWELVE_PLUS_HOURS",
  "age": 50,
  "weight_today": 150,
  "height": 210,
  "category": "intermediate"
}
Response:
{
  "success": false,
  "status": 500,
  "data": "Server Error",
  "timeTaken": 283.81670000000304
}
Status code: 500
-------------------------------

[test number] should successfully handle input
Request:
{
  "gender": "MALE",
  "total_activity_duration": "ZERO_TO_THREE_HOURS",
  "age": 100,
  "weight_today": 30,
  "height": 140,
  "category": "intermediate"
}
Response:
{
  "success": false,
  "status": 500,
  "data": "Server Error",
  "timeTaken": 275.7159000000029
}
Status code: 500
-------------------------------

[test number] should successfully handle input
Request:
{
  "gender": "FEMALE",
  "total_activity_duration": "SIX_TO_NINE_HOURS",
  "age": 100,
  "weight_today": 113.9,
  "height": 210,
  "category": "advanced"
}
Response:
{
  "success": false,
  "status": 500,
  "data": "Server Error",
  "timeTaken": 289.21429999999964
}
Status code: 500
-------------------------------

[test number] should successfully handle input
Request:
{
  "gender": "MALE",
  "total_activity_duration": "SIX_TO_NINE_HOURS",
  "age": 0,
  "weight_today": 70,
  "height": 160,
  "category": "beginner"
}
Response:
{
  "success": false,
  "status": 500,
  "data": "Server Error",
  "timeTaken": 293.24869999999646
}
Status code: 500
-------------------------------

[test number] should successfully handle input
Request:
{
  "gender": "FEMALE",
  "total_activity_duration": "TWELVE_PLUS_HOURS",
  "age": 0,
  "weight_today": 200,
  "height": 140,
  "category": "advanced"
}
Response:
{
  "success": false,
  "status": 500,
  "data": "Server Error",
  "timeTaken": 300.13129999999364
}
Status code: 500
-------------------------------

[test number] should successfully handle input
Request:
{
  "gender": "MALE",
  "total_activity_duration": "TWELVE_PLUS_HOURS",
  "age": 0,
  "weight_today": 150,
  "height": 190,
  "category": "intermediate"
}
Response:
{
  "success": false,
  "status": 500,
  "data": "Server Error",
  "timeTaken": 306.8691999999937
}
Status code: 500
-------------------------------

[test number] should successfully handle input
Request:
{
  "gender": "MALE",
  "total_activity_duration": "SIX_TO_NINE_HOURS",
  "age": 50,
  "weight_today": 70,
  "height": 210,
  "category": "intermediate"
}
Response:
{
  "success": false,
  "status": 500,
  "data": "Server Error",
  "timeTaken": 297.04759999999806
}
Status code: 500
-------------------------------

[test number] should successfully handle input
Request:
{
  "gender": "FEMALE",
  "total_activity_duration": "ZERO_TO_THREE_HOURS",
  "age": 50,
  "weight_today": 30,
  "height": 140,
  "category": "intermediate"
}
Response:
{
  "success": false,
  "status": 500,
  "data": "Server Error",
  "timeTaken": 275.29129999999714
}
Status code: 500
-------------------------------

[test number] should successfully handle input
Request:
{
  "gender": "FEMALE",
  "total_activity_duration": "SIX_TO_NINE_HOURS",
  "age": 0,
  "weight_today": 70,
  "height": 210,
  "category": "intermediate"
}
Response:
{
  "success": false,
  "status": 500,
  "data": "Server Error",
  "timeTaken": 277.31319999999687
}
Status code: 500
-------------------------------

[test number] should successfully handle input
Request:
{
  "gender": "FEMALE",
  "total_activity_duration": "ZERO_TO_THREE_HOURS",
  "age": 100,
  "weight_today": 30,
  "height": 173,
  "category": "advanced"
}
Response:
{
  "success": false,
  "status": 500,
  "data": "Server Error",
  "timeTaken": 278.24030000000494
}
Status code: 500
-------------------------------

[test number] should successfully handle input
Request:
{
  "gender": "MALE",
  "total_activity_duration": "ZERO_TO_THREE_HOURS",
  "age": 25,
  "weight_today": 200,
  "height": 173,
  "category": "beginner"
}
Response:
{
  "success": false,
  "status": 500,
  "data": "Server Error",
  "timeTaken": 284.9189000000042
}
Status code: 500
-------------------------------

[test number] should successfully handle input
Request:
{
  "gender": "MALE",
  "total_activity_duration": "NINE_TO_TWELVE_HOURS",
  "age": 25,
  "weight_today": 113.9,
  "height": 190,
  "category": "intermediate"
}
Response:
{
  "success": false,
  "status": 500,
  "data": "Server Error",
  "timeTaken": 285.87019999999757
}
Status code: 500
-------------------------------

[test number] should successfully handle input
Request:
{
  "gender": "FEMALE",
  "total_activity_duration": "THREE_TO_SIX_HOURS",
  "age": 25,
  "weight_today": 70,
  "height": 140,
  "category": "beginner"
}
Response:
{
  "success": false,
  "status": 500,
  "data": "Server Error",
  "timeTaken": 297.62779999999475
}
Status code: 500
-------------------------------

[test number] should successfully handle input
Request:
{
  "gender": "FEMALE",
  "total_activity_duration": "SIX_TO_NINE_HOURS",
  "age": 50,
  "weight_today": 113.9,
  "height": 140,
  "category": "advanced"
}
Response:
{
  "success": false,
  "status": 500,
  "data": "Server Error",
  "timeTaken": 289.7664999999979
}
Status code: 500
-------------------------------

[test number] should successfully handle input
Request:
{
  "gender": "MALE",
  "total_activity_duration": "THREE_TO_SIX_HOURS",
  "age": 25,
  "weight_today": 30,
  "height": 173,
  "category": "intermediate"
}
Response:
{
  "success": false,
  "status": 500,
  "data": "Server Error",
  "timeTaken": 292.1038000000044
}
Status code: 500
-------------------------------

[test number] should successfully handle input
Request:
{
  "gender": "FEMALE",
  "total_activity_duration": "NINE_TO_TWELVE_HOURS",
  "age": 75,
  "weight_today": 150,
  "height": 190,
  "category": "intermediate"
}
Response:
{
  "success": false,
  "status": 500,
  "data": "Server Error",
  "timeTaken": 284.77900000000227
}
Status code: 500
-------------------------------

[test number] should successfully handle input
Request:
{
  "gender": "MALE",
  "total_activity_duration": "THREE_TO_SIX_HOURS",
  "age": 75,
  "weight_today": 30,
  "height": 210,
  "category": "intermediate"
}
Response:
{
  "success": false,
  "status": 500,
  "data": "Server Error",
  "timeTaken": 284.79869999999937
}
Status code: 500
-------------------------------

[test number] should successfully handle input
Request:
{
  "gender": "FEMALE",
  "total_activity_duration": "NINE_TO_TWELVE_HOURS",
  "age": 25,
  "weight_today": 150,
  "height": 173,
  "category": "beginner"
}
Response:
{
  "success": false,
  "status": 500,
  "data": "Server Error",
  "timeTaken": 285.7309000000023
}
Status code: 500
-------------------------------

[test number] should successfully handle input
Request:
{
  "gender": "FEMALE",
  "total_activity_duration": "TWELVE_PLUS_HOURS",
  "age": 50,
  "weight_today": 200,
  "height": 190,
  "category": "advanced"
}
Response:
{
  "success": false,
  "status": 500,
  "data": "Server Error",
  "timeTaken": 299.1634000000049
}
Status code: 500
-------------------------------

[test number] should successfully handle input
Request:
{
  "gender": "MALE",
  "total_activity_duration": "TWELVE_PLUS_HOURS",
  "age": 100,
  "weight_today": 200,
  "height": 190,
  "category": "advanced"
}
Response:
{
  "success": false,
  "status": 500,
  "data": "Server Error",
  "timeTaken": 289.8249999999971
}
Status code: 500
-------------------------------

[test number] should successfully handle input
Request:
{
  "gender": "FEMALE",
  "total_activity_duration": "THREE_TO_SIX_HOURS",
  "age": 75,
  "weight_today": 70,
  "height": 173,
  "category": "advanced"
}
Response:
{
  "success": false,
  "status": 500,
  "data": "Server Error",
  "timeTaken": 278.752999999997
}
Status code: 500
-------------------------------

[test number] should successfully handle input
Request:
{
  "gender": "MALE",
  "total_activity_duration": "ZERO_TO_THREE_HOURS",
  "age": 100,
  "weight_today": 30,
  "height": 140,
  "category": "advanced"
}
Response:
{
  "success": false,
  "status": 500,
  "data": "Server Error",
  "timeTaken": 272.3336999999956
}
Status code: 500
-------------------------------

[test number] should successfully handle input
Request:
{
  "gender": "MALE",
  "total_activity_duration": "SIX_TO_NINE_HOURS",
  "age": 100,
  "weight_today": 113.9,
  "height": 160,
  "category": "beginner"
}
Response:
{
  "success": false,
  "status": 500,
  "data": "Server Error",
  "timeTaken": 292.9030999999959
}
Status code: 500
-------------------------------

[test number] should successfully handle input
Request:
{
  "gender": "FEMALE",
  "total_activity_duration": "SIX_TO_NINE_HOURS",
  "age": 100,
  "weight_today": 150,
  "height": 140,
  "category": "beginner"
}
Response:
{
  "success": false,
  "status": 500,
  "data": "Server Error",
  "timeTaken": 278.01580000000104
}
Status code: 500
-------------------------------

[test number] should successfully handle input
Request:
{
  "gender": "MALE",
  "total_activity_duration": "TWELVE_PLUS_HOURS",
  "age": 50,
  "weight_today": 150,
  "height": 210,
  "category": "advanced"
}
Response:
{
  "success": false,
  "status": 500,
  "data": "Server Error",
  "timeTaken": 311.6860000000015
}
Status code: 500
-------------------------------

[test number] should successfully handle input
Request:
{
  "gender": "MALE",
  "total_activity_duration": "NINE_TO_TWELVE_HOURS",
  "age": 75,
  "weight_today": 150,
  "height": 140,
  "category": "beginner"
}
Response:
{
  "success": false,
  "status": 500,
  "data": "Server Error",
  "timeTaken": 328.9218000000037
}
Status code: 500
-------------------------------

[test number] should successfully handle input
Request:
{
  "gender": "MALE",
  "total_activity_duration": "TWELVE_PLUS_HOURS",
  "age": 0,
  "weight_today": 150,
  "height": 190,
  "category": "advanced"
}
Response:
{
  "success": false,
  "status": 500,
  "data": "Server Error",
  "timeTaken": 272.4881000000023
}
Status code: 500
-------------------------------

[test number] should successfully handle input
Request:
{
  "gender": "MALE",
  "total_activity_duration": "SIX_TO_NINE_HOURS",
  "age": 0,
  "weight_today": 70,
  "height": 160,
  "category": "intermediate"
}
Response:
{
  "success": false,
  "status": 500,
  "data": "Server Error",
  "timeTaken": 295.9444000000003
}
Status code: 500
-------------------------------

[test number] should successfully handle input
Request:
{
  "gender": "FEMALE",
  "total_activity_duration": "TWELVE_PLUS_HOURS",
  "age": 0,
  "weight_today": 200,
  "height": 160,
  "category": "beginner"
}
Response:
{
  "success": false,
  "status": 500,
  "data": "Server Error",
  "timeTaken": 286.1670000000013
}
Status code: 500
-------------------------------

[test number] should successfully handle input
Request:
{
  "gender": "MALE",
  "total_activity_duration": "SIX_TO_NINE_HOURS",
  "age": 50,
  "weight_today": 70,
  "height": 210,
  "category": "advanced"
}
Response:
{
  "success": false,
  "status": 500,
  "data": "Server Error",
  "timeTaken": 287.91619999999966
}
Status code: 500
-------------------------------

[test number] should successfully handle input
Request:
{
  "gender": "FEMALE",
  "total_activity_duration": "SIX_TO_NINE_HOURS",
  "age": 0,
  "weight_today": 70,
  "height": 210,
  "category": "advanced"
}
Response:
{
  "success": false,
  "status": 500,
  "data": "Server Error",
  "timeTaken": 282.3403000000035
}
Status code: 500
-------------------------------

[test number] should successfully handle input
Request:
{
  "gender": "FEMALE",
  "total_activity_duration": "ZERO_TO_THREE_HOURS",
  "age": 50,
  "weight_today": 30,
  "height": 140,
  "category": "advanced"
}
Response:
{
  "success": false,
  "status": 500,
  "data": "Server Error",
  "timeTaken": 288.59599999999773
}
Status code: 500
-------------------------------

[test number] should successfully handle input
Request:
{
  "gender": "MALE",
  "total_activity_duration": "ZERO_TO_THREE_HOURS",
  "age": 25,
  "weight_today": 200,
  "height": 173,
  "category": "intermediate"
}
Response:
{
  "success": false,
  "status": 500,
  "data": "Server Error",
  "timeTaken": 275.9262000000017
}
Status code: 500
-------------------------------

[test number] should successfully handle input
Request:
{
  "gender": "MALE",
  "total_activity_duration": "NINE_TO_TWELVE_HOURS",
  "age": 25,
  "weight_today": 113.9,
  "height": 190,
  "category": "advanced"
}
Response:
{
  "success": false,
  "status": 500,
  "data": "Server Error",
  "timeTaken": 281.1128000000026
}
Status code: 500
-------------------------------

[test number] should successfully handle input
Request:
{
  "gender": "FEMALE",
  "total_activity_duration": "ZERO_TO_THREE_HOURS",
  "age": 100,
  "weight_today": 30,
  "height": 190,
  "category": "beginner"
}
Response:
{
  "success": false,
  "status": 500,
  "data": "Server Error",
  "timeTaken": 289.4919000000009
}
Status code: 500
-------------------------------

[test number] should successfully handle input
Request:
{
  "gender": "FEMALE",
  "total_activity_duration": "THREE_TO_SIX_HOURS",
  "age": 25,
  "weight_today": 70,
  "height": 140,
  "category": "intermediate"
}
Response:
{
  "success": false,
  "status": 500,
  "data": "Server Error",
  "timeTaken": 310.5052999999971
}
Status code: 500
-------------------------------

[test number] should successfully handle input
Request:
{
  "gender": "MALE",
  "total_activity_duration": "THREE_TO_SIX_HOURS",
  "age": 25,
  "weight_today": 30,
  "height": 173,
  "category": "advanced"
}
Response:
{
  "success": false,
  "status": 500,
  "data": "Server Error",
  "timeTaken": 273.9199000000008
}
Status code: 500
-------------------------------

[test number] should successfully handle input
Request:
{
  "gender": "FEMALE",
  "total_activity_duration": "SIX_TO_NINE_HOURS",
  "age": 50,
  "weight_today": 113.9,
  "height": 160,
  "category": "beginner"
}
Response:
{
  "success": false,
  "status": 500,
  "data": "Server Error",
  "timeTaken": 281.7905000000028
}
Status code: 500
-------------------------------

[test number] should successfully handle input
Request:
{
  "gender": "FEMALE",
  "total_activity_duration": "NINE_TO_TWELVE_HOURS",
  "age": 75,
  "weight_today": 150,
  "height": 190,
  "category": "advanced"
}
Response:
{
  "success": false,
  "status": 500,
  "data": "Server Error",
  "timeTaken": 274.05019999999786
}
Status code: 500
-------------------------------

[test number] should successfully handle input
Request:
{
  "gender": "MALE",
  "total_activity_duration": "THREE_TO_SIX_HOURS",
  "age": 75,
  "weight_today": 30,
  "height": 210,
  "category": "advanced"
}
Response:
{
  "success": false,
  "status": 500,
  "data": "Server Error",
  "timeTaken": 281.0845000000045
}
Status code: 500
-------------------------------

[test number] should successfully handle input
Request:
{
  "gender": "FEMALE",
  "total_activity_duration": "NINE_TO_TWELVE_HOURS",
  "age": 25,
  "weight_today": 150,
  "height": 173,
  "category": "intermediate"
}
Response:
{
  "success": false,
  "status": 500,
  "data": "Server Error",
  "timeTaken": 284.4959999999992
}
Status code: 500
-------------------------------

[test number] should successfully handle input
Request:
{
  "gender": "FEMALE",
  "total_activity_duration": "TWELVE_PLUS_HOURS",
  "age": 50,
  "weight_today": 200,
  "height": 210,
  "category": "beginner"
}
Response:
{
  "success": false,
  "status": 500,
  "data": "Server Error",
  "timeTaken": 276.07449999999517
}
Status code: 500
-------------------------------

[test number] should successfully handle input
Request:
{
  "gender": "MALE",
  "total_activity_duration": "TWELVE_PLUS_HOURS",
  "age": 100,
  "weight_today": 200,
  "height": 210,
  "category": "beginner"
}
Response:
{
  "success": false,
  "status": 500,
  "data": "Server Error",
  "timeTaken": 274.5420000000013
}
Status code: 500
-------------------------------

[test number] should successfully handle input
Request:
{
  "gender": "FEMALE",
  "total_activity_duration": "THREE_TO_SIX_HOURS",
  "age": 75,
  "weight_today": 70,
  "height": 190,
  "category": "beginner"
}
Response:
{
  "success": false,
  "status": 500,
  "data": "Server Error",
  "timeTaken": 270.445000000007
}
Status code: 500
-------------------------------

[test number] should successfully handle input
Request:
{
  "gender": "MALE",
  "total_activity_duration": "ZERO_TO_THREE_HOURS",
  "age": 100,
  "weight_today": 30,
  "height": 160,
  "category": "beginner"
}
Response:
{
  "success": false,
  "status": 500,
  "data": "Server Error",
  "timeTaken": 273.49750000000495
}
Status code: 500
-------------------------------

[test number] should successfully handle input
Request:
{
  "gender": "MALE",
  "total_activity_duration": "SIX_TO_NINE_HOURS",
  "age": 100,
  "weight_today": 113.9,
  "height": 160,
  "category": "intermediate"
}
Response:
{
  "success": false,
  "status": 500,
  "data": "Server Error",
  "timeTaken": 281.64220000000205
}
Status code: 500
-------------------------------

[test number] should successfully handle input
Request:
{
  "gender": "FEMALE",
  "total_activity_duration": "SIX_TO_NINE_HOURS",
  "age": 100,
  "weight_today": 150,
  "height": 140,
  "category": "intermediate"
}
Response:
{
  "success": false,
  "status": 500,
  "data": "Server Error",
  "timeTaken": 282.73539999999775
}
Status code: 500
-------------------------------

[test number] should successfully handle input
Request:
{
  "gender": "MALE",
  "total_activity_duration": "NINE_TO_TWELVE_HOURS",
  "age": 75,
  "weight_today": 150,
  "height": 140,
  "category": "intermediate"
}
Response:
{
  "success": false,
  "status": 500,
  "data": "Server Error",
  "timeTaken": 280.5573000000004
}
Status code: 500
-------------------------------

[test number] should successfully handle input
Request:
{
  "gender": "MALE",
  "total_activity_duration": "TWELVE_PLUS_HOURS",
  "age": 50,
  "weight_today": 200,
  "height": 140,
  "category": "beginner"
}
Response:
{
  "success": false,
  "status": 500,
  "data": "Server Error",
  "timeTaken": 302.7743999999948
}
Status code: 500
-------------------------------

[test number] should successfully handle input
Request:
{
  "gender": "FEMALE",
  "total_activity_duration": "TWELVE_PLUS_HOURS",
  "age": 0,
  "weight_today": 200,
  "height": 160,
  "category": "intermediate"
}
Response:
{
  "success": false,
  "status": 500,
  "data": "Server Error",
  "timeTaken": 284.16070000000036
}
Status code: 500
-------------------------------

[test number] should successfully handle input
Request:
{
  "gender": "MALE",
  "total_activity_duration": "SIX_TO_NINE_HOURS",
  "age": 50,
  "weight_today": 113.9,
  "height": 140,
  "category": "beginner"
}
Response:
{
  "success": false,
  "status": 500,
  "data": "Server Error",
  "timeTaken": 274.1376999999993
}
Status code: 500
-------------------------------

[test number] should successfully handle input
Request:
{
  "gender": "FEMALE",
  "total_activity_duration": "SIX_TO_NINE_HOURS",
  "age": 0,
  "weight_today": 113.9,
  "height": 140,
  "category": "beginner"
}
Response:
{
  "success": false,
  "status": 500,
  "data": "Server Error",
  "timeTaken": 276.00419999999576
}
Status code: 500
-------------------------------

[test number] should successfully handle input
Request:
{
  "gender": "MALE",
  "total_activity_duration": "SIX_TO_NINE_HOURS",
  "age": 0,
  "weight_today": 70,
  "height": 160,
  "category": "advanced"
}
Response:
{
  "success": false,
  "status": 500,
  "data": "Server Error",
  "timeTaken": 309.50530000000435
}
Status code: 500
-------------------------------

[test number] should successfully handle input
Request:
{
  "gender": "FEMALE",
  "total_activity_duration": "ZERO_TO_THREE_HOURS",
  "age": 50,
  "weight_today": 30,
  "height": 160,
  "category": "beginner"
}
Response:
{
  "success": false,
  "status": 500,
  "data": "Server Error",
  "timeTaken": 286.96680000000197
}
Status code: 500
-------------------------------

[test number] should successfully handle input
Request:
{
  "gender": "MALE",
  "total_activity_duration": "NINE_TO_TWELVE_HOURS",
  "age": 25,
  "weight_today": 113.9,
  "height": 210,
  "category": "beginner"
}
Response:
{
  "success": false,
  "status": 500,
  "data": "Server Error",
  "timeTaken": 284.07799999999406
}
Status code: 500
-------------------------------

[test number] should successfully handle input
Request:
{
  "gender": "FEMALE",
  "total_activity_duration": "ZERO_TO_THREE_HOURS",
  "age": 100,
  "weight_today": 30,
  "height": 190,
  "category": "intermediate"
}
Response:
{
  "success": false,
  "status": 500,
  "data": "Server Error",
  "timeTaken": 301.1041999999943
}
Status code: 500
-------------------------------

[test number] should successfully handle input
Request:
{
  "gender": "MALE",
  "total_activity_duration": "ZERO_TO_THREE_HOURS",
  "age": 25,
  "weight_today": 200,
  "height": 173,
  "category": "advanced"
}
Response:
{
  "success": false,
  "status": 500,
  "data": "Server Error",
  "timeTaken": 315.07280000000173
}
Status code: 500
-------------------------------

[test number] should successfully handle input
Request:
{
  "gender": "MALE",
  "total_activity_duration": "TWELVE_PLUS_HOURS",
  "age": 0,
  "weight_today": 150,
  "height": 210,
  "category": "beginner"
}
Response:
{
  "success": false,
  "status": 500,
  "data": "Server Error",
  "timeTaken": 402.08729999999923
}
Status code: 500
-------------------------------

[test number] should successfully handle input
Request:
{
  "gender": "FEMALE",
  "total_activity_duration": "THREE_TO_SIX_HOURS",
  "age": 25,
  "weight_today": 70,
  "height": 140,
  "category": "advanced"
}
Response:
{
  "success": false,
  "status": 500,
  "data": "Server Error",
  "timeTaken": 285.6538999999975
}
Status code: 500
-------------------------------

[test number] should successfully handle input
Request:
{
  "gender": "FEMALE",
  "total_activity_duration": "SIX_TO_NINE_HOURS",
  "age": 50,
  "weight_today": 113.9,
  "height": 160,
  "category": "intermediate"
}
Response:
{
  "success": false,
  "status": 500,
  "data": "Server Error",
  "timeTaken": 279.5188999999955
}
Status code: 500
-------------------------------

[test number] should successfully handle input
Request:
{
  "gender": "MALE",
  "total_activity_duration": "THREE_TO_SIX_HOURS",
  "age": 25,
  "weight_today": 30,
  "height": 190,
  "category": "beginner"
}
Response:
{
  "success": false,
  "status": 500,
  "data": "Server Error",
  "timeTaken": 290.02730000000156
}
Status code: 500
-------------------------------

[test number] should successfully handle input
Request:
{
  "gender": "MALE",
  "total_activity_duration": "THREE_TO_SIX_HOURS",
  "age": 75,
  "weight_today": 70,
  "height": 140,
  "category": "beginner"
}
Response:
{
  "success": false,
  "status": 500,
  "data": "Server Error",
  "timeTaken": 266.6391999999978
}
Status code: 500
-------------------------------

[test number] should successfully handle input
Request:
{
  "gender": "FEMALE",
  "total_activity_duration": "NINE_TO_TWELVE_HOURS",
  "age": 75,
  "weight_today": 150,
  "height": 210,
  "category": "beginner"
}
Response:
{
  "success": false,
  "status": 500,
  "data": "Server Error",
  "timeTaken": 278.83179999999993
}
Status code: 500
-------------------------------

[test number] should successfully handle input
Request:
{
  "gender": "MALE",
  "total_activity_duration": "TWELVE_PLUS_HOURS",
  "age": 100,
  "weight_today": 200,
  "height": 210,
  "category": "intermediate"
}
Response:
{
  "success": false,
  "status": 500,
  "data": "Server Error",
  "timeTaken": 270.4521999999997
}
Status code: 500
-------------------------------

[test number] should successfully handle input
Request:
{
  "gender": "FEMALE",
  "total_activity_duration": "NINE_TO_TWELVE_HOURS",
  "age": 25,
  "weight_today": 150,
  "height": 173,
  "category": "advanced"
}
Response:
{
  "success": false,
  "status": 500,
  "data": "Server Error",
  "timeTaken": 289.2205000000031
}
Status code: 500
-------------------------------

[test number] should successfully handle input
Request:
{
  "gender": "FEMALE",
  "total_activity_duration": "TWELVE_PLUS_HOURS",
  "age": 50,
  "weight_today": 200,
  "height": 210,
  "category": "intermediate"
}
Response:
{
  "success": false,
  "status": 500,
  "data": "Server Error",
  "timeTaken": 279.7639000000054
}
Status code: 500
-------------------------------

[test number] should successfully handle input
Request:
{
  "gender": "MALE",
  "total_activity_duration": "ZERO_TO_THREE_HOURS",
  "age": 100,
  "weight_today": 30,
  "height": 160,
  "category": "intermediate"
}
Response:
{
  "success": false,
  "status": 500,
  "data": "Server Error",
  "timeTaken": 267.1209999999992
}
Status code: 500
-------------------------------

[test number] should successfully handle input
Request:
{
  "gender": "FEMALE",
  "total_activity_duration": "THREE_TO_SIX_HOURS",
  "age": 75,
  "weight_today": 70,
  "height": 190,
  "category": "intermediate"
}
Response:
{
  "success": false,
  "status": 500,
  "data": "Server Error",
  "timeTaken": 281.0995000000039
}
Status code: 500
-------------------------------

[test number] should successfully handle input
Request:
{
  "gender": "FEMALE",
  "total_activity_duration": "SIX_TO_NINE_HOURS",
  "age": 100,
  "weight_today": 150,
  "height": 140,
  "category": "advanced"
}
Response:
{
  "success": false,
  "status": 500,
  "data": "Server Error",
  "timeTaken": 266.53579999999783
}
Status code: 500
-------------------------------

[test number] should successfully handle input
Request:
{
  "gender": "MALE",
  "total_activity_duration": "SIX_TO_NINE_HOURS",
  "age": 100,
  "weight_today": 113.9,
  "height": 160,
  "category": "advanced"
}
Response:
{
  "success": false,
  "status": 500,
  "data": "Server Error",
  "timeTaken": 277.0907999999981
}
Status code: 500
-------------------------------

[test number] should successfully handle input
Request:
{
  "gender": "MALE",
  "total_activity_duration": "NINE_TO_TWELVE_HOURS",
  "age": 75,
  "weight_today": 150,
  "height": 140,
  "category": "advanced"
}
Response:
{
  "success": false,
  "status": 500,
  "data": "Server Error",
  "timeTaken": 279.9406000000017
}
Status code: 500
-------------------------------

[test number] should successfully handle input
Request:
{
  "gender": "FEMALE",
  "total_activity_duration": "TWELVE_PLUS_HOURS",
  "age": 0,
  "weight_today": 200,
  "height": 160,
  "category": "advanced"
}
Response:
{
  "success": false,
  "status": 500,
  "data": "Server Error",
  "timeTaken": 268.91079999999783
}
Status code: 500
-------------------------------

[test number] should successfully handle input
Request:
{
  "gender": "FEMALE",
  "total_activity_duration": "SIX_TO_NINE_HOURS",
  "age": 0,
  "weight_today": 113.9,
  "height": 140,
  "category": "intermediate"
}
Response:
{
  "success": false,
  "status": 500,
  "data": "Server Error",
  "timeTaken": 274.07800000000134
}
Status code: 500
-------------------------------

[test number] should successfully handle input
Request:
{
  "gender": "MALE",
  "total_activity_duration": "TWELVE_PLUS_HOURS",
  "age": 50,
  "weight_today": 200,
  "height": 140,
  "category": "intermediate"
}
Response:
{
  "success": false,
  "status": 500,
  "data": "Server Error",
  "timeTaken": 285.9495999999999
}
Status code: 500
-------------------------------

[test number] should successfully handle input
Request:
{
  "gender": "MALE",
  "total_activity_duration": "SIX_TO_NINE_HOURS",
  "age": 50,
  "weight_today": 113.9,
  "height": 140,
  "category": "intermediate"
}
Response:
{
  "success": false,
  "status": 500,
  "data": "Server Error",
  "timeTaken": 285.88610000000335
}
Status code: 500
-------------------------------

[test number] should successfully handle input
Request:
{
  "gender": "MALE",
  "total_activity_duration": "SIX_TO_NINE_HOURS",
  "age": 0,
  "weight_today": 70,
  "height": 173,
  "category": "beginner"
}
Response:
{
  "success": false,
  "status": 500,
  "data": "Server Error",
  "timeTaken": 289.52070000000094
}
Status code: 500
-------------------------------

[test number] should successfully handle input
Request:
{
  "gender": "FEMALE",
  "total_activity_duration": "ZERO_TO_THREE_HOURS",
  "age": 50,
  "weight_today": 30,
  "height": 160,
  "category": "intermediate"
}
Response:
{
  "success": false,
  "status": 500,
  "data": "Server Error",
  "timeTaken": 281.39979999999923
}
Status code: 500
-------------------------------

[test number] should successfully handle input
Request:
{
  "gender": "MALE",
  "total_activity_duration": "NINE_TO_TWELVE_HOURS",
  "age": 25,
  "weight_today": 113.9,
  "height": 210,
  "category": "intermediate"
}
Response:
{
  "success": false,
  "status": 500,
  "data": "Server Error",
  "timeTaken": 279.76060000000143
}
Status code: 500
-------------------------------

[test number] should successfully handle input
Request:
{
  "gender": "MALE",
  "total_activity_duration": "ZERO_TO_THREE_HOURS",
  "age": 25,
  "weight_today": 200,
  "height": 190,
  "category": "beginner"
}
Response:
{
  "success": false,
  "status": 500,
  "data": "Server Error",
  "timeTaken": 283.8729999999996
}
Status code: 500
-------------------------------

[test number] should successfully handle input
Request:
{
  "gender": "FEMALE",
  "total_activity_duration": "ZERO_TO_THREE_HOURS",
  "age": 100,
  "weight_today": 30,
  "height": 190,
  "category": "advanced"
}
Response:
{
  "success": false,
  "status": 500,
  "data": "Server Error",
  "timeTaken": 290.92840000000433
}
Status code: 500
-------------------------------

[test number] should successfully handle input
Request:
{
  "gender": "MALE",
  "total_activity_duration": "TWELVE_PLUS_HOURS",
  "age": 0,
  "weight_today": 150,
  "height": 210,
  "category": "intermediate"
}
Response:
{
  "success": false,
  "status": 500,
  "data": "Server Error",
  "timeTaken": 281.3773000000001
}
Status code: 500
-------------------------------

[test number] should successfully handle input
Request:
{
  "gender": "FEMALE",
  "total_activity_duration": "THREE_TO_SIX_HOURS",
  "age": 25,
  "weight_today": 70,
  "height": 160,
  "category": "beginner"
}
Response:
{
  "success": false,
  "status": 500,
  "data": "Server Error",
  "timeTaken": 288.8405999999959
}
Status code: 500
-------------------------------

[test number] should successfully handle input
Request:
{
  "gender": "MALE",
  "total_activity_duration": "THREE_TO_SIX_HOURS",
  "age": 25,
  "weight_today": 30,
  "height": 190,
  "category": "intermediate"
}
Response:
{
  "success": false,
  "status": 500,
  "data": "Server Error",
  "timeTaken": 280.84590000000026
}
Status code: 500
-------------------------------

[test number] should successfully handle input
Request:
{
  "gender": "FEMALE",
  "total_activity_duration": "SIX_TO_NINE_HOURS",
  "age": 50,
  "weight_today": 113.9,
  "height": 160,
  "category": "advanced"
}
Response:
{
  "success": false,
  "status": 500,
  "data": "Server Error",
  "timeTaken": 292.1039000000019
}
Status code: 500
-------------------------------

[test number] should successfully handle input
Request:
{
  "gender": "MALE",
  "total_activity_duration": "THREE_TO_SIX_HOURS",
  "age": 75,
  "weight_today": 70,
  "height": 140,
  "category": "intermediate"
}
Response:
{
  "success": false,
  "status": 500,
  "data": "Server Error",
  "timeTaken": 273.2560999999987
}
Status code: 500
-------------------------------

[test number] should successfully handle input
Request:
{
  "gender": "FEMALE",
  "total_activity_duration": "NINE_TO_TWELVE_HOURS",
  "age": 75,
  "weight_today": 150,
  "height": 210,
  "category": "intermediate"
}
Response:
{
  "success": false,
  "status": 500,
  "data": "Server Error",
  "timeTaken": 280.8475000000035
}
Status code: 500
-------------------------------

[test number] should successfully handle input
Request:
{
  "gender": "MALE",
  "total_activity_duration": "TWELVE_PLUS_HOURS",
  "age": 100,
  "weight_today": 200,
  "height": 210,
  "category": "advanced"
}
Response:
{
  "success": false,
  "status": 500,
  "data": "Server Error",
  "timeTaken": 274.2783000000054
}
Status code: 500
-------------------------------

[test number] should successfully handle input
Request:
{
  "gender": "FEMALE",
  "total_activity_duration": "NINE_TO_TWELVE_HOURS",
  "age": 25,
  "weight_today": 150,
  "height": 190,
  "category": "beginner"
}
Response:
{
  "success": false,
  "status": 500,
  "data": "Server Error",
  "timeTaken": 295.2363000000041
}
Status code: 500
-------------------------------

[test number] should successfully handle input
Request:
{
  "gender": "MALE",
  "total_activity_duration": "ZERO_TO_THREE_HOURS",
  "age": 100,
  "weight_today": 30,
  "height": 160,
  "category": "advanced"
}
Response:
{
  "success": false,
  "status": 500,
  "data": "Server Error",
  "timeTaken": 267.677300000003
}
Status code: 500
-------------------------------

[test number] should successfully handle input
Request:
{
  "gender": "FEMALE",
  "total_activity_duration": "THREE_TO_SIX_HOURS",
  "age": 75,
  "weight_today": 70,
  "height": 190,
  "category": "advanced"
}
Response:
{
  "success": false,
  "status": 500,
  "data": "Server Error",
  "timeTaken": 277.3709999999992
}
Status code: 500
-------------------------------

[test number] should successfully handle input
Request:
{
  "gender": "FEMALE",
  "total_activity_duration": "SIX_TO_NINE_HOURS",
  "age": 100,
  "weight_today": 150,
  "height": 160,
  "category": "beginner"
}
Response:
{
  "success": false,
  "status": 500,
  "data": "Server Error",
  "timeTaken": 277.04349999999977
}
Status code: 500
-------------------------------

[test number] should successfully handle input
Request:
{
  "gender": "MALE",
  "total_activity_duration": "SIX_TO_NINE_HOURS",
  "age": 100,
  "weight_today": 113.9,
  "height": 173,
  "category": "beginner"
}
Response:
{
  "success": false,
  "status": 500,
  "data": "Server Error",
  "timeTaken": 297.7505999999994
}
Status code: 500
-------------------------------

[test number] should successfully handle input
Request:
{
  "gender": "MALE",
  "total_activity_duration": "NINE_TO_TWELVE_HOURS",
  "age": 75,
  "weight_today": 150,
  "height": 160,
  "category": "beginner"
}
Response:
{
  "success": false,
  "status": 500,
  "data": "Server Error",
  "timeTaken": 273.72989999999845
}
Status code: 500
-------------------------------

[test number] should successfully handle input
Request:
{
  "gender": "FEMALE",
  "total_activity_duration": "SIX_TO_NINE_HOURS",
  "age": 0,
  "weight_today": 113.9,
  "height": 140,
  "category": "advanced"
}
Response:
{
  "success": false,
  "status": 500,
  "data": "Server Error",
  "timeTaken": 280.9251000000004
}
Status code: 500
-------------------------------

[test number] should successfully handle input
Request:
{
  "gender": "MALE",
  "total_activity_duration": "SIX_TO_NINE_HOURS",
  "age": 50,
  "weight_today": 113.9,
  "height": 140,
  "category": "advanced"
}
Response:
{
  "success": false,
  "status": 500,
  "data": "Server Error",
  "timeTaken": 286.30569999999716
}
Status code: 500
-------------------------------

[test number] should successfully handle input
Request:
{
  "gender": "MALE",
  "total_activity_duration": "TWELVE_PLUS_HOURS",
  "age": 50,
  "weight_today": 200,
  "height": 140,
  "category": "advanced"
}
Response:
{
  "success": false,
  "status": 500,
  "data": "Server Error",
  "timeTaken": 290.0144
}
Status code: 500
-------------------------------

[test number] should successfully handle input
Request:
{
  "gender": "FEMALE",
  "total_activity_duration": "ZERO_TO_THREE_HOURS",
  "age": 50,
  "weight_today": 30,
  "height": 160,
  "category": "advanced"
}
Response:
{
  "success": false,
  "status": 500,
  "data": "Server Error",
  "timeTaken": 271.21779999999853
}
Status code: 500
-------------------------------

[test number] should successfully handle input
Request:
{
  "gender": "FEMALE",
  "total_activity_duration": "TWELVE_PLUS_HOURS",
  "age": 50,
  "weight_today": 200,
  "height": 210,
  "category": "advanced"
}
Response:
{
  "success": false,
  "status": 500,
  "data": "Server Error",
  "timeTaken": 416.70910000000003
}
Status code: 500
-------------------------------

[test number] should successfully handle input
Request:
{
  "gender": "MALE",
  "total_activity_duration": "SIX_TO_NINE_HOURS",
  "age": 0,
  "weight_today": 70,
  "height": 173,
  "category": "intermediate"
}
Response:
{
  "success": false,
  "status": 500,
  "data": "Server Error",
  "timeTaken": 284.2652999999991
}
Status code: 500
-------------------------------

[test number] should successfully handle input
Request:
{
  "gender": "MALE",
  "total_activity_duration": "NINE_TO_TWELVE_HOURS",
  "age": 25,
  "weight_today": 113.9,
  "height": 210,
  "category": "advanced"
}
Response:
{
  "success": false,
  "status": 500,
  "data": "Server Error",
  "timeTaken": 273.3431000000055
}
Status code: 500
-------------------------------

[test number] should successfully handle input
Request:
{
  "gender": "MALE",
  "total_activity_duration": "ZERO_TO_THREE_HOURS",
  "age": 25,
  "weight_today": 200,
  "height": 190,
  "category": "intermediate"
}
Response:
{
  "success": false,
  "status": 500,
  "data": "Server Error",
  "timeTaken": 275.97550000000047
}
Status code: 500
-------------------------------

[test number] should successfully handle input
Request:
{
  "gender": "MALE",
  "total_activity_duration": "TWELVE_PLUS_HOURS",
  "age": 0,
  "weight_today": 150,
  "height": 210,
  "category": "advanced"
}
Response:
{
  "success": false,
  "status": 500,
  "data": "Server Error",
  "timeTaken": 274.40200000000186
}
Status code: 500
-------------------------------

[test number] should successfully handle input
Request:
{
  "gender": "FEMALE",
  "total_activity_duration": "THREE_TO_SIX_HOURS",
  "age": 25,
  "weight_today": 70,
  "height": 160,
  "category": "intermediate"
}
Response:
{
  "success": false,
  "status": 500,
  "data": "Server Error",
  "timeTaken": 265.1178
}
Status code: 500
-------------------------------

[test number] should successfully handle input
Request:
{
  "gender": "FEMALE",
  "total_activity_duration": "ZERO_TO_THREE_HOURS",
  "age": 100,
  "weight_today": 30,
  "height": 210,
  "category": "beginner"
}
Response:
{
  "success": false,
  "status": 500,
  "data": "Server Error",
  "timeTaken": 288.293399999995
}
Status code: 500
-------------------------------

[test number] should successfully handle input
Request:
{
  "gender": "FEMALE",
  "total_activity_duration": "TWELVE_PLUS_HOURS",
  "age": 0,
  "weight_today": 200,
  "height": 173,
  "category": "beginner"
}
Response:
{
  "success": false,
  "status": 500,
  "data": "Server Error",
  "timeTaken": 402.22839999999997
}
Status code: 500
-------------------------------

[test number] should successfully handle input
Request:
{
  "gender": "MALE",
  "total_activity_duration": "THREE_TO_SIX_HOURS",
  "age": 25,
  "weight_today": 30,
  "height": 190,
  "category": "advanced"
}
Response:
{
  "success": false,
  "status": 500,
  "data": "Server Error",
  "timeTaken": 275.52120000000286
}
Status code: 500
-------------------------------

[test number] should successfully handle input
Request:
{
  "gender": "FEMALE",
  "total_activity_duration": "SIX_TO_NINE_HOURS",
  "age": 50,
  "weight_today": 113.9,
  "height": 173,
  "category": "beginner"
}
Response:
{
  "success": false,
  "status": 500,
  "data": "Server Error",
  "timeTaken": 276.8046999999933
}
Status code: 500
-------------------------------

[test number] should successfully handle input
Request:
{
  "gender": "MALE",
  "total_activity_duration": "THREE_TO_SIX_HOURS",
  "age": 75,
  "weight_today": 70,
  "height": 140,
  "category": "advanced"
}
Response:
{
  "success": false,
  "status": 500,
  "data": "Server Error",
  "timeTaken": 277.22669999999925
}
Status code: 500
-------------------------------

[test number] should successfully handle input
Request:
{
  "gender": "FEMALE",
  "total_activity_duration": "NINE_TO_TWELVE_HOURS",
  "age": 75,
  "weight_today": 150,
  "height": 210,
  "category": "advanced"
}
Response:
{
  "success": false,
  "status": 500,
  "data": "Server Error",
  "timeTaken": 295.51110000000335
}
Status code: 500
-------------------------------

[test number] should successfully handle input
Request:
{
  "gender": "FEMALE",
  "total_activity_duration": "ZERO_TO_THREE_HOURS",
  "age": 0,
  "weight_today": 30,
  "height": 140,
  "category": "beginner"
}
Response:
{
  "success": false,
  "status": 500,
  "data": "Server Error",
  "timeTaken": 277.36729999999807
}
Status code: 500
-------------------------------

[test number] should successfully handle input
Request:
{
  "gender": "FEMALE",
  "total_activity_duration": "NINE_TO_TWELVE_HOURS",
  "age": 25,
  "weight_today": 150,
  "height": 190,
  "category": "intermediate"
}
Response:
{
  "success": false,
  "status": 500,
  "data": "Server Error",
  "timeTaken": 279.5222000000067
}
Status code: 500
-------------------------------

[test number] should successfully handle input
Request:
{
  "gender": "MALE",
  "total_activity_duration": "ZERO_TO_THREE_HOURS",
  "age": 100,
  "weight_today": 30,
  "height": 173,
  "category": "beginner"
}
Response:
{
  "success": false,
  "status": 500,
  "data": "Server Error",
  "timeTaken": 280.10929999999644
}
Status code: 500
-------------------------------

[test number] should successfully handle input
Request:
{
  "gender": "FEMALE",
  "total_activity_duration": "SIX_TO_NINE_HOURS",
  "age": 100,
  "weight_today": 150,
  "height": 160,
  "category": "intermediate"
}
Response:
{
  "success": false,
  "status": 500,
  "data": "Server Error",
  "timeTaken": 272.8943999999974
}
Status code: 500
-------------------------------

[test number] should successfully handle input
Request:
{
  "gender": "MALE",
  "total_activity_duration": "SIX_TO_NINE_HOURS",
  "age": 100,
  "weight_today": 113.9,
  "height": 173,
  "category": "intermediate"
}
Response:
{
  "success": false,
  "status": 500,
  "data": "Server Error",
  "timeTaken": 282.90849999999773
}
Status code: 500
-------------------------------

[test number] should successfully handle input
Request:
{
  "gender": "MALE",
  "total_activity_duration": "NINE_TO_TWELVE_HOURS",
  "age": 75,
  "weight_today": 150,
  "height": 160,
  "category": "intermediate"
}
Response:
{
  "success": false,
  "status": 500,
  "data": "Server Error",
  "timeTaken": 289.08000000000175
}
Status code: 500
-------------------------------

[test number] should successfully handle input
Request:
{
  "gender": "MALE",
  "total_activity_duration": "TWELVE_PLUS_HOURS",
  "age": 50,
  "weight_today": 200,
  "height": 160,
  "category": "beginner"
}
Response:
{
  "success": false,
  "status": 500,
  "data": "Server Error",
  "timeTaken": 278.7694000000047
}
Status code: 500
-------------------------------

[test number] should successfully handle input
Request:
{
  "gender": "MALE",
  "total_activity_duration": "SIX_TO_NINE_HOURS",
  "age": 50,
  "weight_today": 113.9,
  "height": 160,
  "category": "beginner"
}
Response:
{
  "success": false,
  "status": 500,
  "data": "Server Error",
  "timeTaken": 287.56349999999657
}
Status code: 500
-------------------------------

[test number] should successfully handle input
Request:
{
  "gender": "FEMALE",
  "total_activity_duration": "SIX_TO_NINE_HOURS",
  "age": 0,
  "weight_today": 113.9,
  "height": 160,
  "category": "beginner"
}
Response:
{
  "success": false,
  "status": 500,
  "data": "Server Error",
  "timeTaken": 291.8600000000006
}
Status code: 500
-------------------------------

[test number] should successfully handle input
Request:
{
  "gender": "FEMALE",
  "total_activity_duration": "TWELVE_PLUS_HOURS",
  "age": 75,
  "weight_today": 30,
  "height": 140,
  "category": "beginner"
}
Response:
{
  "success": false,
  "status": 500,
  "data": "Server Error",
  "timeTaken": 270.0011999999988
}
Status code: 500
-------------------------------

[test number] should successfully handle input
Request:
{
  "gender": "FEMALE",
  "total_activity_duration": "ZERO_TO_THREE_HOURS",
  "age": 50,
  "weight_today": 30,
  "height": 173,
  "category": "beginner"
}
Response:
{
  "success": false,
  "status": 500,
  "data": "Server Error",
  "timeTaken": 277.7548999999999
}
Status code: 500
-------------------------------

[test number] should successfully handle input
Request:
{
  "gender": "FEMALE",
  "total_activity_duration": "THREE_TO_SIX_HOURS",
  "age": 75,
  "weight_today": 70,
  "height": 210,
  "category": "beginner"
}
Response:
{
  "success": false,
  "status": 500,
  "data": "Server Error",
  "timeTaken": 377.1152000000002
}
Status code: 500
-------------------------------

[test number] should successfully handle input
Request:
{
  "gender": "MALE",
  "total_activity_duration": "SIX_TO_NINE_HOURS",
  "age": 0,
  "weight_today": 70,
  "height": 173,
  "category": "advanced"
}
Response:
{
  "success": false,
  "status": 500,
  "data": "Server Error",
  "timeTaken": 275.90899999999965
}
Status code: 500
-------------------------------

[test number] should successfully handle input
Request:
{
  "gender": "MALE",
  "total_activity_duration": "NINE_TO_TWELVE_HOURS",
  "age": 25,
  "weight_today": 150,
  "height": 140,
  "category": "beginner"
}
Response:
{
  "success": false,
  "status": 500,
  "data": "Server Error",
  "timeTaken": 274.46070000000327
}
Status code: 500
-------------------------------

[test number] should successfully handle input
Request:
{
  "gender": "MALE",
  "total_activity_duration": "ZERO_TO_THREE_HOURS",
  "age": 25,
  "weight_today": 200,
  "height": 190,
  "category": "advanced"
}
Response:
{
  "success": false,
  "status": 500,
  "data": "Server Error",
  "timeTaken": 270.58750000000146
}
Status code: 500
-------------------------------

[test number] should successfully handle input
Request:
{
  "gender": "MALE",
  "total_activity_duration": "TWELVE_PLUS_HOURS",
  "age": 0,
  "weight_today": 200,
  "height": 140,
  "category": "beginner"
}
Response:
{
  "success": false,
  "status": 500,
  "data": "Server Error",
  "timeTaken": 285.31289999999717
}
Status code: 500
-------------------------------

[test number] should successfully handle input
Request:
{
  "gender": "FEMALE",
  "total_activity_duration": "ZERO_TO_THREE_HOURS",
  "age": 100,
  "weight_today": 30,
  "height": 210,
  "category": "intermediate"
}
Response:
{
  "success": false,
  "status": 500,
  "data": "Server Error",
  "timeTaken": 277.2837999999974
}
Status code: 500
-------------------------------

[test number] should successfully handle input
Request:
{
  "gender": "FEMALE",
  "total_activity_duration": "TWELVE_PLUS_HOURS",
  "age": 0,
  "weight_today": 200,
  "height": 173,
  "category": "intermediate"
}
Response:
{
  "success": false,
  "status": 500,
  "data": "Server Error",
  "timeTaken": 271.54759999999806
}
Status code: 500
-------------------------------

[test number] should successfully handle input
Request:
{
  "gender": "FEMALE",
  "total_activity_duration": "THREE_TO_SIX_HOURS",
  "age": 25,
  "weight_today": 70,
  "height": 160,
  "category": "advanced"
}
Response:
{
  "success": false,
  "status": 500,
  "data": "Server Error",
  "timeTaken": 290.6539000000048
}
Status code: 500
-------------------------------

[test number] should successfully handle input
Request:
{
  "gender": "MALE",
  "total_activity_duration": "THREE_TO_SIX_HOURS",
  "age": 75,
  "weight_today": 70,
  "height": 160,
  "category": "beginner"
}
Response:
{
  "success": false,
  "status": 500,
  "data": "Server Error",
  "timeTaken": 282.83179999999993
}
Status code: 500
-------------------------------

[test number] should successfully handle input
Request:
{
  "gender": "FEMALE",
  "total_activity_duration": "SIX_TO_NINE_HOURS",
  "age": 50,
  "weight_today": 113.9,
  "height": 173,
  "category": "intermediate"
}
Response:
{
  "success": false,
  "status": 500,
  "data": "Server Error",
  "timeTaken": 294.5512999999992
}
Status code: 500
-------------------------------

[test number] should successfully handle input
Request:
{
  "gender": "FEMALE",
  "total_activity_duration": "ZERO_TO_THREE_HOURS",
  "age": 0,
  "weight_today": 30,
  "height": 140,
  "category": "intermediate"
}
Response:
{
  "success": false,
  "status": 500,
  "data": "Server Error",
  "timeTaken": 273.1731
}
Status code: 500
-------------------------------

[test number] should successfully handle input
Request:
{
  "gender": "FEMALE",
  "total_activity_duration": "NINE_TO_TWELVE_HOURS",
  "age": 75,
  "weight_today": 200,
  "height": 140,
  "category": "beginner"
}
Response:
{
  "success": false,
  "status": 500,
  "data": "Server Error",
  "timeTaken": 304.62889999999607
}
Status code: 500
-------------------------------

[test number] should successfully handle input
Request:
{
  "gender": "MALE",
  "total_activity_duration": "THREE_TO_SIX_HOURS",
  "age": 25,
  "weight_today": 30,
  "height": 210,
  "category": "beginner"
}
Response:
{
  "success": false,
  "status": 500,
  "data": "Server Error",
  "timeTaken": 356.36599999999453
}
Status code: 500
-------------------------------

[test number] should successfully handle input
Request:
{
  "gender": "MALE",
  "total_activity_duration": "ZERO_TO_THREE_HOURS",
  "age": 100,
  "weight_today": 30,
  "height": 173,
  "category": "intermediate"
}
Response:
{
  "success": false,
  "status": 500,
  "data": "Server Error",
  "timeTaken": 274.8182000000015
}
Status code: 500
-------------------------------

[test number] should successfully handle input
Request:
{
  "gender": "FEMALE",
  "total_activity_duration": "NINE_TO_TWELVE_HOURS",
  "age": 25,
  "weight_today": 150,
  "height": 190,
  "category": "advanced"
}
Response:
{
  "success": false,
  "status": 500,
  "data": "Server Error",
  "timeTaken": 276.1993999999977
}
Status code: 500
-------------------------------

[test number] should successfully handle input
Request:
{
  "gender": "FEMALE",
  "total_activity_duration": "SIX_TO_NINE_HOURS",
  "age": 100,
  "weight_today": 150,
  "height": 160,
  "category": "advanced"
}
Response:
{
  "success": false,
  "status": 500,
  "data": "Server Error",
  "timeTaken": 307.5970000000016
}
Status code: 500
-------------------------------

[test number] should successfully handle input
Request:
{
  "gender": "MALE",
  "total_activity_duration": "SIX_TO_NINE_HOURS",
  "age": 100,
  "weight_today": 113.9,
  "height": 173,
  "category": "advanced"
}
Response:
{
  "success": false,
  "status": 500,
  "data": "Server Error",
  "timeTaken": 268.8862999999983
}
Status code: 500
-------------------------------

[test number] should successfully handle input
Request:
{
  "gender": "MALE",
  "total_activity_duration": "TWELVE_PLUS_HOURS",
  "age": 50,
  "weight_today": 200,
  "height": 160,
  "category": "intermediate"
}
Response:
{
  "success": false,
  "status": 500,
  "data": "Server Error",
  "timeTaken": 277.3199999999997
}
Status code: 500
-------------------------------

[test number] should successfully handle input
Request:
{
  "gender": "FEMALE",
  "total_activity_duration": "SIX_TO_NINE_HOURS",
  "age": 0,
  "weight_today": 113.9,
  "height": 160,
  "category": "intermediate"
}
Response:
{
  "success": false,
  "status": 500,
  "data": "Server Error",
  "timeTaken": 274.1915000000008
}
Status code: 500
-------------------------------

[test number] should successfully handle input
Request:
{
  "gender": "MALE",
  "total_activity_duration": "NINE_TO_TWELVE_HOURS",
  "age": 75,
  "weight_today": 150,
  "height": 160,
  "category": "advanced"
}
Response:
{
  "success": false,
  "status": 500,
  "data": "Server Error",
  "timeTaken": 285.550900000002
}
Status code: 500
-------------------------------

[test number] should successfully handle input
Request:
{
  "gender": "MALE",
  "total_activity_duration": "SIX_TO_NINE_HOURS",
  "age": 50,
  "weight_today": 113.9,
  "height": 160,
  "category": "intermediate"
}
Response:
{
  "success": false,
  "status": 500,
  "data": "Server Error",
  "timeTaken": 278.6247999999978
}
Status code: 500
-------------------------------

[test number] should successfully handle input
Request:
{
  "gender": "FEMALE",
  "total_activity_duration": "THREE_TO_SIX_HOURS",
  "age": 75,
  "weight_today": 70,
  "height": 210,
  "category": "intermediate"
}
Response:
{
  "success": false,
  "status": 500,
  "data": "Server Error",
  "timeTaken": 268.52010000000155
}
Status code: 500
-------------------------------

[test number] should successfully handle input
Request:
{
  "gender": "FEMALE",
  "total_activity_duration": "ZERO_TO_THREE_HOURS",
  "age": 50,
  "weight_today": 30,
  "height": 173,
  "category": "intermediate"
}
Response:
{
  "success": false,
  "status": 500,
  "data": "Server Error",
  "timeTaken": 283.99789999999484
}
Status code: 500
-------------------------------

[test number] should successfully handle input
Request:
{
  "gender": "FEMALE",
  "total_activity_duration": "TWELVE_PLUS_HOURS",
  "age": 75,
  "weight_today": 30,
  "height": 140,
  "category": "intermediate"
}
Response:
{
  "success": false,
  "status": 500,
  "data": "Server Error",
  "timeTaken": 288.1490000000049
}
Status code: 500
-------------------------------

[test number] should successfully handle input
Request:
{
  "gender": "MALE",
  "total_activity_duration": "SIX_TO_NINE_HOURS",
  "age": 0,
  "weight_today": 70,
  "height": 190,
  "category": "beginner"
}
Response:
{
  "success": false,
  "status": 500,
  "data": "Server Error",
  "timeTaken": 287.2794999999969
}
Status code: 500
-------------------------------

[test number] should successfully handle input
Request:
{
  "gender": "MALE",
  "total_activity_duration": "NINE_TO_TWELVE_HOURS",
  "age": 25,
  "weight_today": 150,
  "height": 140,
  "category": "intermediate"
}
Response:
{
  "success": false,
  "status": 500,
  "data": "Server Error",
  "timeTaken": 277.1503999999986
}
Status code: 500
-------------------------------

[test number] should successfully handle input
Request:
{
  "gender": "FEMALE",
  "total_activity_duration": "TWELVE_PLUS_HOURS",
  "age": 0,
  "weight_today": 200,
  "height": 173,
  "category": "advanced"
}
Response:
{
  "success": false,
  "status": 500,
  "data": "Server Error",
  "timeTaken": 275.1515999999974
}
Status code: 500
-------------------------------

[test number] should successfully handle input
Request:
{
  "gender": "FEMALE",
  "total_activity_duration": "ZERO_TO_THREE_HOURS",
  "age": 100,
  "weight_today": 30,
  "height": 210,
  "category": "advanced"
}
Response:
{
  "success": false,
  "status": 500,
  "data": "Server Error",
  "timeTaken": 287.924500000001
}
Status code: 500
-------------------------------

[test number] should successfully handle input
Request:
{
  "gender": "FEMALE",
  "total_activity_duration": "THREE_TO_SIX_HOURS",
  "age": 25,
  "weight_today": 70,
  "height": 173,
  "category": "beginner"
}
Response:
{
  "success": false,
  "status": 500,
  "data": "Server Error",
  "timeTaken": 280.9547999999995
}
Status code: 500
-------------------------------

[test number] should successfully handle input
Request:
{
  "gender": "MALE",
  "total_activity_duration": "TWELVE_PLUS_HOURS",
  "age": 0,
  "weight_today": 200,
  "height": 140,
  "category": "intermediate"
}
Response:
{
  "success": false,
  "status": 500,
  "data": "Server Error",
  "timeTaken": 292.3015000000014
}
Status code: 500
-------------------------------

[test number] should successfully handle input
Request:
{
  "gender": "MALE",
  "total_activity_duration": "ZERO_TO_THREE_HOURS",
  "age": 25,
  "weight_today": 200,
  "height": 210,
  "category": "beginner"
}
Response:
{
  "success": false,
  "status": 500,
  "data": "Server Error",
  "timeTaken": 296.2436000000016
}
Status code: 500
-------------------------------

[test number] should successfully handle input
Request:
{
  "gender": "FEMALE",
  "total_activity_duration": "SIX_TO_NINE_HOURS",
  "age": 50,
  "weight_today": 113.9,
  "height": 173,
  "category": "advanced"
}
Response:
{
  "success": false,
  "status": 500,
  "data": "Server Error",
  "timeTaken": 275.76320000000123
}
Status code: 500
-------------------------------

[test number] should successfully handle input
Request:
{
  "gender": "MALE",
  "total_activity_duration": "THREE_TO_SIX_HOURS",
  "age": 75,
  "weight_today": 70,
  "height": 160,
  "category": "intermediate"
}
Response:
{
  "success": false,
  "status": 500,
  "data": "Server Error",
  "timeTaken": 283.46719999999914
}
Status code: 500
-------------------------------

[test number] should successfully handle input
Request:
{
  "gender": "FEMALE",
  "total_activity_duration": "ZERO_TO_THREE_HOURS",
  "age": 0,
  "weight_today": 30,
  "height": 140,
  "category": "advanced"
}
Response:
{
  "success": false,
  "status": 500,
  "data": "Server Error",
  "timeTaken": 289.0633000000016
}
Status code: 500
-------------------------------

[test number] should successfully handle input
Request:
{
  "gender": "MALE",
  "total_activity_duration": "ZERO_TO_THREE_HOURS",
  "age": 100,
  "weight_today": 30,
  "height": 173,
  "category": "advanced"
}
Response:
{
  "success": false,
  "status": 500,
  "data": "Server Error",
  "timeTaken": 274.29299999999785
}
Status code: 500
-------------------------------

[test number] should successfully handle input
Request:
{
  "gender": "MALE",
  "total_activity_duration": "THREE_TO_SIX_HOURS",
  "age": 25,
  "weight_today": 30,
  "height": 210,
  "category": "intermediate"
}
Response:
{
  "success": false,
  "status": 500,
  "data": "Server Error",
  "timeTaken": 281.50189999999566
}
Status code: 500
-------------------------------

[test number] should successfully handle input
Request:
{
  "gender": "FEMALE",
  "total_activity_duration": "NINE_TO_TWELVE_HOURS",
  "age": 25,
  "weight_today": 150,
  "height": 210,
  "category": "beginner"
}
Response:
{
  "success": false,
  "status": 500,
  "data": "Server Error",
  "timeTaken": 283.7488000000012
}
Status code: 500
-------------------------------

[test number] should successfully handle input
Request:
{
  "gender": "FEMALE",
  "total_activity_duration": "NINE_TO_TWELVE_HOURS",
  "age": 75,
  "weight_today": 200,
  "height": 140,
  "category": "intermediate"
}
Response:
{
  "success": false,
  "status": 500,
  "data": "Server Error",
  "timeTaken": 298.4600999999966
}
Status code: 500
-------------------------------

[test number] should successfully handle input
Request:
{
  "gender": "MALE",
  "total_activity_duration": "SIX_TO_NINE_HOURS",
  "age": 100,
  "weight_today": 113.9,
  "height": 190,
  "category": "beginner"
}
Response:
{
  "success": false,
  "status": 500,
  "data": "Server Error",
  "timeTaken": 266.95960000000196
}
Status code: 500
-------------------------------

[test number] should successfully handle input
Request:
{
  "gender": "FEMALE",
  "total_activity_duration": "SIX_TO_NINE_HOURS",
  "age": 100,
  "weight_today": 150,
  "height": 173,
  "category": "beginner"
}
Response:
{
  "success": false,
  "status": 500,
  "data": "Server Error",
  "timeTaken": 319.3712000000014
}
Status code: 500
-------------------------------

[test number] should successfully handle input
Request:
{
  "gender": "MALE",
  "total_activity_duration": "TWELVE_PLUS_HOURS",
  "age": 50,
  "weight_today": 200,
  "height": 160,
  "category": "advanced"
}
Response:
{
  "success": false,
  "status": 500,
  "data": "Server Error",
  "timeTaken": 281.18849999999657
}
Status code: 500
-------------------------------

[test number] should successfully handle input
Request:
{
  "gender": "MALE",
  "total_activity_duration": "NINE_TO_TWELVE_HOURS",
  "age": 75,
  "weight_today": 150,
  "height": 173,
  "category": "beginner"
}
Response:
{
  "success": false,
  "status": 500,
  "data": "Server Error",
  "timeTaken": 276.66300000000047
}
Status code: 500
-------------------------------

[test number] should successfully handle input
Request:
{
  "gender": "MALE",
  "total_activity_duration": "SIX_TO_NINE_HOURS",
  "age": 50,
  "weight_today": 113.9,
  "height": 160,
  "category": "advanced"
}
Response:
{
  "success": false,
  "status": 500,
  "data": "Server Error",
  "timeTaken": 278.5361000000048
}
Status code: 500
-------------------------------

[test number] should successfully handle input
Request:
{
  "gender": "FEMALE",
  "total_activity_duration": "SIX_TO_NINE_HOURS",
  "age": 0,
  "weight_today": 113.9,
  "height": 160,
  "category": "advanced"
}
Response:
{
  "success": false,
  "status": 500,
  "data": "Server Error",
  "timeTaken": 288.26250000000437
}
Status code: 500
-------------------------------

[test number] should successfully handle input
Request:
{
  "gender": "FEMALE",
  "total_activity_duration": "ZERO_TO_THREE_HOURS",
  "age": 50,
  "weight_today": 30,
  "height": 173,
  "category": "advanced"
}
Response:
{
  "success": false,
  "status": 500,
  "data": "Server Error",
  "timeTaken": 271.0417000000016
}
Status code: 500
-------------------------------

[test number] should successfully handle input
Request:
{
  "gender": "FEMALE",
  "total_activity_duration": "THREE_TO_SIX_HOURS",
  "age": 75,
  "weight_today": 70,
  "height": 210,
  "category": "advanced"
}
Response:
{
  "success": false,
  "status": 500,
  "data": "Server Error",
  "timeTaken": 280.1814000000013
}
Status code: 500
-------------------------------

[test number] should successfully handle input
Request:
{
  "gender": "FEMALE",
  "total_activity_duration": "TWELVE_PLUS_HOURS",
  "age": 75,
  "weight_today": 30,
  "height": 140,
  "category": "advanced"
}
Response:
{
  "success": false,
  "status": 500,
  "data": "Server Error",
  "timeTaken": 285.49649999999383
}
Status code: 500
-------------------------------

[test number] should successfully handle input
Request:
{
  "gender": "MALE",
  "total_activity_duration": "NINE_TO_TWELVE_HOURS",
  "age": 25,
  "weight_today": 150,
  "height": 140,
  "category": "advanced"
}
Response:
{
  "success": false,
  "status": 500,
  "data": "Server Error",
  "timeTaken": 274.2871000000014
}
Status code: 500
-------------------------------

[test number] should successfully handle input
Request:
{
  "gender": "MALE",
  "total_activity_duration": "SIX_TO_NINE_HOURS",
  "age": 0,
  "weight_today": 70,
  "height": 190,
  "category": "intermediate"
}
Response:
{
  "success": false,
  "status": 500,
  "data": "Server Error",
  "timeTaken": 295.79119999999966
}
Status code: 500
-------------------------------

[test number] should successfully handle input
Request:
{
  "gender": "FEMALE",
  "total_activity_duration": "TWELVE_PLUS_HOURS",
  "age": 0,
  "weight_today": 200,
  "height": 190,
  "category": "beginner"
}
Response:
{
  "success": false,
  "status": 500,
  "data": "Server Error",
  "timeTaken": 273.1869999999981
}
Status code: 500
-------------------------------

[test number] should successfully handle input
Request:
{
  "gender": "FEMALE",
  "total_activity_duration": "ZERO_TO_THREE_HOURS",
  "age": 100,
  "weight_today": 70,
  "height": 140,
  "category": "beginner"
}
Response:
{
  "success": false,
  "status": 500,
  "data": "Server Error",
  "timeTaken": 278.3556000000026
}
Status code: 500
-------------------------------

[test number] should successfully handle input
Request:
{
  "gender": "MALE",
  "total_activity_duration": "TWELVE_PLUS_HOURS",
  "age": 0,
  "weight_today": 200,
  "height": 140,
  "category": "advanced"
}
Response:
{
  "success": false,
  "status": 500,
  "data": "Server Error",
  "timeTaken": 276.01920000000246
}
Status code: 500
-------------------------------

[test number] should successfully handle input
Request:
{
  "gender": "MALE",
  "total_activity_duration": "ZERO_TO_THREE_HOURS",
  "age": 25,
  "weight_today": 200,
  "height": 210,
  "category": "intermediate"
}
Response:
{
  "success": false,
  "status": 500,
  "data": "Server Error",
  "timeTaken": 276.73649999999907
}
Status code: 500
-------------------------------

[test number] should successfully handle input
Request:
{
  "gender": "FEMALE",
  "total_activity_duration": "THREE_TO_SIX_HOURS",
  "age": 25,
  "weight_today": 70,
  "height": 173,
  "category": "intermediate"
}
Response:
{
  "success": false,
  "status": 500,
  "data": "Server Error",
  "timeTaken": 287.5699999999997
}
Status code: 500
-------------------------------

[test number] should successfully handle input
Request:
{
  "gender": "MALE",
  "total_activity_duration": "THREE_TO_SIX_HOURS",
  "age": 75,
  "weight_today": 70,
  "height": 160,
  "category": "advanced"
}
Response:
{
  "success": false,
  "status": 500,
  "data": "Server Error",
  "timeTaken": 264.81789999999455
}
Status code: 500
-------------------------------

[test number] should successfully handle input
Request:
{
  "gender": "FEMALE",
  "total_activity_duration": "SIX_TO_NINE_HOURS",
  "age": 50,
  "weight_today": 113.9,
  "height": 190,
  "category": "beginner"
}
Response:
{
  "success": false,
  "status": 500,
  "data": "Server Error",
  "timeTaken": 289.60859999999957
}
Status code: 500
-------------------------------

[test number] should successfully handle input
Request:
{
  "gender": "FEMALE",
  "total_activity_duration": "ZERO_TO_THREE_HOURS",
  "age": 0,
  "weight_today": 30,
  "height": 160,
  "category": "beginner"
}
Response:
{
  "success": false,
  "status": 500,
  "data": "Server Error",
  "timeTaken": 279.2338000000018
}
Status code: 500
-------------------------------

[test number] should successfully handle input
Request:
{
  "gender": "MALE",
  "total_activity_duration": "THREE_TO_SIX_HOURS",
  "age": 25,
  "weight_today": 30,
  "height": 210,
  "category": "advanced"
}
Response:
{
  "success": false,
  "status": 500,
  "data": "Server Error",
  "timeTaken": 282.73859999999695
}
Status code: 500
-------------------------------

[test number] should successfully handle input
Request:
{
  "gender": "MALE",
  "total_activity_duration": "ZERO_TO_THREE_HOURS",
  "age": 100,
  "weight_today": 30,
  "height": 190,
  "category": "beginner"
}
Response:
{
  "success": false,
  "status": 500,
  "data": "Server Error",
  "timeTaken": 286.8886999999959
}
Status code: 500
-------------------------------

[test number] should successfully handle input
Request:
{
  "gender": "FEMALE",
  "total_activity_duration": "NINE_TO_TWELVE_HOURS",
  "age": 25,
  "weight_today": 150,
  "height": 210,
  "category": "intermediate"
}
Response:
{
  "success": false,
  "status": 500,
  "data": "Server Error",
  "timeTaken": 296.36939999999595
}
Status code: 500
-------------------------------

[test number] should successfully handle input
Request:
{
  "gender": "FEMALE",
  "total_activity_duration": "NINE_TO_TWELVE_HOURS",
  "age": 75,
  "weight_today": 200,
  "height": 140,
  "category": "advanced"
}
Response:
{
  "success": false,
  "status": 500,
  "data": "Server Error",
  "timeTaken": 297.5229999999938
}
Status code: 500
-------------------------------

[test number] should successfully handle input
Request:
{
  "gender": "MALE",
  "total_activity_duration": "SIX_TO_NINE_HOURS",
  "age": 100,
  "weight_today": 113.9,
  "height": 190,
  "category": "intermediate"
}
Response:
{
  "success": false,
  "status": 500,
  "data": "Server Error",
  "timeTaken": 271.6189000000013
}
Status code: 500
-------------------------------

[test number] should successfully handle input
Request:
{
  "gender": "MALE",
  "total_activity_duration": "NINE_TO_TWELVE_HOURS",
  "age": 75,
  "weight_today": 150,
  "height": 173,
  "category": "intermediate"
}
Response:
{
  "success": false,
  "status": 500,
  "data": "Server Error",
  "timeTaken": 274.31520000000455
}
Status code: 500
-------------------------------

[test number] should successfully handle input
Request:
{
  "gender": "MALE",
  "total_activity_duration": "TWELVE_PLUS_HOURS",
  "age": 50,
  "weight_today": 200,
  "height": 173,
  "category": "beginner"
}
Response:
{
  "success": false,
  "status": 500,
  "data": "Server Error",
  "timeTaken": 286.5175999999992
}
Status code: 500
-------------------------------

[test number] should successfully handle input
Request:
{
  "gender": "FEMALE",
  "total_activity_duration": "SIX_TO_NINE_HOURS",
  "age": 100,
  "weight_today": 150,
  "height": 173,
  "category": "intermediate"
}
Response:
{
  "success": false,
  "status": 500,
  "data": "Server Error",
  "timeTaken": 288.25189999999566
}
Status code: 500
-------------------------------

[test number] should successfully handle input
Request:
{
  "gender": "FEMALE",
  "total_activity_duration": "SIX_TO_NINE_HOURS",
  "age": 0,
  "weight_today": 113.9,
  "height": 173,
  "category": "beginner"
}
Response:
{
  "success": false,
  "status": 500,
  "data": "Server Error",
  "timeTaken": 272.0349999999962
}
Status code: 500
-------------------------------

[test number] should successfully handle input
Request:
{
  "gender": "FEMALE",
  "total_activity_duration": "THREE_TO_SIX_HOURS",
  "age": 75,
  "weight_today": 113.9,
  "height": 140,
  "category": "beginner"
}
Response:
{
  "success": false,
  "status": 500,
  "data": "Server Error",
  "timeTaken": 277.30659999999625
}
Status code: 500
-------------------------------

[test number] should successfully handle input
Request:
{
  "gender": "MALE",
  "total_activity_duration": "SIX_TO_NINE_HOURS",
  "age": 50,
  "weight_today": 113.9,
  "height": 173,
  "category": "beginner"
}
Response:
{
  "success": false,
  "status": 500,
  "data": "Server Error",
  "timeTaken": 307.78280000000086
}
Status code: 500
-------------------------------

[test number] should successfully handle input
Request:
{
  "gender": "FEMALE",
  "total_activity_duration": "TWELVE_PLUS_HOURS",
  "age": 75,
  "weight_today": 30,
  "height": 160,
  "category": "beginner"
}
Response:
{
  "success": false,
  "status": 500,
  "data": "Server Error",
  "timeTaken": 286.2245000000039
}
Status code: 500
-------------------------------

[test number] should successfully handle input
Request:
{
  "gender": "FEMALE",
  "total_activity_duration": "ZERO_TO_THREE_HOURS",
  "age": 50,
  "weight_today": 30,
  "height": 190,
  "category": "beginner"
}
Response:
{
  "success": false,
  "status": 500,
  "data": "Server Error",
  "timeTaken": 297.29699999999866
}
Status code: 500
-------------------------------

[test number] should successfully handle input
Request:
{
  "gender": "MALE",
  "total_activity_duration": "SIX_TO_NINE_HOURS",
  "age": 0,
  "weight_today": 70,
  "height": 190,
  "category": "advanced"
}
Response:
{
  "success": false,
  "status": 500,
  "data": "Server Error",
  "timeTaken": 288.48649999999907
}
Status code: 500
-------------------------------

[test number] should successfully handle input
Request:
{
  "gender": "MALE",
  "total_activity_duration": "NINE_TO_TWELVE_HOURS",
  "age": 25,
  "weight_today": 150,
  "height": 160,
  "category": "beginner"
}
Response:
{
  "success": false,
  "status": 500,
  "data": "Server Error",
  "timeTaken": 321.0532999999996
}
Status code: 500
-------------------------------

[test number] should successfully handle input
Request:
{
  "gender": "FEMALE",
  "total_activity_duration": "TWELVE_PLUS_HOURS",
  "age": 0,
  "weight_today": 200,
  "height": 190,
  "category": "intermediate"
}
Response:
{
  "success": false,
  "status": 500,
  "data": "Server Error",
  "timeTaken": 273.6680999999953
}
Status code: 500
-------------------------------

[test number] should successfully handle input
Request:
{
  "gender": "MALE",
  "total_activity_duration": "TWELVE_PLUS_HOURS",
  "age": 0,
  "weight_today": 200,
  "height": 160,
  "category": "beginner"
}
Response:
{
  "success": false,
  "status": 500,
  "data": "Server Error",
  "timeTaken": 280.3925999999992
}
Status code: 500
-------------------------------

[test number] should successfully handle input
Request:
{
  "gender": "FEMALE",
  "total_activity_duration": "ZERO_TO_THREE_HOURS",
  "age": 100,
  "weight_today": 70,
  "height": 140,
  "category": "intermediate"
}
Response:
{
  "success": false,
  "status": 500,
  "data": "Server Error",
  "timeTaken": 291.46250000000146
}
Status code: 500
-------------------------------

[test number] should successfully handle input
Request:
{
  "gender": "MALE",
  "total_activity_duration": "ZERO_TO_THREE_HOURS",
  "age": 25,
  "weight_today": 200,
  "height": 210,
  "category": "advanced"
}
Response:
{
  "success": false,
  "status": 500,
  "data": "Server Error",
  "timeTaken": 307.40499999999884
}
Status code: 500
-------------------------------

[test number] should successfully handle input
Request:
{
  "gender": "MALE",
  "total_activity_duration": "THREE_TO_SIX_HOURS",
  "age": 75,
  "weight_today": 70,
  "height": 173,
  "category": "beginner"
}
Response:
{
  "success": false,
  "status": 500,
  "data": "Server Error",
  "timeTaken": 270.69779999999446
}
Status code: 500
-------------------------------

[test number] should successfully handle input
Request:
{
  "gender": "FEMALE",
  "total_activity_duration": "THREE_TO_SIX_HOURS",
  "age": 25,
  "weight_today": 70,
  "height": 173,
  "category": "advanced"
}
Response:
{
  "success": false,
  "status": 500,
  "data": "Server Error",
  "timeTaken": 340.93620000000374
}
Status code: 500
-------------------------------

[test number] should successfully handle input
Request:
{
  "gender": "FEMALE",
  "total_activity_duration": "ZERO_TO_THREE_HOURS",
  "age": 0,
  "weight_today": 30,
  "height": 160,
  "category": "intermediate"
}
Response:
{
  "success": false,
  "status": 500,
  "data": "Server Error",
  "timeTaken": 285.58439999999973
}
Status code: 500
-------------------------------

[test number] should successfully handle input
Request:
{
  "gender": "MALE",
  "total_activity_duration": "THREE_TO_SIX_HOURS",
  "age": 25,
  "weight_today": 70,
  "height": 140,
  "category": "beginner"
}
Response:
{
  "success": false,
  "status": 500,
  "data": "Server Error",
  "timeTaken": 268.0506999999998
}
Status code: 500
-------------------------------

[test number] should successfully handle input
Request:
{
  "gender": "MALE",
  "total_activity_duration": "ZERO_TO_THREE_HOURS",
  "age": 100,
  "weight_today": 30,
  "height": 190,
  "category": "intermediate"
}
Response:
{
  "success": false,
  "status": 500,
  "data": "Server Error",
  "timeTaken": 279.7740000000049
}
Status code: 500
-------------------------------

[test number] should successfully handle input
Request:
{
  "gender": "FEMALE",
  "total_activity_duration": "NINE_TO_TWELVE_HOURS",
  "age": 25,
  "weight_today": 150,
  "height": 210,
  "category": "advanced"
}
Response:
{
  "success": false,
  "status": 500,
  "data": "Server Error",
  "timeTaken": 282.0014999999985
}
Status code: 500
-------------------------------

[test number] should successfully handle input
Request:
{
  "gender": "FEMALE",
  "total_activity_duration": "NINE_TO_TWELVE_HOURS",
  "age": 75,
  "weight_today": 200,
  "height": 160,
  "category": "beginner"
}
Response:
{
  "success": false,
  "status": 500,
  "data": "Server Error",
  "timeTaken": 290.95380000000296
}
Status code: 500
-------------------------------

[test number] should successfully handle input
Request:
{
  "gender": "FEMALE",
  "total_activity_duration": "SIX_TO_NINE_HOURS",
  "age": 50,
  "weight_today": 113.9,
  "height": 190,
  "category": "intermediate"
}
Response:
{
  "success": false,
  "status": 500,
  "data": "Server Error",
  "timeTaken": 364.2866999999969
}
Status code: 500
-------------------------------

[test number] should successfully handle input
Request:
{
  "gender": "MALE",
  "total_activity_duration": "SIX_TO_NINE_HOURS",
  "age": 100,
  "weight_today": 113.9,
  "height": 190,
  "category": "advanced"
}
Response:
{
  "success": false,
  "status": 500,
  "data": "Server Error",
  "timeTaken": 276.7662000000055
}
Status code: 500
-------------------------------

[test number] should successfully handle input
Request:
{
  "gender": "MALE",
  "total_activity_duration": "NINE_TO_TWELVE_HOURS",
  "age": 75,
  "weight_today": 150,
  "height": 173,
  "category": "advanced"
}
Response:
{
  "success": false,
  "status": 500,
  "data": "Server Error",
  "timeTaken": 285.7774000000063
}
Status code: 500
-------------------------------

[test number] should successfully handle input
Request:
{
  "gender": "FEMALE",
  "total_activity_duration": "SIX_TO_NINE_HOURS",
  "age": 0,
  "weight_today": 113.9,
  "height": 173,
  "category": "intermediate"
}
Response:
{
  "success": false,
  "status": 500,
  "data": "Server Error",
  "timeTaken": 290.4600999999966
}
Status code: 500
-------------------------------

[test number] should successfully handle input
Request:
{
  "gender": "MALE",
  "total_activity_duration": "TWELVE_PLUS_HOURS",
  "age": 50,
  "weight_today": 200,
  "height": 173,
  "category": "intermediate"
}
Response:
{
  "success": false,
  "status": 500,
  "data": "Server Error",
  "timeTaken": 301.28080000000045
}
Status code: 500
-------------------------------

[test number] should successfully handle input
Request:
{
  "gender": "FEMALE",
  "total_activity_duration": "SIX_TO_NINE_HOURS",
  "age": 100,
  "weight_today": 150,
  "height": 173,
  "category": "advanced"
}
Response:
{
  "success": false,
  "status": 500,
  "data": "Server Error",
  "timeTaken": 307.49349999999686
}
Status code: 500
-------------------------------

[test number] should successfully handle input
Request:
{
  "gender": "MALE",
  "total_activity_duration": "SIX_TO_NINE_HOURS",
  "age": 50,
  "weight_today": 113.9,
  "height": 173,
  "category": "intermediate"
}
Response:
{
  "success": false,
  "status": 500,
  "data": "Server Error",
  "timeTaken": 290.07160000000295
}
Status code: 500
-------------------------------

[test number] should successfully handle input
Request:
{
  "gender": "FEMALE",
  "total_activity_duration": "ZERO_TO_THREE_HOURS",
  "age": 50,
  "weight_today": 30,
  "height": 190,
  "category": "intermediate"
}
Response:
{
  "success": false,
  "status": 500,
  "data": "Server Error",
  "timeTaken": 281.02820000000065
}
Status code: 500
-------------------------------

[test number] should successfully handle input
Request:
{
  "gender": "FEMALE",
  "total_activity_duration": "TWELVE_PLUS_HOURS",
  "age": 75,
  "weight_today": 30,
  "height": 160,
  "category": "intermediate"
}
Response:
{
  "success": false,
  "status": 500,
  "data": "Server Error",
  "timeTaken": 289.9334999999992
}
Status code: 500
-------------------------------

[test number] should successfully handle input
Request:
{
  "gender": "FEMALE",
  "total_activity_duration": "THREE_TO_SIX_HOURS",
  "age": 75,
  "weight_today": 113.9,
  "height": 140,
  "category": "intermediate"
}
Response:
{
  "success": false,
  "status": 500,
  "data": "Server Error",
  "timeTaken": 327.08840000000055
}
Status code: 500
-------------------------------

[test number] should successfully handle input
Request:
{
  "gender": "MALE",
  "total_activity_duration": "SIX_TO_NINE_HOURS",
  "age": 0,
  "weight_today": 70,
  "height": 210,
  "category": "beginner"
}
Response:
{
  "success": false,
  "status": 500,
  "data": "Server Error",
  "timeTaken": 280.82760000000417
}
Status code: 500
-------------------------------

[test number] should successfully handle input
Request:
{
  "gender": "MALE",
  "total_activity_duration": "NINE_TO_TWELVE_HOURS",
  "age": 25,
  "weight_today": 150,
  "height": 160,
  "category": "intermediate"
}
Response:
{
  "success": false,
  "status": 500,
  "data": "Server Error",
  "timeTaken": 276.816899999998
}
Status code: 500
-------------------------------

[test number] should successfully handle input
Request:
{
  "gender": "FEMALE",
  "total_activity_duration": "TWELVE_PLUS_HOURS",
  "age": 0,
  "weight_today": 200,
  "height": 190,
  "category": "advanced"
}
Response:
{
  "success": false,
  "status": 500,
  "data": "Server Error",
  "timeTaken": 280.1273000000001
}
Status code: 500
-------------------------------

[test number] should successfully handle input
Request:
{
  "gender": "MALE",
  "total_activity_duration": "TWELVE_PLUS_HOURS",
  "age": 0,
  "weight_today": 200,
  "height": 160,
  "category": "intermediate"
}
Response:
{
  "success": false,
  "status": 500,
  "data": "Server Error",
  "timeTaken": 278.87579999999434
}
Status code: 500
-------------------------------

[test number] should successfully handle input
Request:
{
  "gender": "FEMALE",
  "total_activity_duration": "ZERO_TO_THREE_HOURS",
  "age": 100,
  "weight_today": 70,
  "height": 140,
  "category": "advanced"
}
Response:
{
  "success": false,
  "status": 500,
  "data": "Server Error",
  "timeTaken": 277.48130000000674
}
Status code: 500
-------------------------------

[test number] should successfully handle input
Request:
{
  "gender": "MALE",
  "total_activity_duration": "ZERO_TO_THREE_HOURS",
  "age": 50,
  "weight_today": 30,
  "height": 140,
  "category": "beginner"
}
Response:
{
  "success": false,
  "status": 500,
  "data": "Server Error",
  "timeTaken": 270.76380000000063
}
Status code: 500
-------------------------------

[test number] should successfully handle input
Request:
{
  "gender": "MALE",
  "total_activity_duration": "THREE_TO_SIX_HOURS",
  "age": 75,
  "weight_today": 70,
  "height": 173,
  "category": "intermediate"
}
Response:
{
  "success": false,
  "status": 500,
  "data": "Server Error",
  "timeTaken": 276.6270000000004
}
Status code: 500
-------------------------------

[test number] should successfully handle input
Request:
{
  "gender": "FEMALE",
  "total_activity_duration": "THREE_TO_SIX_HOURS",
  "age": 25,
  "weight_today": 70,
  "height": 190,
  "category": "beginner"
}
Response:
{
  "success": false,
  "status": 500,
  "data": "Server Error",
  "timeTaken": 279.56319999999687
}
Status code: 500
-------------------------------

[test number] should successfully handle input
Request:
{
  "gender": "FEMALE",
  "total_activity_duration": "ZERO_TO_THREE_HOURS",
  "age": 0,
  "weight_today": 30,
  "height": 160,
  "category": "advanced"
}
Response:
{
  "success": false,
  "status": 500,
  "data": "Server Error",
  "timeTaken": 282.2402000000002
}
Status code: 500
-------------------------------

[test number] should successfully handle input
Request:
{
  "gender": "FEMALE",
  "total_activity_duration": "NINE_TO_TWELVE_HOURS",
  "age": 75,
  "weight_today": 200,
  "height": 160,
  "category": "intermediate"
}
Response:
{
  "success": false,
  "status": 500,
  "data": "Server Error",
  "timeTaken": 274.07510000000184
}
Status code: 500
-------------------------------

[test number] should successfully handle input
Request:
{
  "gender": "MALE",
  "total_activity_duration": "ZERO_TO_THREE_HOURS",
  "age": 100,
  "weight_today": 30,
  "height": 190,
  "category": "advanced"
}
Response:
{
  "success": false,
  "status": 500,
  "data": "Server Error",
  "timeTaken": 288.5304000000033
}
Status code: 500
-------------------------------

[test number] should successfully handle input
Request:
{
  "gender": "FEMALE",
  "total_activity_duration": "NINE_TO_TWELVE_HOURS",
  "age": 25,
  "weight_today": 200,
  "height": 140,
  "category": "beginner"
}
Response:
{
  "success": false,
  "status": 500,
  "data": "Server Error",
  "timeTaken": 292.11709999999584
}
Status code: 500
-------------------------------

[test number] should successfully handle input
Request:
{
  "gender": "MALE",
  "total_activity_duration": "SIX_TO_NINE_HOURS",
  "age": 100,
  "weight_today": 113.9,
  "height": 210,
  "category": "beginner"
}
Response:
{
  "success": false,
  "status": 500,
  "data": "Server Error",
  "timeTaken": 284.4501999999993
}
Status code: 500
-------------------------------

[test number] should successfully handle input
Request:
{
  "gender": "MALE",
  "total_activity_duration": "THREE_TO_SIX_HOURS",
  "age": 25,
  "weight_today": 70,
  "height": 140,
  "category": "intermediate"
}
Response:
{
  "success": false,
  "status": 500,
  "data": "Server Error",
  "timeTaken": 308.5766000000003
}
Status code: 500
-------------------------------

[test number] should successfully handle input
Request:
{
  "gender": "FEMALE",
  "total_activity_duration": "SIX_TO_NINE_HOURS",
  "age": 50,
  "weight_today": 113.9,
  "height": 190,
  "category": "advanced"
}
Response:
{
  "success": false,
  "status": 500,
  "data": "Server Error",
  "timeTaken": 290.1322
}
Status code: 500
-------------------------------

[test number] should successfully handle input
Request:
{
  "gender": "MALE",
  "total_activity_duration": "NINE_TO_TWELVE_HOURS",
  "age": 75,
  "weight_today": 150,
  "height": 190,
  "category": "beginner"
}
Response:
{
  "success": false,
  "status": 500,
  "data": "Server Error",
  "timeTaken": 278.1354999999967
}
Status code: 500
-------------------------------

[test number] should successfully handle input
Request:
{
  "gender": "FEMALE",
  "total_activity_duration": "SIX_TO_NINE_HOURS",
  "age": 100,
  "weight_today": 150,
  "height": 190,
  "category": "beginner"
}
Response:
{
  "success": false,
  "status": 500,
  "data": "Server Error",
  "timeTaken": 280.69429999999556
}
Status code: 500
-------------------------------

[test number] should successfully handle input
Request:
{
  "gender": "FEMALE",
  "total_activity_duration": "ZERO_TO_THREE_HOURS",
  "age": 50,
  "weight_today": 30,
  "height": 190,
  "category": "advanced"
}
Response:
{
  "success": false,
  "status": 500,
  "data": "Server Error",
  "timeTaken": 277.56520000000455
}
Status code: 500
-------------------------------

[test number] should successfully handle input
Request:
{
  "gender": "MALE",
  "total_activity_duration": "TWELVE_PLUS_HOURS",
  "age": 50,
  "weight_today": 200,
  "height": 173,
  "category": "advanced"
}
Response:
{
  "success": false,
  "status": 500,
  "data": "Server Error",
  "timeTaken": 283.99519999999757
}
Status code: 500
-------------------------------

[test number] should successfully handle input
Request:
{
  "gender": "MALE",
  "total_activity_duration": "SIX_TO_NINE_HOURS",
  "age": 50,
  "weight_today": 113.9,
  "height": 173,
  "category": "advanced"
}
Response:
{
  "success": false,
  "status": 500,
  "data": "Server Error",
  "timeTaken": 286.1054000000004
}
Status code: 500
-------------------------------

[test number] should successfully handle input
Request:
{
  "gender": "FEMALE",
  "total_activity_duration": "TWELVE_PLUS_HOURS",
  "age": 75,
  "weight_today": 30,
  "height": 160,
  "category": "advanced"
}
Response:
{
  "success": false,
  "status": 500,
  "data": "Server Error",
  "timeTaken": 304.1160999999993
}
Status code: 500
-------------------------------

[test number] should successfully handle input
Request:
{
  "gender": "MALE",
  "total_activity_duration": "SIX_TO_NINE_HOURS",
  "age": 0,
  "weight_today": 70,
  "height": 210,
  "category": "intermediate"
}
Response:
{
  "success": false,
  "status": 500,
  "data": "Server Error",
  "timeTaken": 273.81700000000274
}
Status code: 500
-------------------------------

[test number] should successfully handle input
Request:
{
  "gender": "FEMALE",
  "total_activity_duration": "THREE_TO_SIX_HOURS",
  "age": 75,
  "weight_today": 113.9,
  "height": 140,
  "category": "advanced"
}
Response:
{
  "success": false,
  "status": 500,
  "data": "Server Error",
  "timeTaken": 291.4025000000038
}
Status code: 500
-------------------------------

[test number] should successfully handle input
Request:
{
  "gender": "FEMALE",
  "total_activity_duration": "TWELVE_PLUS_HOURS",
  "age": 0,
  "weight_today": 200,
  "height": 210,
  "category": "beginner"
}
Response:
{
  "success": false,
  "status": 500,
  "data": "Server Error",
  "timeTaken": 279.0149999999994
}
Status code: 500
-------------------------------

[test number] should successfully handle input
Request:
{
  "gender": "MALE",
  "total_activity_duration": "TWELVE_PLUS_HOURS",
  "age": 0,
  "weight_today": 200,
  "height": 160,
  "category": "advanced"
}
Response:
{
  "success": false,
  "status": 500,
  "data": "Server Error",
  "timeTaken": 287.85729999999603
}
Status code: 500
-------------------------------

[test number] should successfully handle input
Request:
{
  "gender": "FEMALE",
  "total_activity_duration": "SIX_TO_NINE_HOURS",
  "age": 0,
  "weight_today": 113.9,
  "height": 173,
  "category": "advanced"
}
Response:
{
  "success": false,
  "status": 500,
  "data": "Server Error",
  "timeTaken": 364.958000000006
}
Status code: 500
-------------------------------

[test number] should successfully handle input
Request:
{
  "gender": "MALE",
  "total_activity_duration": "ZERO_TO_THREE_HOURS",
  "age": 50,
  "weight_today": 30,
  "height": 140,
  "category": "intermediate"
}
Response:
{
  "success": false,
  "status": 500,
  "data": "Server Error",
  "timeTaken": 270.3917000000001
}
Status code: 500
-------------------------------

[test number] should successfully handle input
Request:
{
  "gender": "MALE",
  "total_activity_duration": "NINE_TO_TWELVE_HOURS",
  "age": 25,
  "weight_today": 150,
  "height": 160,
  "category": "advanced"
}
Response:
{
  "success": false,
  "status": 500,
  "data": "Server Error",
  "timeTaken": 302.5949000000037
}
Status code: 500
-------------------------------

[test number] should successfully handle input
Request:
{
  "gender": "MALE",
  "total_activity_duration": "THREE_TO_SIX_HOURS",
  "age": 75,
  "weight_today": 70,
  "height": 173,
  "category": "advanced"
}
Response:
{
  "success": false,
  "status": 500,
  "data": "Server Error",
  "timeTaken": 291.4763000000021
}
Status code: 500
-------------------------------

[test number] should successfully handle input
Request:
{
  "gender": "FEMALE",
  "total_activity_duration": "ZERO_TO_THREE_HOURS",
  "age": 100,
  "weight_today": 70,
  "height": 160,
  "category": "beginner"
}
Response:
{
  "success": false,
  "status": 500,
  "data": "Server Error",
  "timeTaken": 305.8938000000053
}
Status code: 500
-------------------------------

[test number] should successfully handle input
Request:
{
  "gender": "FEMALE",
  "total_activity_duration": "THREE_TO_SIX_HOURS",
  "age": 25,
  "weight_today": 70,
  "height": 190,
  "category": "intermediate"
}
Response:
{
  "success": false,
  "status": 500,
  "data": "Server Error",
  "timeTaken": 267.91909999999916
}
Status code: 500
-------------------------------

[test number] should successfully handle input
Request:
{
  "gender": "FEMALE",
  "total_activity_duration": "ZERO_TO_THREE_HOURS",
  "age": 0,
  "weight_today": 30,
  "height": 173,
  "category": "beginner"
}
Response:
{
  "success": false,
  "status": 500,
  "data": "Server Error",
  "timeTaken": 292.98709999999846
}
Status code: 500
-------------------------------

[test number] should successfully handle input
Request:
{
  "gender": "MALE",
  "total_activity_duration": "ZERO_TO_THREE_HOURS",
  "age": 100,
  "weight_today": 30,
  "height": 210,
  "category": "beginner"
}
Response:
{
  "success": false,
  "status": 500,
  "data": "Server Error",
  "timeTaken": 272.168700000002
}
Status code: 500
-------------------------------

[test number] should successfully handle input
Request:
{
  "gender": "FEMALE",
  "total_activity_duration": "NINE_TO_TWELVE_HOURS",
  "age": 75,
  "weight_today": 200,
  "height": 160,
  "category": "advanced"
}
Response:
{
  "success": false,
  "status": 500,
  "data": "Server Error",
  "timeTaken": 280.8402999999962
}
Status code: 500
-------------------------------

[test number] should successfully handle input
Request:
{
  "gender": "FEMALE",
  "total_activity_duration": "NINE_TO_TWELVE_HOURS",
  "age": 25,
  "weight_today": 200,
  "height": 140,
  "category": "intermediate"
}
Response:
{
  "success": false,
  "status": 500,
  "data": "Server Error",
  "timeTaken": 282.4264000000039
}
Status code: 500
-------------------------------

[test number] should successfully handle input
Request:
{
  "gender": "MALE",
  "total_activity_duration": "SIX_TO_NINE_HOURS",
  "age": 100,
  "weight_today": 113.9,
  "height": 210,
  "category": "intermediate"
}
Response:
{
  "success": false,
  "status": 500,
  "data": "Server Error",
  "timeTaken": 272.2839000000022
}
Status code: 500
-------------------------------

[test number] should successfully handle input
Request:
{
  "gender": "MALE",
  "total_activity_duration": "THREE_TO_SIX_HOURS",
  "age": 25,
  "weight_today": 70,
  "height": 140,
  "category": "advanced"
}
Response:
{
  "success": false,
  "status": 500,
  "data": "Server Error",
  "timeTaken": 280.1296000000002
}
Status code: 500
-------------------------------

[test number] should successfully handle input
Request:
{
  "gender": "FEMALE",
  "total_activity_duration": "SIX_TO_NINE_HOURS",
  "age": 50,
  "weight_today": 113.9,
  "height": 210,
  "category": "beginner"
}
Response:
{
  "success": false,
  "status": 500,
  "data": "Server Error",
  "timeTaken": 288.60339999999997
}
Status code: 500
-------------------------------

[test number] should successfully handle input
Request:
{
  "gender": "MALE",
  "total_activity_duration": "NINE_TO_TWELVE_HOURS",
  "age": 75,
  "weight_today": 150,
  "height": 190,
  "category": "intermediate"
}
Response:
{
  "success": false,
  "status": 500,
  "data": "Server Error",
  "timeTaken": 286.0469000000012
}
Status code: 500
-------------------------------

[test number] should successfully handle input
Request:
{
  "gender": "FEMALE",
  "total_activity_duration": "ZERO_TO_THREE_HOURS",
  "age": 50,
  "weight_today": 30,
  "height": 210,
  "category": "beginner"
}
Response:
{
  "success": false,
  "status": 500,
  "data": "Server Error",
  "timeTaken": 271.90929999999935
}
Status code: 500
-------------------------------

[test number] should successfully handle input
Request:
{
  "gender": "MALE",
  "total_activity_duration": "TWELVE_PLUS_HOURS",
  "age": 50,
  "weight_today": 200,
  "height": 190,
  "category": "beginner"
}
Response:
{
  "success": false,
  "status": 500,
  "data": "Server Error",
  "timeTaken": 282.36350000000675
}
Status code: 500
-------------------------------

[test number] should successfully handle input
Request:
{
  "gender": "MALE",
  "total_activity_duration": "SIX_TO_NINE_HOURS",
  "age": 50,
  "weight_today": 113.9,
  "height": 190,
  "category": "beginner"
}
Response:
{
  "success": false,
  "status": 500,
  "data": "Server Error",
  "timeTaken": 280.112000000001
}
Status code: 500
-------------------------------

[test number] should successfully handle input
Request:
{
  "gender": "FEMALE",
  "total_activity_duration": "SIX_TO_NINE_HOURS",
  "age": 100,
  "weight_today": 150,
  "height": 190,
  "category": "intermediate"
}
Response:
{
  "success": false,
  "status": 500,
  "data": "Server Error",
  "timeTaken": 291.96510000000126
}
Status code: 500
-------------------------------

[test number] should successfully handle input
Request:
{
  "gender": "FEMALE",
  "total_activity_duration": "TWELVE_PLUS_HOURS",
  "age": 75,
  "weight_today": 30,
  "height": 173,
  "category": "beginner"
}
Response:
{
  "success": false,
  "status": 500,
  "data": "Server Error",
  "timeTaken": 273.84850000000006
}
Status code: 500
-------------------------------

[test number] should successfully handle input
Request:
{
  "gender": "MALE",
  "total_activity_duration": "SIX_TO_NINE_HOURS",
  "age": 0,
  "weight_today": 70,
  "height": 210,
  "category": "advanced"
}
Response:
{
  "success": false,
  "status": 500,
  "data": "Server Error",
  "timeTaken": 279.3889000000054
}
Status code: 500
-------------------------------

[test number] should successfully handle input
Request:
{
  "gender": "FEMALE",
  "total_activity_duration": "THREE_TO_SIX_HOURS",
  "age": 75,
  "weight_today": 113.9,
  "height": 160,
  "category": "beginner"
}
Response:
{
  "success": false,
  "status": 500,
  "data": "Server Error",
  "timeTaken": 284.7724999999991
}
Status code: 500
-------------------------------

[test number] should successfully handle input
Request:
{
  "gender": "FEMALE",
  "total_activity_duration": "SIX_TO_NINE_HOURS",
  "age": 0,
  "weight_today": 113.9,
  "height": 190,
  "category": "beginner"
}
Response:
{
  "success": false,
  "status": 500,
  "data": "Server Error",
  "timeTaken": 266.0277999999962
}
Status code: 500
-------------------------------

[test number] should successfully handle input
Request:
{
  "gender": "FEMALE",
  "total_activity_duration": "TWELVE_PLUS_HOURS",
  "age": 0,
  "weight_today": 200,
  "height": 210,
  "category": "intermediate"
}
Response:
{
  "success": false,
  "status": 500,
  "data": "Server Error",
  "timeTaken": 285.02210000000196
}
Status code: 500
-------------------------------

[test number] should successfully handle input
Request:
{
  "gender": "MALE",
  "total_activity_duration": "TWELVE_PLUS_HOURS",
  "age": 0,
  "weight_today": 200,
  "height": 173,
  "category": "beginner"
}
Response:
{
  "success": false,
  "status": 500,
  "data": "Server Error",
  "timeTaken": 282.34889999999723
}
Status code: 500
-------------------------------

[test number] should successfully handle input
Request:
{
  "gender": "MALE",
  "total_activity_duration": "NINE_TO_TWELVE_HOURS",
  "age": 25,
  "weight_today": 150,
  "height": 173,
  "category": "beginner"
}
Response:
{
  "success": false,
  "status": 500,
  "data": "Server Error",
  "timeTaken": 280.21310000000085
}
Status code: 500
-------------------------------

[test number] should successfully handle input
Request:
{
  "gender": "MALE",
  "total_activity_duration": "ZERO_TO_THREE_HOURS",
  "age": 50,
  "weight_today": 30,
  "height": 140,
  "category": "advanced"
}
Response:
{
  "success": false,
  "status": 500,
  "data": "Server Error",
  "timeTaken": 280.9985000000015
}
Status code: 500
-------------------------------

[test number] should successfully handle input
Request:
{
  "gender": "MALE",
  "total_activity_duration": "THREE_TO_SIX_HOURS",
  "age": 75,
  "weight_today": 70,
  "height": 190,
  "category": "beginner"
}
Response:
{
  "success": false,
  "status": 500,
  "data": "Server Error",
  "timeTaken": 287.59939999999915
}
Status code: 500
-------------------------------

[test number] should successfully handle input
Request:
{
  "gender": "FEMALE",
  "total_activity_duration": "ZERO_TO_THREE_HOURS",
  "age": 100,
  "weight_today": 70,
  "height": 160,
  "category": "intermediate"
}
Response:
{
  "success": false,
  "status": 500,
  "data": "Server Error",
  "timeTaken": 293.0005000000019
}
Status code: 500
-------------------------------

[test number] should successfully handle input
Request:
{
  "gender": "FEMALE",
  "total_activity_duration": "THREE_TO_SIX_HOURS",
  "age": 25,
  "weight_today": 70,
  "height": 190,
  "category": "advanced"
}
Response:
{
  "success": false,
  "status": 500,
  "data": "Server Error",
  "timeTaken": 291.0734999999986
}
Status code: 500
-------------------------------

[test number] should successfully handle input
Request:
{
  "gender": "FEMALE",
  "total_activity_duration": "ZERO_TO_THREE_HOURS",
  "age": 0,
  "weight_today": 30,
  "height": 173,
  "category": "intermediate"
}
Response:
{
  "success": false,
  "status": 500,
  "data": "Server Error",
  "timeTaken": 299.800900000002
}
Status code: 500
-------------------------------

[test number] should successfully handle input
Request:
{
  "gender": "MALE",
  "total_activity_duration": "ZERO_TO_THREE_HOURS",
  "age": 100,
  "weight_today": 30,
  "height": 210,
  "category": "intermediate"
}
Response:
{
  "success": false,
  "status": 500,
  "data": "Server Error",
  "timeTaken": 279.81640000000334
}
Status code: 500
-------------------------------

[test number] should successfully handle input
Request:
{
  "gender": "FEMALE",
  "total_activity_duration": "NINE_TO_TWELVE_HOURS",
  "age": 25,
  "weight_today": 200,
  "height": 140,
  "category": "advanced"
}
Response:
{
  "success": false,
  "status": 500,
  "data": "Server Error",
  "timeTaken": 275.95650000000023
}
Status code: 500
-------------------------------

[test number] should successfully handle input
Request:
{
  "gender": "MALE",
  "total_activity_duration": "SIX_TO_NINE_HOURS",
  "age": 100,
  "weight_today": 113.9,
  "height": 210,
  "category": "advanced"
}
Response:
{
  "success": false,
  "status": 500,
  "data": "Server Error",
  "timeTaken": 276.04069999999774
}
Status code: 500
-------------------------------

[test number] should successfully handle input
Request:
{
  "gender": "MALE",
  "total_activity_duration": "THREE_TO_SIX_HOURS",
  "age": 25,
  "weight_today": 70,
  "height": 160,
  "category": "beginner"
}
Response:
{
  "success": false,
  "status": 500,
  "data": "Server Error",
  "timeTaken": 278.79060000000027
}
Status code: 500
-------------------------------

[test number] should successfully handle input
Request:
{
  "gender": "FEMALE",
  "total_activity_duration": "SIX_TO_NINE_HOURS",
  "age": 50,
  "weight_today": 113.9,
  "height": 210,
  "category": "intermediate"
}
Response:
{
  "success": false,
  "status": 500,
  "data": "Server Error",
  "timeTaken": 271.5870000000068
}
Status code: 500
-------------------------------

[test number] should successfully handle input
Request:
{
  "gender": "FEMALE",
  "total_activity_duration": "NINE_TO_TWELVE_HOURS",
  "age": 75,
  "weight_today": 200,
  "height": 173,
  "category": "beginner"
}
Response:
{
  "success": false,
  "status": 500,
  "data": "Server Error",
  "timeTaken": 336.2757000000056
}
Status code: 500
-------------------------------

[test number] should successfully handle input
Request:
{
  "gender": "MALE",
  "total_activity_duration": "NINE_TO_TWELVE_HOURS",
  "age": 75,
  "weight_today": 150,
  "height": 190,
  "category": "advanced"
}
Response:
{
  "success": false,
  "status": 500,
  "data": "Server Error",
  "timeTaken": 288.77880000000005
}
Status code: 500
-------------------------------

[test number] should successfully handle input
Request:
{
  "gender": "FEMALE",
  "total_activity_duration": "ZERO_TO_THREE_HOURS",
  "age": 50,
  "weight_today": 30,
  "height": 210,
  "category": "intermediate"
}
Response:
{
  "success": false,
  "status": 500,
  "data": "Server Error",
  "timeTaken": 270.4921000000031
}
Status code: 500
-------------------------------

[test number] should successfully handle input
Request:
{
  "gender": "MALE",
  "total_activity_duration": "SIX_TO_NINE_HOURS",
  "age": 50,
  "weight_today": 113.9,
  "height": 190,
  "category": "intermediate"
}
Response:
{
  "success": false,
  "status": 500,
  "data": "Server Error",
  "timeTaken": 280.76140000000305
}
Status code: 500
-------------------------------

[test number] should successfully handle input
Request:
{
  "gender": "FEMALE",
  "total_activity_duration": "SIX_TO_NINE_HOURS",
  "age": 100,
  "weight_today": 150,
  "height": 190,
  "category": "advanced"
}
Response:
{
  "success": false,
  "status": 500,
  "data": "Server Error",
  "timeTaken": 279.70939999999973
}
Status code: 500
-------------------------------

[test number] should successfully handle input
Request:
{
  "gender": "MALE",
  "total_activity_duration": "TWELVE_PLUS_HOURS",
  "age": 50,
  "weight_today": 200,
  "height": 190,
  "category": "intermediate"
}
Response:
{
  "success": false,
  "status": 500,
  "data": "Server Error",
  "timeTaken": 290.55539999999746
}
Status code: 500
-------------------------------

[test number] should successfully handle input
Request:
{
  "gender": "MALE",
  "total_activity_duration": "SIX_TO_NINE_HOURS",
  "age": 0,
  "weight_today": 113.9,
  "height": 140,
  "category": "beginner"
}
Response:
{
  "success": false,
  "status": 500,
  "data": "Server Error",
  "timeTaken": 272.98939999999857
}
Status code: 500
-------------------------------

[test number] should successfully handle input
Request:
{
  "gender": "FEMALE",
  "total_activity_duration": "TWELVE_PLUS_HOURS",
  "age": 75,
  "weight_today": 30,
  "height": 173,
  "category": "intermediate"
}
Response:
{
  "success": false,
  "status": 500,
  "data": "Server Error",
  "timeTaken": 285.8299000000043
}
Status code: 500
-------------------------------

[test number] should successfully handle input
Request:
{
  "gender": "FEMALE",
  "total_activity_duration": "THREE_TO_SIX_HOURS",
  "age": 75,
  "weight_today": 113.9,
  "height": 160,
  "category": "intermediate"
}
Response:
{
  "success": false,
  "status": 500,
  "data": "Server Error",
  "timeTaken": 276.63930000000255
}
Status code: 500
-------------------------------

[test number] should successfully handle input
Request:
{
  "gender": "FEMALE",
  "total_activity_duration": "SIX_TO_NINE_HOURS",
  "age": 0,
  "weight_today": 113.9,
  "height": 190,
  "category": "intermediate"
}
Response:
{
  "success": false,
  "status": 500,
  "data": "Server Error",
  "timeTaken": 267.5912000000026
}
Status code: 500
-------------------------------

[test number] should successfully handle input
Request:
{
  "gender": "FEMALE",
  "total_activity_duration": "TWELVE_PLUS_HOURS",
  "age": 0,
  "weight_today": 200,
  "height": 210,
  "category": "advanced"
}
Response:
{
  "success": false,
  "status": 500,
  "data": "Server Error",
  "timeTaken": 284.9314999999988
}
Status code: 500
-------------------------------

[test number] should successfully handle input
Request:
{
  "gender": "MALE",
  "total_activity_duration": "TWELVE_PLUS_HOURS",
  "age": 0,
  "weight_today": 200,
  "height": 173,
  "category": "intermediate"
}
Response:
{
  "success": false,
  "status": 500,
  "data": "Server Error",
  "timeTaken": 281.85089999999764
}
Status code: 500
-------------------------------

[test number] should successfully handle input
Request:
{
  "gender": "MALE",
  "total_activity_duration": "NINE_TO_TWELVE_HOURS",
  "age": 25,
  "weight_today": 150,
  "height": 173,
  "category": "intermediate"
}
Response:
{
  "success": false,
  "status": 500,
  "data": "Server Error",
  "timeTaken": 280.1828999999998
}
Status code: 500
-------------------------------

[test number] should successfully handle input
Request:
{
  "gender": "MALE",
  "total_activity_duration": "ZERO_TO_THREE_HOURS",
  "age": 50,
  "weight_today": 30,
  "height": 160,
  "category": "beginner"
}
Response:
{
  "success": false,
  "status": 500,
  "data": "Server Error",
  "timeTaken": 291.2920000000013
}
Status code: 500
-------------------------------

[test number] should successfully handle input
Request:
{
  "gender": "MALE",
  "total_activity_duration": "THREE_TO_SIX_HOURS",
  "age": 75,
  "weight_today": 70,
  "height": 190,
  "category": "intermediate"
}
Response:
{
  "success": false,
  "status": 500,
  "data": "Server Error",
  "timeTaken": 271.95650000000023
}
Status code: 500
-------------------------------

[test number] should successfully handle input
Request:
{
  "gender": "FEMALE",
  "total_activity_duration": "ZERO_TO_THREE_HOURS",
  "age": 100,
  "weight_today": 70,
  "height": 160,
  "category": "advanced"
}
Response:
{
  "success": false,
  "status": 500,
  "data": "Server Error",
  "timeTaken": 280.1845999999932
}
Status code: 500
-------------------------------

[test number] should successfully handle input
Request:
{
  "gender": "FEMALE",
  "total_activity_duration": "THREE_TO_SIX_HOURS",
  "age": 25,
  "weight_today": 70,
  "height": 210,
  "category": "beginner"
}
Response:
{
  "success": false,
  "status": 500,
  "data": "Server Error",
  "timeTaken": 282.738400000002
}
Status code: 500
-------------------------------

[test number] should successfully handle input
Request:
{
  "gender": "FEMALE",
  "total_activity_duration": "ZERO_TO_THREE_HOURS",
  "age": 0,
  "weight_today": 30,
  "height": 173,
  "category": "advanced"
}
Response:
{
  "success": false,
  "status": 500,
  "data": "Server Error",
  "timeTaken": 283.19810000000143
}
Status code: 500
-------------------------------

[test number] should successfully handle input
Request:
{
  "gender": "FEMALE",
  "total_activity_duration": "NINE_TO_TWELVE_HOURS",
  "age": 25,
  "weight_today": 200,
  "height": 160,
  "category": "beginner"
}
Response:
{
  "success": false,
  "status": 500,
  "data": "Server Error",
  "timeTaken": 272.0391000000018
}
Status code: 500
-------------------------------

[test number] should successfully handle input
Request:
{
  "gender": "MALE",
  "total_activity_duration": "THREE_TO_SIX_HOURS",
  "age": 25,
  "weight_today": 70,
  "height": 160,
  "category": "intermediate"
}
Response:
{
  "success": false,
  "status": 500,
  "data": "Server Error",
  "timeTaken": 276.8150000000023
}
Status code: 500
-------------------------------

[test number] should successfully handle input
Request:
{
  "gender": "FEMALE",
  "total_activity_duration": "SIX_TO_NINE_HOURS",
  "age": 50,
  "weight_today": 113.9,
  "height": 210,
  "category": "advanced"
}
Response:
{
  "success": false,
  "status": 500,
  "data": "Server Error",
  "timeTaken": 284.75070000000414
}
Status code: 500
-------------------------------

[test number] should successfully handle input
Request:
{
  "gender": "MALE",
  "total_activity_duration": "SIX_TO_NINE_HOURS",
  "age": 100,
  "weight_today": 150,
  "height": 140,
  "category": "beginner"
}
Response:
{
  "success": false,
  "status": 500,
  "data": "Server Error",
  "timeTaken": 291.0526000000027
}
Status code: 500
-------------------------------

[test number] should successfully handle input
Request:
{
  "gender": "FEMALE",
  "total_activity_duration": "NINE_TO_TWELVE_HOURS",
  "age": 75,
  "weight_today": 200,
  "height": 173,
  "category": "intermediate"
}
Response:
{
  "success": false,
  "status": 500,
  "data": "Server Error",
  "timeTaken": 279.67659999999887
}
Status code: 500
-------------------------------

[test number] should successfully handle input
Request:
{
  "gender": "MALE",
  "total_activity_duration": "NINE_TO_TWELVE_HOURS",
  "age": 75,
  "weight_today": 150,
  "height": 210,
  "category": "beginner"
}
Response:
{
  "success": false,
  "status": 500,
  "data": "Server Error",
  "timeTaken": 272.7199000000037
}
Status code: 500
-------------------------------

[test number] should successfully handle input
Request:
{
  "gender": "FEMALE",
  "total_activity_duration": "ZERO_TO_THREE_HOURS",
  "age": 50,
  "weight_today": 30,
  "height": 210,
  "category": "advanced"
}
Response:
{
  "success": false,
  "status": 500,
  "data": "Server Error",
  "timeTaken": 277.4209000000046
}
Status code: 500
-------------------------------

[test number] should successfully handle input
Request:
{
  "gender": "FEMALE",
  "total_activity_duration": "SIX_TO_NINE_HOURS",
  "age": 100,
  "weight_today": 150,
  "height": 210,
  "category": "beginner"
}
Response:
{
  "success": false,
  "status": 500,
  "data": "Server Error",
  "timeTaken": 276.9360000000015
}
Status code: 500
-------------------------------

[test number] should successfully handle input
Request:
{
  "gender": "MALE",
  "total_activity_duration": "TWELVE_PLUS_HOURS",
  "age": 50,
  "weight_today": 200,
  "height": 190,
  "category": "advanced"
}
Response:
{
  "success": false,
  "status": 500,
  "data": "Server Error",
  "timeTaken": 281.2531999999992
}
Status code: 500
-------------------------------

[test number] should successfully handle input
Request:
{
  "gender": "MALE",
  "total_activity_duration": "SIX_TO_NINE_HOURS",
  "age": 50,
  "weight_today": 113.9,
  "height": 190,
  "category": "advanced"
}
Response:
{
  "success": false,
  "status": 500,
  "data": "Server Error",
  "timeTaken": 293.69800000000396
}
Status code: 500
-------------------------------

[test number] should successfully handle input
Request:
{
  "gender": "MALE",
  "total_activity_duration": "SIX_TO_NINE_HOURS",
  "age": 0,
  "weight_today": 113.9,
  "height": 140,
  "category": "intermediate"
}
Response:
{
  "success": false,
  "status": 500,
  "data": "Server Error",
  "timeTaken": 285.206600000005
}
Status code: 500
-------------------------------

[test number] should successfully handle input
Request:
{
  "gender": "FEMALE",
  "total_activity_duration": "SIX_TO_NINE_HOURS",
  "age": 0,
  "weight_today": 113.9,
  "height": 190,
  "category": "advanced"
}
Response:
{
  "success": false,
  "status": 500,
  "data": "Server Error",
  "timeTaken": 275.9721999999965
}
Status code: 500
-------------------------------

[test number] should successfully handle input
Request:
{
  "gender": "FEMALE",
  "total_activity_duration": "THREE_TO_SIX_HOURS",
  "age": 75,
  "weight_today": 113.9,
  "height": 160,
  "category": "advanced"
}
Response:
{
  "success": false,
  "status": 500,
  "data": "Server Error",
  "timeTaken": 285.75939999999537
}
Status code: 500
-------------------------------

[test number] should successfully handle input
Request:
{
  "gender": "FEMALE",
  "total_activity_duration": "TWELVE_PLUS_HOURS",
  "age": 75,
  "weight_today": 30,
  "height": 173,
  "category": "advanced"
}
Response:
{
  "success": false,
  "status": 500,
  "data": "Server Error",
  "timeTaken": 291.7885000000024
}
Status code: 500
-------------------------------

[test number] should successfully handle input
Request:
{
  "gender": "FEMALE",
  "total_activity_duration": "TWELVE_PLUS_HOURS",
  "age": 25,
  "weight_today": 30,
  "height": 140,
  "category": "beginner"
}
Response:
{
  "success": false,
  "status": 500,
  "data": "Server Error",
  "timeTaken": 278.713499999998
}
Status code: 500
-------------------------------

[test number] should successfully handle input
Request:
{
  "gender": "MALE",
  "total_activity_duration": "TWELVE_PLUS_HOURS",
  "age": 0,
  "weight_today": 200,
  "height": 173,
  "category": "advanced"
}
Response:
{
  "success": false,
  "status": 500,
  "data": "Server Error",
  "timeTaken": 273.8998000000065
}
Status code: 500
-------------------------------

[test number] should successfully handle input
Request:
{
  "gender": "MALE",
  "total_activity_duration": "ZERO_TO_THREE_HOURS",
  "age": 50,
  "weight_today": 30,
  "height": 160,
  "category": "intermediate"
}
Response:
{
  "success": false,
  "status": 500,
  "data": "Server Error",
  "timeTaken": 270.1674999999959
}
Status code: 500
-------------------------------

[test number] should successfully handle input
Request:
{
  "gender": "MALE",
  "total_activity_duration": "NINE_TO_TWELVE_HOURS",
  "age": 25,
  "weight_today": 150,
  "height": 173,
  "category": "advanced"
}
Response:
{
  "success": false,
  "status": 500,
  "data": "Server Error",
  "timeTaken": 283.6626000000033
}
Status code: 500
-------------------------------

[test number] should successfully handle input
Request:
{
  "gender": "FEMALE",
  "total_activity_duration": "ZERO_TO_THREE_HOURS",
  "age": 100,
  "weight_today": 70,
  "height": 173,
  "category": "beginner"
}
Response:
{
  "success": false,
  "status": 500,
  "data": "Server Error",
  "timeTaken": 267.9441999999981
}
Status code: 500
-------------------------------

[test number] should successfully handle input
Request:
{
  "gender": "MALE",
  "total_activity_duration": "THREE_TO_SIX_HOURS",
  "age": 75,
  "weight_today": 70,
  "height": 190,
  "category": "advanced"
}
Response:
{
  "success": false,
  "status": 500,
  "data": "Server Error",
  "timeTaken": 286.2913999999946
}
Status code: 500
-------------------------------

[test number] should successfully handle input
Request:
{
  "gender": "FEMALE",
  "total_activity_duration": "THREE_TO_SIX_HOURS",
  "age": 25,
  "weight_today": 70,
  "height": 210,
  "category": "intermediate"
}
Response:
{
  "success": false,
  "status": 500,
  "data": "Server Error",
  "timeTaken": 303.5156999999963
}
Status code: 500
-------------------------------

[test number] should successfully handle input
Request:
{
  "gender": "FEMALE",
  "total_activity_duration": "NINE_TO_TWELVE_HOURS",
  "age": 25,
  "weight_today": 200,
  "height": 160,
  "category": "intermediate"
}
Response:
{
  "success": false,
  "status": 500,
  "data": "Server Error",
  "timeTaken": 278.1388999999981
}
Status code: 500
-------------------------------

[test number] should successfully handle input
Request:
{
  "gender": "MALE",
  "total_activity_duration": "THREE_TO_SIX_HOURS",
  "age": 25,
  "weight_today": 70,
  "height": 160,
  "category": "advanced"
}
Response:
{
  "success": false,
  "status": 500,
  "data": "Server Error",
  "timeTaken": 279.46259999999893
}
Status code: 500
-------------------------------

[test number] should successfully handle input
Request:
{
  "gender": "FEMALE",
  "total_activity_duration": "SIX_TO_NINE_HOURS",
  "age": 50,
  "weight_today": 150,
  "height": 140,
  "category": "beginner"
}
Response:
{
  "success": false,
  "status": 500,
  "data": "Server Error",
  "timeTaken": 283.91419999999925
}
Status code: 500
-------------------------------

[test number] should successfully handle input
Request:
{
  "gender": "MALE",
  "total_activity_duration": "SIX_TO_NINE_HOURS",
  "age": 100,
  "weight_today": 150,
  "height": 140,
  "category": "intermediate"
}
Response:
{
  "success": false,
  "status": 500,
  "data": "Server Error",
  "timeTaken": 284.9178999999931
}
Status code: 500
-------------------------------

[test number] should successfully handle input
Request:
{
  "gender": "FEMALE",
  "total_activity_duration": "NINE_TO_TWELVE_HOURS",
  "age": 75,
  "weight_today": 200,
  "height": 173,
  "category": "advanced"
}
Response:
{
  "success": false,
  "status": 500,
  "data": "Server Error",
  "timeTaken": 292.4235000000044
}
Status code: 500
-------------------------------

[test number] should successfully handle input
Request:
{
  "gender": "FEMALE",
  "total_activity_duration": "ZERO_TO_THREE_HOURS",
  "age": 50,
  "weight_today": 70,
  "height": 140,
  "category": "beginner"
}
Response:
{
  "success": false,
  "status": 500,
  "data": "Server Error",
  "timeTaken": 281.523199999996
}
Status code: 500
-------------------------------

[test number] should successfully handle input
Request:
{
  "gender": "MALE",
  "total_activity_duration": "NINE_TO_TWELVE_HOURS",
  "age": 75,
  "weight_today": 150,
  "height": 210,
  "category": "intermediate"
}
Response:
{
  "success": false,
  "status": 500,
  "data": "Server Error",
  "timeTaken": 286.98540000000503
}
Status code: 500
-------------------------------

[test number] should successfully handle input
Request:
{
  "gender": "FEMALE",
  "total_activity_duration": "SIX_TO_NINE_HOURS",
  "age": 0,
  "weight_today": 113.9,
  "height": 210,
  "category": "beginner"
}
Response:
{
  "success": false,
  "status": 500,
  "data": "Server Error",
  "timeTaken": 274.0072999999975
}
Status code: 500
-------------------------------

[test number] should successfully handle input
Request:
{
  "gender": "MALE",
  "total_activity_duration": "SIX_TO_NINE_HOURS",
  "age": 0,
  "weight_today": 113.9,
  "height": 140,
  "category": "advanced"
}
Response:
{
  "success": false,
  "status": 500,
  "data": "Server Error",
  "timeTaken": 278.0248999999967
}
Status code: 500
-------------------------------

[test number] should successfully handle input
Request:
{
  "gender": "FEMALE",
  "total_activity_duration": "THREE_TO_SIX_HOURS",
  "age": 75,
  "weight_today": 113.9,
  "height": 173,
  "category": "beginner"
}
Response:
{
  "success": false,
  "status": 500,
  "data": "Server Error",
  "timeTaken": 268.1438000000053
}
Status code: 500
-------------------------------

[test number] should successfully handle input
Request:
{
  "gender": "FEMALE",
  "total_activity_duration": "TWELVE_PLUS_HOURS",
  "age": 75,
  "weight_today": 30,
  "height": 190,
  "category": "beginner"
}
Response:
{
  "success": false,
  "status": 500,
  "data": "Server Error",
  "timeTaken": 275.1391000000003
}
Status code: 500
-------------------------------

[test number] should successfully handle input
Request:
{
  "gender": "MALE",
  "total_activity_duration": "TWELVE_PLUS_HOURS",
  "age": 0,
  "weight_today": 200,
  "height": 190,
  "category": "beginner"
}
Response:
{
  "success": false,
  "status": 500,
  "data": "Server Error",
  "timeTaken": 277.45960000000196
}
Status code: 500
-------------------------------

[test number] should successfully handle input
Request:
{
  "gender": "MALE",
  "total_activity_duration": "NINE_TO_TWELVE_HOURS",
  "age": 25,
  "weight_today": 150,
  "height": 190,
  "category": "beginner"
}
Response:
{
  "success": false,
  "status": 500,
  "data": "Server Error",
  "timeTaken": 274.741200000004
}
Status code: 500
-------------------------------

[test number] should successfully handle input
Request:
{
  "gender": "MALE",
  "total_activity_duration": "ZERO_TO_THREE_HOURS",
  "age": 50,
  "weight_today": 30,
  "height": 160,
  "category": "advanced"
}
Response:
{
  "success": false,
  "status": 500,
  "data": "Server Error",
  "timeTaken": 278.2724999999991
}
Status code: 500
-------------------------------

[test number] should successfully handle input
Request:
{
  "gender": "FEMALE",
  "total_activity_duration": "TWELVE_PLUS_HOURS",
  "age": 25,
  "weight_today": 30,
  "height": 140,
  "category": "intermediate"
}
Response:
{
  "success": false,
  "status": 500,
  "data": "Server Error",
  "timeTaken": 291.6573999999964
}
Status code: 500
-------------------------------

[test number] should successfully handle input
Request:
{
  "gender": "FEMALE",
  "total_activity_duration": "ZERO_TO_THREE_HOURS",
  "age": 100,
  "weight_today": 70,
  "height": 173,
  "category": "intermediate"
}
Response:
{
  "success": false,
  "status": 500,
  "data": "Server Error",
  "timeTaken": 275.2279000000053
}
Status code: 500
-------------------------------

[test number] should successfully handle input
Request:
{
  "gender": "MALE",
  "total_activity_duration": "THREE_TO_SIX_HOURS",
  "age": 75,
  "weight_today": 70,
  "height": 210,
  "category": "beginner"
}
Response:
{
  "success": false,
  "status": 500,
  "data": "Server Error",
  "timeTaken": 278.3732000000018
}
Status code: 500
-------------------------------

[test number] should successfully handle input
Request:
{
  "gender": "FEMALE",
  "total_activity_duration": "THREE_TO_SIX_HOURS",
  "age": 25,
  "weight_today": 70,
  "height": 210,
  "category": "advanced"
}
Response:
{
  "success": false,
  "status": 500,
  "data": "Server Error",
  "timeTaken": 271.4351000000024
}
Status code: 500
-------------------------------

[test number] should successfully handle input
Request:
{
  "gender": "MALE",
  "total_activity_duration": "TWELVE_PLUS_HOURS",
  "age": 50,
  "weight_today": 200,
  "height": 210,
  "category": "beginner"
}
Response:
{
  "success": false,
  "status": 500,
  "data": "Server Error",
  "timeTaken": 422.2117999999973
}
Status code: 500
-------------------------------

[test number] should successfully handle input
Request:
{
  "gender": "FEMALE",
  "total_activity_duration": "SIX_TO_NINE_HOURS",
  "age": 50,
  "weight_today": 150,
  "height": 140,
  "category": "intermediate"
}
Response:
{
  "success": false,
  "status": 500,
  "data": "Server Error",
  "timeTaken": 272.6447000000044
}
Status code: 500
-------------------------------

[test number] should successfully handle input
Request:
{
  "gender": "MALE",
  "total_activity_duration": "SIX_TO_NINE_HOURS",
  "age": 100,
  "weight_today": 150,
  "height": 140,
  "category": "advanced"
}
Response:
{
  "success": false,
  "status": 500,
  "data": "Server Error",
  "timeTaken": 284.34360000000015
}
Status code: 500
-------------------------------

[test number] should successfully handle input
Request:
{
  "gender": "FEMALE",
  "total_activity_duration": "NINE_TO_TWELVE_HOURS",
  "age": 75,
  "weight_today": 200,
  "height": 190,
  "category": "beginner"
}
Response:
{
  "success": false,
  "status": 500,
  "data": "Server Error",
  "timeTaken": 290.2845000000016
}
Status code: 500
-------------------------------

[test number] should successfully handle input
Request:
{
  "gender": "MALE",
  "total_activity_duration": "NINE_TO_TWELVE_HOURS",
  "age": 75,
  "weight_today": 150,
  "height": 210,
  "category": "advanced"
}
Response:
{
  "success": false,
  "status": 500,
  "data": "Server Error",
  "timeTaken": 301.5541000000012
}
Status code: 500
-------------------------------

[test number] should successfully handle input
Request:
{
  "gender": "MALE",
  "total_activity_duration": "SIX_TO_NINE_HOURS",
  "age": 0,
  "weight_today": 113.9,
  "height": 160,
  "category": "beginner"
}
Response:
{
  "success": false,
  "status": 500,
  "data": "Server Error",
  "timeTaken": 289.0966999999946
}
Status code: 500
-------------------------------

[test number] should successfully handle input
Request:
{
  "gender": "FEMALE",
  "total_activity_duration": "TWELVE_PLUS_HOURS",
  "age": 75,
  "weight_today": 30,
  "height": 190,
  "category": "intermediate"
}
Response:
{
  "success": false,
  "status": 500,
  "data": "Server Error",
  "timeTaken": 290.19259999999485
}
Status code: 500
-------------------------------

[test number] should successfully handle input
Request:
{
  "gender": "FEMALE",
  "total_activity_duration": "SIX_TO_NINE_HOURS",
  "age": 0,
  "weight_today": 113.9,
  "height": 210,
  "category": "intermediate"
}
Response:
{
  "success": false,
  "status": 500,
  "data": "Server Error",
  "timeTaken": 303.6448999999993
}
Status code: 500
-------------------------------

[test number] should successfully handle input
Request:
{
  "gender": "MALE",
  "total_activity_duration": "ZERO_TO_THREE_HOURS",
  "age": 50,
  "weight_today": 30,
  "height": 173,
  "category": "beginner"
}
Response:
{
  "success": false,
  "status": 500,
  "data": "Server Error",
  "timeTaken": 276.85779999999795
}
Status code: 500
-------------------------------

[test number] should successfully handle input
Request:
{
  "gender": "FEMALE",
  "total_activity_duration": "TWELVE_PLUS_HOURS",
  "age": 25,
  "weight_today": 30,
  "height": 140,
  "category": "advanced"
}
Response:
{
  "success": false,
  "status": 500,
  "data": "Server Error",
  "timeTaken": 281.84859999999753
}
Status code: 500
-------------------------------

[test number] should successfully handle input
Request:
{
  "gender": "MALE",
  "total_activity_duration": "NINE_TO_TWELVE_HOURS",
  "age": 25,
  "weight_today": 150,
  "height": 190,
  "category": "intermediate"
}
Response:
{
  "success": false,
  "status": 500,
  "data": "Server Error",
  "timeTaken": 282.75970000000234
}
Status code: 500
-------------------------------

[test number] should successfully handle input
Request:
{
  "gender": "MALE",
  "total_activity_duration": "TWELVE_PLUS_HOURS",
  "age": 50,
  "weight_today": 200,
  "height": 210,
  "category": "intermediate"
}
Response:
{
  "success": false,
  "status": 500,
  "data": "Server Error",
  "timeTaken": 272.7838999999949
}
Status code: 500
-------------------------------

[test number] should successfully handle input
Request:
{
  "gender": "FEMALE",
  "total_activity_duration": "SIX_TO_NINE_HOURS",
  "age": 50,
  "weight_today": 150,
  "height": 140,
  "category": "advanced"
}
Response:
{
  "success": false,
  "status": 500,
  "data": "Server Error",
  "timeTaken": 277.98519999999553
}
Status code: 500
-------------------------------

[test number] should successfully handle input
Request:
{
  "gender": "MALE",
  "total_activity_duration": "SIX_TO_NINE_HOURS",
  "age": 100,
  "weight_today": 150,
  "height": 160,
  "category": "beginner"
}
Response:
{
  "success": false,
  "status": 500,
  "data": "Server Error",
  "timeTaken": 268.05219999999827
}
Status code: 500
-------------------------------

[test number] should successfully handle input
Request:
{
  "gender": "FEMALE",
  "total_activity_duration": "NINE_TO_TWELVE_HOURS",
  "age": 75,
  "weight_today": 200,
  "height": 190,
  "category": "intermediate"
}
Response:
{
  "success": false,
  "status": 500,
  "data": "Server Error",
  "timeTaken": 283.274599999997
}
Status code: 500
-------------------------------

[test number] should successfully handle input
Request:
{
  "gender": "MALE",
  "total_activity_duration": "NINE_TO_TWELVE_HOURS",
  "age": 75,
  "weight_today": 200,
  "height": 140,
  "category": "beginner"
}
Response:
{
  "success": false,
  "status": 500,
  "data": "Server Error",
  "timeTaken": 280.8041999999987
}
Status code: 500
-------------------------------

[test number] should successfully handle input
Request:
{
  "gender": "MALE",
  "total_activity_duration": "SIX_TO_NINE_HOURS",
  "age": 0,
  "weight_today": 113.9,
  "height": 160,
  "category": "intermediate"
}
Response:
{
  "success": false,
  "status": 500,
  "data": "Server Error",
  "timeTaken": 282.13320000000385
}
Status code: 500
-------------------------------

[test number] should successfully handle input
Request:
{
  "gender": "FEMALE",
  "total_activity_duration": "TWELVE_PLUS_HOURS",
  "age": 25,
  "weight_today": 30,
  "height": 160,
  "category": "beginner"
}
Response:
{
  "success": false,
  "status": 500,
  "data": "Server Error",
  "timeTaken": 291.7548999999999
}
Status code: 500
-------------------------------

[test number] should successfully handle input
Request:
{
  "gender": "MALE",
  "total_activity_duration": "TWELVE_PLUS_HOURS",
  "age": 50,
  "weight_today": 200,
  "height": 210,
  "category": "advanced"
}
Response:
{
  "success": false,
  "status": 500,
  "data": "Server Error",
  "timeTaken": 293.3454999999958
}
Status code: 500
-------------------------------

[test number] should successfully handle input
Request:
{
  "gender": "FEMALE",
  "total_activity_duration": "SIX_TO_NINE_HOURS",
  "age": 50,
  "weight_today": 150,
  "height": 160,
  "category": "beginner"
}
Response:
{
  "success": false,
  "status": 500,
  "data": "Server Error",
  "timeTaken": 287.5881999999983
}
Status code: 500
-------------------------------

[test number] should successfully handle input
Request:
{
  "gender": "FEMALE",
  "total_activity_duration": "NINE_TO_TWELVE_HOURS",
  "age": 75,
  "weight_today": 200,
  "height": 190,
  "category": "advanced"
}
Response:
{
  "success": false,
  "status": 500,
  "data": "Server Error",
  "timeTaken": 283.4472999999998
}
Status code: 500
-------------------------------

[test number] should successfully handle input
Request:
{
  "gender": "MALE",
  "total_activity_duration": "NINE_TO_TWELVE_HOURS",
  "age": 75,
  "weight_today": 200,
  "height": 140,
  "category": "intermediate"
}
Response:
{
  "success": false,
  "status": 500,
  "data": "Server Error",
  "timeTaken": 269.5443000000014
}
Status code: 500
-------------------------------

[test number] should successfully handle input
Request:
{
  "gender": "MALE",
  "total_activity_duration": "TWELVE_PLUS_HOURS",
  "age": 75,
  "weight_today": 30,
  "height": 140,
  "category": "beginner"
}
Response:
{
  "success": false,
  "status": 500,
  "data": "Server Error",
  "timeTaken": 274.37519999999495
}
Status code: 500
-------------------------------

[test number] should successfully handle input
Request:
{
  "gender": "FEMALE",
  "total_activity_duration": "SIX_TO_NINE_HOURS",
  "age": 50,
  "weight_today": 150,
  "height": 160,
  "category": "intermediate"
}
Response:
{
  "success": false,
  "status": 500,
  "data": "Server Error",
  "timeTaken": 299.604800000001
}
Status code: 500
-------------------------------

[test number] should successfully handle input
Request:
{
  "gender": "MALE",
  "total_activity_duration": "NINE_TO_TWELVE_HOURS",
  "age": 75,
  "weight_today": 200,
  "height": 140,
  "category": "advanced"
}
Response:
{
  "success": false,
  "status": 500,
  "data": "Server Error",
  "timeTaken": 282.9155000000028
}
Status code: 500
-------------------------------

[test number] should successfully handle input
Request:
{
  "gender": "MALE",
  "total_activity_duration": "TWELVE_PLUS_HOURS",
  "age": 75,
  "weight_today": 30,
  "height": 140,
  "category": "intermediate"
}
Response:
{
  "success": false,
  "status": 500,
  "data": "Server Error",
  "timeTaken": 303.8660999999993
}
Status code: 500
-------------------------------

[test number] should successfully handle input
Request:
{
  "gender": "FEMALE",
  "total_activity_duration": "SIX_TO_NINE_HOURS",
  "age": 50,
  "weight_today": 150,
  "height": 160,
  "category": "advanced"
}
Response:
{
  "success": false,
  "status": 500,
  "data": "Server Error",
  "timeTaken": 279.26830000000336
}
Status code: 500
-------------------------------
